[2023-09-07 11:07:41 +0000] [125179] [INFO] Starting gunicorn 21.2.0
[2023-09-07 11:07:41 +0000] [125179] [INFO] Listening at: http://127.0.0.1:8080 (125179)
[2023-09-07 11:07:41 +0000] [125179] [INFO] Using worker: uvicorn.workers.UvicornWorker
[2023-09-07 11:07:41 +0000] [125209] [INFO] Booting worker with pid: 125209
[2023-09-07 11:07:41 +0000] [125210] [INFO] Booting worker with pid: 125210
[2023-09-07 11:07:41 +0000] [125211] [INFO] Booting worker with pid: 125211
[2023-09-07 11:07:41 +0000] [125212] [INFO] Booting worker with pid: 125212
[2023-09-07 11:07:42 +0000] [125209] [INFO] Started server process [125209]
[2023-09-07 11:07:42 +0000] [125209] [INFO] Waiting for application startup.
[2023-09-07 11:07:42 +0000] [125209] [INFO] Application startup complete.
[2023-09-07 11:07:42 +0000] [125210] [INFO] Started server process [125210]
[2023-09-07 11:07:42 +0000] [125210] [INFO] Waiting for application startup.
[2023-09-07 11:07:42 +0000] [125210] [INFO] Application startup complete.
[2023-09-07 11:07:42 +0000] [125211] [INFO] Started server process [125211]
[2023-09-07 11:07:42 +0000] [125211] [INFO] Waiting for application startup.
[2023-09-07 11:07:42 +0000] [125211] [INFO] Application startup complete.
[2023-09-07 11:07:42 +0000] [125212] [INFO] Started server process [125212]
[2023-09-07 11:07:42 +0000] [125212] [INFO] Waiting for application startup.
[2023-09-07 11:07:42 +0000] [125212] [INFO] Application startup complete.
[2023-09-07 11:08:01 +0000] [125179] [INFO] Handling signal: int
[2023-09-07 11:08:01 +0000] [125211] [INFO] Shutting down
[2023-09-07 11:08:01 +0000] [125211] [INFO] Error while closing socket [Errno 9] Bad file descriptor
[2023-09-07 11:08:01 +0000] [125212] [INFO] Shutting down
[2023-09-07 11:08:01 +0000] [125212] [INFO] Error while closing socket [Errno 9] Bad file descriptor
[2023-09-07 11:08:01 +0000] [125210] [INFO] Shutting down
[2023-09-07 11:08:01 +0000] [125210] [INFO] Error while closing socket [Errno 9] Bad file descriptor
[2023-09-07 11:08:01 +0000] [125209] [INFO] Shutting down
[2023-09-07 11:08:01 +0000] [125209] [INFO] Error while closing socket [Errno 9] Bad file descriptor
[2023-09-07 11:08:01 +0000] [125211] [INFO] Waiting for application shutdown.
[2023-09-07 11:08:01 +0000] [125211] [INFO] Application shutdown complete.
[2023-09-07 11:08:01 +0000] [125211] [INFO] Finished server process [125211]
[2023-09-07 11:08:01 +0000] [125212] [INFO] Waiting for application shutdown.
[2023-09-07 11:08:01 +0000] [125212] [INFO] Application shutdown complete.
[2023-09-07 11:08:01 +0000] [125212] [INFO] Finished server process [125212]
[2023-09-07 11:08:01 +0000] [125211] [INFO] Worker exiting (pid: 125211)
[2023-09-07 11:08:01 +0000] [125212] [INFO] Worker exiting (pid: 125212)
[2023-09-07 11:08:01 +0000] [125210] [INFO] Waiting for application shutdown.
[2023-09-07 11:08:01 +0000] [125210] [INFO] Application shutdown complete.
[2023-09-07 11:08:01 +0000] [125210] [INFO] Finished server process [125210]
[2023-09-07 11:08:01 +0000] [125210] [INFO] Worker exiting (pid: 125210)
[2023-09-07 11:08:01 +0000] [125209] [INFO] Waiting for application shutdown.
[2023-09-07 11:08:01 +0000] [125209] [INFO] Application shutdown complete.
[2023-09-07 11:08:01 +0000] [125209] [INFO] Finished server process [125209]
[2023-09-07 11:08:01 +0000] [125209] [INFO] Worker exiting (pid: 125209)
[2023-09-07 11:08:01 +0000] [125179] [INFO] Shutting down: Master
[2023-09-07 11:08:16 +0000] [125351] [INFO] Starting gunicorn 21.2.0
[2023-09-07 11:08:16 +0000] [125351] [ERROR] Retrying in 1 second.
[2023-09-07 11:08:17 +0000] [125351] [ERROR] Retrying in 1 second.
[2023-09-07 11:08:18 +0000] [125351] [ERROR] Retrying in 1 second.
[2023-09-07 11:08:19 +0000] [125351] [ERROR] Retrying in 1 second.
[2023-09-07 11:08:20 +0000] [125351] [ERROR] Retrying in 1 second.
[2023-09-07 11:08:21 +0000] [125351] [ERROR] Can't connect to ('0.0.0.0', 80)
[2023-09-07 11:08:39 +0000] [125467] [INFO] Starting gunicorn 21.2.0
[2023-09-07 11:08:39 +0000] [125467] [INFO] Listening at: http://0.0.0.0:80 (125467)
[2023-09-07 11:08:39 +0000] [125467] [INFO] Using worker: uvicorn.workers.UvicornWorker
[2023-09-07 11:08:39 +0000] [125469] [INFO] Booting worker with pid: 125469
[2023-09-07 11:08:39 +0000] [125470] [INFO] Booting worker with pid: 125470
[2023-09-07 11:08:39 +0000] [125471] [INFO] Booting worker with pid: 125471
[2023-09-07 11:08:39 +0000] [125472] [INFO] Booting worker with pid: 125472
[2023-09-07 11:08:40 +0000] [125469] [INFO] Started server process [125469]
[2023-09-07 11:08:40 +0000] [125469] [INFO] Waiting for application startup.
[2023-09-07 11:08:40 +0000] [125469] [INFO] Application startup complete.
[2023-09-07 11:08:40 +0000] [125470] [INFO] Started server process [125470]
[2023-09-07 11:08:40 +0000] [125470] [INFO] Waiting for application startup.
[2023-09-07 11:08:40 +0000] [125470] [INFO] Application startup complete.
[2023-09-07 11:08:40 +0000] [125471] [INFO] Started server process [125471]
[2023-09-07 11:08:40 +0000] [125471] [INFO] Waiting for application startup.
[2023-09-07 11:08:40 +0000] [125471] [INFO] Application startup complete.
[2023-09-07 11:08:40 +0000] [125472] [INFO] Started server process [125472]
[2023-09-07 11:08:40 +0000] [125472] [INFO] Waiting for application startup.
[2023-09-07 11:08:40 +0000] [125472] [INFO] Application startup complete.
[2023-09-07 11:09:04 +0000] [125467] [INFO] Handling signal: int
[2023-09-07 11:09:04 +0000] [125472] [INFO] Shutting down
[2023-09-07 11:09:04 +0000] [125469] [INFO] Shutting down
[2023-09-07 11:09:04 +0000] [125471] [INFO] Shutting down
[2023-09-07 11:09:04 +0000] [125470] [INFO] Shutting down
[2023-09-07 11:09:04 +0000] [125472] [INFO] Waiting for application shutdown.
[2023-09-07 11:09:04 +0000] [125472] [INFO] Application shutdown complete.
[2023-09-07 11:09:04 +0000] [125472] [INFO] Finished server process [125472]
[2023-09-07 11:09:04 +0000] [125472] [INFO] Worker exiting (pid: 125472)
[2023-09-07 11:09:04 +0000] [125469] [INFO] Waiting for application shutdown.
[2023-09-07 11:09:04 +0000] [125469] [INFO] Application shutdown complete.
[2023-09-07 11:09:04 +0000] [125469] [INFO] Finished server process [125469]
[2023-09-07 11:09:04 +0000] [125469] [INFO] Worker exiting (pid: 125469)
[2023-09-07 11:09:04 +0000] [125471] [INFO] Waiting for application shutdown.
[2023-09-07 11:09:04 +0000] [125471] [INFO] Application shutdown complete.
[2023-09-07 11:09:04 +0000] [125471] [INFO] Finished server process [125471]
[2023-09-07 11:09:04 +0000] [125471] [INFO] Worker exiting (pid: 125471)
[2023-09-07 11:09:04 +0000] [125470] [INFO] Waiting for application shutdown.
[2023-09-07 11:09:04 +0000] [125470] [INFO] Application shutdown complete.
[2023-09-07 11:09:04 +0000] [125470] [INFO] Finished server process [125470]
[2023-09-07 11:09:04 +0000] [125470] [INFO] Worker exiting (pid: 125470)
[2023-09-07 11:09:04 +0000] [125467] [INFO] Shutting down: Master
[2023-09-07 11:10:26 +0000] [125830] [INFO] Starting gunicorn 21.2.0
[2023-09-07 11:10:26 +0000] [125830] [INFO] Listening at: http://0.0.0.0:80 (125830)
[2023-09-07 11:10:26 +0000] [125830] [INFO] Using worker: uvicorn.workers.UvicornWorker
[2023-09-07 11:10:26 +0000] [125832] [INFO] Booting worker with pid: 125832
[2023-09-07 11:10:26 +0000] [125833] [INFO] Booting worker with pid: 125833
[2023-09-07 11:10:26 +0000] [125834] [INFO] Booting worker with pid: 125834
[2023-09-07 11:10:26 +0000] [125835] [INFO] Booting worker with pid: 125835
[2023-09-07 11:10:27 +0000] [125832] [INFO] Started server process [125832]
[2023-09-07 11:10:27 +0000] [125832] [INFO] Waiting for application startup.
[2023-09-07 11:10:27 +0000] [125832] [INFO] Application startup complete.
[2023-09-07 11:10:27 +0000] [125833] [INFO] Started server process [125833]
[2023-09-07 11:10:27 +0000] [125833] [INFO] Waiting for application startup.
[2023-09-07 11:10:27 +0000] [125833] [INFO] Application startup complete.
[2023-09-07 11:10:27 +0000] [125834] [INFO] Started server process [125834]
[2023-09-07 11:10:27 +0000] [125834] [INFO] Waiting for application startup.
[2023-09-07 11:10:27 +0000] [125834] [INFO] Application startup complete.
[2023-09-07 11:10:27 +0000] [125835] [INFO] Started server process [125835]
[2023-09-07 11:10:27 +0000] [125835] [INFO] Waiting for application startup.
[2023-09-07 11:10:27 +0000] [125835] [INFO] Application startup complete.
[2023-09-07 11:10:34 +0000] [125830] [INFO] Handling signal: int
[2023-09-07 11:10:34 +0000] [125834] [INFO] Shutting down
[2023-09-07 11:10:34 +0000] [125832] [INFO] Shutting down
[2023-09-07 11:10:34 +0000] [125833] [INFO] Shutting down
[2023-09-07 11:10:34 +0000] [125835] [INFO] Shutting down
[2023-09-07 11:10:34 +0000] [125834] [INFO] Waiting for application shutdown.
[2023-09-07 11:10:34 +0000] [125834] [INFO] Application shutdown complete.
[2023-09-07 11:10:34 +0000] [125834] [INFO] Finished server process [125834]
[2023-09-07 11:10:34 +0000] [125834] [INFO] Worker exiting (pid: 125834)
[2023-09-07 11:10:34 +0000] [125832] [INFO] Waiting for application shutdown.
[2023-09-07 11:10:34 +0000] [125832] [INFO] Application shutdown complete.
[2023-09-07 11:10:34 +0000] [125832] [INFO] Finished server process [125832]
[2023-09-07 11:10:34 +0000] [125832] [INFO] Worker exiting (pid: 125832)
[2023-09-07 11:10:34 +0000] [125833] [INFO] Waiting for application shutdown.
[2023-09-07 11:10:34 +0000] [125833] [INFO] Application shutdown complete.
[2023-09-07 11:10:34 +0000] [125833] [INFO] Finished server process [125833]
[2023-09-07 11:10:34 +0000] [125833] [INFO] Worker exiting (pid: 125833)
[2023-09-07 11:10:34 +0000] [125835] [INFO] Waiting for application shutdown.
[2023-09-07 11:10:34 +0000] [125835] [INFO] Application shutdown complete.
[2023-09-07 11:10:34 +0000] [125835] [INFO] Finished server process [125835]
[2023-09-07 11:10:34 +0000] [125835] [INFO] Worker exiting (pid: 125835)
[2023-09-07 11:10:34 +0000] [125830] [INFO] Shutting down: Master
[2023-09-07 11:10:44 +0000] [125926] [INFO] Starting gunicorn 21.2.0
[2023-09-07 11:10:44 +0000] [125926] [INFO] Listening at: http://0.0.0.0:80 (125926)
[2023-09-07 11:10:44 +0000] [125926] [INFO] Using worker: uvicorn.workers.UvicornWorker
[2023-09-07 11:10:44 +0000] [125928] [INFO] Booting worker with pid: 125928
[2023-09-07 11:10:44 +0000] [125929] [INFO] Booting worker with pid: 125929
[2023-09-07 11:10:44 +0000] [125930] [INFO] Booting worker with pid: 125930
[2023-09-07 11:10:44 +0000] [125931] [INFO] Booting worker with pid: 125931
[2023-09-07 11:10:45 +0000] [125928] [INFO] Started server process [125928]
[2023-09-07 11:10:45 +0000] [125928] [INFO] Waiting for application startup.
[2023-09-07 11:10:45 +0000] [125928] [INFO] Application startup complete.
[2023-09-07 11:10:45 +0000] [125930] [INFO] Started server process [125930]
[2023-09-07 11:10:45 +0000] [125930] [INFO] Waiting for application startup.
[2023-09-07 11:10:45 +0000] [125930] [INFO] Application startup complete.
[2023-09-07 11:10:45 +0000] [125929] [INFO] Started server process [125929]
[2023-09-07 11:10:45 +0000] [125929] [INFO] Waiting for application startup.
[2023-09-07 11:10:45 +0000] [125929] [INFO] Application startup complete.
[2023-09-07 11:10:45 +0000] [125931] [INFO] Started server process [125931]
[2023-09-07 11:10:45 +0000] [125931] [INFO] Waiting for application startup.
[2023-09-07 11:10:45 +0000] [125931] [INFO] Application startup complete.
[2023-09-07 11:10:50 +0000] [125926] [INFO] Handling signal: winch
[2023-09-07 11:14:48 +0000] [126984] [INFO] Starting gunicorn 21.2.0
[2023-09-07 11:14:48 +0000] [126984] [INFO] Listening at: http://0.0.0.0:80 (126984)
[2023-09-07 11:14:48 +0000] [126984] [INFO] Using worker: uvicorn.workers.UvicornWorker
[2023-09-07 11:14:48 +0000] [126986] [INFO] Booting worker with pid: 126986
[2023-09-07 11:14:48 +0000] [126987] [INFO] Booting worker with pid: 126987
[2023-09-07 11:14:48 +0000] [126988] [INFO] Booting worker with pid: 126988
[2023-09-07 11:14:48 +0000] [126989] [INFO] Booting worker with pid: 126989
[2023-09-07 11:14:49 +0000] [126986] [INFO] Started server process [126986]
[2023-09-07 11:14:49 +0000] [126986] [INFO] Waiting for application startup.
[2023-09-07 11:14:49 +0000] [126986] [INFO] Application startup complete.
[2023-09-07 11:14:49 +0000] [126987] [INFO] Started server process [126987]
[2023-09-07 11:14:49 +0000] [126987] [INFO] Waiting for application startup.
[2023-09-07 11:14:49 +0000] [126987] [INFO] Application startup complete.
[2023-09-07 11:14:49 +0000] [126988] [INFO] Started server process [126988]
[2023-09-07 11:14:49 +0000] [126988] [INFO] Waiting for application startup.
[2023-09-07 11:14:49 +0000] [126988] [INFO] Application startup complete.
[2023-09-07 11:14:49 +0000] [126989] [INFO] Started server process [126989]
[2023-09-07 11:14:49 +0000] [126989] [INFO] Waiting for application startup.
[2023-09-07 11:14:49 +0000] [126989] [INFO] Application startup complete.
[2023-09-07 11:15:05 +0000] [126984] [INFO] Handling signal: winch
[2023-09-07 11:17:15 +0000] [127743] [INFO] Starting gunicorn 21.2.0
[2023-09-07 11:17:15 +0000] [127743] [INFO] Listening at: http://0.0.0.0:80 (127743)
[2023-09-07 11:17:15 +0000] [127743] [INFO] Using worker: uvicorn.workers.UvicornWorker
[2023-09-07 11:17:15 +0000] [127745] [INFO] Booting worker with pid: 127745
[2023-09-07 11:17:15 +0000] [127746] [INFO] Booting worker with pid: 127746
[2023-09-07 11:17:15 +0000] [127747] [INFO] Booting worker with pid: 127747
[2023-09-07 11:17:15 +0000] [127754] [INFO] Booting worker with pid: 127754
[2023-09-07 11:17:15 +0000] [127745] [INFO] Started server process [127745]
[2023-09-07 11:17:15 +0000] [127745] [INFO] Waiting for application startup.
[2023-09-07 11:17:15 +0000] [127745] [INFO] Application startup complete.
[2023-09-07 11:17:16 +0000] [127754] [INFO] Started server process [127754]
[2023-09-07 11:17:16 +0000] [127754] [INFO] Waiting for application startup.
[2023-09-07 11:17:16 +0000] [127754] [INFO] Application startup complete.
[2023-09-07 11:17:16 +0000] [127746] [INFO] Started server process [127746]
[2023-09-07 11:17:16 +0000] [127746] [INFO] Waiting for application startup.
[2023-09-07 11:17:16 +0000] [127746] [INFO] Application startup complete.
[2023-09-07 11:17:16 +0000] [127747] [INFO] Started server process [127747]
[2023-09-07 11:17:16 +0000] [127747] [INFO] Waiting for application startup.
[2023-09-07 11:17:16 +0000] [127747] [INFO] Application startup complete.
[2023-09-07 11:19:09 +0000] [128322] [INFO] Starting gunicorn 21.2.0
[2023-09-07 11:19:09 +0000] [128322] [INFO] Listening at: http://0.0.0.0:80 (128322)
[2023-09-07 11:19:09 +0000] [128322] [INFO] Using worker: uvicorn.workers.UvicornWorker
[2023-09-07 11:19:09 +0000] [128325] [INFO] Booting worker with pid: 128325
[2023-09-07 11:19:09 +0000] [128326] [INFO] Booting worker with pid: 128326
[2023-09-07 11:19:09 +0000] [128327] [INFO] Booting worker with pid: 128327
[2023-09-07 11:19:09 +0000] [128328] [INFO] Booting worker with pid: 128328
[2023-09-07 11:19:09 +0000] [128325] [INFO] Started server process [128325]
[2023-09-07 11:19:09 +0000] [128325] [INFO] Waiting for application startup.
[2023-09-07 11:19:09 +0000] [128325] [INFO] Application startup complete.
[2023-09-07 11:19:09 +0000] [128326] [INFO] Started server process [128326]
[2023-09-07 11:19:09 +0000] [128326] [INFO] Waiting for application startup.
[2023-09-07 11:19:09 +0000] [128326] [INFO] Application startup complete.
[2023-09-07 11:19:09 +0000] [128327] [INFO] Started server process [128327]
[2023-09-07 11:19:09 +0000] [128327] [INFO] Waiting for application startup.
[2023-09-07 11:19:09 +0000] [128327] [INFO] Application startup complete.
[2023-09-07 11:19:09 +0000] [128328] [INFO] Started server process [128328]
[2023-09-07 11:19:09 +0000] [128328] [INFO] Waiting for application startup.
[2023-09-07 11:19:09 +0000] [128328] [INFO] Application startup complete.
[2023-09-07 11:24:50 +0000] [129177] [INFO] Starting gunicorn 21.2.0
[2023-09-07 11:24:50 +0000] [129177] [INFO] Listening at: http://0.0.0.0:80 (129177)
[2023-09-07 11:24:50 +0000] [129177] [INFO] Using worker: uvicorn.workers.UvicornWorker
[2023-09-07 11:24:50 +0000] [129180] [INFO] Booting worker with pid: 129180
[2023-09-07 11:24:50 +0000] [129181] [INFO] Booting worker with pid: 129181
[2023-09-07 11:24:50 +0000] [129182] [INFO] Booting worker with pid: 129182
[2023-09-07 11:24:50 +0000] [129183] [INFO] Booting worker with pid: 129183
[2023-09-07 11:24:50 +0000] [129181] [INFO] Started server process [129181]
[2023-09-07 11:24:50 +0000] [129181] [INFO] Waiting for application startup.
[2023-09-07 11:24:50 +0000] [129181] [INFO] Application startup complete.
[2023-09-07 11:24:50 +0000] [129180] [INFO] Started server process [129180]
[2023-09-07 11:24:50 +0000] [129180] [INFO] Waiting for application startup.
[2023-09-07 11:24:50 +0000] [129180] [INFO] Application startup complete.
[2023-09-07 11:24:50 +0000] [129182] [INFO] Started server process [129182]
[2023-09-07 11:24:50 +0000] [129182] [INFO] Waiting for application startup.
[2023-09-07 11:24:50 +0000] [129182] [INFO] Application startup complete.
[2023-09-07 11:24:50 +0000] [129183] [INFO] Started server process [129183]
[2023-09-07 11:24:50 +0000] [129183] [INFO] Waiting for application startup.
[2023-09-07 11:24:50 +0000] [129183] [INFO] Application startup complete.
[2023-09-07 11:25:54 +0000] [129177] [ERROR] Worker (pid:129183) was sent SIGKILL! Perhaps out of memory?
[2023-09-07 11:25:54 +0000] [129368] [INFO] Booting worker with pid: 129368
[2023-09-07 11:25:54 +0000] [129368] [INFO] Started server process [129368]
[2023-09-07 11:25:54 +0000] [129368] [INFO] Waiting for application startup.
[2023-09-07 11:25:54 +0000] [129368] [INFO] Application startup complete.
[2023-09-07 11:28:43 +0000] [129735] [INFO] Starting gunicorn 21.2.0
[2023-09-07 11:28:43 +0000] [129735] [ERROR] Connection in use: ('0.0.0.0', 80)
[2023-09-07 11:28:43 +0000] [129735] [ERROR] Retrying in 1 second.
[2023-09-07 11:28:44 +0000] [129735] [ERROR] Connection in use: ('0.0.0.0', 80)
[2023-09-07 11:28:44 +0000] [129735] [ERROR] Retrying in 1 second.
[2023-09-07 11:28:45 +0000] [129735] [ERROR] Connection in use: ('0.0.0.0', 80)
[2023-09-07 11:28:45 +0000] [129735] [ERROR] Retrying in 1 second.
[2023-09-07 11:28:46 +0000] [129735] [ERROR] Connection in use: ('0.0.0.0', 80)
[2023-09-07 11:28:46 +0000] [129735] [ERROR] Retrying in 1 second.
[2023-09-07 11:28:47 +0000] [129735] [ERROR] Connection in use: ('0.0.0.0', 80)
[2023-09-07 11:28:47 +0000] [129735] [ERROR] Retrying in 1 second.
[2023-09-07 11:28:48 +0000] [129735] [ERROR] Can't connect to ('0.0.0.0', 80)
[2023-09-07 11:35:49 +0000] [130779] [INFO] Starting gunicorn 21.2.0
[2023-09-07 11:35:49 +0000] [130779] [INFO] Listening at: http://0.0.0.0:80 (130779)
[2023-09-07 11:35:49 +0000] [130779] [INFO] Using worker: uvicorn.workers.UvicornWorker
[2023-09-07 11:35:49 +0000] [130782] [INFO] Booting worker with pid: 130782
[2023-09-07 11:35:49 +0000] [130783] [INFO] Booting worker with pid: 130783
[2023-09-07 11:35:49 +0000] [130786] [INFO] Booting worker with pid: 130786
[2023-09-07 11:35:49 +0000] [130791] [INFO] Booting worker with pid: 130791
[2023-09-07 11:35:49 +0000] [130783] [INFO] Started server process [130783]
[2023-09-07 11:35:49 +0000] [130783] [INFO] Waiting for application startup.
[2023-09-07 11:35:49 +0000] [130783] [INFO] Application startup complete.
[2023-09-07 11:35:49 +0000] [130782] [INFO] Started server process [130782]
[2023-09-07 11:35:49 +0000] [130782] [INFO] Waiting for application startup.
[2023-09-07 11:35:49 +0000] [130782] [INFO] Application startup complete.
[2023-09-07 11:35:49 +0000] [130786] [INFO] Started server process [130786]
[2023-09-07 11:35:49 +0000] [130786] [INFO] Waiting for application startup.
[2023-09-07 11:35:49 +0000] [130786] [INFO] Application startup complete.
[2023-09-07 11:35:50 +0000] [130791] [INFO] Started server process [130791]
[2023-09-07 11:35:50 +0000] [130791] [INFO] Waiting for application startup.
[2023-09-07 11:35:50 +0000] [130791] [INFO] Application startup complete.
[2023-09-07 11:35:59 +0000] [130779] [INFO] Handling signal: term
[2023-09-07 11:35:59 +0000] [130783] [INFO] Shutting down
[2023-09-07 11:35:59 +0000] [130782] [INFO] Shutting down
[2023-09-07 11:35:59 +0000] [130786] [INFO] Shutting down
[2023-09-07 11:35:59 +0000] [130791] [INFO] Shutting down
[2023-09-07 11:35:59 +0000] [130783] [INFO] Waiting for application shutdown.
[2023-09-07 11:35:59 +0000] [130783] [INFO] Application shutdown complete.
[2023-09-07 11:35:59 +0000] [130783] [INFO] Finished server process [130783]
[2023-09-07 11:35:59 +0000] [130783] [INFO] Worker exiting (pid: 130783)
[2023-09-07 11:35:59 +0000] [130782] [INFO] Waiting for application shutdown.
[2023-09-07 11:35:59 +0000] [130782] [INFO] Application shutdown complete.
[2023-09-07 11:35:59 +0000] [130782] [INFO] Finished server process [130782]
[2023-09-07 11:35:59 +0000] [130782] [INFO] Worker exiting (pid: 130782)
[2023-09-07 11:35:59 +0000] [130786] [INFO] Waiting for application shutdown.
[2023-09-07 11:35:59 +0000] [130786] [INFO] Application shutdown complete.
[2023-09-07 11:35:59 +0000] [130786] [INFO] Finished server process [130786]
[2023-09-07 11:35:59 +0000] [130786] [INFO] Worker exiting (pid: 130786)
[2023-09-07 11:35:59 +0000] [130791] [INFO] Waiting for application shutdown.
[2023-09-07 11:35:59 +0000] [130791] [INFO] Application shutdown complete.
[2023-09-07 11:35:59 +0000] [130791] [INFO] Finished server process [130791]
[2023-09-07 11:35:59 +0000] [130791] [INFO] Worker exiting (pid: 130791)
[2023-09-07 11:35:59 +0000] [130779] [INFO] Shutting down: Master
[2023-09-07 11:36:20 +0000] [130957] [INFO] Starting gunicorn 21.2.0
[2023-09-07 11:36:20 +0000] [130957] [INFO] Listening at: http://0.0.0.0:80 (130957)
[2023-09-07 11:36:20 +0000] [130957] [INFO] Using worker: uvicorn.workers.UvicornWorker
[2023-09-07 11:36:20 +0000] [130960] [INFO] Booting worker with pid: 130960
[2023-09-07 11:36:20 +0000] [130961] [INFO] Booting worker with pid: 130961
[2023-09-07 11:36:20 +0000] [130962] [INFO] Booting worker with pid: 130962
[2023-09-07 11:36:20 +0000] [130963] [INFO] Booting worker with pid: 130963
[2023-09-07 11:36:20 +0000] [130960] [INFO] Started server process [130960]
[2023-09-07 11:36:20 +0000] [130960] [INFO] Waiting for application startup.
[2023-09-07 11:36:20 +0000] [130960] [INFO] Application startup complete.
[2023-09-07 11:36:20 +0000] [130962] [INFO] Started server process [130962]
[2023-09-07 11:36:20 +0000] [130962] [INFO] Waiting for application startup.
[2023-09-07 11:36:20 +0000] [130962] [INFO] Application startup complete.
[2023-09-07 11:36:20 +0000] [130961] [INFO] Started server process [130961]
[2023-09-07 11:36:20 +0000] [130961] [INFO] Waiting for application startup.
[2023-09-07 11:36:20 +0000] [130961] [INFO] Application startup complete.
[2023-09-07 11:36:20 +0000] [130963] [INFO] Started server process [130963]
[2023-09-07 11:36:20 +0000] [130963] [INFO] Waiting for application startup.
[2023-09-07 11:36:20 +0000] [130963] [INFO] Application startup complete.
[2023-09-07 11:36:31 +0000] [131017] [INFO] Starting gunicorn 21.2.0
[2023-09-07 11:36:39 +0000] [131062] [INFO] Starting gunicorn 21.2.0
[2023-09-07 11:37:08 +0000] [130957] [INFO] Handling signal: term
[2023-09-07 11:37:08 +0000] [130960] [INFO] Shutting down
[2023-09-07 11:37:08 +0000] [130963] [INFO] Shutting down
[2023-09-07 11:37:08 +0000] [130962] [INFO] Shutting down
[2023-09-07 11:37:08 +0000] [130961] [INFO] Shutting down
[2023-09-07 11:37:08 +0000] [130960] [INFO] Waiting for application shutdown.
[2023-09-07 11:37:08 +0000] [130960] [INFO] Application shutdown complete.
[2023-09-07 11:37:08 +0000] [130960] [INFO] Finished server process [130960]
[2023-09-07 11:37:08 +0000] [130960] [INFO] Worker exiting (pid: 130960)
[2023-09-07 11:37:08 +0000] [130963] [INFO] Waiting for application shutdown.
[2023-09-07 11:37:08 +0000] [130963] [INFO] Application shutdown complete.
[2023-09-07 11:37:08 +0000] [130963] [INFO] Finished server process [130963]
[2023-09-07 11:37:08 +0000] [130963] [INFO] Worker exiting (pid: 130963)
[2023-09-07 11:37:08 +0000] [130962] [INFO] Waiting for application shutdown.
[2023-09-07 11:37:08 +0000] [130962] [INFO] Application shutdown complete.
[2023-09-07 11:37:08 +0000] [130962] [INFO] Finished server process [130962]
[2023-09-07 11:37:08 +0000] [130962] [INFO] Worker exiting (pid: 130962)
[2023-09-07 11:37:08 +0000] [130961] [INFO] Waiting for application shutdown.
[2023-09-07 11:37:08 +0000] [130961] [INFO] Application shutdown complete.
[2023-09-07 11:37:08 +0000] [130961] [INFO] Finished server process [130961]
[2023-09-07 11:37:08 +0000] [130961] [INFO] Worker exiting (pid: 130961)
[2023-09-07 11:37:08 +0000] [130957] [INFO] Shutting down: Master
[2023-09-07 11:41:27 +0000] [131862] [INFO] Starting gunicorn 21.2.0
[2023-09-07 11:41:27 +0000] [131862] [INFO] Listening at: http://0.0.0.0:80 (131862)
[2023-09-07 11:41:27 +0000] [131862] [INFO] Using worker: uvicorn.workers.UvicornWorker
[2023-09-07 11:41:27 +0000] [131865] [INFO] Booting worker with pid: 131865
[2023-09-07 11:41:27 +0000] [131866] [INFO] Booting worker with pid: 131866
[2023-09-07 11:41:27 +0000] [131867] [INFO] Booting worker with pid: 131867
[2023-09-07 11:41:27 +0000] [131868] [INFO] Booting worker with pid: 131868
[2023-09-07 11:41:28 +0000] [131865] [INFO] Started server process [131865]
[2023-09-07 11:41:28 +0000] [131865] [INFO] Waiting for application startup.
[2023-09-07 11:41:28 +0000] [131865] [INFO] Application startup complete.
[2023-09-07 11:41:28 +0000] [131866] [INFO] Started server process [131866]
[2023-09-07 11:41:28 +0000] [131866] [INFO] Waiting for application startup.
[2023-09-07 11:41:28 +0000] [131866] [INFO] Application startup complete.
[2023-09-07 11:41:28 +0000] [131867] [INFO] Started server process [131867]
[2023-09-07 11:41:28 +0000] [131867] [INFO] Waiting for application startup.
[2023-09-07 11:41:28 +0000] [131867] [INFO] Application startup complete.
[2023-09-07 11:41:28 +0000] [131868] [INFO] Started server process [131868]
[2023-09-07 11:41:28 +0000] [131868] [INFO] Waiting for application startup.
[2023-09-07 11:41:28 +0000] [131868] [INFO] Application startup complete.
[2023-09-07 11:42:41 +0000] [131862] [INFO] Handling signal: term
[2023-09-07 11:42:41 +0000] [131866] [INFO] Shutting down
[2023-09-07 11:42:41 +0000] [131867] [INFO] Shutting down
[2023-09-07 11:42:41 +0000] [131865] [INFO] Shutting down
[2023-09-07 11:42:41 +0000] [131868] [INFO] Shutting down
[2023-09-07 11:42:41 +0000] [131866] [INFO] Waiting for application shutdown.
[2023-09-07 11:42:41 +0000] [131866] [INFO] Application shutdown complete.
[2023-09-07 11:42:41 +0000] [131866] [INFO] Finished server process [131866]
[2023-09-07 11:42:41 +0000] [131866] [INFO] Worker exiting (pid: 131866)
[2023-09-07 11:42:41 +0000] [131867] [INFO] Waiting for application shutdown.
[2023-09-07 11:42:41 +0000] [131867] [INFO] Application shutdown complete.
[2023-09-07 11:42:41 +0000] [131867] [INFO] Finished server process [131867]
[2023-09-07 11:42:41 +0000] [131867] [INFO] Worker exiting (pid: 131867)
[2023-09-07 11:42:41 +0000] [131865] [INFO] Waiting for application shutdown.
[2023-09-07 11:42:41 +0000] [131865] [INFO] Application shutdown complete.
[2023-09-07 11:42:41 +0000] [131865] [INFO] Finished server process [131865]
[2023-09-07 11:42:41 +0000] [131865] [INFO] Worker exiting (pid: 131865)
[2023-09-07 11:42:41 +0000] [131868] [INFO] Waiting for application shutdown.
[2023-09-07 11:42:41 +0000] [131868] [INFO] Application shutdown complete.
[2023-09-07 11:42:41 +0000] [131868] [INFO] Finished server process [131868]
[2023-09-07 11:42:41 +0000] [131868] [INFO] Worker exiting (pid: 131868)
[2023-09-07 11:42:41 +0000] [131862] [INFO] Shutting down: Master
[2023-09-07 11:57:48 +0000] [135498] [INFO] Starting gunicorn 21.2.0
[2023-09-07 11:57:48 +0000] [135498] [INFO] Listening at: http://0.0.0.0:80 (135498)
[2023-09-07 11:57:48 +0000] [135498] [INFO] Using worker: uvicorn.workers.UvicornWorker
[2023-09-07 11:57:48 +0000] [135530] [INFO] Booting worker with pid: 135530
[2023-09-07 11:57:49 +0000] [135539] [INFO] Booting worker with pid: 135539
[2023-09-07 11:57:49 +0000] [135540] [INFO] Booting worker with pid: 135540
[2023-09-07 11:57:49 +0000] [135552] [INFO] Booting worker with pid: 135552
[2023-09-07 11:57:49 +0000] [135530] [INFO] Started server process [135530]
[2023-09-07 11:57:49 +0000] [135530] [INFO] Waiting for application startup.
[2023-09-07 11:57:49 +0000] [135530] [INFO] Application startup complete.
[2023-09-07 11:57:49 +0000] [135539] [INFO] Started server process [135539]
[2023-09-07 11:57:49 +0000] [135539] [INFO] Waiting for application startup.
[2023-09-07 11:57:49 +0000] [135539] [INFO] Application startup complete.
[2023-09-07 11:57:49 +0000] [135540] [INFO] Started server process [135540]
[2023-09-07 11:57:49 +0000] [135552] [INFO] Started server process [135552]
[2023-09-07 11:57:49 +0000] [135552] [INFO] Waiting for application startup.
[2023-09-07 11:57:49 +0000] [135540] [INFO] Waiting for application startup.
[2023-09-07 11:57:49 +0000] [135552] [INFO] Application startup complete.
[2023-09-07 11:57:49 +0000] [135540] [INFO] Application startup complete.
[2023-09-07 11:58:06 +0000] [135498] [INFO] Handling signal: term
[2023-09-07 11:58:06 +0000] [135539] [INFO] Shutting down
[2023-09-07 11:58:06 +0000] [135530] [INFO] Shutting down
[2023-09-07 11:58:06 +0000] [135552] [INFO] Shutting down
[2023-09-07 11:58:06 +0000] [135540] [INFO] Shutting down
[2023-09-07 11:58:06 +0000] [135539] [INFO] Waiting for application shutdown.
[2023-09-07 11:58:06 +0000] [135539] [INFO] Application shutdown complete.
[2023-09-07 11:58:06 +0000] [135539] [INFO] Finished server process [135539]
[2023-09-07 11:58:06 +0000] [135539] [INFO] Worker exiting (pid: 135539)
[2023-09-07 11:58:06 +0000] [135530] [INFO] Waiting for application shutdown.
[2023-09-07 11:58:06 +0000] [135530] [INFO] Application shutdown complete.
[2023-09-07 11:58:06 +0000] [135530] [INFO] Finished server process [135530]
[2023-09-07 11:58:06 +0000] [135530] [INFO] Worker exiting (pid: 135530)
[2023-09-07 11:58:06 +0000] [135552] [INFO] Waiting for application shutdown.
[2023-09-07 11:58:06 +0000] [135552] [INFO] Application shutdown complete.
[2023-09-07 11:58:06 +0000] [135552] [INFO] Finished server process [135552]
[2023-09-07 11:58:06 +0000] [135552] [INFO] Worker exiting (pid: 135552)
[2023-09-07 11:58:06 +0000] [135540] [INFO] Waiting for application shutdown.
[2023-09-07 11:58:06 +0000] [135540] [INFO] Application shutdown complete.
[2023-09-07 11:58:06 +0000] [135540] [INFO] Finished server process [135540]
[2023-09-07 11:58:06 +0000] [135540] [INFO] Worker exiting (pid: 135540)
[2023-09-07 11:58:06 +0000] [135498] [INFO] Shutting down: Master
[2023-09-07 12:07:56 +0000] [138219] [INFO] Starting gunicorn 21.2.0
[2023-09-07 12:07:56 +0000] [138219] [INFO] Listening at: https://0.0.0.0:443 (138219)
[2023-09-07 12:07:56 +0000] [138219] [INFO] Using worker: uvicorn.workers.UvicornWorker
[2023-09-07 12:07:56 +0000] [138251] [INFO] Booting worker with pid: 138251
[2023-09-07 12:07:57 +0000] [138271] [INFO] Booting worker with pid: 138271
[2023-09-07 12:07:57 +0000] [138272] [INFO] Booting worker with pid: 138272
[2023-09-07 12:07:57 +0000] [138273] [INFO] Booting worker with pid: 138273
[2023-09-07 12:07:57 +0000] [138251] [INFO] Started server process [138251]
[2023-09-07 12:07:57 +0000] [138251] [INFO] Waiting for application startup.
[2023-09-07 12:07:57 +0000] [138251] [INFO] Application startup complete.
[2023-09-07 12:07:57 +0000] [138273] [INFO] Started server process [138273]
[2023-09-07 12:07:57 +0000] [138273] [INFO] Waiting for application startup.
[2023-09-07 12:07:57 +0000] [138273] [INFO] Application startup complete.
[2023-09-07 12:07:57 +0000] [138271] [INFO] Started server process [138271]
[2023-09-07 12:07:57 +0000] [138271] [INFO] Waiting for application startup.
[2023-09-07 12:07:57 +0000] [138271] [INFO] Application startup complete.
[2023-09-07 12:07:57 +0000] [138272] [INFO] Started server process [138272]
[2023-09-07 12:07:57 +0000] [138272] [INFO] Waiting for application startup.
[2023-09-07 12:07:57 +0000] [138272] [INFO] Application startup complete.
[2023-09-07 12:08:47 +0000] [138219] [INFO] Handling signal: term
[2023-09-07 12:08:47 +0000] [138271] [INFO] Shutting down
[2023-09-07 12:08:47 +0000] [138272] [INFO] Shutting down
[2023-09-07 12:08:47 +0000] [138251] [INFO] Shutting down
[2023-09-07 12:08:47 +0000] [138273] [INFO] Shutting down
[2023-09-07 12:08:47 +0000] [138271] [INFO] Waiting for connections to close. (CTRL+C to force quit)
[2023-09-07 12:08:47 +0000] [138272] [INFO] Waiting for connections to close. (CTRL+C to force quit)
[2023-09-07 12:08:47 +0000] [138251] [INFO] Waiting for application shutdown.
[2023-09-07 12:08:47 +0000] [138251] [INFO] Application shutdown complete.
[2023-09-07 12:08:47 +0000] [138251] [INFO] Finished server process [138251]
[2023-09-07 12:08:47 +0000] [138251] [INFO] Worker exiting (pid: 138251)
[2023-09-07 12:08:47 +0000] [138273] [INFO] Waiting for application shutdown.
[2023-09-07 12:08:47 +0000] [138273] [INFO] Application shutdown complete.
[2023-09-07 12:08:47 +0000] [138273] [INFO] Finished server process [138273]
[2023-09-07 12:08:47 +0000] [138273] [INFO] Worker exiting (pid: 138273)
[2023-09-07 12:09:17 +0000] [138219] [INFO] Shutting down: Master
[2023-09-20 18:09:32 +0000] [677032] [INFO] Starting gunicorn 21.2.0
[2023-09-20 18:09:32 +0000] [677032] [INFO] Listening at: https://0.0.0.0:443 (677032)
[2023-09-20 18:09:32 +0000] [677032] [INFO] Using worker: uvicorn.workers.UvicornWorker
[2023-09-20 18:09:32 +0000] [677038] [INFO] Booting worker with pid: 677038
[2023-09-20 18:09:32 +0000] [677039] [INFO] Booting worker with pid: 677039
[2023-09-20 18:09:32 +0000] [677040] [INFO] Booting worker with pid: 677040
[2023-09-20 18:09:32 +0000] [677041] [INFO] Booting worker with pid: 677041
[2023-09-20 18:09:33 +0000] [677038] [INFO] Started server process [677038]
[2023-09-20 18:09:33 +0000] [677038] [INFO] Waiting for application startup.
[2023-09-20 18:09:33 +0000] [677041] [INFO] Started server process [677041]
[2023-09-20 18:09:33 +0000] [677039] [INFO] Started server process [677039]
[2023-09-20 18:09:33 +0000] [677039] [INFO] Waiting for application startup.
[2023-09-20 18:09:33 +0000] [677038] [INFO] Application startup complete.
[2023-09-20 18:09:33 +0000] [677040] [INFO] Started server process [677040]
[2023-09-20 18:09:33 +0000] [677041] [INFO] Waiting for application startup.
[2023-09-20 18:09:33 +0000] [677040] [INFO] Waiting for application startup.
[2023-09-20 18:09:33 +0000] [677041] [INFO] Application startup complete.
[2023-09-20 18:09:33 +0000] [677040] [INFO] Application startup complete.
[2023-09-20 18:09:33 +0000] [677039] [INFO] Application startup complete.
[2023-09-20 23:41:02 +0000] [677038] [WARNING] Invalid HTTP request received.
[2023-09-21 05:08:09 +0000] [677032] [INFO] Handling signal: term
[2023-09-21 05:08:09 +0000] [677038] [INFO] Shutting down
[2023-09-21 05:08:09 +0000] [677039] [INFO] Shutting down
[2023-09-21 05:08:09 +0000] [677041] [INFO] Shutting down
[2023-09-21 05:08:09 +0000] [677040] [INFO] Shutting down
[2023-09-21 05:08:09 +0000] [677038] [INFO] Waiting for application shutdown.
[2023-09-21 05:08:09 +0000] [677038] [INFO] Application shutdown complete.
[2023-09-21 05:08:09 +0000] [677038] [INFO] Finished server process [677038]
[2023-09-21 05:08:09 +0000] [677038] [INFO] Worker exiting (pid: 677038)
[2023-09-21 05:08:09 +0000] [677039] [INFO] Waiting for application shutdown.
[2023-09-21 05:08:09 +0000] [677039] [INFO] Application shutdown complete.
[2023-09-21 05:08:09 +0000] [677039] [INFO] Finished server process [677039]
[2023-09-21 05:08:09 +0000] [677039] [INFO] Worker exiting (pid: 677039)
[2023-09-21 05:08:09 +0000] [677041] [INFO] Waiting for application shutdown.
[2023-09-21 05:08:09 +0000] [677041] [INFO] Application shutdown complete.
[2023-09-21 05:08:09 +0000] [677041] [INFO] Finished server process [677041]
[2023-09-21 05:08:09 +0000] [677041] [INFO] Worker exiting (pid: 677041)
[2023-09-21 05:08:09 +0000] [677040] [INFO] Waiting for application shutdown.
[2023-09-21 05:08:09 +0000] [677040] [INFO] Application shutdown complete.
[2023-09-21 05:08:09 +0000] [677040] [INFO] Finished server process [677040]
[2023-09-21 05:08:09 +0000] [677040] [INFO] Worker exiting (pid: 677040)
[2023-09-21 05:08:10 +0000] [677032] [INFO] Shutting down: Master
[2023-09-21 05:08:12 +0000] [701473] [INFO] Starting gunicorn 21.2.0
[2023-09-21 05:08:12 +0000] [701473] [INFO] Listening at: https://0.0.0.0:443 (701473)
[2023-09-21 05:08:12 +0000] [701473] [INFO] Using worker: uvicorn.workers.UvicornWorker
[2023-09-21 05:08:12 +0000] [701475] [INFO] Booting worker with pid: 701475
[2023-09-21 05:08:12 +0000] [701476] [INFO] Booting worker with pid: 701476
[2023-09-21 05:08:12 +0000] [701477] [INFO] Booting worker with pid: 701477
[2023-09-21 05:08:12 +0000] [701478] [INFO] Booting worker with pid: 701478
[2023-09-21 05:08:13 +0000] [701475] [INFO] Started server process [701475]
[2023-09-21 05:08:13 +0000] [701475] [INFO] Waiting for application startup.
[2023-09-21 05:08:13 +0000] [701475] [INFO] Application startup complete.
[2023-09-21 05:08:13 +0000] [701477] [INFO] Started server process [701477]
[2023-09-21 05:08:13 +0000] [701477] [INFO] Waiting for application startup.
[2023-09-21 05:08:13 +0000] [701477] [INFO] Application startup complete.
[2023-09-21 05:08:13 +0000] [701476] [INFO] Started server process [701476]
[2023-09-21 05:08:13 +0000] [701476] [INFO] Waiting for application startup.
[2023-09-21 05:08:13 +0000] [701476] [INFO] Application startup complete.
[2023-09-21 05:08:13 +0000] [701478] [INFO] Started server process [701478]
[2023-09-21 05:08:13 +0000] [701478] [INFO] Waiting for application startup.
[2023-09-21 05:08:13 +0000] [701478] [INFO] Application startup complete.
[2023-09-21 05:14:01 +0000] [701473] [INFO] Handling signal: term
[2023-09-21 05:14:01 +0000] [701477] [INFO] Shutting down
[2023-09-21 05:14:01 +0000] [701476] [INFO] Shutting down
[2023-09-21 05:14:01 +0000] [701475] [INFO] Shutting down
[2023-09-21 05:14:01 +0000] [701478] [INFO] Shutting down
[2023-09-21 05:14:01 +0000] [701477] [INFO] Waiting for application shutdown.
[2023-09-21 05:14:01 +0000] [701477] [INFO] Application shutdown complete.
[2023-09-21 05:14:01 +0000] [701477] [INFO] Finished server process [701477]
[2023-09-21 05:14:01 +0000] [701477] [INFO] Worker exiting (pid: 701477)
[2023-09-21 05:14:01 +0000] [701476] [INFO] Waiting for application shutdown.
[2023-09-21 05:14:01 +0000] [701476] [INFO] Application shutdown complete.
[2023-09-21 05:14:01 +0000] [701476] [INFO] Finished server process [701476]
[2023-09-21 05:14:01 +0000] [701476] [INFO] Worker exiting (pid: 701476)
[2023-09-21 05:14:01 +0000] [701475] [INFO] Waiting for application shutdown.
[2023-09-21 05:14:01 +0000] [701475] [INFO] Application shutdown complete.
[2023-09-21 05:14:01 +0000] [701478] [INFO] Waiting for application shutdown.
[2023-09-21 05:14:01 +0000] [701475] [INFO] Finished server process [701475]
[2023-09-21 05:14:01 +0000] [701478] [INFO] Application shutdown complete.
[2023-09-21 05:14:01 +0000] [701478] [INFO] Finished server process [701478]
[2023-09-21 05:14:01 +0000] [701475] [INFO] Worker exiting (pid: 701475)
[2023-09-21 05:14:01 +0000] [701478] [INFO] Worker exiting (pid: 701478)
[2023-09-21 05:14:02 +0000] [701473] [INFO] Shutting down: Master
[2023-09-21 05:14:04 +0000] [701725] [INFO] Starting gunicorn 21.2.0
[2023-09-21 05:14:04 +0000] [701725] [INFO] Listening at: https://0.0.0.0:443 (701725)
[2023-09-21 05:14:04 +0000] [701725] [INFO] Using worker: uvicorn.workers.UvicornWorker
[2023-09-21 05:14:04 +0000] [701730] [INFO] Booting worker with pid: 701730
[2023-09-21 05:14:04 +0000] [701731] [INFO] Booting worker with pid: 701731
[2023-09-21 05:14:04 +0000] [701732] [INFO] Booting worker with pid: 701732
[2023-09-21 05:14:04 +0000] [701733] [INFO] Booting worker with pid: 701733
[2023-09-21 05:14:05 +0000] [701730] [INFO] Started server process [701730]
[2023-09-21 05:14:05 +0000] [701730] [INFO] Waiting for application startup.
[2023-09-21 05:14:05 +0000] [701730] [INFO] Application startup complete.
[2023-09-21 05:14:05 +0000] [701731] [INFO] Started server process [701731]
[2023-09-21 05:14:05 +0000] [701731] [INFO] Waiting for application startup.
[2023-09-21 05:14:05 +0000] [701731] [INFO] Application startup complete.
[2023-09-21 05:14:05 +0000] [701732] [INFO] Started server process [701732]
[2023-09-21 05:14:05 +0000] [701732] [INFO] Waiting for application startup.
[2023-09-21 05:14:05 +0000] [701732] [INFO] Application startup complete.
[2023-09-21 05:14:05 +0000] [701733] [INFO] Started server process [701733]
[2023-09-21 05:14:05 +0000] [701733] [INFO] Waiting for application startup.
[2023-09-21 05:14:05 +0000] [701733] [INFO] Application startup complete.
[2023-09-21 05:15:16 +0000] [701725] [INFO] Handling signal: term
[2023-09-21 05:15:16 +0000] [701733] [INFO] Shutting down
[2023-09-21 05:15:16 +0000] [701730] [INFO] Shutting down
[2023-09-21 05:15:16 +0000] [701731] [INFO] Shutting down
[2023-09-21 05:15:16 +0000] [701732] [INFO] Shutting down
[2023-09-21 05:15:16 +0000] [701733] [INFO] Waiting for application shutdown.
[2023-09-21 05:15:16 +0000] [701733] [INFO] Application shutdown complete.
[2023-09-21 05:15:16 +0000] [701733] [INFO] Finished server process [701733]
[2023-09-21 05:15:16 +0000] [701733] [INFO] Worker exiting (pid: 701733)
[2023-09-21 05:15:16 +0000] [701730] [INFO] Waiting for application shutdown.
[2023-09-21 05:15:16 +0000] [701730] [INFO] Application shutdown complete.
[2023-09-21 05:15:16 +0000] [701730] [INFO] Finished server process [701730]
[2023-09-21 05:15:16 +0000] [701730] [INFO] Worker exiting (pid: 701730)
[2023-09-21 05:15:16 +0000] [701731] [INFO] Waiting for application shutdown.
[2023-09-21 05:15:16 +0000] [701731] [INFO] Application shutdown complete.
[2023-09-21 05:15:16 +0000] [701731] [INFO] Finished server process [701731]
[2023-09-21 05:15:16 +0000] [701731] [INFO] Worker exiting (pid: 701731)
[2023-09-21 05:15:16 +0000] [701732] [INFO] Waiting for application shutdown.
[2023-09-21 05:15:16 +0000] [701732] [INFO] Application shutdown complete.
[2023-09-21 05:15:16 +0000] [701732] [INFO] Finished server process [701732]
[2023-09-21 05:15:16 +0000] [701732] [INFO] Worker exiting (pid: 701732)
[2023-09-21 05:15:16 +0000] [701725] [INFO] Shutting down: Master
[2023-09-21 05:15:18 +0000] [701819] [INFO] Starting gunicorn 21.2.0
[2023-09-21 05:15:18 +0000] [701819] [INFO] Listening at: https://0.0.0.0:443 (701819)
[2023-09-21 05:15:18 +0000] [701819] [INFO] Using worker: uvicorn.workers.UvicornWorker
[2023-09-21 05:15:18 +0000] [701822] [INFO] Booting worker with pid: 701822
[2023-09-21 05:15:18 +0000] [701823] [INFO] Booting worker with pid: 701823
[2023-09-21 05:15:18 +0000] [701824] [INFO] Booting worker with pid: 701824
[2023-09-21 05:15:18 +0000] [701825] [INFO] Booting worker with pid: 701825
[2023-09-21 05:15:19 +0000] [701822] [INFO] Started server process [701822]
[2023-09-21 05:15:19 +0000] [701822] [INFO] Waiting for application startup.
[2023-09-21 05:15:19 +0000] [701822] [INFO] Application startup complete.
[2023-09-21 05:15:19 +0000] [701823] [INFO] Started server process [701823]
[2023-09-21 05:15:19 +0000] [701823] [INFO] Waiting for application startup.
[2023-09-21 05:15:19 +0000] [701823] [INFO] Application startup complete.
[2023-09-21 05:15:19 +0000] [701824] [INFO] Started server process [701824]
[2023-09-21 05:15:19 +0000] [701824] [INFO] Waiting for application startup.
[2023-09-21 05:15:19 +0000] [701824] [INFO] Application startup complete.
[2023-09-21 05:15:19 +0000] [701825] [INFO] Started server process [701825]
[2023-09-21 05:15:19 +0000] [701825] [INFO] Waiting for application startup.
[2023-09-21 05:15:19 +0000] [701825] [INFO] Application startup complete.
[2023-09-21 05:17:28 +0000] [701819] [INFO] Handling signal: term
[2023-09-21 05:17:28 +0000] [701825] [INFO] Shutting down
[2023-09-21 05:17:28 +0000] [701824] [INFO] Shutting down
[2023-09-21 05:17:28 +0000] [701822] [INFO] Shutting down
[2023-09-21 05:17:28 +0000] [701823] [INFO] Shutting down
[2023-09-21 05:17:28 +0000] [701825] [INFO] Waiting for application shutdown.
[2023-09-21 05:17:28 +0000] [701825] [INFO] Application shutdown complete.
[2023-09-21 05:17:28 +0000] [701825] [INFO] Finished server process [701825]
[2023-09-21 05:17:28 +0000] [701825] [INFO] Worker exiting (pid: 701825)
[2023-09-21 05:17:29 +0000] [701824] [INFO] Waiting for application shutdown.
[2023-09-21 05:17:29 +0000] [701824] [INFO] Application shutdown complete.
[2023-09-21 05:17:29 +0000] [701824] [INFO] Finished server process [701824]
[2023-09-21 05:17:29 +0000] [701824] [INFO] Worker exiting (pid: 701824)
[2023-09-21 05:17:29 +0000] [701822] [INFO] Waiting for application shutdown.
[2023-09-21 05:17:29 +0000] [701822] [INFO] Application shutdown complete.
[2023-09-21 05:17:29 +0000] [701822] [INFO] Finished server process [701822]
[2023-09-21 05:17:29 +0000] [701822] [INFO] Worker exiting (pid: 701822)
[2023-09-21 05:17:29 +0000] [701823] [INFO] Waiting for application shutdown.
[2023-09-21 05:17:29 +0000] [701823] [INFO] Application shutdown complete.
[2023-09-21 05:17:29 +0000] [701823] [INFO] Finished server process [701823]
[2023-09-21 05:17:29 +0000] [701823] [INFO] Worker exiting (pid: 701823)
[2023-09-21 05:17:29 +0000] [701819] [INFO] Shutting down: Master
[2023-09-21 05:17:30 +0000] [701963] [INFO] Starting gunicorn 21.2.0
[2023-09-21 05:17:30 +0000] [701963] [INFO] Listening at: https://0.0.0.0:443 (701963)
[2023-09-21 05:17:30 +0000] [701963] [INFO] Using worker: uvicorn.workers.UvicornWorker
[2023-09-21 05:17:30 +0000] [701966] [INFO] Booting worker with pid: 701966
[2023-09-21 05:17:30 +0000] [701967] [INFO] Booting worker with pid: 701967
[2023-09-21 05:17:30 +0000] [701968] [INFO] Booting worker with pid: 701968
[2023-09-21 05:17:30 +0000] [701969] [INFO] Booting worker with pid: 701969
[2023-09-21 05:17:31 +0000] [701967] [INFO] Started server process [701967]
[2023-09-21 05:17:31 +0000] [701967] [INFO] Waiting for application startup.
[2023-09-21 05:17:31 +0000] [701967] [INFO] Application startup complete.
[2023-09-21 05:17:31 +0000] [701966] [INFO] Started server process [701966]
[2023-09-21 05:17:31 +0000] [701966] [INFO] Waiting for application startup.
[2023-09-21 05:17:31 +0000] [701966] [INFO] Application startup complete.
[2023-09-21 05:17:31 +0000] [701968] [INFO] Started server process [701968]
[2023-09-21 05:17:31 +0000] [701968] [INFO] Waiting for application startup.
[2023-09-21 05:17:31 +0000] [701968] [INFO] Application startup complete.
[2023-09-21 05:17:31 +0000] [701969] [INFO] Started server process [701969]
[2023-09-21 05:17:31 +0000] [701969] [INFO] Waiting for application startup.
[2023-09-21 05:17:31 +0000] [701969] [INFO] Application startup complete.
[2023-09-21 05:25:35 +0000] [701963] [INFO] Handling signal: term
[2023-09-21 05:25:35 +0000] [701969] [INFO] Shutting down
[2023-09-21 05:25:35 +0000] [701967] [INFO] Shutting down
[2023-09-21 05:25:35 +0000] [701966] [INFO] Shutting down
[2023-09-21 05:25:35 +0000] [702410] [INFO] Starting gunicorn 21.2.0
[2023-09-21 05:25:35 +0000] [701968] [INFO] Shutting down
[2023-09-21 05:25:35 +0000] [701969] [INFO] Waiting for application shutdown.
[2023-09-21 05:25:35 +0000] [701969] [INFO] Application shutdown complete.
[2023-09-21 05:25:35 +0000] [701969] [INFO] Finished server process [701969]
[2023-09-21 05:25:35 +0000] [701969] [INFO] Worker exiting (pid: 701969)
[2023-09-21 05:25:35 +0000] [701967] [INFO] Waiting for application shutdown.
[2023-09-21 05:25:35 +0000] [701967] [INFO] Application shutdown complete.
[2023-09-21 05:25:35 +0000] [701967] [INFO] Finished server process [701967]
[2023-09-21 05:25:35 +0000] [701967] [INFO] Worker exiting (pid: 701967)
[2023-09-21 05:25:35 +0000] [701966] [INFO] Waiting for application shutdown.
[2023-09-21 05:25:35 +0000] [701966] [INFO] Application shutdown complete.
[2023-09-21 05:25:35 +0000] [701966] [INFO] Finished server process [701966]
[2023-09-21 05:25:35 +0000] [701966] [INFO] Worker exiting (pid: 701966)
[2023-09-21 05:25:35 +0000] [701968] [INFO] Waiting for application shutdown.
[2023-09-21 05:25:35 +0000] [701968] [INFO] Application shutdown complete.
[2023-09-21 05:25:35 +0000] [701968] [INFO] Finished server process [701968]
[2023-09-21 05:25:35 +0000] [701968] [INFO] Worker exiting (pid: 701968)
[2023-09-21 05:25:35 +0000] [701963] [INFO] Shutting down: Master
[2023-09-21 05:26:05 +0000] [702511] [INFO] Starting gunicorn 21.2.0
[2023-09-21 05:26:05 +0000] [702511] [INFO] Listening at: https://0.0.0.0:443 (702511)
[2023-09-21 05:26:05 +0000] [702511] [INFO] Using worker: uvicorn.workers.UvicornWorker
[2023-09-21 05:26:05 +0000] [702513] [INFO] Booting worker with pid: 702513
[2023-09-21 05:26:05 +0000] [702514] [INFO] Booting worker with pid: 702514
[2023-09-21 05:26:05 +0000] [702515] [INFO] Booting worker with pid: 702515
[2023-09-21 05:26:05 +0000] [702516] [INFO] Booting worker with pid: 702516
[2023-09-21 05:26:06 +0000] [702513] [INFO] Started server process [702513]
[2023-09-21 05:26:06 +0000] [702513] [INFO] Waiting for application startup.
[2023-09-21 05:26:06 +0000] [702513] [INFO] Application startup complete.
[2023-09-21 05:26:06 +0000] [702514] [INFO] Started server process [702514]
[2023-09-21 05:26:06 +0000] [702514] [INFO] Waiting for application startup.
[2023-09-21 05:26:06 +0000] [702514] [INFO] Application startup complete.
[2023-09-21 05:26:06 +0000] [702515] [INFO] Started server process [702515]
[2023-09-21 05:26:06 +0000] [702515] [INFO] Waiting for application startup.
[2023-09-21 05:26:06 +0000] [702515] [INFO] Application startup complete.
[2023-09-21 05:26:06 +0000] [702516] [INFO] Started server process [702516]
[2023-09-21 05:26:06 +0000] [702516] [INFO] Waiting for application startup.
[2023-09-21 05:26:06 +0000] [702516] [INFO] Application startup complete.
[2023-09-21 05:26:14 +0000] [702511] [INFO] Handling signal: term
[2023-09-21 05:26:14 +0000] [702514] [INFO] Shutting down
[2023-09-21 05:26:14 +0000] [702513] [INFO] Shutting down
[2023-09-21 05:26:14 +0000] [702516] [INFO] Shutting down
[2023-09-21 05:26:14 +0000] [702515] [INFO] Shutting down
[2023-09-21 05:26:14 +0000] [702558] [INFO] Starting gunicorn 21.2.0
[2023-09-21 05:26:14 +0000] [702514] [INFO] Waiting for application shutdown.
[2023-09-21 05:26:14 +0000] [702514] [INFO] Application shutdown complete.
[2023-09-21 05:26:14 +0000] [702514] [INFO] Finished server process [702514]
[2023-09-21 05:26:14 +0000] [702514] [INFO] Worker exiting (pid: 702514)
[2023-09-21 05:26:14 +0000] [702513] [INFO] Waiting for application shutdown.
[2023-09-21 05:26:14 +0000] [702513] [INFO] Application shutdown complete.
[2023-09-21 05:26:14 +0000] [702513] [INFO] Finished server process [702513]
[2023-09-21 05:26:14 +0000] [702513] [INFO] Worker exiting (pid: 702513)
[2023-09-21 05:26:14 +0000] [702516] [INFO] Waiting for application shutdown.
[2023-09-21 05:26:14 +0000] [702516] [INFO] Application shutdown complete.
[2023-09-21 05:26:14 +0000] [702516] [INFO] Finished server process [702516]
[2023-09-21 05:26:14 +0000] [702516] [INFO] Worker exiting (pid: 702516)
[2023-09-21 05:26:14 +0000] [702515] [INFO] Waiting for application shutdown.
[2023-09-21 05:26:14 +0000] [702515] [INFO] Application shutdown complete.
[2023-09-21 05:26:14 +0000] [702515] [INFO] Finished server process [702515]
[2023-09-21 05:26:14 +0000] [702515] [INFO] Worker exiting (pid: 702515)
[2023-09-21 05:26:14 +0000] [702511] [INFO] Shutting down: Master
[2023-09-21 05:26:39 +0000] [702617] [INFO] Starting gunicorn 21.2.0
[2023-09-21 05:26:39 +0000] [702617] [INFO] Listening at: https://0.0.0.0:443 (702617)
[2023-09-21 05:26:39 +0000] [702617] [INFO] Using worker: uvicorn.workers.UvicornWorker
[2023-09-21 05:26:39 +0000] [702619] [INFO] Booting worker with pid: 702619
[2023-09-21 05:26:39 +0000] [702620] [INFO] Booting worker with pid: 702620
[2023-09-21 05:26:39 +0000] [702621] [INFO] Booting worker with pid: 702621
[2023-09-21 05:26:39 +0000] [702622] [INFO] Booting worker with pid: 702622
[2023-09-21 05:26:40 +0000] [702619] [INFO] Started server process [702619]
[2023-09-21 05:26:40 +0000] [702619] [INFO] Waiting for application startup.
[2023-09-21 05:26:40 +0000] [702619] [INFO] Application startup complete.
[2023-09-21 05:26:40 +0000] [702620] [INFO] Started server process [702620]
[2023-09-21 05:26:40 +0000] [702620] [INFO] Waiting for application startup.
[2023-09-21 05:26:40 +0000] [702620] [INFO] Application startup complete.
[2023-09-21 05:26:40 +0000] [702621] [INFO] Started server process [702621]
[2023-09-21 05:26:40 +0000] [702621] [INFO] Waiting for application startup.
[2023-09-21 05:26:40 +0000] [702621] [INFO] Application startup complete.
[2023-09-21 05:26:40 +0000] [702622] [INFO] Started server process [702622]
[2023-09-21 05:26:40 +0000] [702622] [INFO] Waiting for application startup.
[2023-09-21 05:26:40 +0000] [702622] [INFO] Application startup complete.
[2023-09-21 05:27:39 +0000] [702617] [INFO] Handling signal: term
[2023-09-21 05:27:39 +0000] [702619] [INFO] Shutting down
[2023-09-21 05:27:39 +0000] [702620] [INFO] Shutting down
[2023-09-21 05:27:39 +0000] [702621] [INFO] Shutting down
[2023-09-21 05:27:39 +0000] [702622] [INFO] Shutting down
[2023-09-21 05:27:39 +0000] [702619] [INFO] Waiting for application shutdown.
[2023-09-21 05:27:39 +0000] [702619] [INFO] Application shutdown complete.
[2023-09-21 05:27:39 +0000] [702619] [INFO] Finished server process [702619]
[2023-09-21 05:27:39 +0000] [702619] [INFO] Worker exiting (pid: 702619)
[2023-09-21 05:27:39 +0000] [702620] [INFO] Waiting for application shutdown.
[2023-09-21 05:27:39 +0000] [702620] [INFO] Application shutdown complete.
[2023-09-21 05:27:39 +0000] [702620] [INFO] Finished server process [702620]
[2023-09-21 05:27:39 +0000] [702620] [INFO] Worker exiting (pid: 702620)
[2023-09-21 05:27:40 +0000] [702621] [INFO] Waiting for application shutdown.
[2023-09-21 05:27:40 +0000] [702621] [INFO] Application shutdown complete.
[2023-09-21 05:27:40 +0000] [702621] [INFO] Finished server process [702621]
[2023-09-21 05:27:40 +0000] [702621] [INFO] Worker exiting (pid: 702621)
[2023-09-21 05:27:40 +0000] [702622] [INFO] Waiting for application shutdown.
[2023-09-21 05:27:40 +0000] [702622] [INFO] Application shutdown complete.
[2023-09-21 05:27:40 +0000] [702622] [INFO] Finished server process [702622]
[2023-09-21 05:27:40 +0000] [702622] [INFO] Worker exiting (pid: 702622)
[2023-09-21 05:27:40 +0000] [702617] [INFO] Shutting down: Master
[2023-09-21 05:27:46 +0000] [702724] [INFO] Starting gunicorn 21.2.0
[2023-09-21 05:27:46 +0000] [702724] [INFO] Listening at: https://0.0.0.0:443 (702724)
[2023-09-21 05:27:46 +0000] [702724] [INFO] Using worker: uvicorn.workers.UvicornWorker
[2023-09-21 05:27:46 +0000] [702726] [INFO] Booting worker with pid: 702726
[2023-09-21 05:27:46 +0000] [702727] [INFO] Booting worker with pid: 702727
[2023-09-21 05:27:46 +0000] [702728] [INFO] Booting worker with pid: 702728
[2023-09-21 05:27:46 +0000] [702729] [INFO] Booting worker with pid: 702729
[2023-09-21 05:27:46 +0000] [702726] [INFO] Started server process [702726]
[2023-09-21 05:27:46 +0000] [702726] [INFO] Waiting for application startup.
[2023-09-21 05:27:46 +0000] [702726] [INFO] Application startup complete.
[2023-09-21 05:27:46 +0000] [702727] [INFO] Started server process [702727]
[2023-09-21 05:27:46 +0000] [702727] [INFO] Waiting for application startup.
[2023-09-21 05:27:46 +0000] [702727] [INFO] Application startup complete.
[2023-09-21 05:27:47 +0000] [702728] [INFO] Started server process [702728]
[2023-09-21 05:27:47 +0000] [702728] [INFO] Waiting for application startup.
[2023-09-21 05:27:47 +0000] [702728] [INFO] Application startup complete.
[2023-09-21 05:27:47 +0000] [702729] [INFO] Started server process [702729]
[2023-09-21 05:27:47 +0000] [702729] [INFO] Waiting for application startup.
[2023-09-21 05:27:47 +0000] [702729] [INFO] Application startup complete.
[2023-09-21 05:28:06 +0000] [702724] [INFO] Handling signal: term
[2023-09-21 05:28:06 +0000] [702727] [INFO] Shutting down
[2023-09-21 05:28:06 +0000] [702726] [INFO] Shutting down
[2023-09-21 05:28:06 +0000] [702728] [INFO] Shutting down
[2023-09-21 05:28:06 +0000] [702729] [INFO] Shutting down
[2023-09-21 05:28:06 +0000] [702727] [INFO] Waiting for application shutdown.
[2023-09-21 05:28:06 +0000] [702727] [INFO] Application shutdown complete.
[2023-09-21 05:28:06 +0000] [702727] [INFO] Finished server process [702727]
[2023-09-21 05:28:06 +0000] [702727] [INFO] Worker exiting (pid: 702727)
[2023-09-21 05:28:06 +0000] [702726] [INFO] Waiting for application shutdown.
[2023-09-21 05:28:06 +0000] [702726] [INFO] Application shutdown complete.
[2023-09-21 05:28:06 +0000] [702726] [INFO] Finished server process [702726]
[2023-09-21 05:28:06 +0000] [702726] [INFO] Worker exiting (pid: 702726)
[2023-09-21 05:28:06 +0000] [702728] [INFO] Waiting for application shutdown.
[2023-09-21 05:28:06 +0000] [702728] [INFO] Application shutdown complete.
[2023-09-21 05:28:06 +0000] [702728] [INFO] Finished server process [702728]
[2023-09-21 05:28:06 +0000] [702728] [INFO] Worker exiting (pid: 702728)
[2023-09-21 05:28:06 +0000] [702729] [INFO] Waiting for application shutdown.
[2023-09-21 05:28:06 +0000] [702729] [INFO] Application shutdown complete.
[2023-09-21 05:28:06 +0000] [702729] [INFO] Finished server process [702729]
[2023-09-21 05:28:06 +0000] [702729] [INFO] Worker exiting (pid: 702729)
[2023-09-21 05:28:06 +0000] [702724] [INFO] Shutting down: Master
[2023-09-21 05:28:17 +0000] [702846] [INFO] Starting gunicorn 21.2.0
[2023-09-21 05:28:17 +0000] [702846] [INFO] Listening at: https://0.0.0.0:443 (702846)
[2023-09-21 05:28:17 +0000] [702846] [INFO] Using worker: uvicorn.workers.UvicornWorker
[2023-09-21 05:28:17 +0000] [702851] [INFO] Booting worker with pid: 702851
[2023-09-21 05:28:17 +0000] [702852] [INFO] Booting worker with pid: 702852
[2023-09-21 05:28:17 +0000] [702853] [INFO] Booting worker with pid: 702853
[2023-09-21 05:28:17 +0000] [702854] [INFO] Booting worker with pid: 702854
[2023-09-21 05:28:17 +0000] [702851] [INFO] Started server process [702851]
[2023-09-21 05:28:17 +0000] [702851] [INFO] Waiting for application startup.
[2023-09-21 05:28:17 +0000] [702851] [INFO] Application startup complete.
[2023-09-21 05:28:17 +0000] [702852] [INFO] Started server process [702852]
[2023-09-21 05:28:17 +0000] [702852] [INFO] Waiting for application startup.
[2023-09-21 05:28:17 +0000] [702852] [INFO] Application startup complete.
[2023-09-21 05:28:17 +0000] [702853] [INFO] Started server process [702853]
[2023-09-21 05:28:17 +0000] [702853] [INFO] Waiting for application startup.
[2023-09-21 05:28:17 +0000] [702853] [INFO] Application startup complete.
[2023-09-21 05:28:17 +0000] [702854] [INFO] Started server process [702854]
[2023-09-21 05:28:17 +0000] [702854] [INFO] Waiting for application startup.
[2023-09-21 05:28:17 +0000] [702854] [INFO] Application startup complete.
[2023-09-21 05:28:34 +0000] [702846] [INFO] Handling signal: term
[2023-09-21 05:28:34 +0000] [702851] [INFO] Shutting down
[2023-09-21 05:28:34 +0000] [702852] [INFO] Shutting down
[2023-09-21 05:28:34 +0000] [702853] [INFO] Shutting down
[2023-09-21 05:28:34 +0000] [702854] [INFO] Shutting down
[2023-09-21 05:28:34 +0000] [702910] [INFO] Starting gunicorn 21.2.0
[2023-09-21 05:28:34 +0000] [702851] [INFO] Waiting for application shutdown.
[2023-09-21 05:28:34 +0000] [702851] [INFO] Application shutdown complete.
[2023-09-21 05:28:34 +0000] [702851] [INFO] Finished server process [702851]
[2023-09-21 05:28:34 +0000] [702852] [INFO] Waiting for application shutdown.
[2023-09-21 05:28:34 +0000] [702852] [INFO] Application shutdown complete.
[2023-09-21 05:28:34 +0000] [702852] [INFO] Finished server process [702852]
[2023-09-21 05:28:34 +0000] [702851] [INFO] Worker exiting (pid: 702851)
[2023-09-21 05:28:34 +0000] [702852] [INFO] Worker exiting (pid: 702852)
[2023-09-21 05:28:34 +0000] [702853] [INFO] Waiting for application shutdown.
[2023-09-21 05:28:34 +0000] [702853] [INFO] Application shutdown complete.
[2023-09-21 05:28:34 +0000] [702853] [INFO] Finished server process [702853]
[2023-09-21 05:28:34 +0000] [702853] [INFO] Worker exiting (pid: 702853)
[2023-09-21 05:28:34 +0000] [702854] [INFO] Waiting for application shutdown.
[2023-09-21 05:28:34 +0000] [702854] [INFO] Application shutdown complete.
[2023-09-21 05:28:34 +0000] [702854] [INFO] Finished server process [702854]
[2023-09-21 05:28:34 +0000] [702854] [INFO] Worker exiting (pid: 702854)
[2023-09-21 05:28:34 +0000] [702846] [INFO] Shutting down: Master
[2023-09-21 05:30:22 +0000] [703022] [INFO] Starting gunicorn 21.2.0
[2023-09-21 05:30:22 +0000] [703022] [INFO] Listening at: https://0.0.0.0:443 (703022)
[2023-09-21 05:30:22 +0000] [703022] [INFO] Using worker: uvicorn.workers.UvicornWorker
[2023-09-21 05:30:22 +0000] [703024] [INFO] Booting worker with pid: 703024
[2023-09-21 05:30:22 +0000] [703025] [INFO] Booting worker with pid: 703025
[2023-09-21 05:30:22 +0000] [703026] [INFO] Booting worker with pid: 703026
[2023-09-21 05:30:22 +0000] [703027] [INFO] Booting worker with pid: 703027
[2023-09-21 05:30:23 +0000] [703025] [INFO] Started server process [703025]
[2023-09-21 05:30:23 +0000] [703025] [INFO] Waiting for application startup.
[2023-09-21 05:30:23 +0000] [703025] [INFO] Application startup complete.
[2023-09-21 05:30:23 +0000] [703024] [INFO] Started server process [703024]
[2023-09-21 05:30:23 +0000] [703024] [INFO] Waiting for application startup.
[2023-09-21 05:30:23 +0000] [703024] [INFO] Application startup complete.
[2023-09-21 05:30:23 +0000] [703026] [INFO] Started server process [703026]
[2023-09-21 05:30:23 +0000] [703026] [INFO] Waiting for application startup.
[2023-09-21 05:30:23 +0000] [703026] [INFO] Application startup complete.
[2023-09-21 05:30:23 +0000] [703027] [INFO] Started server process [703027]
[2023-09-21 05:30:23 +0000] [703027] [INFO] Waiting for application startup.
[2023-09-21 05:30:23 +0000] [703027] [INFO] Application startup complete.
[2023-09-21 05:30:25 +0000] [703022] [INFO] Handling signal: term
[2023-09-21 05:30:25 +0000] [703024] [INFO] Shutting down
[2023-09-21 05:30:25 +0000] [703026] [INFO] Shutting down
[2023-09-21 05:30:25 +0000] [703027] [INFO] Shutting down
[2023-09-21 05:30:25 +0000] [703025] [INFO] Shutting down
[2023-09-21 05:30:25 +0000] [703057] [INFO] Starting gunicorn 21.2.0
[2023-09-21 05:30:25 +0000] [703024] [INFO] Waiting for application shutdown.
[2023-09-21 05:30:25 +0000] [703024] [INFO] Application shutdown complete.
[2023-09-21 05:30:25 +0000] [703024] [INFO] Finished server process [703024]
[2023-09-21 05:30:25 +0000] [703024] [INFO] Worker exiting (pid: 703024)
[2023-09-21 05:30:25 +0000] [703026] [INFO] Waiting for application shutdown.
[2023-09-21 05:30:25 +0000] [703026] [INFO] Application shutdown complete.
[2023-09-21 05:30:25 +0000] [703026] [INFO] Finished server process [703026]
[2023-09-21 05:30:25 +0000] [703026] [INFO] Worker exiting (pid: 703026)
[2023-09-21 05:30:25 +0000] [703027] [INFO] Waiting for application shutdown.
[2023-09-21 05:30:25 +0000] [703027] [INFO] Application shutdown complete.
[2023-09-21 05:30:25 +0000] [703027] [INFO] Finished server process [703027]
[2023-09-21 05:30:25 +0000] [703027] [INFO] Worker exiting (pid: 703027)
[2023-09-21 05:30:25 +0000] [703025] [INFO] Waiting for application shutdown.
[2023-09-21 05:30:25 +0000] [703025] [INFO] Application shutdown complete.
[2023-09-21 05:30:25 +0000] [703025] [INFO] Finished server process [703025]
[2023-09-21 05:30:25 +0000] [703025] [INFO] Worker exiting (pid: 703025)
[2023-09-21 05:30:25 +0000] [703022] [INFO] Shutting down: Master
[2023-09-21 05:30:43 +0000] [703117] [INFO] Starting gunicorn 21.2.0
[2023-09-21 05:30:43 +0000] [703117] [INFO] Listening at: https://0.0.0.0:443 (703117)
[2023-09-21 05:30:43 +0000] [703117] [INFO] Using worker: uvicorn.workers.UvicornWorker
[2023-09-21 05:30:43 +0000] [703119] [INFO] Booting worker with pid: 703119
[2023-09-21 05:30:43 +0000] [703120] [INFO] Booting worker with pid: 703120
[2023-09-21 05:30:43 +0000] [703121] [INFO] Booting worker with pid: 703121
[2023-09-21 05:30:43 +0000] [703122] [INFO] Booting worker with pid: 703122
[2023-09-21 05:30:43 +0000] [703119] [INFO] Started server process [703119]
[2023-09-21 05:30:43 +0000] [703119] [INFO] Waiting for application startup.
[2023-09-21 05:30:43 +0000] [703119] [INFO] Application startup complete.
[2023-09-21 05:30:43 +0000] [703120] [INFO] Started server process [703120]
[2023-09-21 05:30:43 +0000] [703120] [INFO] Waiting for application startup.
[2023-09-21 05:30:43 +0000] [703120] [INFO] Application startup complete.
[2023-09-21 05:30:44 +0000] [703121] [INFO] Started server process [703121]
[2023-09-21 05:30:44 +0000] [703121] [INFO] Waiting for application startup.
[2023-09-21 05:30:44 +0000] [703121] [INFO] Application startup complete.
[2023-09-21 05:30:44 +0000] [703122] [INFO] Started server process [703122]
[2023-09-21 05:30:44 +0000] [703122] [INFO] Waiting for application startup.
[2023-09-21 05:30:44 +0000] [703122] [INFO] Application startup complete.
[2023-09-21 05:30:45 +0000] [703117] [INFO] Handling signal: term
[2023-09-21 05:30:45 +0000] [703122] [INFO] Shutting down
[2023-09-21 05:30:45 +0000] [703120] [INFO] Shutting down
[2023-09-21 05:30:45 +0000] [703121] [INFO] Shutting down
[2023-09-21 05:30:45 +0000] [703119] [INFO] Shutting down
[2023-09-21 05:30:45 +0000] [703143] [INFO] Starting gunicorn 21.2.0
[2023-09-21 05:30:45 +0000] [703122] [INFO] Waiting for application shutdown.
[2023-09-21 05:30:45 +0000] [703122] [INFO] Application shutdown complete.
[2023-09-21 05:30:45 +0000] [703122] [INFO] Finished server process [703122]
[2023-09-21 05:30:45 +0000] [703122] [INFO] Worker exiting (pid: 703122)
[2023-09-21 05:30:45 +0000] [703120] [INFO] Waiting for application shutdown.
[2023-09-21 05:30:45 +0000] [703120] [INFO] Application shutdown complete.
[2023-09-21 05:30:45 +0000] [703120] [INFO] Finished server process [703120]
[2023-09-21 05:30:45 +0000] [703120] [INFO] Worker exiting (pid: 703120)
[2023-09-21 05:30:45 +0000] [703121] [INFO] Waiting for application shutdown.
[2023-09-21 05:30:45 +0000] [703121] [INFO] Application shutdown complete.
[2023-09-21 05:30:45 +0000] [703121] [INFO] Finished server process [703121]
[2023-09-21 05:30:45 +0000] [703121] [INFO] Worker exiting (pid: 703121)
[2023-09-21 05:30:45 +0000] [703119] [INFO] Waiting for application shutdown.
[2023-09-21 05:30:45 +0000] [703119] [INFO] Application shutdown complete.
[2023-09-21 05:30:45 +0000] [703119] [INFO] Finished server process [703119]
[2023-09-21 05:30:45 +0000] [703119] [INFO] Worker exiting (pid: 703119)
[2023-09-21 05:30:45 +0000] [703117] [INFO] Shutting down: Master
[2023-09-21 05:33:53 +0000] [703337] [INFO] Starting gunicorn 21.2.0
[2023-09-21 05:33:53 +0000] [703337] [INFO] Listening at: https://0.0.0.0:443 (703337)
[2023-09-21 05:33:53 +0000] [703337] [INFO] Using worker: uvicorn.workers.UvicornWorker
[2023-09-21 05:33:53 +0000] [703340] [INFO] Booting worker with pid: 703340
[2023-09-21 05:33:53 +0000] [703341] [INFO] Booting worker with pid: 703341
[2023-09-21 05:33:54 +0000] [703342] [INFO] Booting worker with pid: 703342
[2023-09-21 05:33:54 +0000] [703343] [INFO] Booting worker with pid: 703343
[2023-09-21 05:33:54 +0000] [703340] [INFO] Started server process [703340]
[2023-09-21 05:33:54 +0000] [703340] [INFO] Waiting for application startup.
[2023-09-21 05:33:54 +0000] [703340] [INFO] Application startup complete.
[2023-09-21 05:33:54 +0000] [703341] [INFO] Started server process [703341]
[2023-09-21 05:33:54 +0000] [703341] [INFO] Waiting for application startup.
[2023-09-21 05:33:54 +0000] [703341] [INFO] Application startup complete.
[2023-09-21 05:33:54 +0000] [703343] [INFO] Started server process [703343]
[2023-09-21 05:33:54 +0000] [703343] [INFO] Waiting for application startup.
[2023-09-21 05:33:54 +0000] [703343] [INFO] Application startup complete.
[2023-09-21 05:33:54 +0000] [703342] [INFO] Started server process [703342]
[2023-09-21 05:33:54 +0000] [703342] [INFO] Waiting for application startup.
[2023-09-21 05:33:54 +0000] [703342] [INFO] Application startup complete.
[2023-09-21 05:34:03 +0000] [703340] [INFO] Worker reloading: /home/inui/esm_server/api/main.py modified
[2023-09-21 05:34:03 +0000] [703341] [INFO] Worker reloading: /home/inui/esm_server/api/main.py modified
[2023-09-21 05:34:03 +0000] [703343] [INFO] Worker reloading: /home/inui/esm_server/api/main.py modified
[2023-09-21 05:34:03 +0000] [703342] [INFO] Worker reloading: /home/inui/esm_server/api/main.py modified
[2023-09-21 05:43:18 +0000] [703337] [INFO] Handling signal: term
[2023-09-21 05:43:18 +0000] [703343] [INFO] Shutting down
[2023-09-21 05:43:18 +0000] [703342] [INFO] Shutting down
[2023-09-21 05:43:18 +0000] [703340] [INFO] Shutting down
[2023-09-21 05:43:18 +0000] [703341] [INFO] Shutting down
[2023-09-21 05:43:18 +0000] [703343] [INFO] Waiting for application shutdown.
[2023-09-21 05:43:18 +0000] [703343] [INFO] Application shutdown complete.
[2023-09-21 05:43:18 +0000] [703343] [INFO] Finished server process [703343]
[2023-09-21 05:43:18 +0000] [703343] [INFO] Worker exiting (pid: 703343)
[2023-09-21 05:43:18 +0000] [703342] [INFO] Waiting for application shutdown.
[2023-09-21 05:43:18 +0000] [703342] [INFO] Application shutdown complete.
[2023-09-21 05:43:18 +0000] [703342] [INFO] Finished server process [703342]
[2023-09-21 05:43:18 +0000] [703342] [INFO] Worker exiting (pid: 703342)
[2023-09-21 05:43:18 +0000] [703340] [INFO] Waiting for application shutdown.
[2023-09-21 05:43:18 +0000] [703340] [INFO] Application shutdown complete.
[2023-09-21 05:43:18 +0000] [703340] [INFO] Finished server process [703340]
[2023-09-21 05:43:18 +0000] [703340] [INFO] Worker exiting (pid: 703340)
[2023-09-21 05:43:18 +0000] [703341] [INFO] Waiting for application shutdown.
[2023-09-21 05:43:18 +0000] [703341] [INFO] Application shutdown complete.
[2023-09-21 05:43:18 +0000] [703341] [INFO] Finished server process [703341]
[2023-09-21 05:43:18 +0000] [703341] [INFO] Worker exiting (pid: 703341)
[2023-09-21 05:43:18 +0000] [703337] [INFO] Shutting down: Master
[2023-09-21 05:43:19 +0000] [703707] [INFO] Starting gunicorn 21.2.0
[2023-09-21 05:43:19 +0000] [703707] [INFO] Listening at: https://0.0.0.0:443 (703707)
[2023-09-21 05:43:19 +0000] [703707] [INFO] Using worker: uvicorn.workers.UvicornWorker
[2023-09-21 05:43:19 +0000] [703710] [INFO] Booting worker with pid: 703710
[2023-09-21 05:43:19 +0000] [703711] [INFO] Booting worker with pid: 703711
[2023-09-21 05:43:19 +0000] [703712] [INFO] Booting worker with pid: 703712
[2023-09-21 05:43:19 +0000] [703713] [INFO] Booting worker with pid: 703713
[2023-09-21 05:43:20 +0000] [703710] [INFO] Started server process [703710]
[2023-09-21 05:43:20 +0000] [703710] [INFO] Waiting for application startup.
[2023-09-21 05:43:20 +0000] [703710] [INFO] Application startup complete.
[2023-09-21 05:43:20 +0000] [703711] [INFO] Started server process [703711]
[2023-09-21 05:43:20 +0000] [703711] [INFO] Waiting for application startup.
[2023-09-21 05:43:20 +0000] [703711] [INFO] Application startup complete.
[2023-09-21 05:43:20 +0000] [703712] [INFO] Started server process [703712]
[2023-09-21 05:43:20 +0000] [703712] [INFO] Waiting for application startup.
[2023-09-21 05:43:20 +0000] [703712] [INFO] Application startup complete.
[2023-09-21 05:43:20 +0000] [703713] [INFO] Started server process [703713]
[2023-09-21 05:43:20 +0000] [703713] [INFO] Waiting for application startup.
[2023-09-21 05:43:20 +0000] [703713] [INFO] Application startup complete.
[2023-09-21 05:44:38 +0000] [703707] [INFO] Handling signal: term
[2023-09-21 05:44:38 +0000] [703711] [INFO] Shutting down
[2023-09-21 05:44:38 +0000] [703712] [INFO] Shutting down
[2023-09-21 05:44:38 +0000] [703713] [INFO] Shutting down
[2023-09-21 05:44:38 +0000] [703710] [INFO] Shutting down
[2023-09-21 05:44:38 +0000] [703711] [INFO] Waiting for application shutdown.
[2023-09-21 05:44:38 +0000] [703711] [INFO] Application shutdown complete.
[2023-09-21 05:44:38 +0000] [703711] [INFO] Finished server process [703711]
[2023-09-21 05:44:38 +0000] [703711] [INFO] Worker exiting (pid: 703711)
[2023-09-21 05:44:38 +0000] [703712] [INFO] Waiting for application shutdown.
[2023-09-21 05:44:38 +0000] [703712] [INFO] Application shutdown complete.
[2023-09-21 05:44:38 +0000] [703712] [INFO] Finished server process [703712]
[2023-09-21 05:44:38 +0000] [703712] [INFO] Worker exiting (pid: 703712)
[2023-09-21 05:44:38 +0000] [703713] [INFO] Waiting for application shutdown.
[2023-09-21 05:44:38 +0000] [703713] [INFO] Application shutdown complete.
[2023-09-21 05:44:38 +0000] [703713] [INFO] Finished server process [703713]
[2023-09-21 05:44:38 +0000] [703713] [INFO] Worker exiting (pid: 703713)
[2023-09-21 05:44:38 +0000] [703710] [INFO] Waiting for application shutdown.
[2023-09-21 05:44:38 +0000] [703710] [INFO] Application shutdown complete.
[2023-09-21 05:44:38 +0000] [703710] [INFO] Finished server process [703710]
[2023-09-21 05:44:38 +0000] [703710] [INFO] Worker exiting (pid: 703710)
[2023-09-21 05:44:38 +0000] [703707] [INFO] Shutting down: Master
[2023-09-21 05:44:40 +0000] [703813] [INFO] Starting gunicorn 21.2.0
[2023-09-21 05:44:40 +0000] [703813] [INFO] Listening at: https://0.0.0.0:443 (703813)
[2023-09-21 05:44:40 +0000] [703813] [INFO] Using worker: uvicorn.workers.UvicornWorker
[2023-09-21 05:44:40 +0000] [703816] [INFO] Booting worker with pid: 703816
[2023-09-21 05:44:40 +0000] [703817] [INFO] Booting worker with pid: 703817
[2023-09-21 05:44:40 +0000] [703818] [INFO] Booting worker with pid: 703818
[2023-09-21 05:44:40 +0000] [703819] [INFO] Booting worker with pid: 703819
[2023-09-21 05:44:41 +0000] [703817] [INFO] Started server process [703817]
[2023-09-21 05:44:41 +0000] [703817] [INFO] Waiting for application startup.
[2023-09-21 05:44:41 +0000] [703817] [INFO] Application startup complete.
[2023-09-21 05:44:41 +0000] [703818] [INFO] Started server process [703818]
[2023-09-21 05:44:41 +0000] [703818] [INFO] Waiting for application startup.
[2023-09-21 05:44:41 +0000] [703818] [INFO] Application startup complete.
[2023-09-21 05:44:41 +0000] [703816] [INFO] Started server process [703816]
[2023-09-21 05:44:41 +0000] [703816] [INFO] Waiting for application startup.
[2023-09-21 05:44:41 +0000] [703816] [INFO] Application startup complete.
[2023-09-21 05:44:41 +0000] [703819] [INFO] Started server process [703819]
[2023-09-21 05:44:41 +0000] [703819] [INFO] Waiting for application startup.
[2023-09-21 05:44:41 +0000] [703819] [INFO] Application startup complete.
[2023-09-21 05:45:03 +0000] [703813] [INFO] Handling signal: term
[2023-09-21 05:45:03 +0000] [703819] [INFO] Shutting down
[2023-09-21 05:45:03 +0000] [703818] [INFO] Shutting down
[2023-09-21 05:45:03 +0000] [703816] [INFO] Shutting down
[2023-09-21 05:45:03 +0000] [703817] [INFO] Shutting down
[2023-09-21 05:45:03 +0000] [703819] [INFO] Waiting for application shutdown.
[2023-09-21 05:45:03 +0000] [703819] [INFO] Application shutdown complete.
[2023-09-21 05:45:03 +0000] [703819] [INFO] Finished server process [703819]
[2023-09-21 05:45:03 +0000] [703819] [INFO] Worker exiting (pid: 703819)
[2023-09-21 05:45:03 +0000] [703818] [INFO] Waiting for application shutdown.
[2023-09-21 05:45:03 +0000] [703818] [INFO] Application shutdown complete.
[2023-09-21 05:45:03 +0000] [703818] [INFO] Finished server process [703818]
[2023-09-21 05:45:03 +0000] [703818] [INFO] Worker exiting (pid: 703818)
[2023-09-21 05:45:03 +0000] [703816] [INFO] Waiting for application shutdown.
[2023-09-21 05:45:03 +0000] [703816] [INFO] Application shutdown complete.
[2023-09-21 05:45:03 +0000] [703816] [INFO] Finished server process [703816]
[2023-09-21 05:45:03 +0000] [703816] [INFO] Worker exiting (pid: 703816)
[2023-09-21 05:45:03 +0000] [703817] [INFO] Waiting for application shutdown.
[2023-09-21 05:45:03 +0000] [703817] [INFO] Application shutdown complete.
[2023-09-21 05:45:03 +0000] [703817] [INFO] Finished server process [703817]
[2023-09-21 05:45:03 +0000] [703817] [INFO] Worker exiting (pid: 703817)
[2023-09-21 05:45:03 +0000] [703813] [INFO] Shutting down: Master
[2023-09-21 05:45:05 +0000] [703886] [INFO] Starting gunicorn 21.2.0
[2023-09-21 05:45:05 +0000] [703886] [INFO] Listening at: https://0.0.0.0:443 (703886)
[2023-09-21 05:45:05 +0000] [703886] [INFO] Using worker: uvicorn.workers.UvicornWorker
[2023-09-21 05:45:05 +0000] [703888] [INFO] Booting worker with pid: 703888
[2023-09-21 05:45:05 +0000] [703889] [INFO] Booting worker with pid: 703889
[2023-09-21 05:45:05 +0000] [703890] [INFO] Booting worker with pid: 703890
[2023-09-21 05:45:05 +0000] [703893] [INFO] Booting worker with pid: 703893
[2023-09-21 05:45:06 +0000] [703888] [INFO] Started server process [703888]
[2023-09-21 05:45:06 +0000] [703888] [INFO] Waiting for application startup.
[2023-09-21 05:45:06 +0000] [703888] [INFO] Application startup complete.
[2023-09-21 05:45:06 +0000] [703889] [INFO] Started server process [703889]
[2023-09-21 05:45:06 +0000] [703889] [INFO] Waiting for application startup.
[2023-09-21 05:45:06 +0000] [703889] [INFO] Application startup complete.
[2023-09-21 05:45:06 +0000] [703893] [INFO] Started server process [703893]
[2023-09-21 05:45:06 +0000] [703893] [INFO] Waiting for application startup.
[2023-09-21 05:45:06 +0000] [703893] [INFO] Application startup complete.
[2023-09-21 05:45:06 +0000] [703890] [INFO] Started server process [703890]
[2023-09-21 05:45:06 +0000] [703890] [INFO] Waiting for application startup.
[2023-09-21 05:45:06 +0000] [703890] [INFO] Application startup complete.
[2023-09-21 06:25:11 +0000] [703886] [INFO] Handling signal: term
[2023-09-21 06:25:11 +0000] [703888] [INFO] Shutting down
[2023-09-21 06:25:11 +0000] [703893] [INFO] Shutting down
[2023-09-21 06:25:11 +0000] [703890] [INFO] Shutting down
[2023-09-21 06:25:11 +0000] [703889] [INFO] Shutting down
[2023-09-21 06:25:11 +0000] [703888] [INFO] Waiting for application shutdown.
[2023-09-21 06:25:11 +0000] [703888] [INFO] Application shutdown complete.
[2023-09-21 06:25:11 +0000] [703888] [INFO] Finished server process [703888]
[2023-09-21 06:25:11 +0000] [703888] [INFO] Worker exiting (pid: 703888)
[2023-09-21 06:25:11 +0000] [703893] [INFO] Waiting for application shutdown.
[2023-09-21 06:25:11 +0000] [703893] [INFO] Application shutdown complete.
[2023-09-21 06:25:11 +0000] [703893] [INFO] Finished server process [703893]
[2023-09-21 06:25:11 +0000] [703893] [INFO] Worker exiting (pid: 703893)
[2023-09-21 06:25:11 +0000] [703890] [INFO] Waiting for application shutdown.
[2023-09-21 06:25:11 +0000] [703890] [INFO] Application shutdown complete.
[2023-09-21 06:25:11 +0000] [703890] [INFO] Finished server process [703890]
[2023-09-21 06:25:11 +0000] [703890] [INFO] Worker exiting (pid: 703890)
[2023-09-21 06:25:11 +0000] [703889] [INFO] Waiting for application shutdown.
[2023-09-21 06:25:11 +0000] [703889] [INFO] Application shutdown complete.
[2023-09-21 06:25:11 +0000] [703889] [INFO] Finished server process [703889]
[2023-09-21 06:25:11 +0000] [703889] [INFO] Worker exiting (pid: 703889)
[2023-09-21 06:25:12 +0000] [703886] [INFO] Shutting down: Master
[2023-09-21 06:25:13 +0000] [705336] [INFO] Starting gunicorn 21.2.0
[2023-09-21 06:25:13 +0000] [705336] [INFO] Listening at: https://0.0.0.0:443 (705336)
[2023-09-21 06:25:13 +0000] [705336] [INFO] Using worker: uvicorn.workers.UvicornWorker
[2023-09-21 06:25:13 +0000] [705339] [INFO] Booting worker with pid: 705339
[2023-09-21 06:25:13 +0000] [705340] [INFO] Booting worker with pid: 705340
[2023-09-21 06:25:13 +0000] [705341] [INFO] Booting worker with pid: 705341
[2023-09-21 06:25:13 +0000] [705342] [INFO] Booting worker with pid: 705342
[2023-09-21 06:25:14 +0000] [705339] [INFO] Started server process [705339]
[2023-09-21 06:25:14 +0000] [705339] [INFO] Waiting for application startup.
[2023-09-21 06:25:14 +0000] [705339] [INFO] Application startup complete.
[2023-09-21 06:25:14 +0000] [705340] [INFO] Started server process [705340]
[2023-09-21 06:25:14 +0000] [705340] [INFO] Waiting for application startup.
[2023-09-21 06:25:14 +0000] [705340] [INFO] Application startup complete.
[2023-09-21 06:25:14 +0000] [705341] [INFO] Started server process [705341]
[2023-09-21 06:25:14 +0000] [705341] [INFO] Waiting for application startup.
[2023-09-21 06:25:14 +0000] [705341] [INFO] Application startup complete.
[2023-09-21 06:25:14 +0000] [705342] [INFO] Started server process [705342]
[2023-09-21 06:25:14 +0000] [705342] [INFO] Waiting for application startup.
[2023-09-21 06:25:14 +0000] [705342] [INFO] Application startup complete.
[2023-09-21 06:26:17 +0000] [705336] [INFO] Handling signal: term
[2023-09-21 06:26:17 +0000] [705340] [INFO] Shutting down
[2023-09-21 06:26:17 +0000] [705342] [INFO] Shutting down
[2023-09-21 06:26:17 +0000] [705339] [INFO] Shutting down
[2023-09-21 06:26:17 +0000] [705341] [INFO] Shutting down
[2023-09-21 06:26:17 +0000] [705340] [INFO] Waiting for application shutdown.
[2023-09-21 06:26:17 +0000] [705340] [INFO] Application shutdown complete.
[2023-09-21 06:26:17 +0000] [705340] [INFO] Finished server process [705340]
[2023-09-21 06:26:17 +0000] [705340] [INFO] Worker exiting (pid: 705340)
[2023-09-21 06:26:17 +0000] [705342] [INFO] Waiting for application shutdown.
[2023-09-21 06:26:17 +0000] [705339] [INFO] Waiting for application shutdown.
[2023-09-21 06:26:17 +0000] [705342] [INFO] Application shutdown complete.
[2023-09-21 06:26:17 +0000] [705342] [INFO] Finished server process [705342]
[2023-09-21 06:26:17 +0000] [705339] [INFO] Application shutdown complete.
[2023-09-21 06:26:17 +0000] [705339] [INFO] Finished server process [705339]
[2023-09-21 06:26:17 +0000] [705339] [INFO] Worker exiting (pid: 705339)
[2023-09-21 06:26:17 +0000] [705342] [INFO] Worker exiting (pid: 705342)
[2023-09-21 06:26:17 +0000] [705341] [INFO] Waiting for application shutdown.
[2023-09-21 06:26:17 +0000] [705341] [INFO] Application shutdown complete.
[2023-09-21 06:26:17 +0000] [705341] [INFO] Finished server process [705341]
[2023-09-21 06:26:17 +0000] [705341] [INFO] Worker exiting (pid: 705341)
[2023-09-21 06:26:17 +0000] [705336] [INFO] Shutting down: Master
[2023-09-21 06:26:18 +0000] [705432] [INFO] Starting gunicorn 21.2.0
[2023-09-21 06:26:18 +0000] [705432] [INFO] Listening at: https://0.0.0.0:443 (705432)
[2023-09-21 06:26:18 +0000] [705432] [INFO] Using worker: uvicorn.workers.UvicornWorker
[2023-09-21 06:26:18 +0000] [705434] [INFO] Booting worker with pid: 705434
[2023-09-21 06:26:18 +0000] [705435] [INFO] Booting worker with pid: 705435
[2023-09-21 06:26:18 +0000] [705436] [INFO] Booting worker with pid: 705436
[2023-09-21 06:26:18 +0000] [705437] [INFO] Booting worker with pid: 705437
[2023-09-21 06:26:19 +0000] [705434] [INFO] Started server process [705434]
[2023-09-21 06:26:19 +0000] [705434] [INFO] Waiting for application startup.
[2023-09-21 06:26:19 +0000] [705434] [INFO] Application startup complete.
[2023-09-21 06:26:19 +0000] [705436] [INFO] Started server process [705436]
[2023-09-21 06:26:19 +0000] [705436] [INFO] Waiting for application startup.
[2023-09-21 06:26:19 +0000] [705436] [INFO] Application startup complete.
[2023-09-21 06:26:19 +0000] [705435] [INFO] Started server process [705435]
[2023-09-21 06:26:19 +0000] [705435] [INFO] Waiting for application startup.
[2023-09-21 06:26:19 +0000] [705435] [INFO] Application startup complete.
[2023-09-21 06:26:19 +0000] [705437] [INFO] Started server process [705437]
[2023-09-21 06:26:19 +0000] [705437] [INFO] Waiting for application startup.
[2023-09-21 06:26:19 +0000] [705437] [INFO] Application startup complete.
[2023-09-21 06:29:05 +0000] [705432] [INFO] Handling signal: term
[2023-09-21 06:29:05 +0000] [705436] [INFO] Shutting down
[2023-09-21 06:29:05 +0000] [705435] [INFO] Shutting down
[2023-09-21 06:29:05 +0000] [705437] [INFO] Shutting down
[2023-09-21 06:29:05 +0000] [705434] [INFO] Shutting down
[2023-09-21 06:29:05 +0000] [705436] [INFO] Waiting for application shutdown.
[2023-09-21 06:29:05 +0000] [705436] [INFO] Application shutdown complete.
[2023-09-21 06:29:05 +0000] [705436] [INFO] Finished server process [705436]
[2023-09-21 06:29:05 +0000] [705436] [INFO] Worker exiting (pid: 705436)
[2023-09-21 06:29:05 +0000] [705435] [INFO] Waiting for application shutdown.
[2023-09-21 06:29:05 +0000] [705435] [INFO] Application shutdown complete.
[2023-09-21 06:29:05 +0000] [705435] [INFO] Finished server process [705435]
[2023-09-21 06:29:05 +0000] [705435] [INFO] Worker exiting (pid: 705435)
[2023-09-21 06:29:05 +0000] [705437] [INFO] Waiting for application shutdown.
[2023-09-21 06:29:05 +0000] [705437] [INFO] Application shutdown complete.
[2023-09-21 06:29:05 +0000] [705437] [INFO] Finished server process [705437]
[2023-09-21 06:29:05 +0000] [705437] [INFO] Worker exiting (pid: 705437)
[2023-09-21 06:29:05 +0000] [705434] [INFO] Waiting for application shutdown.
[2023-09-21 06:29:05 +0000] [705434] [INFO] Application shutdown complete.
[2023-09-21 06:29:05 +0000] [705434] [INFO] Finished server process [705434]
[2023-09-21 06:29:05 +0000] [705434] [INFO] Worker exiting (pid: 705434)
[2023-09-21 06:29:05 +0000] [705432] [INFO] Shutting down: Master
[2023-09-21 06:29:06 +0000] [705577] [INFO] Starting gunicorn 21.2.0
[2023-09-21 06:29:06 +0000] [705577] [INFO] Listening at: https://0.0.0.0:443 (705577)
[2023-09-21 06:29:06 +0000] [705577] [INFO] Using worker: uvicorn.workers.UvicornWorker
[2023-09-21 06:29:06 +0000] [705580] [INFO] Booting worker with pid: 705580
[2023-09-21 06:29:06 +0000] [705583] [INFO] Booting worker with pid: 705583
[2023-09-21 06:29:06 +0000] [705584] [INFO] Booting worker with pid: 705584
[2023-09-21 06:29:06 +0000] [705585] [INFO] Booting worker with pid: 705585
[2023-09-21 06:29:07 +0000] [705580] [INFO] Started server process [705580]
[2023-09-21 06:29:07 +0000] [705580] [INFO] Waiting for application startup.
[2023-09-21 06:29:07 +0000] [705580] [INFO] Application startup complete.
[2023-09-21 06:29:07 +0000] [705583] [INFO] Started server process [705583]
[2023-09-21 06:29:07 +0000] [705583] [INFO] Waiting for application startup.
[2023-09-21 06:29:07 +0000] [705583] [INFO] Application startup complete.
[2023-09-21 06:29:07 +0000] [705584] [INFO] Started server process [705584]
[2023-09-21 06:29:07 +0000] [705584] [INFO] Waiting for application startup.
[2023-09-21 06:29:07 +0000] [705584] [INFO] Application startup complete.
[2023-09-21 06:29:07 +0000] [705585] [INFO] Started server process [705585]
[2023-09-21 06:29:07 +0000] [705585] [INFO] Waiting for application startup.
[2023-09-21 06:29:07 +0000] [705585] [INFO] Application startup complete.
[2023-09-21 06:39:55 +0000] [705577] [INFO] Handling signal: term
[2023-09-21 06:39:55 +0000] [705580] [INFO] Shutting down
[2023-09-21 06:39:55 +0000] [705583] [INFO] Shutting down
[2023-09-21 06:39:55 +0000] [705584] [INFO] Shutting down
[2023-09-21 06:39:55 +0000] [705585] [INFO] Shutting down
[2023-09-21 06:39:55 +0000] [705580] [INFO] Waiting for application shutdown.
[2023-09-21 06:39:55 +0000] [705580] [INFO] Application shutdown complete.
[2023-09-21 06:39:55 +0000] [705580] [INFO] Finished server process [705580]
[2023-09-21 06:39:55 +0000] [705580] [INFO] Worker exiting (pid: 705580)
[2023-09-21 06:39:55 +0000] [705583] [INFO] Waiting for application shutdown.
[2023-09-21 06:39:55 +0000] [705583] [INFO] Application shutdown complete.
[2023-09-21 06:39:55 +0000] [705583] [INFO] Finished server process [705583]
[2023-09-21 06:39:55 +0000] [705583] [INFO] Worker exiting (pid: 705583)
[2023-09-21 06:39:55 +0000] [705584] [INFO] Waiting for application shutdown.
[2023-09-21 06:39:55 +0000] [705584] [INFO] Application shutdown complete.
[2023-09-21 06:39:55 +0000] [705584] [INFO] Finished server process [705584]
[2023-09-21 06:39:55 +0000] [705584] [INFO] Worker exiting (pid: 705584)
[2023-09-21 06:39:55 +0000] [705585] [INFO] Waiting for application shutdown.
[2023-09-21 06:39:55 +0000] [705585] [INFO] Application shutdown complete.
[2023-09-21 06:39:55 +0000] [705585] [INFO] Finished server process [705585]
[2023-09-21 06:39:55 +0000] [705585] [INFO] Worker exiting (pid: 705585)
[2023-09-21 06:39:55 +0000] [705577] [INFO] Shutting down: Master
[2023-09-21 06:39:56 +0000] [705970] [INFO] Starting gunicorn 21.2.0
[2023-09-21 06:39:56 +0000] [705970] [INFO] Listening at: https://0.0.0.0:443 (705970)
[2023-09-21 06:39:56 +0000] [705970] [INFO] Using worker: uvicorn.workers.UvicornWorker
[2023-09-21 06:39:56 +0000] [705973] [INFO] Booting worker with pid: 705973
[2023-09-21 06:39:56 +0000] [705974] [INFO] Booting worker with pid: 705974
[2023-09-21 06:39:56 +0000] [705975] [INFO] Booting worker with pid: 705975
[2023-09-21 06:39:56 +0000] [705976] [INFO] Booting worker with pid: 705976
[2023-09-21 06:39:57 +0000] [705973] [INFO] Started server process [705973]
[2023-09-21 06:39:57 +0000] [705973] [INFO] Waiting for application startup.
[2023-09-21 06:39:57 +0000] [705973] [INFO] Application startup complete.
[2023-09-21 06:39:57 +0000] [705975] [INFO] Started server process [705975]
[2023-09-21 06:39:57 +0000] [705975] [INFO] Waiting for application startup.
[2023-09-21 06:39:57 +0000] [705975] [INFO] Application startup complete.
[2023-09-21 06:39:57 +0000] [705974] [INFO] Started server process [705974]
[2023-09-21 06:39:57 +0000] [705974] [INFO] Waiting for application startup.
[2023-09-21 06:39:57 +0000] [705974] [INFO] Application startup complete.
[2023-09-21 06:39:57 +0000] [705976] [INFO] Started server process [705976]
[2023-09-21 06:39:57 +0000] [705976] [INFO] Waiting for application startup.
[2023-09-21 06:39:57 +0000] [705976] [INFO] Application startup complete.
[2023-09-21 07:47:31 +0000] [705970] [INFO] Handling signal: term
[2023-09-21 07:47:31 +0000] [705973] [INFO] Shutting down
[2023-09-21 07:47:31 +0000] [705976] [INFO] Shutting down
[2023-09-21 07:47:32 +0000] [705974] [INFO] Shutting down
[2023-09-21 07:47:32 +0000] [705975] [INFO] Shutting down
[2023-09-21 07:47:32 +0000] [705973] [INFO] Waiting for application shutdown.
[2023-09-21 07:47:32 +0000] [705973] [INFO] Application shutdown complete.
[2023-09-21 07:47:32 +0000] [705973] [INFO] Finished server process [705973]
[2023-09-21 07:47:32 +0000] [705973] [INFO] Worker exiting (pid: 705973)
[2023-09-21 07:47:32 +0000] [705976] [INFO] Waiting for application shutdown.
[2023-09-21 07:47:32 +0000] [705976] [INFO] Application shutdown complete.
[2023-09-21 07:47:32 +0000] [705976] [INFO] Finished server process [705976]
[2023-09-21 07:47:32 +0000] [705976] [INFO] Worker exiting (pid: 705976)
[2023-09-21 07:47:32 +0000] [705974] [INFO] Waiting for application shutdown.
[2023-09-21 07:47:32 +0000] [705974] [INFO] Application shutdown complete.
[2023-09-21 07:47:32 +0000] [705974] [INFO] Finished server process [705974]
[2023-09-21 07:47:32 +0000] [705974] [INFO] Worker exiting (pid: 705974)
[2023-09-21 07:47:32 +0000] [705975] [INFO] Waiting for application shutdown.
[2023-09-21 07:47:32 +0000] [705975] [INFO] Application shutdown complete.
[2023-09-21 07:47:32 +0000] [705975] [INFO] Finished server process [705975]
[2023-09-21 07:47:32 +0000] [705975] [INFO] Worker exiting (pid: 705975)
[2023-09-21 07:47:32 +0000] [705970] [INFO] Shutting down: Master
[2023-09-21 07:47:33 +0000] [709835] [INFO] Starting gunicorn 21.2.0
[2023-09-21 07:47:33 +0000] [709835] [INFO] Listening at: https://0.0.0.0:443 (709835)
[2023-09-21 07:47:33 +0000] [709835] [INFO] Using worker: uvicorn.workers.UvicornWorker
[2023-09-21 07:47:33 +0000] [709837] [INFO] Booting worker with pid: 709837
[2023-09-21 07:47:33 +0000] [709838] [INFO] Booting worker with pid: 709838
[2023-09-21 07:47:33 +0000] [709839] [INFO] Booting worker with pid: 709839
[2023-09-21 07:47:33 +0000] [709840] [INFO] Booting worker with pid: 709840
[2023-09-21 07:47:33 +0000] [709837] [INFO] Started server process [709837]
[2023-09-21 07:47:33 +0000] [709837] [INFO] Waiting for application startup.
[2023-09-21 07:47:33 +0000] [709837] [INFO] Application startup complete.
[2023-09-21 07:47:34 +0000] [709838] [INFO] Started server process [709838]
[2023-09-21 07:47:34 +0000] [709838] [INFO] Waiting for application startup.
[2023-09-21 07:47:34 +0000] [709838] [INFO] Application startup complete.
[2023-09-21 07:47:34 +0000] [709839] [INFO] Started server process [709839]
[2023-09-21 07:47:34 +0000] [709839] [INFO] Waiting for application startup.
[2023-09-21 07:47:34 +0000] [709839] [INFO] Application startup complete.
[2023-09-21 07:47:34 +0000] [709840] [INFO] Started server process [709840]
[2023-09-21 07:47:34 +0000] [709840] [INFO] Waiting for application startup.
[2023-09-21 07:47:34 +0000] [709840] [INFO] Application startup complete.
[2023-09-21 07:53:30 +0000] [709835] [INFO] Handling signal: term
[2023-09-21 07:53:30 +0000] [709839] [INFO] Shutting down
[2023-09-21 07:53:30 +0000] [709840] [INFO] Shutting down
[2023-09-21 07:53:30 +0000] [709838] [INFO] Shutting down
[2023-09-21 07:53:30 +0000] [709837] [INFO] Shutting down
[2023-09-21 07:53:30 +0000] [709839] [INFO] Waiting for application shutdown.
[2023-09-21 07:53:30 +0000] [709839] [INFO] Application shutdown complete.
[2023-09-21 07:53:30 +0000] [709839] [INFO] Finished server process [709839]
[2023-09-21 07:53:30 +0000] [709839] [INFO] Worker exiting (pid: 709839)
[2023-09-21 07:53:30 +0000] [709840] [INFO] Waiting for application shutdown.
[2023-09-21 07:53:30 +0000] [709840] [INFO] Application shutdown complete.
[2023-09-21 07:53:30 +0000] [709840] [INFO] Finished server process [709840]
[2023-09-21 07:53:30 +0000] [709840] [INFO] Worker exiting (pid: 709840)
[2023-09-21 07:53:30 +0000] [709838] [INFO] Waiting for application shutdown.
[2023-09-21 07:53:30 +0000] [709838] [INFO] Application shutdown complete.
[2023-09-21 07:53:30 +0000] [709838] [INFO] Finished server process [709838]
[2023-09-21 07:53:30 +0000] [709838] [INFO] Worker exiting (pid: 709838)
[2023-09-21 07:53:30 +0000] [709837] [INFO] Waiting for application shutdown.
[2023-09-21 07:53:30 +0000] [709837] [INFO] Application shutdown complete.
[2023-09-21 07:53:30 +0000] [709837] [INFO] Finished server process [709837]
[2023-09-21 07:53:30 +0000] [709837] [INFO] Worker exiting (pid: 709837)
[2023-09-21 07:53:30 +0000] [709835] [INFO] Shutting down: Master
[2023-09-21 07:53:36 +0000] [710191] [INFO] Starting gunicorn 21.2.0
[2023-09-21 07:53:36 +0000] [710191] [INFO] Listening at: https://0.0.0.0:443 (710191)
[2023-09-21 07:53:36 +0000] [710191] [INFO] Using worker: uvicorn.workers.UvicornWorker
[2023-09-21 07:53:36 +0000] [710194] [INFO] Booting worker with pid: 710194
[2023-09-21 07:53:36 +0000] [710195] [INFO] Booting worker with pid: 710195
[2023-09-21 07:53:36 +0000] [710196] [INFO] Booting worker with pid: 710196
[2023-09-21 07:53:36 +0000] [710197] [INFO] Booting worker with pid: 710197
[2023-09-21 07:53:37 +0000] [710194] [INFO] Started server process [710194]
[2023-09-21 07:53:37 +0000] [710194] [INFO] Waiting for application startup.
[2023-09-21 07:53:37 +0000] [710194] [INFO] Application startup complete.
[2023-09-21 07:53:37 +0000] [710195] [INFO] Started server process [710195]
[2023-09-21 07:53:37 +0000] [710195] [INFO] Waiting for application startup.
[2023-09-21 07:53:37 +0000] [710195] [INFO] Application startup complete.
[2023-09-21 07:53:37 +0000] [710196] [INFO] Started server process [710196]
[2023-09-21 07:53:37 +0000] [710196] [INFO] Waiting for application startup.
[2023-09-21 07:53:37 +0000] [710196] [INFO] Application startup complete.
[2023-09-21 07:53:37 +0000] [710197] [INFO] Started server process [710197]
[2023-09-21 07:53:37 +0000] [710197] [INFO] Waiting for application startup.
[2023-09-21 07:53:37 +0000] [710197] [INFO] Application startup complete.
[2023-09-21 07:55:38 +0000] [710191] [INFO] Handling signal: term
[2023-09-21 07:55:38 +0000] [710197] [INFO] Shutting down
[2023-09-21 07:55:38 +0000] [710195] [INFO] Shutting down
[2023-09-21 07:55:38 +0000] [710194] [INFO] Shutting down
[2023-09-21 07:55:38 +0000] [710196] [INFO] Shutting down
[2023-09-21 07:55:38 +0000] [710197] [INFO] Waiting for application shutdown.
[2023-09-21 07:55:38 +0000] [710197] [INFO] Application shutdown complete.
[2023-09-21 07:55:38 +0000] [710197] [INFO] Finished server process [710197]
[2023-09-21 07:55:38 +0000] [710197] [INFO] Worker exiting (pid: 710197)
[2023-09-21 07:55:38 +0000] [710195] [INFO] Waiting for application shutdown.
[2023-09-21 07:55:38 +0000] [710195] [INFO] Application shutdown complete.
[2023-09-21 07:55:38 +0000] [710195] [INFO] Finished server process [710195]
[2023-09-21 07:55:38 +0000] [710195] [INFO] Worker exiting (pid: 710195)
[2023-09-21 07:55:38 +0000] [710194] [INFO] Waiting for application shutdown.
[2023-09-21 07:55:38 +0000] [710194] [INFO] Application shutdown complete.
[2023-09-21 07:55:38 +0000] [710194] [INFO] Finished server process [710194]
[2023-09-21 07:55:38 +0000] [710194] [INFO] Worker exiting (pid: 710194)
[2023-09-21 07:55:38 +0000] [710196] [INFO] Waiting for application shutdown.
[2023-09-21 07:55:38 +0000] [710196] [INFO] Application shutdown complete.
[2023-09-21 07:55:38 +0000] [710196] [INFO] Finished server process [710196]
[2023-09-21 07:55:38 +0000] [710196] [INFO] Worker exiting (pid: 710196)
[2023-09-21 07:55:39 +0000] [710191] [INFO] Shutting down: Master
[2023-09-21 07:55:41 +0000] [710339] [INFO] Starting gunicorn 21.2.0
[2023-09-21 07:55:41 +0000] [710339] [INFO] Listening at: https://0.0.0.0:443 (710339)
[2023-09-21 07:55:41 +0000] [710339] [INFO] Using worker: uvicorn.workers.UvicornWorker
[2023-09-21 07:55:41 +0000] [710341] [INFO] Booting worker with pid: 710341
[2023-09-21 07:55:41 +0000] [710342] [INFO] Booting worker with pid: 710342
[2023-09-21 07:55:41 +0000] [710343] [INFO] Booting worker with pid: 710343
[2023-09-21 07:55:41 +0000] [710344] [INFO] Booting worker with pid: 710344
[2023-09-21 07:55:41 +0000] [710341] [INFO] Started server process [710341]
[2023-09-21 07:55:41 +0000] [710341] [INFO] Waiting for application startup.
[2023-09-21 07:55:41 +0000] [710341] [INFO] Application startup complete.
[2023-09-21 07:55:41 +0000] [710342] [INFO] Started server process [710342]
[2023-09-21 07:55:41 +0000] [710342] [INFO] Waiting for application startup.
[2023-09-21 07:55:41 +0000] [710342] [INFO] Application startup complete.
[2023-09-21 07:55:41 +0000] [710344] [INFO] Started server process [710344]
[2023-09-21 07:55:41 +0000] [710344] [INFO] Waiting for application startup.
[2023-09-21 07:55:41 +0000] [710344] [INFO] Application startup complete.
[2023-09-21 07:55:41 +0000] [710343] [INFO] Started server process [710343]
[2023-09-21 07:55:41 +0000] [710343] [INFO] Waiting for application startup.
[2023-09-21 07:55:41 +0000] [710343] [INFO] Application startup complete.
[2023-09-21 08:20:25 +0000] [710339] [INFO] Handling signal: term
[2023-09-21 08:20:25 +0000] [710342] [INFO] Shutting down
[2023-09-21 08:20:25 +0000] [710344] [INFO] Shutting down
[2023-09-21 08:20:25 +0000] [710343] [INFO] Shutting down
[2023-09-21 08:20:25 +0000] [710341] [INFO] Shutting down
[2023-09-21 08:20:25 +0000] [710342] [INFO] Waiting for application shutdown.
[2023-09-21 08:20:25 +0000] [710342] [INFO] Application shutdown complete.
[2023-09-21 08:20:25 +0000] [710342] [INFO] Finished server process [710342]
[2023-09-21 08:20:25 +0000] [710342] [INFO] Worker exiting (pid: 710342)
[2023-09-21 08:20:25 +0000] [710344] [INFO] Waiting for application shutdown.
[2023-09-21 08:20:25 +0000] [710344] [INFO] Application shutdown complete.
[2023-09-21 08:20:25 +0000] [710344] [INFO] Finished server process [710344]
[2023-09-21 08:20:25 +0000] [710344] [INFO] Worker exiting (pid: 710344)
[2023-09-21 08:20:25 +0000] [710343] [INFO] Waiting for application shutdown.
[2023-09-21 08:20:25 +0000] [710343] [INFO] Application shutdown complete.
[2023-09-21 08:20:25 +0000] [710343] [INFO] Finished server process [710343]
[2023-09-21 08:20:25 +0000] [710343] [INFO] Worker exiting (pid: 710343)
[2023-09-21 08:20:25 +0000] [710341] [INFO] Waiting for application shutdown.
[2023-09-21 08:20:25 +0000] [710341] [INFO] Application shutdown complete.
[2023-09-21 08:20:25 +0000] [710341] [INFO] Finished server process [710341]
[2023-09-21 08:20:25 +0000] [710341] [INFO] Worker exiting (pid: 710341)
[2023-09-21 08:20:26 +0000] [710339] [INFO] Shutting down: Master
[2023-09-21 08:20:28 +0000] [711604] [INFO] Starting gunicorn 21.2.0
[2023-09-21 08:20:28 +0000] [711604] [INFO] Listening at: https://0.0.0.0:443 (711604)
[2023-09-21 08:20:28 +0000] [711604] [INFO] Using worker: uvicorn.workers.UvicornWorker
[2023-09-21 08:20:28 +0000] [711606] [INFO] Booting worker with pid: 711606
[2023-09-21 08:20:28 +0000] [711607] [INFO] Booting worker with pid: 711607
[2023-09-21 08:20:28 +0000] [711608] [INFO] Booting worker with pid: 711608
[2023-09-21 08:20:28 +0000] [711609] [INFO] Booting worker with pid: 711609
[2023-09-21 08:20:29 +0000] [711606] [INFO] Started server process [711606]
[2023-09-21 08:20:29 +0000] [711606] [INFO] Waiting for application startup.
[2023-09-21 08:20:29 +0000] [711606] [INFO] Application startup complete.
[2023-09-21 08:20:29 +0000] [711607] [INFO] Started server process [711607]
[2023-09-21 08:20:29 +0000] [711607] [INFO] Waiting for application startup.
[2023-09-21 08:20:29 +0000] [711607] [INFO] Application startup complete.
[2023-09-21 08:20:29 +0000] [711608] [INFO] Started server process [711608]
[2023-09-21 08:20:29 +0000] [711608] [INFO] Waiting for application startup.
[2023-09-21 08:20:29 +0000] [711608] [INFO] Application startup complete.
[2023-09-21 08:20:29 +0000] [711609] [INFO] Started server process [711609]
[2023-09-21 08:20:29 +0000] [711609] [INFO] Waiting for application startup.
[2023-09-21 08:20:29 +0000] [711609] [INFO] Application startup complete.
[2023-09-21 08:26:06 +0000] [711604] [INFO] Handling signal: term
[2023-09-21 08:26:06 +0000] [711609] [INFO] Shutting down
[2023-09-21 08:26:06 +0000] [711607] [INFO] Shutting down
[2023-09-21 08:26:06 +0000] [711606] [INFO] Shutting down
[2023-09-21 08:26:06 +0000] [711608] [INFO] Shutting down
[2023-09-21 08:26:06 +0000] [711609] [INFO] Waiting for application shutdown.
[2023-09-21 08:26:06 +0000] [711609] [INFO] Application shutdown complete.
[2023-09-21 08:26:06 +0000] [711609] [INFO] Finished server process [711609]
[2023-09-21 08:26:06 +0000] [711609] [INFO] Worker exiting (pid: 711609)
[2023-09-21 08:26:06 +0000] [711607] [INFO] Waiting for application shutdown.
[2023-09-21 08:26:06 +0000] [711607] [INFO] Application shutdown complete.
[2023-09-21 08:26:06 +0000] [711607] [INFO] Finished server process [711607]
[2023-09-21 08:26:06 +0000] [711607] [INFO] Worker exiting (pid: 711607)
[2023-09-21 08:26:06 +0000] [711606] [INFO] Waiting for application shutdown.
[2023-09-21 08:26:06 +0000] [711606] [INFO] Application shutdown complete.
[2023-09-21 08:26:06 +0000] [711606] [INFO] Finished server process [711606]
[2023-09-21 08:26:06 +0000] [711606] [INFO] Worker exiting (pid: 711606)
[2023-09-21 08:26:06 +0000] [711608] [INFO] Waiting for application shutdown.
[2023-09-21 08:26:06 +0000] [711608] [INFO] Application shutdown complete.
[2023-09-21 08:26:06 +0000] [711608] [INFO] Finished server process [711608]
[2023-09-21 08:26:06 +0000] [711608] [INFO] Worker exiting (pid: 711608)
[2023-09-21 08:26:06 +0000] [711604] [INFO] Shutting down: Master
[2023-09-21 08:26:08 +0000] [711889] [INFO] Starting gunicorn 21.2.0
[2023-09-21 08:26:08 +0000] [711889] [INFO] Listening at: https://0.0.0.0:443 (711889)
[2023-09-21 08:26:08 +0000] [711889] [INFO] Using worker: uvicorn.workers.UvicornWorker
[2023-09-21 08:26:08 +0000] [711892] [INFO] Booting worker with pid: 711892
[2023-09-21 08:26:08 +0000] [711893] [INFO] Booting worker with pid: 711893
[2023-09-21 08:26:08 +0000] [711894] [INFO] Booting worker with pid: 711894
[2023-09-21 08:26:08 +0000] [711895] [INFO] Booting worker with pid: 711895
[2023-09-21 08:26:09 +0000] [711892] [INFO] Started server process [711892]
[2023-09-21 08:26:09 +0000] [711892] [INFO] Waiting for application startup.
[2023-09-21 08:26:09 +0000] [711892] [INFO] Application startup complete.
[2023-09-21 08:26:09 +0000] [711893] [INFO] Started server process [711893]
[2023-09-21 08:26:09 +0000] [711893] [INFO] Waiting for application startup.
[2023-09-21 08:26:09 +0000] [711893] [INFO] Application startup complete.
[2023-09-21 08:26:09 +0000] [711894] [INFO] Started server process [711894]
[2023-09-21 08:26:09 +0000] [711894] [INFO] Waiting for application startup.
[2023-09-21 08:26:09 +0000] [711894] [INFO] Application startup complete.
[2023-09-21 08:26:09 +0000] [711895] [INFO] Started server process [711895]
[2023-09-21 08:26:09 +0000] [711895] [INFO] Waiting for application startup.
[2023-09-21 08:26:09 +0000] [711895] [INFO] Application startup complete.
[2023-09-21 08:29:28 +0000] [711889] [INFO] Handling signal: term
[2023-09-21 08:29:28 +0000] [711894] [INFO] Shutting down
[2023-09-21 08:29:28 +0000] [711892] [INFO] Shutting down
[2023-09-21 08:29:28 +0000] [711893] [INFO] Shutting down
[2023-09-21 08:29:28 +0000] [711895] [INFO] Shutting down
[2023-09-21 08:29:28 +0000] [711894] [INFO] Waiting for application shutdown.
[2023-09-21 08:29:28 +0000] [711894] [INFO] Application shutdown complete.
[2023-09-21 08:29:28 +0000] [711894] [INFO] Finished server process [711894]
[2023-09-21 08:29:28 +0000] [711894] [INFO] Worker exiting (pid: 711894)
[2023-09-21 08:29:28 +0000] [711892] [INFO] Waiting for application shutdown.
[2023-09-21 08:29:28 +0000] [711892] [INFO] Application shutdown complete.
[2023-09-21 08:29:28 +0000] [711892] [INFO] Finished server process [711892]
[2023-09-21 08:29:28 +0000] [711892] [INFO] Worker exiting (pid: 711892)
[2023-09-21 08:29:28 +0000] [711893] [INFO] Waiting for application shutdown.
[2023-09-21 08:29:28 +0000] [711893] [INFO] Application shutdown complete.
[2023-09-21 08:29:28 +0000] [711893] [INFO] Finished server process [711893]
[2023-09-21 08:29:28 +0000] [711893] [INFO] Worker exiting (pid: 711893)
[2023-09-21 08:29:28 +0000] [711895] [INFO] Waiting for application shutdown.
[2023-09-21 08:29:28 +0000] [711895] [INFO] Application shutdown complete.
[2023-09-21 08:29:28 +0000] [711895] [INFO] Finished server process [711895]
[2023-09-21 08:29:28 +0000] [711895] [INFO] Worker exiting (pid: 711895)
[2023-09-21 08:29:28 +0000] [711889] [INFO] Shutting down: Master
[2023-09-21 08:29:29 +0000] [712078] [INFO] Starting gunicorn 21.2.0
[2023-09-21 08:29:29 +0000] [712078] [INFO] Listening at: https://0.0.0.0:443 (712078)
[2023-09-21 08:29:29 +0000] [712078] [INFO] Using worker: uvicorn.workers.UvicornWorker
[2023-09-21 08:29:29 +0000] [712083] [INFO] Booting worker with pid: 712083
[2023-09-21 08:29:29 +0000] [712084] [INFO] Booting worker with pid: 712084
[2023-09-21 08:29:29 +0000] [712085] [INFO] Booting worker with pid: 712085
[2023-09-21 08:29:29 +0000] [712086] [INFO] Booting worker with pid: 712086
[2023-09-21 08:29:30 +0000] [712083] [INFO] Started server process [712083]
[2023-09-21 08:29:30 +0000] [712083] [INFO] Waiting for application startup.
[2023-09-21 08:29:30 +0000] [712083] [INFO] Application startup complete.
[2023-09-21 08:29:30 +0000] [712084] [INFO] Started server process [712084]
[2023-09-21 08:29:30 +0000] [712084] [INFO] Waiting for application startup.
[2023-09-21 08:29:30 +0000] [712084] [INFO] Application startup complete.
[2023-09-21 08:29:30 +0000] [712085] [INFO] Started server process [712085]
[2023-09-21 08:29:30 +0000] [712085] [INFO] Waiting for application startup.
[2023-09-21 08:29:30 +0000] [712085] [INFO] Application startup complete.
[2023-09-21 08:29:30 +0000] [712086] [INFO] Started server process [712086]
[2023-09-21 08:29:30 +0000] [712086] [INFO] Waiting for application startup.
[2023-09-21 08:29:30 +0000] [712086] [INFO] Application startup complete.
[2023-09-21 08:31:22 +0000] [712078] [INFO] Handling signal: term
[2023-09-21 08:31:22 +0000] [712083] [INFO] Shutting down
[2023-09-21 08:31:22 +0000] [712084] [INFO] Shutting down
[2023-09-21 08:31:22 +0000] [712086] [INFO] Shutting down
[2023-09-21 08:31:22 +0000] [712085] [INFO] Shutting down
[2023-09-21 08:31:23 +0000] [712083] [INFO] Waiting for application shutdown.
[2023-09-21 08:31:23 +0000] [712083] [INFO] Application shutdown complete.
[2023-09-21 08:31:23 +0000] [712083] [INFO] Finished server process [712083]
[2023-09-21 08:31:23 +0000] [712083] [INFO] Worker exiting (pid: 712083)
[2023-09-21 08:31:23 +0000] [712084] [INFO] Waiting for application shutdown.
[2023-09-21 08:31:23 +0000] [712086] [INFO] Waiting for application shutdown.
[2023-09-21 08:31:23 +0000] [712084] [INFO] Application shutdown complete.
[2023-09-21 08:31:23 +0000] [712086] [INFO] Application shutdown complete.
[2023-09-21 08:31:23 +0000] [712086] [INFO] Finished server process [712086]
[2023-09-21 08:31:23 +0000] [712084] [INFO] Finished server process [712084]
[2023-09-21 08:31:23 +0000] [712086] [INFO] Worker exiting (pid: 712086)
[2023-09-21 08:31:23 +0000] [712084] [INFO] Worker exiting (pid: 712084)
[2023-09-21 08:31:23 +0000] [712085] [INFO] Waiting for application shutdown.
[2023-09-21 08:31:23 +0000] [712085] [INFO] Application shutdown complete.
[2023-09-21 08:31:23 +0000] [712085] [INFO] Finished server process [712085]
[2023-09-21 08:31:23 +0000] [712085] [INFO] Worker exiting (pid: 712085)
[2023-09-21 08:31:23 +0000] [712078] [INFO] Shutting down: Master
[2023-09-21 08:31:24 +0000] [712214] [INFO] Starting gunicorn 21.2.0
[2023-09-21 08:31:24 +0000] [712214] [INFO] Listening at: https://0.0.0.0:443 (712214)
[2023-09-21 08:31:24 +0000] [712214] [INFO] Using worker: uvicorn.workers.UvicornWorker
[2023-09-21 08:31:24 +0000] [712216] [INFO] Booting worker with pid: 712216
[2023-09-21 08:31:24 +0000] [712217] [INFO] Booting worker with pid: 712217
[2023-09-21 08:31:24 +0000] [712218] [INFO] Booting worker with pid: 712218
[2023-09-21 08:31:24 +0000] [712219] [INFO] Booting worker with pid: 712219
[2023-09-21 08:31:25 +0000] [712216] [INFO] Started server process [712216]
[2023-09-21 08:31:25 +0000] [712216] [INFO] Waiting for application startup.
[2023-09-21 08:31:25 +0000] [712216] [INFO] Application startup complete.
[2023-09-21 08:31:25 +0000] [712218] [INFO] Started server process [712218]
[2023-09-21 08:31:25 +0000] [712218] [INFO] Waiting for application startup.
[2023-09-21 08:31:25 +0000] [712218] [INFO] Application startup complete.
[2023-09-21 08:31:25 +0000] [712217] [INFO] Started server process [712217]
[2023-09-21 08:31:25 +0000] [712217] [INFO] Waiting for application startup.
[2023-09-21 08:31:25 +0000] [712217] [INFO] Application startup complete.
[2023-09-21 08:31:25 +0000] [712219] [INFO] Started server process [712219]
[2023-09-21 08:31:25 +0000] [712219] [INFO] Waiting for application startup.
[2023-09-21 08:31:25 +0000] [712219] [INFO] Application startup complete.
[2023-09-21 08:36:35 +0000] [712214] [INFO] Handling signal: term
[2023-09-21 08:36:35 +0000] [712216] [INFO] Shutting down
[2023-09-21 08:36:35 +0000] [712219] [INFO] Shutting down
[2023-09-21 08:36:35 +0000] [712218] [INFO] Shutting down
[2023-09-21 08:36:35 +0000] [712217] [INFO] Shutting down
[2023-09-21 08:36:35 +0000] [712216] [INFO] Waiting for application shutdown.
[2023-09-21 08:36:35 +0000] [712216] [INFO] Application shutdown complete.
[2023-09-21 08:36:35 +0000] [712216] [INFO] Finished server process [712216]
[2023-09-21 08:36:35 +0000] [712216] [INFO] Worker exiting (pid: 712216)
[2023-09-21 08:36:35 +0000] [712219] [INFO] Waiting for connections to close. (CTRL+C to force quit)
[2023-09-21 08:36:35 +0000] [712218] [INFO] Waiting for application shutdown.
[2023-09-21 08:36:35 +0000] [712218] [INFO] Application shutdown complete.
[2023-09-21 08:36:35 +0000] [712218] [INFO] Finished server process [712218]
[2023-09-21 08:36:35 +0000] [712217] [INFO] Waiting for application shutdown.
[2023-09-21 08:36:35 +0000] [712217] [INFO] Application shutdown complete.
[2023-09-21 08:36:35 +0000] [712217] [INFO] Finished server process [712217]
[2023-09-21 08:36:35 +0000] [712217] [INFO] Worker exiting (pid: 712217)
[2023-09-21 08:36:35 +0000] [712218] [INFO] Worker exiting (pid: 712218)
[2023-09-21 08:36:35 +0000] [712219] [INFO] Waiting for application shutdown.
[2023-09-21 08:36:35 +0000] [712219] [INFO] Application shutdown complete.
[2023-09-21 08:36:35 +0000] [712219] [INFO] Finished server process [712219]
[2023-09-21 08:36:35 +0000] [712219] [INFO] Worker exiting (pid: 712219)
[2023-09-21 08:36:35 +0000] [712214] [INFO] Shutting down: Master
[2023-09-21 08:36:46 +0000] [712736] [INFO] Starting gunicorn 21.2.0
[2023-09-21 08:36:46 +0000] [712736] [INFO] Listening at: https://0.0.0.0:443 (712736)
[2023-09-21 08:36:46 +0000] [712736] [INFO] Using worker: uvicorn.workers.UvicornWorker
[2023-09-21 08:36:46 +0000] [712739] [INFO] Booting worker with pid: 712739
[2023-09-21 08:36:46 +0000] [712740] [INFO] Booting worker with pid: 712740
[2023-09-21 08:36:46 +0000] [712741] [INFO] Booting worker with pid: 712741
[2023-09-21 08:36:46 +0000] [712742] [INFO] Booting worker with pid: 712742
[2023-09-21 08:36:47 +0000] [712739] [INFO] Started server process [712739]
[2023-09-21 08:36:47 +0000] [712739] [INFO] Waiting for application startup.
[2023-09-21 08:36:47 +0000] [712739] [INFO] Application startup complete.
[2023-09-21 08:36:47 +0000] [712740] [INFO] Started server process [712740]
[2023-09-21 08:36:47 +0000] [712740] [INFO] Waiting for application startup.
[2023-09-21 08:36:47 +0000] [712740] [INFO] Application startup complete.
[2023-09-21 08:36:47 +0000] [712741] [INFO] Started server process [712741]
[2023-09-21 08:36:47 +0000] [712741] [INFO] Waiting for application startup.
[2023-09-21 08:36:47 +0000] [712741] [INFO] Application startup complete.
[2023-09-21 08:36:47 +0000] [712742] [INFO] Started server process [712742]
[2023-09-21 08:36:47 +0000] [712742] [INFO] Waiting for application startup.
[2023-09-21 08:36:47 +0000] [712742] [INFO] Application startup complete.
[2023-09-21 08:40:29 +0000] [712736] [INFO] Handling signal: term
[2023-09-21 08:40:29 +0000] [712741] [INFO] Shutting down
[2023-09-21 08:40:29 +0000] [712742] [INFO] Shutting down
[2023-09-21 08:40:29 +0000] [712739] [INFO] Shutting down
[2023-09-21 08:40:29 +0000] [712740] [INFO] Shutting down
[2023-09-21 08:40:29 +0000] [712741] [INFO] Waiting for application shutdown.
[2023-09-21 08:40:29 +0000] [712741] [INFO] Application shutdown complete.
[2023-09-21 08:40:29 +0000] [712741] [INFO] Finished server process [712741]
[2023-09-21 08:40:29 +0000] [712741] [INFO] Worker exiting (pid: 712741)
[2023-09-21 08:40:29 +0000] [712742] [INFO] Waiting for application shutdown.
[2023-09-21 08:40:29 +0000] [712742] [INFO] Application shutdown complete.
[2023-09-21 08:40:29 +0000] [712742] [INFO] Finished server process [712742]
[2023-09-21 08:40:29 +0000] [712742] [INFO] Worker exiting (pid: 712742)
[2023-09-21 08:40:29 +0000] [712739] [INFO] Waiting for application shutdown.
[2023-09-21 08:40:29 +0000] [712739] [INFO] Application shutdown complete.
[2023-09-21 08:40:29 +0000] [712739] [INFO] Finished server process [712739]
[2023-09-21 08:40:29 +0000] [712739] [INFO] Worker exiting (pid: 712739)
[2023-09-21 08:40:30 +0000] [712740] [INFO] Waiting for application shutdown.
[2023-09-21 08:40:30 +0000] [712740] [INFO] Application shutdown complete.
[2023-09-21 08:40:30 +0000] [712740] [INFO] Finished server process [712740]
[2023-09-21 08:40:30 +0000] [712740] [INFO] Worker exiting (pid: 712740)
[2023-09-21 08:40:30 +0000] [712736] [INFO] Shutting down: Master
[2023-09-21 08:40:34 +0000] [712950] [INFO] Starting gunicorn 21.2.0
[2023-09-21 08:40:34 +0000] [712950] [INFO] Listening at: https://0.0.0.0:443 (712950)
[2023-09-21 08:40:34 +0000] [712950] [INFO] Using worker: uvicorn.workers.UvicornWorker
[2023-09-21 08:40:34 +0000] [712952] [INFO] Booting worker with pid: 712952
[2023-09-21 08:40:34 +0000] [712953] [INFO] Booting worker with pid: 712953
[2023-09-21 08:40:34 +0000] [712954] [INFO] Booting worker with pid: 712954
[2023-09-21 08:40:34 +0000] [712955] [INFO] Booting worker with pid: 712955
[2023-09-21 08:40:34 +0000] [712952] [INFO] Started server process [712952]
[2023-09-21 08:40:34 +0000] [712952] [INFO] Waiting for application startup.
[2023-09-21 08:40:34 +0000] [712952] [INFO] Application startup complete.
[2023-09-21 08:40:35 +0000] [712954] [INFO] Started server process [712954]
[2023-09-21 08:40:35 +0000] [712954] [INFO] Waiting for application startup.
[2023-09-21 08:40:35 +0000] [712953] [INFO] Started server process [712953]
[2023-09-21 08:40:35 +0000] [712954] [INFO] Application startup complete.
[2023-09-21 08:40:35 +0000] [712953] [INFO] Waiting for application startup.
[2023-09-21 08:40:35 +0000] [712953] [INFO] Application startup complete.
[2023-09-21 08:40:35 +0000] [712955] [INFO] Started server process [712955]
[2023-09-21 08:40:35 +0000] [712955] [INFO] Waiting for application startup.
[2023-09-21 08:40:35 +0000] [712955] [INFO] Application startup complete.
[2023-09-21 08:58:48 +0000] [712950] [INFO] Handling signal: term
[2023-09-21 08:58:48 +0000] [712952] [INFO] Shutting down
[2023-09-21 08:58:48 +0000] [712955] [INFO] Shutting down
[2023-09-21 08:58:48 +0000] [712953] [INFO] Shutting down
[2023-09-21 08:58:48 +0000] [712954] [INFO] Shutting down
[2023-09-21 08:58:48 +0000] [712952] [INFO] Waiting for application shutdown.
[2023-09-21 08:58:48 +0000] [712952] [INFO] Application shutdown complete.
[2023-09-21 08:58:48 +0000] [712952] [INFO] Finished server process [712952]
[2023-09-21 08:58:48 +0000] [712952] [INFO] Worker exiting (pid: 712952)
[2023-09-21 08:58:48 +0000] [712953] [INFO] Waiting for application shutdown.
[2023-09-21 08:58:48 +0000] [712955] [INFO] Waiting for application shutdown.
[2023-09-21 08:58:48 +0000] [712955] [INFO] Application shutdown complete.
[2023-09-21 08:58:48 +0000] [712955] [INFO] Finished server process [712955]
[2023-09-21 08:58:48 +0000] [712953] [INFO] Application shutdown complete.
[2023-09-21 08:58:48 +0000] [712953] [INFO] Finished server process [712953]
[2023-09-21 08:58:48 +0000] [712955] [INFO] Worker exiting (pid: 712955)
[2023-09-21 08:58:48 +0000] [712954] [INFO] Waiting for application shutdown.
[2023-09-21 08:58:48 +0000] [712954] [INFO] Application shutdown complete.
[2023-09-21 08:58:48 +0000] [712954] [INFO] Finished server process [712954]
[2023-09-21 08:58:48 +0000] [712954] [INFO] Worker exiting (pid: 712954)
[2023-09-21 08:58:48 +0000] [712953] [INFO] Worker exiting (pid: 712953)
[2023-09-21 08:58:48 +0000] [712950] [INFO] Shutting down: Master
[2023-09-21 08:58:49 +0000] [713670] [INFO] Starting gunicorn 21.2.0
[2023-09-21 08:58:49 +0000] [713670] [INFO] Listening at: https://0.0.0.0:443 (713670)
[2023-09-21 08:58:49 +0000] [713670] [INFO] Using worker: uvicorn.workers.UvicornWorker
[2023-09-21 08:58:49 +0000] [713672] [INFO] Booting worker with pid: 713672
[2023-09-21 08:58:49 +0000] [713673] [INFO] Booting worker with pid: 713673
[2023-09-21 08:58:49 +0000] [713674] [INFO] Booting worker with pid: 713674
[2023-09-21 08:58:49 +0000] [713675] [INFO] Booting worker with pid: 713675
[2023-09-21 08:58:50 +0000] [713672] [INFO] Started server process [713672]
[2023-09-21 08:58:50 +0000] [713672] [INFO] Waiting for application startup.
[2023-09-21 08:58:50 +0000] [713672] [INFO] Application startup complete.
[2023-09-21 08:58:50 +0000] [713675] [INFO] Started server process [713675]
[2023-09-21 08:58:50 +0000] [713675] [INFO] Waiting for application startup.
[2023-09-21 08:58:50 +0000] [713675] [INFO] Application startup complete.
[2023-09-21 08:58:50 +0000] [713674] [INFO] Started server process [713674]
[2023-09-21 08:58:50 +0000] [713674] [INFO] Waiting for application startup.
[2023-09-21 08:58:50 +0000] [713674] [INFO] Application startup complete.
[2023-09-21 08:58:50 +0000] [713673] [INFO] Started server process [713673]
[2023-09-21 08:58:50 +0000] [713673] [INFO] Waiting for application startup.
[2023-09-21 08:58:50 +0000] [713673] [INFO] Application startup complete.
[2023-09-21 09:51:56 +0000] [713670] [INFO] Handling signal: term
[2023-09-21 09:51:56 +0000] [713675] [INFO] Shutting down
[2023-09-21 09:51:56 +0000] [713673] [INFO] Shutting down
[2023-09-21 09:51:56 +0000] [713672] [INFO] Shutting down
[2023-09-21 09:51:56 +0000] [713674] [INFO] Shutting down
[2023-09-21 09:51:56 +0000] [713675] [INFO] Waiting for application shutdown.
[2023-09-21 09:51:56 +0000] [713675] [INFO] Application shutdown complete.
[2023-09-21 09:51:56 +0000] [713675] [INFO] Finished server process [713675]
[2023-09-21 09:51:56 +0000] [713675] [INFO] Worker exiting (pid: 713675)
[2023-09-21 09:51:56 +0000] [713673] [INFO] Waiting for application shutdown.
[2023-09-21 09:51:56 +0000] [713673] [INFO] Application shutdown complete.
[2023-09-21 09:51:56 +0000] [713673] [INFO] Finished server process [713673]
[2023-09-21 09:51:56 +0000] [713673] [INFO] Worker exiting (pid: 713673)
[2023-09-21 09:51:56 +0000] [713672] [INFO] Waiting for application shutdown.
[2023-09-21 09:51:56 +0000] [713672] [INFO] Application shutdown complete.
[2023-09-21 09:51:56 +0000] [713672] [INFO] Finished server process [713672]
[2023-09-21 09:51:56 +0000] [713672] [INFO] Worker exiting (pid: 713672)
[2023-09-21 09:51:56 +0000] [713674] [INFO] Waiting for application shutdown.
[2023-09-21 09:51:56 +0000] [713674] [INFO] Application shutdown complete.
[2023-09-21 09:51:56 +0000] [713674] [INFO] Finished server process [713674]
[2023-09-21 09:51:56 +0000] [713674] [INFO] Worker exiting (pid: 713674)
[2023-09-21 09:51:56 +0000] [713670] [INFO] Shutting down: Master
[2023-09-21 09:51:58 +0000] [715562] [INFO] Starting gunicorn 21.2.0
[2023-09-21 09:51:58 +0000] [715562] [INFO] Listening at: https://0.0.0.0:443 (715562)
[2023-09-21 09:51:58 +0000] [715562] [INFO] Using worker: uvicorn.workers.UvicornWorker
[2023-09-21 09:51:58 +0000] [715564] [INFO] Booting worker with pid: 715564
[2023-09-21 09:51:58 +0000] [715565] [INFO] Booting worker with pid: 715565
[2023-09-21 09:51:58 +0000] [715566] [INFO] Booting worker with pid: 715566
[2023-09-21 09:51:58 +0000] [715567] [INFO] Booting worker with pid: 715567
[2023-09-21 09:51:59 +0000] [715564] [INFO] Started server process [715564]
[2023-09-21 09:51:59 +0000] [715565] [INFO] Started server process [715565]
[2023-09-21 09:51:59 +0000] [715565] [INFO] Waiting for application startup.
[2023-09-21 09:51:59 +0000] [715564] [INFO] Waiting for application startup.
[2023-09-21 09:51:59 +0000] [715565] [INFO] Application startup complete.
[2023-09-21 09:51:59 +0000] [715564] [INFO] Application startup complete.
[2023-09-21 09:51:59 +0000] [715566] [INFO] Started server process [715566]
[2023-09-21 09:51:59 +0000] [715566] [INFO] Waiting for application startup.
[2023-09-21 09:51:59 +0000] [715566] [INFO] Application startup complete.
[2023-09-21 09:51:59 +0000] [715567] [INFO] Started server process [715567]
[2023-09-21 09:51:59 +0000] [715567] [INFO] Waiting for application startup.
[2023-09-21 09:51:59 +0000] [715567] [INFO] Application startup complete.
[2023-09-21 10:04:00 +0000] [715562] [INFO] Handling signal: term
[2023-09-21 10:04:00 +0000] [715564] [INFO] Shutting down
[2023-09-21 10:04:00 +0000] [715565] [INFO] Shutting down
[2023-09-21 10:04:00 +0000] [715566] [INFO] Shutting down
[2023-09-21 10:04:00 +0000] [715567] [INFO] Shutting down
[2023-09-21 10:04:00 +0000] [715564] [INFO] Waiting for application shutdown.
[2023-09-21 10:04:00 +0000] [715564] [INFO] Application shutdown complete.
[2023-09-21 10:04:00 +0000] [715564] [INFO] Finished server process [715564]
[2023-09-21 10:04:00 +0000] [715565] [INFO] Waiting for application shutdown.
[2023-09-21 10:04:00 +0000] [715565] [INFO] Application shutdown complete.
[2023-09-21 10:04:00 +0000] [715564] [INFO] Worker exiting (pid: 715564)
[2023-09-21 10:04:00 +0000] [715565] [INFO] Finished server process [715565]
[2023-09-21 10:04:00 +0000] [715566] [INFO] Waiting for application shutdown.
[2023-09-21 10:04:00 +0000] [715566] [INFO] Application shutdown complete.
[2023-09-21 10:04:00 +0000] [715566] [INFO] Finished server process [715566]
[2023-09-21 10:04:00 +0000] [715565] [INFO] Worker exiting (pid: 715565)
[2023-09-21 10:04:00 +0000] [715566] [INFO] Worker exiting (pid: 715566)
[2023-09-21 10:04:00 +0000] [715567] [INFO] Waiting for application shutdown.
[2023-09-21 10:04:00 +0000] [715567] [INFO] Application shutdown complete.
[2023-09-21 10:04:00 +0000] [715567] [INFO] Finished server process [715567]
[2023-09-21 10:04:00 +0000] [715567] [INFO] Worker exiting (pid: 715567)
[2023-09-21 10:04:00 +0000] [715562] [INFO] Shutting down: Master
[2023-09-21 10:04:01 +0000] [715932] [INFO] Starting gunicorn 21.2.0
[2023-09-21 10:04:01 +0000] [715932] [INFO] Listening at: https://0.0.0.0:443 (715932)
[2023-09-21 10:04:01 +0000] [715932] [INFO] Using worker: uvicorn.workers.UvicornWorker
[2023-09-21 10:04:01 +0000] [715934] [INFO] Booting worker with pid: 715934
[2023-09-21 10:04:01 +0000] [715935] [INFO] Booting worker with pid: 715935
[2023-09-21 10:04:01 +0000] [715936] [INFO] Booting worker with pid: 715936
[2023-09-21 10:04:01 +0000] [715937] [INFO] Booting worker with pid: 715937
[2023-09-21 10:04:02 +0000] [715934] [INFO] Started server process [715934]
[2023-09-21 10:04:02 +0000] [715934] [INFO] Waiting for application startup.
[2023-09-21 10:04:02 +0000] [715934] [INFO] Application startup complete.
[2023-09-21 10:04:02 +0000] [715935] [INFO] Started server process [715935]
[2023-09-21 10:04:02 +0000] [715935] [INFO] Waiting for application startup.
[2023-09-21 10:04:02 +0000] [715935] [INFO] Application startup complete.
[2023-09-21 10:04:02 +0000] [715936] [INFO] Started server process [715936]
[2023-09-21 10:04:02 +0000] [715936] [INFO] Waiting for application startup.
[2023-09-21 10:04:02 +0000] [715936] [INFO] Application startup complete.
[2023-09-21 10:04:02 +0000] [715937] [INFO] Started server process [715937]
[2023-09-21 10:04:02 +0000] [715937] [INFO] Waiting for application startup.
[2023-09-21 10:04:02 +0000] [715937] [INFO] Application startup complete.
[2023-09-21 10:21:23 +0000] [715932] [INFO] Handling signal: term
[2023-09-21 10:21:23 +0000] [715934] [INFO] Shutting down
[2023-09-21 10:21:23 +0000] [715937] [INFO] Shutting down
[2023-09-21 10:21:23 +0000] [715936] [INFO] Shutting down
[2023-09-21 10:21:23 +0000] [715935] [INFO] Shutting down
[2023-09-21 10:21:24 +0000] [715934] [INFO] Waiting for application shutdown.
[2023-09-21 10:21:24 +0000] [715934] [INFO] Application shutdown complete.
[2023-09-21 10:21:24 +0000] [715934] [INFO] Finished server process [715934]
[2023-09-21 10:21:24 +0000] [715934] [INFO] Worker exiting (pid: 715934)
[2023-09-21 10:21:24 +0000] [715937] [INFO] Waiting for application shutdown.
[2023-09-21 10:21:24 +0000] [715937] [INFO] Application shutdown complete.
[2023-09-21 10:21:24 +0000] [715937] [INFO] Finished server process [715937]
[2023-09-21 10:21:24 +0000] [715937] [INFO] Worker exiting (pid: 715937)
[2023-09-21 10:21:24 +0000] [715936] [INFO] Waiting for application shutdown.
[2023-09-21 10:21:24 +0000] [715936] [INFO] Application shutdown complete.
[2023-09-21 10:21:24 +0000] [715936] [INFO] Finished server process [715936]
[2023-09-21 10:21:24 +0000] [715936] [INFO] Worker exiting (pid: 715936)
[2023-09-21 10:21:24 +0000] [715935] [INFO] Waiting for application shutdown.
[2023-09-21 10:21:24 +0000] [715935] [INFO] Application shutdown complete.
[2023-09-21 10:21:24 +0000] [715935] [INFO] Finished server process [715935]
[2023-09-21 10:21:24 +0000] [715935] [INFO] Worker exiting (pid: 715935)
[2023-09-21 10:21:24 +0000] [715932] [INFO] Shutting down: Master
[2023-09-21 10:21:25 +0000] [716442] [INFO] Starting gunicorn 21.2.0
[2023-09-21 10:21:25 +0000] [716442] [INFO] Listening at: https://0.0.0.0:443 (716442)
[2023-09-21 10:21:25 +0000] [716442] [INFO] Using worker: uvicorn.workers.UvicornWorker
[2023-09-21 10:21:25 +0000] [716445] [INFO] Booting worker with pid: 716445
[2023-09-21 10:21:25 +0000] [716446] [INFO] Booting worker with pid: 716446
[2023-09-21 10:21:25 +0000] [716447] [INFO] Booting worker with pid: 716447
[2023-09-21 10:21:25 +0000] [716448] [INFO] Booting worker with pid: 716448
[2023-09-21 10:21:26 +0000] [716446] [INFO] Started server process [716446]
[2023-09-21 10:21:26 +0000] [716446] [INFO] Waiting for application startup.
[2023-09-21 10:21:26 +0000] [716446] [INFO] Application startup complete.
[2023-09-21 10:21:26 +0000] [716445] [INFO] Started server process [716445]
[2023-09-21 10:21:26 +0000] [716445] [INFO] Waiting for application startup.
[2023-09-21 10:21:26 +0000] [716445] [INFO] Application startup complete.
[2023-09-21 10:21:26 +0000] [716447] [INFO] Started server process [716447]
[2023-09-21 10:21:26 +0000] [716447] [INFO] Waiting for application startup.
[2023-09-21 10:21:26 +0000] [716447] [INFO] Application startup complete.
[2023-09-21 10:21:26 +0000] [716448] [INFO] Started server process [716448]
[2023-09-21 10:21:26 +0000] [716448] [INFO] Waiting for application startup.
[2023-09-21 10:21:26 +0000] [716448] [INFO] Application startup complete.
[2023-09-21 10:21:47 +0000] [716442] [INFO] Handling signal: term
[2023-09-21 10:21:47 +0000] [716448] [INFO] Shutting down
[2023-09-21 10:21:48 +0000] [716445] [INFO] Shutting down
[2023-09-21 10:21:48 +0000] [716446] [INFO] Shutting down
[2023-09-21 10:21:48 +0000] [716447] [INFO] Shutting down
[2023-09-21 10:21:48 +0000] [716448] [INFO] Waiting for application shutdown.
[2023-09-21 10:21:48 +0000] [716448] [INFO] Application shutdown complete.
[2023-09-21 10:21:48 +0000] [716448] [INFO] Finished server process [716448]
[2023-09-21 10:21:48 +0000] [716448] [INFO] Worker exiting (pid: 716448)
[2023-09-21 10:21:48 +0000] [716445] [INFO] Waiting for application shutdown.
[2023-09-21 10:21:48 +0000] [716445] [INFO] Application shutdown complete.
[2023-09-21 10:21:48 +0000] [716445] [INFO] Finished server process [716445]
[2023-09-21 10:21:48 +0000] [716445] [INFO] Worker exiting (pid: 716445)
[2023-09-21 10:21:48 +0000] [716446] [INFO] Waiting for application shutdown.
[2023-09-21 10:21:48 +0000] [716446] [INFO] Application shutdown complete.
[2023-09-21 10:21:48 +0000] [716446] [INFO] Finished server process [716446]
[2023-09-21 10:21:48 +0000] [716446] [INFO] Worker exiting (pid: 716446)
[2023-09-21 10:21:48 +0000] [716447] [INFO] Waiting for application shutdown.
[2023-09-21 10:21:48 +0000] [716447] [INFO] Application shutdown complete.
[2023-09-21 10:21:48 +0000] [716447] [INFO] Finished server process [716447]
[2023-09-21 10:21:48 +0000] [716447] [INFO] Worker exiting (pid: 716447)
[2023-09-21 10:21:48 +0000] [716442] [INFO] Shutting down: Master
[2023-09-21 10:21:49 +0000] [716517] [INFO] Starting gunicorn 21.2.0
[2023-09-21 10:21:49 +0000] [716517] [INFO] Listening at: https://0.0.0.0:443 (716517)
[2023-09-21 10:21:49 +0000] [716517] [INFO] Using worker: uvicorn.workers.UvicornWorker
[2023-09-21 10:21:49 +0000] [716519] [INFO] Booting worker with pid: 716519
[2023-09-21 10:21:49 +0000] [716520] [INFO] Booting worker with pid: 716520
[2023-09-21 10:21:49 +0000] [716521] [INFO] Booting worker with pid: 716521
[2023-09-21 10:21:49 +0000] [716522] [INFO] Booting worker with pid: 716522
[2023-09-21 10:21:50 +0000] [716519] [INFO] Started server process [716519]
[2023-09-21 10:21:50 +0000] [716519] [INFO] Waiting for application startup.
[2023-09-21 10:21:50 +0000] [716519] [INFO] Application startup complete.
[2023-09-21 10:21:50 +0000] [716520] [INFO] Started server process [716520]
[2023-09-21 10:21:50 +0000] [716520] [INFO] Waiting for application startup.
[2023-09-21 10:21:50 +0000] [716520] [INFO] Application startup complete.
[2023-09-21 10:21:50 +0000] [716521] [INFO] Started server process [716521]
[2023-09-21 10:21:50 +0000] [716521] [INFO] Waiting for application startup.
[2023-09-21 10:21:50 +0000] [716521] [INFO] Application startup complete.
[2023-09-21 10:21:50 +0000] [716522] [INFO] Started server process [716522]
[2023-09-21 10:21:50 +0000] [716522] [INFO] Waiting for application startup.
[2023-09-21 10:21:50 +0000] [716522] [INFO] Application startup complete.
[2023-09-21 11:16:37 +0000] [716517] [INFO] Handling signal: term
[2023-09-21 11:16:37 +0000] [716519] [INFO] Shutting down
[2023-09-21 11:16:37 +0000] [716521] [INFO] Shutting down
[2023-09-21 11:16:37 +0000] [716520] [INFO] Shutting down
[2023-09-21 11:16:37 +0000] [716522] [INFO] Shutting down
[2023-09-21 11:16:37 +0000] [716521] [INFO] Waiting for application shutdown.
[2023-09-21 11:16:37 +0000] [716519] [INFO] Waiting for application shutdown.
[2023-09-21 11:16:37 +0000] [716521] [INFO] Application shutdown complete.
[2023-09-21 11:16:37 +0000] [716519] [INFO] Application shutdown complete.
[2023-09-21 11:16:37 +0000] [716521] [INFO] Finished server process [716521]
[2023-09-21 11:16:37 +0000] [716519] [INFO] Finished server process [716519]
[2023-09-21 11:16:37 +0000] [716521] [INFO] Worker exiting (pid: 716521)
[2023-09-21 11:16:37 +0000] [716519] [INFO] Worker exiting (pid: 716519)
[2023-09-21 11:16:37 +0000] [716520] [INFO] Waiting for application shutdown.
[2023-09-21 11:16:37 +0000] [716520] [INFO] Application shutdown complete.
[2023-09-21 11:16:37 +0000] [716520] [INFO] Finished server process [716520]
[2023-09-21 11:16:37 +0000] [716520] [INFO] Worker exiting (pid: 716520)
[2023-09-21 11:16:37 +0000] [716522] [INFO] Waiting for application shutdown.
[2023-09-21 11:16:37 +0000] [716522] [INFO] Application shutdown complete.
[2023-09-21 11:16:37 +0000] [716522] [INFO] Finished server process [716522]
[2023-09-21 11:16:37 +0000] [716522] [INFO] Worker exiting (pid: 716522)
[2023-09-21 11:16:38 +0000] [716517] [INFO] Shutting down: Master
[2023-09-21 11:21:57 +0000] [723334] [INFO] Starting gunicorn 21.2.0
[2023-09-21 11:21:57 +0000] [723334] [INFO] Listening at: https://0.0.0.0:443 (723334)
[2023-09-21 11:21:57 +0000] [723334] [INFO] Using worker: uvicorn.workers.UvicornWorker
[2023-09-21 11:21:57 +0000] [723337] [INFO] Booting worker with pid: 723337
[2023-09-21 11:21:58 +0000] [723338] [INFO] Booting worker with pid: 723338
[2023-09-21 11:21:58 +0000] [723339] [INFO] Booting worker with pid: 723339
[2023-09-21 11:21:58 +0000] [723340] [INFO] Booting worker with pid: 723340
[2023-09-21 11:21:59 +0000] [723337] [INFO] Started server process [723337]
[2023-09-21 11:21:59 +0000] [723337] [INFO] Waiting for application startup.
[2023-09-21 11:21:59 +0000] [723337] [INFO] Application startup complete.
[2023-09-21 11:21:59 +0000] [723338] [INFO] Started server process [723338]
[2023-09-21 11:21:59 +0000] [723338] [INFO] Waiting for application startup.
[2023-09-21 11:21:59 +0000] [723338] [INFO] Application startup complete.
[2023-09-21 11:21:59 +0000] [723339] [INFO] Started server process [723339]
[2023-09-21 11:21:59 +0000] [723339] [INFO] Waiting for application startup.
[2023-09-21 11:21:59 +0000] [723339] [INFO] Application startup complete.
[2023-09-21 11:21:59 +0000] [723340] [INFO] Started server process [723340]
[2023-09-21 11:21:59 +0000] [723340] [INFO] Waiting for application startup.
[2023-09-21 11:21:59 +0000] [723340] [INFO] Application startup complete.
[2023-09-21 12:31:12 +0000] [723334] [INFO] Handling signal: term
[2023-09-21 12:31:12 +0000] [723339] [INFO] Shutting down
[2023-09-21 12:31:12 +0000] [723340] [INFO] Shutting down
[2023-09-21 12:31:12 +0000] [723337] [INFO] Shutting down
[2023-09-21 12:31:12 +0000] [723338] [INFO] Shutting down
[2023-09-21 12:31:12 +0000] [723339] [INFO] Waiting for application shutdown.
[2023-09-21 12:31:12 +0000] [723339] [INFO] Application shutdown complete.
[2023-09-21 12:31:12 +0000] [723339] [INFO] Finished server process [723339]
[2023-09-21 12:31:12 +0000] [723339] [INFO] Worker exiting (pid: 723339)
[2023-09-21 12:31:12 +0000] [723340] [INFO] Waiting for application shutdown.
[2023-09-21 12:31:12 +0000] [723340] [INFO] Application shutdown complete.
[2023-09-21 12:31:12 +0000] [723340] [INFO] Finished server process [723340]
[2023-09-21 12:31:12 +0000] [723340] [INFO] Worker exiting (pid: 723340)
[2023-09-21 12:31:12 +0000] [723337] [INFO] Waiting for application shutdown.
[2023-09-21 12:31:12 +0000] [723337] [INFO] Application shutdown complete.
[2023-09-21 12:31:12 +0000] [723337] [INFO] Finished server process [723337]
[2023-09-21 12:31:12 +0000] [723338] [INFO] Waiting for application shutdown.
[2023-09-21 12:31:12 +0000] [723337] [INFO] Worker exiting (pid: 723337)
[2023-09-21 12:31:12 +0000] [723338] [INFO] Application shutdown complete.
[2023-09-21 12:31:12 +0000] [723338] [INFO] Finished server process [723338]
[2023-09-21 12:31:12 +0000] [723338] [INFO] Worker exiting (pid: 723338)
[2023-09-21 12:31:13 +0000] [723334] [INFO] Shutting down: Master
[2023-09-21 12:31:14 +0000] [740046] [INFO] Starting gunicorn 21.2.0
[2023-09-21 12:31:14 +0000] [740046] [INFO] Listening at: https://0.0.0.0:443 (740046)
[2023-09-21 12:31:14 +0000] [740046] [INFO] Using worker: uvicorn.workers.UvicornWorker
[2023-09-21 12:31:14 +0000] [740048] [INFO] Booting worker with pid: 740048
[2023-09-21 12:31:14 +0000] [740049] [INFO] Booting worker with pid: 740049
[2023-09-21 12:31:14 +0000] [740050] [INFO] Booting worker with pid: 740050
[2023-09-21 12:31:14 +0000] [740051] [INFO] Booting worker with pid: 740051
[2023-09-21 12:31:16 +0000] [740048] [INFO] Started server process [740048]
[2023-09-21 12:31:16 +0000] [740048] [INFO] Waiting for application startup.
[2023-09-21 12:31:16 +0000] [740048] [INFO] Application startup complete.
[2023-09-21 12:31:16 +0000] [740050] [INFO] Started server process [740050]
[2023-09-21 12:31:16 +0000] [740050] [INFO] Waiting for application startup.
[2023-09-21 12:31:16 +0000] [740050] [INFO] Application startup complete.
[2023-09-21 12:31:16 +0000] [740049] [INFO] Started server process [740049]
[2023-09-21 12:31:16 +0000] [740049] [INFO] Waiting for application startup.
[2023-09-21 12:31:16 +0000] [740049] [INFO] Application startup complete.
[2023-09-21 12:31:16 +0000] [740051] [INFO] Started server process [740051]
[2023-09-21 12:31:16 +0000] [740051] [INFO] Waiting for application startup.
[2023-09-21 12:31:16 +0000] [740051] [INFO] Application startup complete.
[2023-09-21 12:46:40 +0000] [740051] [ERROR] Exception in ASGI application
Traceback (most recent call last):
  File "/usr/local/lib/python3.8/dist-packages/sqlalchemy/engine/base.py", line 1965, in _exec_single_context
    self.dialect.do_execute(
  File "/usr/local/lib/python3.8/dist-packages/sqlalchemy/engine/default.py", line 921, in do_execute
    cursor.execute(statement, parameters)
  File "/usr/local/lib/python3.8/dist-packages/pymysql/cursors.py", line 153, in execute
    result = self._query(query)
  File "/usr/local/lib/python3.8/dist-packages/pymysql/cursors.py", line 322, in _query
    conn.query(q)
  File "/usr/local/lib/python3.8/dist-packages/pymysql/connections.py", line 558, in query
    self._affected_rows = self._read_query_result(unbuffered=unbuffered)
  File "/usr/local/lib/python3.8/dist-packages/pymysql/connections.py", line 822, in _read_query_result
    result.read()
  File "/usr/local/lib/python3.8/dist-packages/pymysql/connections.py", line 1200, in read
    first_packet = self.connection._read_packet()
  File "/usr/local/lib/python3.8/dist-packages/pymysql/connections.py", line 772, in _read_packet
    packet.raise_for_error()
  File "/usr/local/lib/python3.8/dist-packages/pymysql/protocol.py", line 221, in raise_for_error
    err.raise_mysql_exception(self._data)
  File "/usr/local/lib/python3.8/dist-packages/pymysql/err.py", line 143, in raise_mysql_exception
    raise errorclass(errno, errval)
pymysql.err.ProgrammingError: (1064, "You have an error in your SQL syntax; check the manual that corresponds to your MySQL server version for the right syntax to use near ', '2023-09-21 21:46:40')' at line 1")

The above exception was the direct cause of the following exception:

Traceback (most recent call last):
  File "/usr/local/lib/python3.8/dist-packages/uvicorn/protocols/http/h11_impl.py", line 408, in run_asgi
    result = await app(  # type: ignore[func-returns-value]
  File "/usr/local/lib/python3.8/dist-packages/uvicorn/middleware/proxy_headers.py", line 84, in __call__
    return await self.app(scope, receive, send)
  File "/usr/local/lib/python3.8/dist-packages/fastapi/applications.py", line 292, in __call__
    await super().__call__(scope, receive, send)
  File "/usr/local/lib/python3.8/dist-packages/starlette/applications.py", line 122, in __call__
    await self.middleware_stack(scope, receive, send)
  File "/usr/local/lib/python3.8/dist-packages/starlette/middleware/errors.py", line 184, in __call__
    raise exc
  File "/usr/local/lib/python3.8/dist-packages/starlette/middleware/errors.py", line 162, in __call__
    await self.app(scope, receive, _send)
  File "/usr/local/lib/python3.8/dist-packages/starlette/middleware/exceptions.py", line 79, in __call__
    raise exc
  File "/usr/local/lib/python3.8/dist-packages/starlette/middleware/exceptions.py", line 68, in __call__
    await self.app(scope, receive, sender)
  File "/usr/local/lib/python3.8/dist-packages/fastapi/middleware/asyncexitstack.py", line 20, in __call__
    raise e
  File "/usr/local/lib/python3.8/dist-packages/fastapi/middleware/asyncexitstack.py", line 17, in __call__
    await self.app(scope, receive, send)
  File "/usr/local/lib/python3.8/dist-packages/starlette/routing.py", line 718, in __call__
    await route.handle(scope, receive, send)
  File "/usr/local/lib/python3.8/dist-packages/starlette/routing.py", line 276, in handle
    await self.app(scope, receive, send)
  File "/usr/local/lib/python3.8/dist-packages/starlette/routing.py", line 66, in app
    response = await func(request)
  File "/usr/local/lib/python3.8/dist-packages/fastapi/routing.py", line 273, in app
    raw_response = await run_endpoint_function(
  File "/usr/local/lib/python3.8/dist-packages/fastapi/routing.py", line 192, in run_endpoint_function
    return await run_in_threadpool(dependant.call, **values)
  File "/usr/local/lib/python3.8/dist-packages/starlette/concurrency.py", line 41, in run_in_threadpool
    return await anyio.to_thread.run_sync(func, *args)
  File "/usr/local/lib/python3.8/dist-packages/anyio/to_thread.py", line 33, in run_sync
    return await get_asynclib().run_sync_in_worker_thread(
  File "/usr/local/lib/python3.8/dist-packages/anyio/_backends/_asyncio.py", line 877, in run_sync_in_worker_thread
    return await future
  File "/usr/local/lib/python3.8/dist-packages/anyio/_backends/_asyncio.py", line 807, in run
    result = context.run(func, *args)
  File "/home/inui/esm_server/main.py", line 20, in read_root
    db.execute_sql(engine, f"insert into data(user_id, esm_id, label, timestamp) values({user_id}, {esm_id}, {label}, '{now}')")
  File "/home/inui/esm_server/db.py", line 14, in execute_sql
    result = conn.execute(text(sql))
  File "/usr/local/lib/python3.8/dist-packages/sqlalchemy/engine/base.py", line 1412, in execute
    return meth(
  File "/usr/local/lib/python3.8/dist-packages/sqlalchemy/sql/elements.py", line 516, in _execute_on_connection
    return connection._execute_clauseelement(
  File "/usr/local/lib/python3.8/dist-packages/sqlalchemy/engine/base.py", line 1635, in _execute_clauseelement
    ret = self._execute_context(
  File "/usr/local/lib/python3.8/dist-packages/sqlalchemy/engine/base.py", line 1844, in _execute_context
    return self._exec_single_context(
  File "/usr/local/lib/python3.8/dist-packages/sqlalchemy/engine/base.py", line 1984, in _exec_single_context
    self._handle_dbapi_exception(
  File "/usr/local/lib/python3.8/dist-packages/sqlalchemy/engine/base.py", line 2339, in _handle_dbapi_exception
    raise sqlalchemy_exception.with_traceback(exc_info[2]) from e
  File "/usr/local/lib/python3.8/dist-packages/sqlalchemy/engine/base.py", line 1965, in _exec_single_context
    self.dialect.do_execute(
  File "/usr/local/lib/python3.8/dist-packages/sqlalchemy/engine/default.py", line 921, in do_execute
    cursor.execute(statement, parameters)
  File "/usr/local/lib/python3.8/dist-packages/pymysql/cursors.py", line 153, in execute
    result = self._query(query)
  File "/usr/local/lib/python3.8/dist-packages/pymysql/cursors.py", line 322, in _query
    conn.query(q)
  File "/usr/local/lib/python3.8/dist-packages/pymysql/connections.py", line 558, in query
    self._affected_rows = self._read_query_result(unbuffered=unbuffered)
  File "/usr/local/lib/python3.8/dist-packages/pymysql/connections.py", line 822, in _read_query_result
    result.read()
  File "/usr/local/lib/python3.8/dist-packages/pymysql/connections.py", line 1200, in read
    first_packet = self.connection._read_packet()
  File "/usr/local/lib/python3.8/dist-packages/pymysql/connections.py", line 772, in _read_packet
    packet.raise_for_error()
  File "/usr/local/lib/python3.8/dist-packages/pymysql/protocol.py", line 221, in raise_for_error
    err.raise_mysql_exception(self._data)
  File "/usr/local/lib/python3.8/dist-packages/pymysql/err.py", line 143, in raise_mysql_exception
    raise errorclass(errno, errval)
sqlalchemy.exc.ProgrammingError: (pymysql.err.ProgrammingError) (1064, "You have an error in your SQL syntax; check the manual that corresponds to your MySQL server version for the right syntax to use near ', '2023-09-21 21:46:40')' at line 1")
[SQL: insert into data(user_id, esm_id, label, timestamp) values(009, 1, left, '2023-09-21 21:46:40')]
(Background on this error at: https://sqlalche.me/e/20/f405)
[2023-09-21 12:46:42 +0000] [740050] [ERROR] Exception in ASGI application
Traceback (most recent call last):
  File "/usr/local/lib/python3.8/dist-packages/sqlalchemy/engine/base.py", line 1965, in _exec_single_context
    self.dialect.do_execute(
  File "/usr/local/lib/python3.8/dist-packages/sqlalchemy/engine/default.py", line 921, in do_execute
    cursor.execute(statement, parameters)
  File "/usr/local/lib/python3.8/dist-packages/pymysql/cursors.py", line 153, in execute
    result = self._query(query)
  File "/usr/local/lib/python3.8/dist-packages/pymysql/cursors.py", line 322, in _query
    conn.query(q)
  File "/usr/local/lib/python3.8/dist-packages/pymysql/connections.py", line 558, in query
    self._affected_rows = self._read_query_result(unbuffered=unbuffered)
  File "/usr/local/lib/python3.8/dist-packages/pymysql/connections.py", line 822, in _read_query_result
    result.read()
  File "/usr/local/lib/python3.8/dist-packages/pymysql/connections.py", line 1200, in read
    first_packet = self.connection._read_packet()
  File "/usr/local/lib/python3.8/dist-packages/pymysql/connections.py", line 772, in _read_packet
    packet.raise_for_error()
  File "/usr/local/lib/python3.8/dist-packages/pymysql/protocol.py", line 221, in raise_for_error
    err.raise_mysql_exception(self._data)
  File "/usr/local/lib/python3.8/dist-packages/pymysql/err.py", line 143, in raise_mysql_exception
    raise errorclass(errno, errval)
pymysql.err.ProgrammingError: (1064, "You have an error in your SQL syntax; check the manual that corresponds to your MySQL server version for the right syntax to use near ', '2023-09-21 21:46:42')' at line 1")

The above exception was the direct cause of the following exception:

Traceback (most recent call last):
  File "/usr/local/lib/python3.8/dist-packages/uvicorn/protocols/http/h11_impl.py", line 408, in run_asgi
    result = await app(  # type: ignore[func-returns-value]
  File "/usr/local/lib/python3.8/dist-packages/uvicorn/middleware/proxy_headers.py", line 84, in __call__
    return await self.app(scope, receive, send)
  File "/usr/local/lib/python3.8/dist-packages/fastapi/applications.py", line 292, in __call__
    await super().__call__(scope, receive, send)
  File "/usr/local/lib/python3.8/dist-packages/starlette/applications.py", line 122, in __call__
    await self.middleware_stack(scope, receive, send)
  File "/usr/local/lib/python3.8/dist-packages/starlette/middleware/errors.py", line 184, in __call__
    raise exc
  File "/usr/local/lib/python3.8/dist-packages/starlette/middleware/errors.py", line 162, in __call__
    await self.app(scope, receive, _send)
  File "/usr/local/lib/python3.8/dist-packages/starlette/middleware/exceptions.py", line 79, in __call__
    raise exc
  File "/usr/local/lib/python3.8/dist-packages/starlette/middleware/exceptions.py", line 68, in __call__
    await self.app(scope, receive, sender)
  File "/usr/local/lib/python3.8/dist-packages/fastapi/middleware/asyncexitstack.py", line 20, in __call__
    raise e
  File "/usr/local/lib/python3.8/dist-packages/fastapi/middleware/asyncexitstack.py", line 17, in __call__
    await self.app(scope, receive, send)
  File "/usr/local/lib/python3.8/dist-packages/starlette/routing.py", line 718, in __call__
    await route.handle(scope, receive, send)
  File "/usr/local/lib/python3.8/dist-packages/starlette/routing.py", line 276, in handle
    await self.app(scope, receive, send)
  File "/usr/local/lib/python3.8/dist-packages/starlette/routing.py", line 66, in app
    response = await func(request)
  File "/usr/local/lib/python3.8/dist-packages/fastapi/routing.py", line 273, in app
    raw_response = await run_endpoint_function(
  File "/usr/local/lib/python3.8/dist-packages/fastapi/routing.py", line 192, in run_endpoint_function
    return await run_in_threadpool(dependant.call, **values)
  File "/usr/local/lib/python3.8/dist-packages/starlette/concurrency.py", line 41, in run_in_threadpool
    return await anyio.to_thread.run_sync(func, *args)
  File "/usr/local/lib/python3.8/dist-packages/anyio/to_thread.py", line 33, in run_sync
    return await get_asynclib().run_sync_in_worker_thread(
  File "/usr/local/lib/python3.8/dist-packages/anyio/_backends/_asyncio.py", line 877, in run_sync_in_worker_thread
    return await future
  File "/usr/local/lib/python3.8/dist-packages/anyio/_backends/_asyncio.py", line 807, in run
    result = context.run(func, *args)
  File "/home/inui/esm_server/main.py", line 20, in read_root
    db.execute_sql(engine, f"insert into data(user_id, esm_id, label, timestamp) values({user_id}, {esm_id}, {label}, '{now}')")
  File "/home/inui/esm_server/db.py", line 14, in execute_sql
    result = conn.execute(text(sql))
  File "/usr/local/lib/python3.8/dist-packages/sqlalchemy/engine/base.py", line 1412, in execute
    return meth(
  File "/usr/local/lib/python3.8/dist-packages/sqlalchemy/sql/elements.py", line 516, in _execute_on_connection
    return connection._execute_clauseelement(
  File "/usr/local/lib/python3.8/dist-packages/sqlalchemy/engine/base.py", line 1635, in _execute_clauseelement
    ret = self._execute_context(
  File "/usr/local/lib/python3.8/dist-packages/sqlalchemy/engine/base.py", line 1844, in _execute_context
    return self._exec_single_context(
  File "/usr/local/lib/python3.8/dist-packages/sqlalchemy/engine/base.py", line 1984, in _exec_single_context
    self._handle_dbapi_exception(
  File "/usr/local/lib/python3.8/dist-packages/sqlalchemy/engine/base.py", line 2339, in _handle_dbapi_exception
    raise sqlalchemy_exception.with_traceback(exc_info[2]) from e
  File "/usr/local/lib/python3.8/dist-packages/sqlalchemy/engine/base.py", line 1965, in _exec_single_context
    self.dialect.do_execute(
  File "/usr/local/lib/python3.8/dist-packages/sqlalchemy/engine/default.py", line 921, in do_execute
    cursor.execute(statement, parameters)
  File "/usr/local/lib/python3.8/dist-packages/pymysql/cursors.py", line 153, in execute
    result = self._query(query)
  File "/usr/local/lib/python3.8/dist-packages/pymysql/cursors.py", line 322, in _query
    conn.query(q)
  File "/usr/local/lib/python3.8/dist-packages/pymysql/connections.py", line 558, in query
    self._affected_rows = self._read_query_result(unbuffered=unbuffered)
  File "/usr/local/lib/python3.8/dist-packages/pymysql/connections.py", line 822, in _read_query_result
    result.read()
  File "/usr/local/lib/python3.8/dist-packages/pymysql/connections.py", line 1200, in read
    first_packet = self.connection._read_packet()
  File "/usr/local/lib/python3.8/dist-packages/pymysql/connections.py", line 772, in _read_packet
    packet.raise_for_error()
  File "/usr/local/lib/python3.8/dist-packages/pymysql/protocol.py", line 221, in raise_for_error
    err.raise_mysql_exception(self._data)
  File "/usr/local/lib/python3.8/dist-packages/pymysql/err.py", line 143, in raise_mysql_exception
    raise errorclass(errno, errval)
sqlalchemy.exc.ProgrammingError: (pymysql.err.ProgrammingError) (1064, "You have an error in your SQL syntax; check the manual that corresponds to your MySQL server version for the right syntax to use near ', '2023-09-21 21:46:42')' at line 1")
[SQL: insert into data(user_id, esm_id, label, timestamp) values(009, 1, right, '2023-09-21 21:46:42')]
(Background on this error at: https://sqlalche.me/e/20/f405)
[2023-09-21 12:47:08 +0000] [740050] [ERROR] Exception in ASGI application
Traceback (most recent call last):
  File "/usr/local/lib/python3.8/dist-packages/sqlalchemy/engine/base.py", line 1965, in _exec_single_context
    self.dialect.do_execute(
  File "/usr/local/lib/python3.8/dist-packages/sqlalchemy/engine/default.py", line 921, in do_execute
    cursor.execute(statement, parameters)
  File "/usr/local/lib/python3.8/dist-packages/pymysql/cursors.py", line 153, in execute
    result = self._query(query)
  File "/usr/local/lib/python3.8/dist-packages/pymysql/cursors.py", line 322, in _query
    conn.query(q)
  File "/usr/local/lib/python3.8/dist-packages/pymysql/connections.py", line 558, in query
    self._affected_rows = self._read_query_result(unbuffered=unbuffered)
  File "/usr/local/lib/python3.8/dist-packages/pymysql/connections.py", line 822, in _read_query_result
    result.read()
  File "/usr/local/lib/python3.8/dist-packages/pymysql/connections.py", line 1200, in read
    first_packet = self.connection._read_packet()
  File "/usr/local/lib/python3.8/dist-packages/pymysql/connections.py", line 772, in _read_packet
    packet.raise_for_error()
  File "/usr/local/lib/python3.8/dist-packages/pymysql/protocol.py", line 221, in raise_for_error
    err.raise_mysql_exception(self._data)
  File "/usr/local/lib/python3.8/dist-packages/pymysql/err.py", line 143, in raise_mysql_exception
    raise errorclass(errno, errval)
pymysql.err.ProgrammingError: (1064, "You have an error in your SQL syntax; check the manual that corresponds to your MySQL server version for the right syntax to use near ', '2023-09-21 21:47:08')' at line 1")

The above exception was the direct cause of the following exception:

Traceback (most recent call last):
  File "/usr/local/lib/python3.8/dist-packages/uvicorn/protocols/http/h11_impl.py", line 408, in run_asgi
    result = await app(  # type: ignore[func-returns-value]
  File "/usr/local/lib/python3.8/dist-packages/uvicorn/middleware/proxy_headers.py", line 84, in __call__
    return await self.app(scope, receive, send)
  File "/usr/local/lib/python3.8/dist-packages/fastapi/applications.py", line 292, in __call__
    await super().__call__(scope, receive, send)
  File "/usr/local/lib/python3.8/dist-packages/starlette/applications.py", line 122, in __call__
    await self.middleware_stack(scope, receive, send)
  File "/usr/local/lib/python3.8/dist-packages/starlette/middleware/errors.py", line 184, in __call__
    raise exc
  File "/usr/local/lib/python3.8/dist-packages/starlette/middleware/errors.py", line 162, in __call__
    await self.app(scope, receive, _send)
  File "/usr/local/lib/python3.8/dist-packages/starlette/middleware/exceptions.py", line 79, in __call__
    raise exc
  File "/usr/local/lib/python3.8/dist-packages/starlette/middleware/exceptions.py", line 68, in __call__
    await self.app(scope, receive, sender)
  File "/usr/local/lib/python3.8/dist-packages/fastapi/middleware/asyncexitstack.py", line 20, in __call__
    raise e
  File "/usr/local/lib/python3.8/dist-packages/fastapi/middleware/asyncexitstack.py", line 17, in __call__
    await self.app(scope, receive, send)
  File "/usr/local/lib/python3.8/dist-packages/starlette/routing.py", line 718, in __call__
    await route.handle(scope, receive, send)
  File "/usr/local/lib/python3.8/dist-packages/starlette/routing.py", line 276, in handle
    await self.app(scope, receive, send)
  File "/usr/local/lib/python3.8/dist-packages/starlette/routing.py", line 66, in app
    response = await func(request)
  File "/usr/local/lib/python3.8/dist-packages/fastapi/routing.py", line 273, in app
    raw_response = await run_endpoint_function(
  File "/usr/local/lib/python3.8/dist-packages/fastapi/routing.py", line 192, in run_endpoint_function
    return await run_in_threadpool(dependant.call, **values)
  File "/usr/local/lib/python3.8/dist-packages/starlette/concurrency.py", line 41, in run_in_threadpool
    return await anyio.to_thread.run_sync(func, *args)
  File "/usr/local/lib/python3.8/dist-packages/anyio/to_thread.py", line 33, in run_sync
    return await get_asynclib().run_sync_in_worker_thread(
  File "/usr/local/lib/python3.8/dist-packages/anyio/_backends/_asyncio.py", line 877, in run_sync_in_worker_thread
    return await future
  File "/usr/local/lib/python3.8/dist-packages/anyio/_backends/_asyncio.py", line 807, in run
    result = context.run(func, *args)
  File "/home/inui/esm_server/main.py", line 20, in read_root
    db.execute_sql(engine, f"insert into data(user_id, esm_id, label, timestamp) values({user_id}, {esm_id}, {label}, '{now}')")
  File "/home/inui/esm_server/db.py", line 14, in execute_sql
    result = conn.execute(text(sql))
  File "/usr/local/lib/python3.8/dist-packages/sqlalchemy/engine/base.py", line 1412, in execute
    return meth(
  File "/usr/local/lib/python3.8/dist-packages/sqlalchemy/sql/elements.py", line 516, in _execute_on_connection
    return connection._execute_clauseelement(
  File "/usr/local/lib/python3.8/dist-packages/sqlalchemy/engine/base.py", line 1635, in _execute_clauseelement
    ret = self._execute_context(
  File "/usr/local/lib/python3.8/dist-packages/sqlalchemy/engine/base.py", line 1844, in _execute_context
    return self._exec_single_context(
  File "/usr/local/lib/python3.8/dist-packages/sqlalchemy/engine/base.py", line 1984, in _exec_single_context
    self._handle_dbapi_exception(
  File "/usr/local/lib/python3.8/dist-packages/sqlalchemy/engine/base.py", line 2339, in _handle_dbapi_exception
    raise sqlalchemy_exception.with_traceback(exc_info[2]) from e
  File "/usr/local/lib/python3.8/dist-packages/sqlalchemy/engine/base.py", line 1965, in _exec_single_context
    self.dialect.do_execute(
  File "/usr/local/lib/python3.8/dist-packages/sqlalchemy/engine/default.py", line 921, in do_execute
    cursor.execute(statement, parameters)
  File "/usr/local/lib/python3.8/dist-packages/pymysql/cursors.py", line 153, in execute
    result = self._query(query)
  File "/usr/local/lib/python3.8/dist-packages/pymysql/cursors.py", line 322, in _query
    conn.query(q)
  File "/usr/local/lib/python3.8/dist-packages/pymysql/connections.py", line 558, in query
    self._affected_rows = self._read_query_result(unbuffered=unbuffered)
  File "/usr/local/lib/python3.8/dist-packages/pymysql/connections.py", line 822, in _read_query_result
    result.read()
  File "/usr/local/lib/python3.8/dist-packages/pymysql/connections.py", line 1200, in read
    first_packet = self.connection._read_packet()
  File "/usr/local/lib/python3.8/dist-packages/pymysql/connections.py", line 772, in _read_packet
    packet.raise_for_error()
  File "/usr/local/lib/python3.8/dist-packages/pymysql/protocol.py", line 221, in raise_for_error
    err.raise_mysql_exception(self._data)
  File "/usr/local/lib/python3.8/dist-packages/pymysql/err.py", line 143, in raise_mysql_exception
    raise errorclass(errno, errval)
sqlalchemy.exc.ProgrammingError: (pymysql.err.ProgrammingError) (1064, "You have an error in your SQL syntax; check the manual that corresponds to your MySQL server version for the right syntax to use near ', '2023-09-21 21:47:08')' at line 1")
[SQL: insert into data(user_id, esm_id, label, timestamp) values(009, 1, left, '2023-09-21 21:47:08')]
(Background on this error at: https://sqlalche.me/e/20/f405)
[2023-09-21 12:49:27 +0000] [740051] [ERROR] Exception in ASGI application
Traceback (most recent call last):
  File "/usr/local/lib/python3.8/dist-packages/sqlalchemy/engine/base.py", line 1965, in _exec_single_context
    self.dialect.do_execute(
  File "/usr/local/lib/python3.8/dist-packages/sqlalchemy/engine/default.py", line 921, in do_execute
    cursor.execute(statement, parameters)
  File "/usr/local/lib/python3.8/dist-packages/pymysql/cursors.py", line 153, in execute
    result = self._query(query)
  File "/usr/local/lib/python3.8/dist-packages/pymysql/cursors.py", line 322, in _query
    conn.query(q)
  File "/usr/local/lib/python3.8/dist-packages/pymysql/connections.py", line 558, in query
    self._affected_rows = self._read_query_result(unbuffered=unbuffered)
  File "/usr/local/lib/python3.8/dist-packages/pymysql/connections.py", line 822, in _read_query_result
    result.read()
  File "/usr/local/lib/python3.8/dist-packages/pymysql/connections.py", line 1200, in read
    first_packet = self.connection._read_packet()
  File "/usr/local/lib/python3.8/dist-packages/pymysql/connections.py", line 772, in _read_packet
    packet.raise_for_error()
  File "/usr/local/lib/python3.8/dist-packages/pymysql/protocol.py", line 221, in raise_for_error
    err.raise_mysql_exception(self._data)
  File "/usr/local/lib/python3.8/dist-packages/pymysql/err.py", line 143, in raise_mysql_exception
    raise errorclass(errno, errval)
pymysql.err.ProgrammingError: (1064, "You have an error in your SQL syntax; check the manual that corresponds to your MySQL server version for the right syntax to use near ', '2023-09-21 21:49:27')' at line 1")

The above exception was the direct cause of the following exception:

Traceback (most recent call last):
  File "/usr/local/lib/python3.8/dist-packages/uvicorn/protocols/http/h11_impl.py", line 408, in run_asgi
    result = await app(  # type: ignore[func-returns-value]
  File "/usr/local/lib/python3.8/dist-packages/uvicorn/middleware/proxy_headers.py", line 84, in __call__
    return await self.app(scope, receive, send)
  File "/usr/local/lib/python3.8/dist-packages/fastapi/applications.py", line 292, in __call__
    await super().__call__(scope, receive, send)
  File "/usr/local/lib/python3.8/dist-packages/starlette/applications.py", line 122, in __call__
    await self.middleware_stack(scope, receive, send)
  File "/usr/local/lib/python3.8/dist-packages/starlette/middleware/errors.py", line 184, in __call__
    raise exc
  File "/usr/local/lib/python3.8/dist-packages/starlette/middleware/errors.py", line 162, in __call__
    await self.app(scope, receive, _send)
  File "/usr/local/lib/python3.8/dist-packages/starlette/middleware/exceptions.py", line 79, in __call__
    raise exc
  File "/usr/local/lib/python3.8/dist-packages/starlette/middleware/exceptions.py", line 68, in __call__
    await self.app(scope, receive, sender)
  File "/usr/local/lib/python3.8/dist-packages/fastapi/middleware/asyncexitstack.py", line 20, in __call__
    raise e
  File "/usr/local/lib/python3.8/dist-packages/fastapi/middleware/asyncexitstack.py", line 17, in __call__
    await self.app(scope, receive, send)
  File "/usr/local/lib/python3.8/dist-packages/starlette/routing.py", line 718, in __call__
    await route.handle(scope, receive, send)
  File "/usr/local/lib/python3.8/dist-packages/starlette/routing.py", line 276, in handle
    await self.app(scope, receive, send)
  File "/usr/local/lib/python3.8/dist-packages/starlette/routing.py", line 66, in app
    response = await func(request)
  File "/usr/local/lib/python3.8/dist-packages/fastapi/routing.py", line 273, in app
    raw_response = await run_endpoint_function(
  File "/usr/local/lib/python3.8/dist-packages/fastapi/routing.py", line 192, in run_endpoint_function
    return await run_in_threadpool(dependant.call, **values)
  File "/usr/local/lib/python3.8/dist-packages/starlette/concurrency.py", line 41, in run_in_threadpool
    return await anyio.to_thread.run_sync(func, *args)
  File "/usr/local/lib/python3.8/dist-packages/anyio/to_thread.py", line 33, in run_sync
    return await get_asynclib().run_sync_in_worker_thread(
  File "/usr/local/lib/python3.8/dist-packages/anyio/_backends/_asyncio.py", line 877, in run_sync_in_worker_thread
    return await future
  File "/usr/local/lib/python3.8/dist-packages/anyio/_backends/_asyncio.py", line 807, in run
    result = context.run(func, *args)
  File "/home/inui/esm_server/main.py", line 20, in read_root
    db.execute_sql(engine, f"insert into data(user_id, esm_id, label, timestamp) values({user_id}, {esm_id}, {label}, '{now}')")
  File "/home/inui/esm_server/db.py", line 14, in execute_sql
    result = conn.execute(text(sql))
  File "/usr/local/lib/python3.8/dist-packages/sqlalchemy/engine/base.py", line 1412, in execute
    return meth(
  File "/usr/local/lib/python3.8/dist-packages/sqlalchemy/sql/elements.py", line 516, in _execute_on_connection
    return connection._execute_clauseelement(
  File "/usr/local/lib/python3.8/dist-packages/sqlalchemy/engine/base.py", line 1635, in _execute_clauseelement
    ret = self._execute_context(
  File "/usr/local/lib/python3.8/dist-packages/sqlalchemy/engine/base.py", line 1844, in _execute_context
    return self._exec_single_context(
  File "/usr/local/lib/python3.8/dist-packages/sqlalchemy/engine/base.py", line 1984, in _exec_single_context
    self._handle_dbapi_exception(
  File "/usr/local/lib/python3.8/dist-packages/sqlalchemy/engine/base.py", line 2339, in _handle_dbapi_exception
    raise sqlalchemy_exception.with_traceback(exc_info[2]) from e
  File "/usr/local/lib/python3.8/dist-packages/sqlalchemy/engine/base.py", line 1965, in _exec_single_context
    self.dialect.do_execute(
  File "/usr/local/lib/python3.8/dist-packages/sqlalchemy/engine/default.py", line 921, in do_execute
    cursor.execute(statement, parameters)
  File "/usr/local/lib/python3.8/dist-packages/pymysql/cursors.py", line 153, in execute
    result = self._query(query)
  File "/usr/local/lib/python3.8/dist-packages/pymysql/cursors.py", line 322, in _query
    conn.query(q)
  File "/usr/local/lib/python3.8/dist-packages/pymysql/connections.py", line 558, in query
    self._affected_rows = self._read_query_result(unbuffered=unbuffered)
  File "/usr/local/lib/python3.8/dist-packages/pymysql/connections.py", line 822, in _read_query_result
    result.read()
  File "/usr/local/lib/python3.8/dist-packages/pymysql/connections.py", line 1200, in read
    first_packet = self.connection._read_packet()
  File "/usr/local/lib/python3.8/dist-packages/pymysql/connections.py", line 772, in _read_packet
    packet.raise_for_error()
  File "/usr/local/lib/python3.8/dist-packages/pymysql/protocol.py", line 221, in raise_for_error
    err.raise_mysql_exception(self._data)
  File "/usr/local/lib/python3.8/dist-packages/pymysql/err.py", line 143, in raise_mysql_exception
    raise errorclass(errno, errval)
sqlalchemy.exc.ProgrammingError: (pymysql.err.ProgrammingError) (1064, "You have an error in your SQL syntax; check the manual that corresponds to your MySQL server version for the right syntax to use near ', '2023-09-21 21:49:27')' at line 1")
[SQL: insert into data(user_id, esm_id, label, timestamp) values(009, 1, left, '2023-09-21 21:49:27')]
(Background on this error at: https://sqlalche.me/e/20/f405)
[2023-09-21 12:50:19 +0000] [740051] [ERROR] Exception in ASGI application
Traceback (most recent call last):
  File "/usr/local/lib/python3.8/dist-packages/sqlalchemy/engine/base.py", line 1965, in _exec_single_context
    self.dialect.do_execute(
  File "/usr/local/lib/python3.8/dist-packages/sqlalchemy/engine/default.py", line 921, in do_execute
    cursor.execute(statement, parameters)
  File "/usr/local/lib/python3.8/dist-packages/pymysql/cursors.py", line 153, in execute
    result = self._query(query)
  File "/usr/local/lib/python3.8/dist-packages/pymysql/cursors.py", line 322, in _query
    conn.query(q)
  File "/usr/local/lib/python3.8/dist-packages/pymysql/connections.py", line 558, in query
    self._affected_rows = self._read_query_result(unbuffered=unbuffered)
  File "/usr/local/lib/python3.8/dist-packages/pymysql/connections.py", line 822, in _read_query_result
    result.read()
  File "/usr/local/lib/python3.8/dist-packages/pymysql/connections.py", line 1200, in read
    first_packet = self.connection._read_packet()
  File "/usr/local/lib/python3.8/dist-packages/pymysql/connections.py", line 772, in _read_packet
    packet.raise_for_error()
  File "/usr/local/lib/python3.8/dist-packages/pymysql/protocol.py", line 221, in raise_for_error
    err.raise_mysql_exception(self._data)
  File "/usr/local/lib/python3.8/dist-packages/pymysql/err.py", line 143, in raise_mysql_exception
    raise errorclass(errno, errval)
pymysql.err.ProgrammingError: (1064, "You have an error in your SQL syntax; check the manual that corresponds to your MySQL server version for the right syntax to use near ', '2023-09-21 21:50:19')' at line 1")

The above exception was the direct cause of the following exception:

Traceback (most recent call last):
  File "/usr/local/lib/python3.8/dist-packages/uvicorn/protocols/http/h11_impl.py", line 408, in run_asgi
    result = await app(  # type: ignore[func-returns-value]
  File "/usr/local/lib/python3.8/dist-packages/uvicorn/middleware/proxy_headers.py", line 84, in __call__
    return await self.app(scope, receive, send)
  File "/usr/local/lib/python3.8/dist-packages/fastapi/applications.py", line 292, in __call__
    await super().__call__(scope, receive, send)
  File "/usr/local/lib/python3.8/dist-packages/starlette/applications.py", line 122, in __call__
    await self.middleware_stack(scope, receive, send)
  File "/usr/local/lib/python3.8/dist-packages/starlette/middleware/errors.py", line 184, in __call__
    raise exc
  File "/usr/local/lib/python3.8/dist-packages/starlette/middleware/errors.py", line 162, in __call__
    await self.app(scope, receive, _send)
  File "/usr/local/lib/python3.8/dist-packages/starlette/middleware/exceptions.py", line 79, in __call__
    raise exc
  File "/usr/local/lib/python3.8/dist-packages/starlette/middleware/exceptions.py", line 68, in __call__
    await self.app(scope, receive, sender)
  File "/usr/local/lib/python3.8/dist-packages/fastapi/middleware/asyncexitstack.py", line 20, in __call__
    raise e
  File "/usr/local/lib/python3.8/dist-packages/fastapi/middleware/asyncexitstack.py", line 17, in __call__
    await self.app(scope, receive, send)
  File "/usr/local/lib/python3.8/dist-packages/starlette/routing.py", line 718, in __call__
    await route.handle(scope, receive, send)
  File "/usr/local/lib/python3.8/dist-packages/starlette/routing.py", line 276, in handle
    await self.app(scope, receive, send)
  File "/usr/local/lib/python3.8/dist-packages/starlette/routing.py", line 66, in app
    response = await func(request)
  File "/usr/local/lib/python3.8/dist-packages/fastapi/routing.py", line 273, in app
    raw_response = await run_endpoint_function(
  File "/usr/local/lib/python3.8/dist-packages/fastapi/routing.py", line 192, in run_endpoint_function
    return await run_in_threadpool(dependant.call, **values)
  File "/usr/local/lib/python3.8/dist-packages/starlette/concurrency.py", line 41, in run_in_threadpool
    return await anyio.to_thread.run_sync(func, *args)
  File "/usr/local/lib/python3.8/dist-packages/anyio/to_thread.py", line 33, in run_sync
    return await get_asynclib().run_sync_in_worker_thread(
  File "/usr/local/lib/python3.8/dist-packages/anyio/_backends/_asyncio.py", line 877, in run_sync_in_worker_thread
    return await future
  File "/usr/local/lib/python3.8/dist-packages/anyio/_backends/_asyncio.py", line 807, in run
    result = context.run(func, *args)
  File "/home/inui/esm_server/main.py", line 20, in read_root
    db.execute_sql(engine, f"insert into data(user_id, esm_id, label, timestamp) values({user_id}, {esm_id}, {label}, '{now}')")
  File "/home/inui/esm_server/db.py", line 14, in execute_sql
    result = conn.execute(text(sql))
  File "/usr/local/lib/python3.8/dist-packages/sqlalchemy/engine/base.py", line 1412, in execute
    return meth(
  File "/usr/local/lib/python3.8/dist-packages/sqlalchemy/sql/elements.py", line 516, in _execute_on_connection
    return connection._execute_clauseelement(
  File "/usr/local/lib/python3.8/dist-packages/sqlalchemy/engine/base.py", line 1635, in _execute_clauseelement
    ret = self._execute_context(
  File "/usr/local/lib/python3.8/dist-packages/sqlalchemy/engine/base.py", line 1844, in _execute_context
    return self._exec_single_context(
  File "/usr/local/lib/python3.8/dist-packages/sqlalchemy/engine/base.py", line 1984, in _exec_single_context
    self._handle_dbapi_exception(
  File "/usr/local/lib/python3.8/dist-packages/sqlalchemy/engine/base.py", line 2339, in _handle_dbapi_exception
    raise sqlalchemy_exception.with_traceback(exc_info[2]) from e
  File "/usr/local/lib/python3.8/dist-packages/sqlalchemy/engine/base.py", line 1965, in _exec_single_context
    self.dialect.do_execute(
  File "/usr/local/lib/python3.8/dist-packages/sqlalchemy/engine/default.py", line 921, in do_execute
    cursor.execute(statement, parameters)
  File "/usr/local/lib/python3.8/dist-packages/pymysql/cursors.py", line 153, in execute
    result = self._query(query)
  File "/usr/local/lib/python3.8/dist-packages/pymysql/cursors.py", line 322, in _query
    conn.query(q)
  File "/usr/local/lib/python3.8/dist-packages/pymysql/connections.py", line 558, in query
    self._affected_rows = self._read_query_result(unbuffered=unbuffered)
  File "/usr/local/lib/python3.8/dist-packages/pymysql/connections.py", line 822, in _read_query_result
    result.read()
  File "/usr/local/lib/python3.8/dist-packages/pymysql/connections.py", line 1200, in read
    first_packet = self.connection._read_packet()
  File "/usr/local/lib/python3.8/dist-packages/pymysql/connections.py", line 772, in _read_packet
    packet.raise_for_error()
  File "/usr/local/lib/python3.8/dist-packages/pymysql/protocol.py", line 221, in raise_for_error
    err.raise_mysql_exception(self._data)
  File "/usr/local/lib/python3.8/dist-packages/pymysql/err.py", line 143, in raise_mysql_exception
    raise errorclass(errno, errval)
sqlalchemy.exc.ProgrammingError: (pymysql.err.ProgrammingError) (1064, "You have an error in your SQL syntax; check the manual that corresponds to your MySQL server version for the right syntax to use near ', '2023-09-21 21:50:19')' at line 1")
[SQL: insert into data(user_id, esm_id, label, timestamp) values(001, 1, left, '2023-09-21 21:50:19')]
(Background on this error at: https://sqlalche.me/e/20/f405)
[2023-09-21 12:51:03 +0000] [740050] [ERROR] Exception in ASGI application
Traceback (most recent call last):
  File "/usr/local/lib/python3.8/dist-packages/sqlalchemy/engine/base.py", line 1965, in _exec_single_context
    self.dialect.do_execute(
  File "/usr/local/lib/python3.8/dist-packages/sqlalchemy/engine/default.py", line 921, in do_execute
    cursor.execute(statement, parameters)
  File "/usr/local/lib/python3.8/dist-packages/pymysql/cursors.py", line 153, in execute
    result = self._query(query)
  File "/usr/local/lib/python3.8/dist-packages/pymysql/cursors.py", line 322, in _query
    conn.query(q)
  File "/usr/local/lib/python3.8/dist-packages/pymysql/connections.py", line 558, in query
    self._affected_rows = self._read_query_result(unbuffered=unbuffered)
  File "/usr/local/lib/python3.8/dist-packages/pymysql/connections.py", line 822, in _read_query_result
    result.read()
  File "/usr/local/lib/python3.8/dist-packages/pymysql/connections.py", line 1200, in read
    first_packet = self.connection._read_packet()
  File "/usr/local/lib/python3.8/dist-packages/pymysql/connections.py", line 772, in _read_packet
    packet.raise_for_error()
  File "/usr/local/lib/python3.8/dist-packages/pymysql/protocol.py", line 221, in raise_for_error
    err.raise_mysql_exception(self._data)
  File "/usr/local/lib/python3.8/dist-packages/pymysql/err.py", line 143, in raise_mysql_exception
    raise errorclass(errno, errval)
pymysql.err.ProgrammingError: (1064, "You have an error in your SQL syntax; check the manual that corresponds to your MySQL server version for the right syntax to use near ', '2023-09-21 21:51:03')' at line 1")

The above exception was the direct cause of the following exception:

Traceback (most recent call last):
  File "/usr/local/lib/python3.8/dist-packages/uvicorn/protocols/http/h11_impl.py", line 408, in run_asgi
    result = await app(  # type: ignore[func-returns-value]
  File "/usr/local/lib/python3.8/dist-packages/uvicorn/middleware/proxy_headers.py", line 84, in __call__
    return await self.app(scope, receive, send)
  File "/usr/local/lib/python3.8/dist-packages/fastapi/applications.py", line 292, in __call__
    await super().__call__(scope, receive, send)
  File "/usr/local/lib/python3.8/dist-packages/starlette/applications.py", line 122, in __call__
    await self.middleware_stack(scope, receive, send)
  File "/usr/local/lib/python3.8/dist-packages/starlette/middleware/errors.py", line 184, in __call__
    raise exc
  File "/usr/local/lib/python3.8/dist-packages/starlette/middleware/errors.py", line 162, in __call__
    await self.app(scope, receive, _send)
  File "/usr/local/lib/python3.8/dist-packages/starlette/middleware/exceptions.py", line 79, in __call__
    raise exc
  File "/usr/local/lib/python3.8/dist-packages/starlette/middleware/exceptions.py", line 68, in __call__
    await self.app(scope, receive, sender)
  File "/usr/local/lib/python3.8/dist-packages/fastapi/middleware/asyncexitstack.py", line 20, in __call__
    raise e
  File "/usr/local/lib/python3.8/dist-packages/fastapi/middleware/asyncexitstack.py", line 17, in __call__
    await self.app(scope, receive, send)
  File "/usr/local/lib/python3.8/dist-packages/starlette/routing.py", line 718, in __call__
    await route.handle(scope, receive, send)
  File "/usr/local/lib/python3.8/dist-packages/starlette/routing.py", line 276, in handle
    await self.app(scope, receive, send)
  File "/usr/local/lib/python3.8/dist-packages/starlette/routing.py", line 66, in app
    response = await func(request)
  File "/usr/local/lib/python3.8/dist-packages/fastapi/routing.py", line 273, in app
    raw_response = await run_endpoint_function(
  File "/usr/local/lib/python3.8/dist-packages/fastapi/routing.py", line 192, in run_endpoint_function
    return await run_in_threadpool(dependant.call, **values)
  File "/usr/local/lib/python3.8/dist-packages/starlette/concurrency.py", line 41, in run_in_threadpool
    return await anyio.to_thread.run_sync(func, *args)
  File "/usr/local/lib/python3.8/dist-packages/anyio/to_thread.py", line 33, in run_sync
    return await get_asynclib().run_sync_in_worker_thread(
  File "/usr/local/lib/python3.8/dist-packages/anyio/_backends/_asyncio.py", line 877, in run_sync_in_worker_thread
    return await future
  File "/usr/local/lib/python3.8/dist-packages/anyio/_backends/_asyncio.py", line 807, in run
    result = context.run(func, *args)
  File "/home/inui/esm_server/main.py", line 20, in read_root
    db.execute_sql(engine, f"insert into data(user_id, esm_id, label, timestamp) values('{user_id}', {esm_id}, '{label}', '{now}')")
  File "/home/inui/esm_server/db.py", line 14, in execute_sql
    result = conn.execute(text(sql))
  File "/usr/local/lib/python3.8/dist-packages/sqlalchemy/engine/base.py", line 1412, in execute
    return meth(
  File "/usr/local/lib/python3.8/dist-packages/sqlalchemy/sql/elements.py", line 516, in _execute_on_connection
    return connection._execute_clauseelement(
  File "/usr/local/lib/python3.8/dist-packages/sqlalchemy/engine/base.py", line 1635, in _execute_clauseelement
    ret = self._execute_context(
  File "/usr/local/lib/python3.8/dist-packages/sqlalchemy/engine/base.py", line 1844, in _execute_context
    return self._exec_single_context(
  File "/usr/local/lib/python3.8/dist-packages/sqlalchemy/engine/base.py", line 1984, in _exec_single_context
    self._handle_dbapi_exception(
  File "/usr/local/lib/python3.8/dist-packages/sqlalchemy/engine/base.py", line 2339, in _handle_dbapi_exception
    raise sqlalchemy_exception.with_traceback(exc_info[2]) from e
  File "/usr/local/lib/python3.8/dist-packages/sqlalchemy/engine/base.py", line 1965, in _exec_single_context
    self.dialect.do_execute(
  File "/usr/local/lib/python3.8/dist-packages/sqlalchemy/engine/default.py", line 921, in do_execute
    cursor.execute(statement, parameters)
  File "/usr/local/lib/python3.8/dist-packages/pymysql/cursors.py", line 153, in execute
    result = self._query(query)
  File "/usr/local/lib/python3.8/dist-packages/pymysql/cursors.py", line 322, in _query
    conn.query(q)
  File "/usr/local/lib/python3.8/dist-packages/pymysql/connections.py", line 558, in query
    self._affected_rows = self._read_query_result(unbuffered=unbuffered)
  File "/usr/local/lib/python3.8/dist-packages/pymysql/connections.py", line 822, in _read_query_result
    result.read()
  File "/usr/local/lib/python3.8/dist-packages/pymysql/connections.py", line 1200, in read
    first_packet = self.connection._read_packet()
  File "/usr/local/lib/python3.8/dist-packages/pymysql/connections.py", line 772, in _read_packet
    packet.raise_for_error()
  File "/usr/local/lib/python3.8/dist-packages/pymysql/protocol.py", line 221, in raise_for_error
    err.raise_mysql_exception(self._data)
  File "/usr/local/lib/python3.8/dist-packages/pymysql/err.py", line 143, in raise_mysql_exception
    raise errorclass(errno, errval)
sqlalchemy.exc.ProgrammingError: (pymysql.err.ProgrammingError) (1064, "You have an error in your SQL syntax; check the manual that corresponds to your MySQL server version for the right syntax to use near ', '2023-09-21 21:51:03')' at line 1")
[SQL: insert into data(user_id, esm_id, label, timestamp) values(001, 1, left, '2023-09-21 21:51:03')]
(Background on this error at: https://sqlalche.me/e/20/f405)
[2023-09-21 12:51:04 +0000] [740050] [ERROR] Exception in ASGI application
Traceback (most recent call last):
  File "/usr/local/lib/python3.8/dist-packages/sqlalchemy/engine/base.py", line 1965, in _exec_single_context
    self.dialect.do_execute(
  File "/usr/local/lib/python3.8/dist-packages/sqlalchemy/engine/default.py", line 921, in do_execute
    cursor.execute(statement, parameters)
  File "/usr/local/lib/python3.8/dist-packages/pymysql/cursors.py", line 153, in execute
    result = self._query(query)
  File "/usr/local/lib/python3.8/dist-packages/pymysql/cursors.py", line 322, in _query
    conn.query(q)
  File "/usr/local/lib/python3.8/dist-packages/pymysql/connections.py", line 558, in query
    self._affected_rows = self._read_query_result(unbuffered=unbuffered)
  File "/usr/local/lib/python3.8/dist-packages/pymysql/connections.py", line 822, in _read_query_result
    result.read()
  File "/usr/local/lib/python3.8/dist-packages/pymysql/connections.py", line 1200, in read
    first_packet = self.connection._read_packet()
  File "/usr/local/lib/python3.8/dist-packages/pymysql/connections.py", line 772, in _read_packet
    packet.raise_for_error()
  File "/usr/local/lib/python3.8/dist-packages/pymysql/protocol.py", line 221, in raise_for_error
    err.raise_mysql_exception(self._data)
  File "/usr/local/lib/python3.8/dist-packages/pymysql/err.py", line 143, in raise_mysql_exception
    raise errorclass(errno, errval)
pymysql.err.ProgrammingError: (1064, "You have an error in your SQL syntax; check the manual that corresponds to your MySQL server version for the right syntax to use near ', '2023-09-21 21:51:04')' at line 1")

The above exception was the direct cause of the following exception:

Traceback (most recent call last):
  File "/usr/local/lib/python3.8/dist-packages/uvicorn/protocols/http/h11_impl.py", line 408, in run_asgi
    result = await app(  # type: ignore[func-returns-value]
  File "/usr/local/lib/python3.8/dist-packages/uvicorn/middleware/proxy_headers.py", line 84, in __call__
    return await self.app(scope, receive, send)
  File "/usr/local/lib/python3.8/dist-packages/fastapi/applications.py", line 292, in __call__
    await super().__call__(scope, receive, send)
  File "/usr/local/lib/python3.8/dist-packages/starlette/applications.py", line 122, in __call__
    await self.middleware_stack(scope, receive, send)
  File "/usr/local/lib/python3.8/dist-packages/starlette/middleware/errors.py", line 184, in __call__
    raise exc
  File "/usr/local/lib/python3.8/dist-packages/starlette/middleware/errors.py", line 162, in __call__
    await self.app(scope, receive, _send)
  File "/usr/local/lib/python3.8/dist-packages/starlette/middleware/exceptions.py", line 79, in __call__
    raise exc
  File "/usr/local/lib/python3.8/dist-packages/starlette/middleware/exceptions.py", line 68, in __call__
    await self.app(scope, receive, sender)
  File "/usr/local/lib/python3.8/dist-packages/fastapi/middleware/asyncexitstack.py", line 20, in __call__
    raise e
  File "/usr/local/lib/python3.8/dist-packages/fastapi/middleware/asyncexitstack.py", line 17, in __call__
    await self.app(scope, receive, send)
  File "/usr/local/lib/python3.8/dist-packages/starlette/routing.py", line 718, in __call__
    await route.handle(scope, receive, send)
  File "/usr/local/lib/python3.8/dist-packages/starlette/routing.py", line 276, in handle
    await self.app(scope, receive, send)
  File "/usr/local/lib/python3.8/dist-packages/starlette/routing.py", line 66, in app
    response = await func(request)
  File "/usr/local/lib/python3.8/dist-packages/fastapi/routing.py", line 273, in app
    raw_response = await run_endpoint_function(
  File "/usr/local/lib/python3.8/dist-packages/fastapi/routing.py", line 192, in run_endpoint_function
    return await run_in_threadpool(dependant.call, **values)
  File "/usr/local/lib/python3.8/dist-packages/starlette/concurrency.py", line 41, in run_in_threadpool
    return await anyio.to_thread.run_sync(func, *args)
  File "/usr/local/lib/python3.8/dist-packages/anyio/to_thread.py", line 33, in run_sync
    return await get_asynclib().run_sync_in_worker_thread(
  File "/usr/local/lib/python3.8/dist-packages/anyio/_backends/_asyncio.py", line 877, in run_sync_in_worker_thread
    return await future
  File "/usr/local/lib/python3.8/dist-packages/anyio/_backends/_asyncio.py", line 807, in run
    result = context.run(func, *args)
  File "/home/inui/esm_server/main.py", line 20, in read_root
    db.execute_sql(engine, f"insert into data(user_id, esm_id, label, timestamp) values('{user_id}', {esm_id}, '{label}', '{now}')")
  File "/home/inui/esm_server/db.py", line 14, in execute_sql
    result = conn.execute(text(sql))
  File "/usr/local/lib/python3.8/dist-packages/sqlalchemy/engine/base.py", line 1412, in execute
    return meth(
  File "/usr/local/lib/python3.8/dist-packages/sqlalchemy/sql/elements.py", line 516, in _execute_on_connection
    return connection._execute_clauseelement(
  File "/usr/local/lib/python3.8/dist-packages/sqlalchemy/engine/base.py", line 1635, in _execute_clauseelement
    ret = self._execute_context(
  File "/usr/local/lib/python3.8/dist-packages/sqlalchemy/engine/base.py", line 1844, in _execute_context
    return self._exec_single_context(
  File "/usr/local/lib/python3.8/dist-packages/sqlalchemy/engine/base.py", line 1984, in _exec_single_context
    self._handle_dbapi_exception(
  File "/usr/local/lib/python3.8/dist-packages/sqlalchemy/engine/base.py", line 2339, in _handle_dbapi_exception
    raise sqlalchemy_exception.with_traceback(exc_info[2]) from e
  File "/usr/local/lib/python3.8/dist-packages/sqlalchemy/engine/base.py", line 1965, in _exec_single_context
    self.dialect.do_execute(
  File "/usr/local/lib/python3.8/dist-packages/sqlalchemy/engine/default.py", line 921, in do_execute
    cursor.execute(statement, parameters)
  File "/usr/local/lib/python3.8/dist-packages/pymysql/cursors.py", line 153, in execute
    result = self._query(query)
  File "/usr/local/lib/python3.8/dist-packages/pymysql/cursors.py", line 322, in _query
    conn.query(q)
  File "/usr/local/lib/python3.8/dist-packages/pymysql/connections.py", line 558, in query
    self._affected_rows = self._read_query_result(unbuffered=unbuffered)
  File "/usr/local/lib/python3.8/dist-packages/pymysql/connections.py", line 822, in _read_query_result
    result.read()
  File "/usr/local/lib/python3.8/dist-packages/pymysql/connections.py", line 1200, in read
    first_packet = self.connection._read_packet()
  File "/usr/local/lib/python3.8/dist-packages/pymysql/connections.py", line 772, in _read_packet
    packet.raise_for_error()
  File "/usr/local/lib/python3.8/dist-packages/pymysql/protocol.py", line 221, in raise_for_error
    err.raise_mysql_exception(self._data)
  File "/usr/local/lib/python3.8/dist-packages/pymysql/err.py", line 143, in raise_mysql_exception
    raise errorclass(errno, errval)
sqlalchemy.exc.ProgrammingError: (pymysql.err.ProgrammingError) (1064, "You have an error in your SQL syntax; check the manual that corresponds to your MySQL server version for the right syntax to use near ', '2023-09-21 21:51:04')' at line 1")
[SQL: insert into data(user_id, esm_id, label, timestamp) values(001, 1, left, '2023-09-21 21:51:04')]
(Background on this error at: https://sqlalche.me/e/20/f405)
[2023-09-21 12:51:13 +0000] [740046] [INFO] Handling signal: term
[2023-09-21 12:51:13 +0000] [740050] [INFO] Shutting down
[2023-09-21 12:51:13 +0000] [740049] [INFO] Shutting down
[2023-09-21 12:51:13 +0000] [740051] [INFO] Shutting down
[2023-09-21 12:51:13 +0000] [740048] [INFO] Shutting down
[2023-09-21 12:51:13 +0000] [740049] [INFO] Waiting for application shutdown.
[2023-09-21 12:51:13 +0000] [740050] [INFO] Waiting for application shutdown.
[2023-09-21 12:51:13 +0000] [740049] [INFO] Application shutdown complete.
[2023-09-21 12:51:13 +0000] [740050] [INFO] Application shutdown complete.
[2023-09-21 12:51:13 +0000] [740049] [INFO] Finished server process [740049]
[2023-09-21 12:51:13 +0000] [740050] [INFO] Finished server process [740050]
[2023-09-21 12:51:13 +0000] [740051] [INFO] Waiting for application shutdown.
[2023-09-21 12:51:13 +0000] [740050] [INFO] Worker exiting (pid: 740050)
[2023-09-21 12:51:13 +0000] [740051] [INFO] Application shutdown complete.
[2023-09-21 12:51:13 +0000] [740051] [INFO] Finished server process [740051]
[2023-09-21 12:51:13 +0000] [740049] [INFO] Worker exiting (pid: 740049)
[2023-09-21 12:51:13 +0000] [740051] [INFO] Worker exiting (pid: 740051)
[2023-09-21 12:51:13 +0000] [740048] [INFO] Waiting for application shutdown.
[2023-09-21 12:51:13 +0000] [740048] [INFO] Application shutdown complete.
[2023-09-21 12:51:13 +0000] [740048] [INFO] Finished server process [740048]
[2023-09-21 12:51:13 +0000] [740048] [INFO] Worker exiting (pid: 740048)
[2023-09-21 12:51:13 +0000] [740046] [INFO] Shutting down: Master
[2023-09-21 12:51:15 +0000] [740837] [INFO] Starting gunicorn 21.2.0
[2023-09-21 12:51:15 +0000] [740837] [INFO] Listening at: https://0.0.0.0:443 (740837)
[2023-09-21 12:51:15 +0000] [740837] [INFO] Using worker: uvicorn.workers.UvicornWorker
[2023-09-21 12:51:15 +0000] [740840] [INFO] Booting worker with pid: 740840
[2023-09-21 12:51:15 +0000] [740841] [INFO] Booting worker with pid: 740841
[2023-09-21 12:51:15 +0000] [740842] [INFO] Booting worker with pid: 740842
[2023-09-21 12:51:15 +0000] [740843] [INFO] Booting worker with pid: 740843
[2023-09-21 12:51:16 +0000] [740841] [INFO] Started server process [740841]
[2023-09-21 12:51:16 +0000] [740841] [INFO] Waiting for application startup.
[2023-09-21 12:51:16 +0000] [740841] [INFO] Application startup complete.
[2023-09-21 12:51:16 +0000] [740840] [INFO] Started server process [740840]
[2023-09-21 12:51:16 +0000] [740840] [INFO] Waiting for application startup.
[2023-09-21 12:51:16 +0000] [740840] [INFO] Application startup complete.
[2023-09-21 12:51:16 +0000] [740842] [INFO] Started server process [740842]
[2023-09-21 12:51:16 +0000] [740842] [INFO] Waiting for application startup.
[2023-09-21 12:51:16 +0000] [740842] [INFO] Application startup complete.
[2023-09-21 12:51:16 +0000] [740843] [INFO] Started server process [740843]
[2023-09-21 12:51:16 +0000] [740843] [INFO] Waiting for application startup.
[2023-09-21 12:51:16 +0000] [740843] [INFO] Application startup complete.
[2023-09-21 16:18:02 +0000] [740843] [WARNING] Invalid HTTP request received.
[2023-09-21 17:13:14 +0000] [740837] [INFO] Handling signal: term
[2023-09-21 17:13:14 +0000] [740843] [INFO] Shutting down
[2023-09-21 17:13:14 +0000] [740840] [INFO] Shutting down
[2023-09-21 17:13:14 +0000] [740841] [INFO] Shutting down
[2023-09-21 17:13:14 +0000] [740842] [INFO] Shutting down
[2023-09-21 17:13:14 +0000] [740843] [INFO] Waiting for application shutdown.
[2023-09-21 17:13:14 +0000] [740843] [INFO] Application shutdown complete.
[2023-09-21 17:13:14 +0000] [740843] [INFO] Finished server process [740843]
[2023-09-21 17:13:14 +0000] [740840] [INFO] Waiting for application shutdown.
[2023-09-21 17:13:14 +0000] [740840] [INFO] Application shutdown complete.
[2023-09-21 17:13:14 +0000] [740840] [INFO] Finished server process [740840]
[2023-09-21 17:13:14 +0000] [740843] [INFO] Worker exiting (pid: 740843)
[2023-09-21 17:13:14 +0000] [740840] [INFO] Worker exiting (pid: 740840)
[2023-09-21 17:13:14 +0000] [740841] [INFO] Waiting for application shutdown.
[2023-09-21 17:13:14 +0000] [740841] [INFO] Application shutdown complete.
[2023-09-21 17:13:14 +0000] [740841] [INFO] Finished server process [740841]
[2023-09-21 17:13:14 +0000] [740841] [INFO] Worker exiting (pid: 740841)
[2023-09-21 17:13:14 +0000] [740842] [INFO] Waiting for application shutdown.
[2023-09-21 17:13:14 +0000] [740842] [INFO] Application shutdown complete.
[2023-09-21 17:13:14 +0000] [740842] [INFO] Finished server process [740842]
[2023-09-21 17:13:14 +0000] [740842] [INFO] Worker exiting (pid: 740842)
[2023-09-21 17:13:14 +0000] [740837] [INFO] Shutting down: Master
[2023-09-21 17:13:17 +0000] [751602] [INFO] Starting gunicorn 21.2.0
[2023-09-21 17:13:17 +0000] [751602] [INFO] Listening at: https://0.0.0.0:443 (751602)
[2023-09-21 17:13:17 +0000] [751602] [INFO] Using worker: uvicorn.workers.UvicornWorker
[2023-09-21 17:13:17 +0000] [751604] [INFO] Booting worker with pid: 751604
[2023-09-21 17:13:17 +0000] [751605] [INFO] Booting worker with pid: 751605
[2023-09-21 17:13:17 +0000] [751606] [INFO] Booting worker with pid: 751606
[2023-09-21 17:13:17 +0000] [751607] [INFO] Booting worker with pid: 751607
[2023-09-21 17:13:18 +0000] [751604] [INFO] Started server process [751604]
[2023-09-21 17:13:18 +0000] [751604] [INFO] Waiting for application startup.
[2023-09-21 17:13:18 +0000] [751604] [INFO] Application startup complete.
[2023-09-21 17:13:18 +0000] [751605] [INFO] Started server process [751605]
[2023-09-21 17:13:18 +0000] [751605] [INFO] Waiting for application startup.
[2023-09-21 17:13:18 +0000] [751605] [INFO] Application startup complete.
[2023-09-21 17:13:18 +0000] [751606] [INFO] Started server process [751606]
[2023-09-21 17:13:18 +0000] [751606] [INFO] Waiting for application startup.
[2023-09-21 17:13:18 +0000] [751606] [INFO] Application startup complete.
[2023-09-21 17:13:19 +0000] [751607] [INFO] Started server process [751607]
[2023-09-21 17:13:19 +0000] [751607] [INFO] Waiting for application startup.
[2023-09-21 17:13:19 +0000] [751607] [INFO] Application startup complete.
[2023-09-21 17:35:51 +0000] [751606] [WARNING] Invalid HTTP request received.
[2023-09-21 17:42:15 +0000] [751607] [WARNING] Invalid HTTP request received.
[2023-09-21 17:42:15 +0000] [751607] [WARNING] Invalid HTTP request received.
[2023-09-21 17:42:15 +0000] [751607] [WARNING] Invalid HTTP request received.
[2023-09-21 17:42:25 +0000] [751607] [WARNING] Invalid HTTP request received.
[2023-09-21 17:42:30 +0000] [751607] [WARNING] Invalid HTTP request received.
[2023-09-21 17:42:38 +0000] [751607] [WARNING] Invalid HTTP request received.
[2023-09-21 17:42:38 +0000] [751607] [WARNING] Invalid HTTP request received.
[2023-09-21 17:42:43 +0000] [751607] [WARNING] Invalid HTTP request received.
[2023-09-21 17:42:43 +0000] [751607] [WARNING] Invalid HTTP request received.
[2023-09-21 17:42:43 +0000] [751607] [WARNING] Invalid HTTP request received.
[2023-09-21 17:42:48 +0000] [751605] [WARNING] Invalid HTTP request received.
[2023-09-21 17:43:03 +0000] [751605] [WARNING] Invalid HTTP request received.
[2023-09-21 17:43:16 +0000] [751605] [WARNING] Invalid HTTP request received.
[2023-09-21 17:43:36 +0000] [751606] [WARNING] Invalid HTTP request received.
[2023-09-21 17:43:36 +0000] [751606] [WARNING] Invalid HTTP request received.
[2023-09-21 17:43:41 +0000] [751606] [WARNING] Invalid HTTP request received.
[2023-09-21 17:43:41 +0000] [751605] [WARNING] Invalid HTTP request received.
[2023-09-21 20:16:25 +0000] [751607] [WARNING] Invalid HTTP request received.
[2023-09-21 20:16:25 +0000] [751605] [WARNING] Invalid HTTP request received.
[2023-09-21 20:16:26 +0000] [751605] [WARNING] Invalid HTTP request received.
[2023-09-21 20:16:27 +0000] [751606] [WARNING] Invalid HTTP request received.
[2023-09-22 00:31:58 +0000] [751604] [WARNING] Invalid HTTP request received.
[2023-09-22 01:49:00 +0000] [751605] [WARNING] Invalid HTTP request received.
[2023-09-22 01:57:15 +0000] [751604] [WARNING] Invalid HTTP request received.
[2023-09-22 05:44:13 +0000] [751604] [WARNING] Invalid HTTP request received.
[2023-09-22 08:06:33 +0000] [751602] [INFO] Handling signal: term
[2023-09-22 08:06:33 +0000] [751605] [INFO] Shutting down
[2023-09-22 08:06:33 +0000] [751604] [INFO] Shutting down
[2023-09-22 08:06:34 +0000] [751607] [INFO] Shutting down
[2023-09-22 08:06:34 +0000] [751606] [INFO] Shutting down
[2023-09-22 08:06:34 +0000] [751605] [INFO] Waiting for application shutdown.
[2023-09-22 08:06:34 +0000] [751605] [INFO] Application shutdown complete.
[2023-09-22 08:06:34 +0000] [751605] [INFO] Finished server process [751605]
[2023-09-22 08:06:34 +0000] [751605] [INFO] Worker exiting (pid: 751605)
[2023-09-22 08:06:34 +0000] [751604] [INFO] Waiting for application shutdown.
[2023-09-22 08:06:34 +0000] [751604] [INFO] Application shutdown complete.
[2023-09-22 08:06:34 +0000] [751604] [INFO] Finished server process [751604]
[2023-09-22 08:06:34 +0000] [751604] [INFO] Worker exiting (pid: 751604)
[2023-09-22 08:06:34 +0000] [751607] [INFO] Waiting for application shutdown.
[2023-09-22 08:06:34 +0000] [751607] [INFO] Application shutdown complete.
[2023-09-22 08:06:34 +0000] [751607] [INFO] Finished server process [751607]
[2023-09-22 08:06:34 +0000] [751607] [INFO] Worker exiting (pid: 751607)
[2023-09-22 08:06:34 +0000] [751606] [INFO] Waiting for application shutdown.
[2023-09-22 08:06:34 +0000] [751606] [INFO] Application shutdown complete.
[2023-09-22 08:06:34 +0000] [751606] [INFO] Finished server process [751606]
[2023-09-22 08:06:34 +0000] [751606] [INFO] Worker exiting (pid: 751606)
[2023-09-22 08:06:34 +0000] [751602] [INFO] Shutting down: Master
[2023-09-22 08:06:35 +0000] [783050] [INFO] Starting gunicorn 21.2.0
[2023-09-22 08:06:35 +0000] [783050] [INFO] Listening at: https://0.0.0.0:443 (783050)
[2023-09-22 08:06:35 +0000] [783050] [INFO] Using worker: uvicorn.workers.UvicornWorker
[2023-09-22 08:06:35 +0000] [783053] [INFO] Booting worker with pid: 783053
[2023-09-22 08:06:35 +0000] [783054] [INFO] Booting worker with pid: 783054
[2023-09-22 08:06:35 +0000] [783055] [INFO] Booting worker with pid: 783055
[2023-09-22 08:06:35 +0000] [783056] [INFO] Booting worker with pid: 783056
[2023-09-22 08:06:37 +0000] [783054] [INFO] Started server process [783054]
[2023-09-22 08:06:37 +0000] [783054] [INFO] Waiting for application startup.
[2023-09-22 08:06:37 +0000] [783054] [INFO] Application startup complete.
[2023-09-22 08:06:37 +0000] [783053] [INFO] Started server process [783053]
[2023-09-22 08:06:37 +0000] [783053] [INFO] Waiting for application startup.
[2023-09-22 08:06:37 +0000] [783053] [INFO] Application startup complete.
[2023-09-22 08:06:37 +0000] [783055] [INFO] Started server process [783055]
[2023-09-22 08:06:37 +0000] [783055] [INFO] Waiting for application startup.
[2023-09-22 08:06:37 +0000] [783055] [INFO] Application startup complete.
[2023-09-22 08:06:37 +0000] [783056] [INFO] Started server process [783056]
[2023-09-22 08:06:37 +0000] [783056] [INFO] Waiting for application startup.
[2023-09-22 08:06:37 +0000] [783056] [INFO] Application startup complete.
[2023-09-22 08:10:51 +0000] [783050] [INFO] Handling signal: term
[2023-09-22 08:10:51 +0000] [783055] [INFO] Shutting down
[2023-09-22 08:10:51 +0000] [783054] [INFO] Shutting down
[2023-09-22 08:10:51 +0000] [783056] [INFO] Shutting down
[2023-09-22 08:10:51 +0000] [783053] [INFO] Shutting down
[2023-09-22 08:10:51 +0000] [783055] [INFO] Waiting for application shutdown.
[2023-09-22 08:10:51 +0000] [783055] [INFO] Application shutdown complete.
[2023-09-22 08:10:51 +0000] [783055] [INFO] Finished server process [783055]
[2023-09-22 08:10:51 +0000] [783054] [INFO] Waiting for application shutdown.
[2023-09-22 08:10:51 +0000] [783054] [INFO] Application shutdown complete.
[2023-09-22 08:10:51 +0000] [783054] [INFO] Finished server process [783054]
[2023-09-22 08:10:51 +0000] [783055] [INFO] Worker exiting (pid: 783055)
[2023-09-22 08:10:51 +0000] [783054] [INFO] Worker exiting (pid: 783054)
[2023-09-22 08:10:51 +0000] [783056] [INFO] Waiting for application shutdown.
[2023-09-22 08:10:51 +0000] [783056] [INFO] Application shutdown complete.
[2023-09-22 08:10:51 +0000] [783056] [INFO] Finished server process [783056]
[2023-09-22 08:10:51 +0000] [783056] [INFO] Worker exiting (pid: 783056)
[2023-09-22 08:10:51 +0000] [783053] [INFO] Waiting for application shutdown.
[2023-09-22 08:10:51 +0000] [783053] [INFO] Application shutdown complete.
[2023-09-22 08:10:51 +0000] [783053] [INFO] Finished server process [783053]
[2023-09-22 08:10:51 +0000] [783053] [INFO] Worker exiting (pid: 783053)
[2023-09-22 08:10:51 +0000] [783050] [INFO] Shutting down: Master
[2023-09-22 08:10:53 +0000] [783293] [INFO] Starting gunicorn 21.2.0
[2023-09-22 08:10:53 +0000] [783293] [INFO] Listening at: https://0.0.0.0:443 (783293)
[2023-09-22 08:10:53 +0000] [783293] [INFO] Using worker: uvicorn.workers.UvicornWorker
[2023-09-22 08:10:53 +0000] [783296] [INFO] Booting worker with pid: 783296
[2023-09-22 08:10:53 +0000] [783297] [INFO] Booting worker with pid: 783297
[2023-09-22 08:10:53 +0000] [783298] [INFO] Booting worker with pid: 783298
[2023-09-22 08:10:53 +0000] [783299] [INFO] Booting worker with pid: 783299
[2023-09-22 08:10:55 +0000] [783296] [INFO] Started server process [783296]
[2023-09-22 08:10:55 +0000] [783296] [INFO] Waiting for application startup.
[2023-09-22 08:10:55 +0000] [783296] [INFO] Application startup complete.
[2023-09-22 08:10:55 +0000] [783297] [INFO] Started server process [783297]
[2023-09-22 08:10:55 +0000] [783297] [INFO] Waiting for application startup.
[2023-09-22 08:10:55 +0000] [783297] [INFO] Application startup complete.
[2023-09-22 08:10:55 +0000] [783298] [INFO] Started server process [783298]
[2023-09-22 08:10:55 +0000] [783298] [INFO] Waiting for application startup.
[2023-09-22 08:10:55 +0000] [783298] [INFO] Application startup complete.
[2023-09-22 08:10:55 +0000] [783299] [INFO] Started server process [783299]
[2023-09-22 08:10:55 +0000] [783299] [INFO] Waiting for application startup.
[2023-09-22 08:10:55 +0000] [783299] [INFO] Application startup complete.
[2023-09-22 08:15:29 +0000] [783293] [INFO] Handling signal: term
[2023-09-22 08:15:29 +0000] [783299] [INFO] Shutting down
[2023-09-22 08:15:29 +0000] [783297] [INFO] Shutting down
[2023-09-22 08:15:29 +0000] [783296] [INFO] Shutting down
[2023-09-22 08:15:29 +0000] [783298] [INFO] Shutting down
[2023-09-22 08:15:29 +0000] [783299] [INFO] Waiting for application shutdown.
[2023-09-22 08:15:29 +0000] [783299] [INFO] Application shutdown complete.
[2023-09-22 08:15:29 +0000] [783299] [INFO] Finished server process [783299]
[2023-09-22 08:15:29 +0000] [783299] [INFO] Worker exiting (pid: 783299)
[2023-09-22 08:15:29 +0000] [783297] [INFO] Waiting for application shutdown.
[2023-09-22 08:15:29 +0000] [783297] [INFO] Application shutdown complete.
[2023-09-22 08:15:29 +0000] [783297] [INFO] Finished server process [783297]
[2023-09-22 08:15:29 +0000] [783297] [INFO] Worker exiting (pid: 783297)
[2023-09-22 08:15:29 +0000] [783296] [INFO] Waiting for application shutdown.
[2023-09-22 08:15:29 +0000] [783296] [INFO] Application shutdown complete.
[2023-09-22 08:15:29 +0000] [783296] [INFO] Finished server process [783296]
[2023-09-22 08:15:29 +0000] [783296] [INFO] Worker exiting (pid: 783296)
[2023-09-22 08:15:29 +0000] [783298] [INFO] Waiting for application shutdown.
[2023-09-22 08:15:29 +0000] [783298] [INFO] Application shutdown complete.
[2023-09-22 08:15:29 +0000] [783298] [INFO] Finished server process [783298]
[2023-09-22 08:15:29 +0000] [783298] [INFO] Worker exiting (pid: 783298)
[2023-09-22 08:15:29 +0000] [783293] [INFO] Shutting down: Master
[2023-09-22 08:15:31 +0000] [783545] [INFO] Starting gunicorn 21.2.0
[2023-09-22 08:15:31 +0000] [783545] [INFO] Listening at: https://0.0.0.0:443 (783545)
[2023-09-22 08:15:31 +0000] [783545] [INFO] Using worker: uvicorn.workers.UvicornWorker
[2023-09-22 08:15:31 +0000] [783548] [INFO] Booting worker with pid: 783548
[2023-09-22 08:15:31 +0000] [783549] [INFO] Booting worker with pid: 783549
[2023-09-22 08:15:31 +0000] [783550] [INFO] Booting worker with pid: 783550
[2023-09-22 08:15:31 +0000] [783551] [INFO] Booting worker with pid: 783551
[2023-09-22 08:15:33 +0000] [783548] [ERROR] Exception in worker process
Traceback (most recent call last):
  File "/usr/local/lib/python3.8/dist-packages/gunicorn/arbiter.py", line 609, in spawn_worker
    worker.init_process()
  File "/usr/local/lib/python3.8/dist-packages/uvicorn/workers.py", line 66, in init_process
    super(UvicornWorker, self).init_process()
  File "/usr/local/lib/python3.8/dist-packages/gunicorn/workers/base.py", line 134, in init_process
    self.load_wsgi()
  File "/usr/local/lib/python3.8/dist-packages/gunicorn/workers/base.py", line 146, in load_wsgi
    self.wsgi = self.app.wsgi()
  File "/usr/local/lib/python3.8/dist-packages/gunicorn/app/base.py", line 67, in wsgi
    self.callable = self.load()
  File "/usr/local/lib/python3.8/dist-packages/gunicorn/app/wsgiapp.py", line 58, in load
    return self.load_wsgiapp()
  File "/usr/local/lib/python3.8/dist-packages/gunicorn/app/wsgiapp.py", line 48, in load_wsgiapp
    return util.import_app(self.app_uri)
  File "/usr/local/lib/python3.8/dist-packages/gunicorn/util.py", line 371, in import_app
    mod = importlib.import_module(module)
  File "/usr/lib/python3.8/importlib/__init__.py", line 127, in import_module
    return _bootstrap._gcd_import(name[level:], package, level)
  File "<frozen importlib._bootstrap>", line 1014, in _gcd_import
  File "<frozen importlib._bootstrap>", line 991, in _find_and_load
  File "<frozen importlib._bootstrap>", line 975, in _find_and_load_unlocked
  File "<frozen importlib._bootstrap>", line 671, in _load_unlocked
  File "<frozen importlib._bootstrap_external>", line 848, in exec_module
  File "<frozen importlib._bootstrap>", line 219, in _call_with_frames_removed
  File "/home/inui/esm_server/main.py", line 13, in <module>
    dew
NameError: name 'dew' is not defined
[2023-09-22 08:15:33 +0000] [783548] [INFO] Worker exiting (pid: 783548)
[2023-09-22 08:15:33 +0000] [783549] [ERROR] Exception in worker process
Traceback (most recent call last):
  File "/usr/local/lib/python3.8/dist-packages/gunicorn/arbiter.py", line 609, in spawn_worker
    worker.init_process()
  File "/usr/local/lib/python3.8/dist-packages/uvicorn/workers.py", line 66, in init_process
    super(UvicornWorker, self).init_process()
  File "/usr/local/lib/python3.8/dist-packages/gunicorn/workers/base.py", line 134, in init_process
    self.load_wsgi()
  File "/usr/local/lib/python3.8/dist-packages/gunicorn/workers/base.py", line 146, in load_wsgi
    self.wsgi = self.app.wsgi()
  File "/usr/local/lib/python3.8/dist-packages/gunicorn/app/base.py", line 67, in wsgi
    self.callable = self.load()
  File "/usr/local/lib/python3.8/dist-packages/gunicorn/app/wsgiapp.py", line 58, in load
    return self.load_wsgiapp()
  File "/usr/local/lib/python3.8/dist-packages/gunicorn/app/wsgiapp.py", line 48, in load_wsgiapp
    return util.import_app(self.app_uri)
  File "/usr/local/lib/python3.8/dist-packages/gunicorn/util.py", line 371, in import_app
    mod = importlib.import_module(module)
  File "/usr/lib/python3.8/importlib/__init__.py", line 127, in import_module
    return _bootstrap._gcd_import(name[level:], package, level)
  File "<frozen importlib._bootstrap>", line 1014, in _gcd_import
  File "<frozen importlib._bootstrap>", line 991, in _find_and_load
  File "<frozen importlib._bootstrap>", line 975, in _find_and_load_unlocked
  File "<frozen importlib._bootstrap>", line 671, in _load_unlocked
  File "<frozen importlib._bootstrap_external>", line 848, in exec_module
  File "<frozen importlib._bootstrap>", line 219, in _call_with_frames_removed
  File "/home/inui/esm_server/main.py", line 13, in <module>
    dew
NameError: name 'dew' is not defined
[2023-09-22 08:15:33 +0000] [783549] [INFO] Worker exiting (pid: 783549)
[2023-09-22 08:15:33 +0000] [783550] [ERROR] Exception in worker process
Traceback (most recent call last):
  File "/usr/local/lib/python3.8/dist-packages/gunicorn/arbiter.py", line 609, in spawn_worker
    worker.init_process()
  File "/usr/local/lib/python3.8/dist-packages/uvicorn/workers.py", line 66, in init_process
    super(UvicornWorker, self).init_process()
  File "/usr/local/lib/python3.8/dist-packages/gunicorn/workers/base.py", line 134, in init_process
    self.load_wsgi()
  File "/usr/local/lib/python3.8/dist-packages/gunicorn/workers/base.py", line 146, in load_wsgi
    self.wsgi = self.app.wsgi()
  File "/usr/local/lib/python3.8/dist-packages/gunicorn/app/base.py", line 67, in wsgi
    self.callable = self.load()
  File "/usr/local/lib/python3.8/dist-packages/gunicorn/app/wsgiapp.py", line 58, in load
    return self.load_wsgiapp()
  File "/usr/local/lib/python3.8/dist-packages/gunicorn/app/wsgiapp.py", line 48, in load_wsgiapp
    return util.import_app(self.app_uri)
  File "/usr/local/lib/python3.8/dist-packages/gunicorn/util.py", line 371, in import_app
    mod = importlib.import_module(module)
  File "/usr/lib/python3.8/importlib/__init__.py", line 127, in import_module
    return _bootstrap._gcd_import(name[level:], package, level)
  File "<frozen importlib._bootstrap>", line 1014, in _gcd_import
  File "<frozen importlib._bootstrap>", line 991, in _find_and_load
  File "<frozen importlib._bootstrap>", line 975, in _find_and_load_unlocked
  File "<frozen importlib._bootstrap>", line 671, in _load_unlocked
  File "<frozen importlib._bootstrap_external>", line 848, in exec_module
  File "<frozen importlib._bootstrap>", line 219, in _call_with_frames_removed
  File "/home/inui/esm_server/main.py", line 13, in <module>
    dew
NameError: name 'dew' is not defined
[2023-09-22 08:15:33 +0000] [783550] [INFO] Worker exiting (pid: 783550)
[2023-09-22 08:15:33 +0000] [783551] [ERROR] Exception in worker process
Traceback (most recent call last):
  File "/usr/local/lib/python3.8/dist-packages/gunicorn/arbiter.py", line 609, in spawn_worker
    worker.init_process()
  File "/usr/local/lib/python3.8/dist-packages/uvicorn/workers.py", line 66, in init_process
    super(UvicornWorker, self).init_process()
  File "/usr/local/lib/python3.8/dist-packages/gunicorn/workers/base.py", line 134, in init_process
    self.load_wsgi()
  File "/usr/local/lib/python3.8/dist-packages/gunicorn/workers/base.py", line 146, in load_wsgi
    self.wsgi = self.app.wsgi()
  File "/usr/local/lib/python3.8/dist-packages/gunicorn/app/base.py", line 67, in wsgi
    self.callable = self.load()
  File "/usr/local/lib/python3.8/dist-packages/gunicorn/app/wsgiapp.py", line 58, in load
    return self.load_wsgiapp()
  File "/usr/local/lib/python3.8/dist-packages/gunicorn/app/wsgiapp.py", line 48, in load_wsgiapp
    return util.import_app(self.app_uri)
  File "/usr/local/lib/python3.8/dist-packages/gunicorn/util.py", line 371, in import_app
    mod = importlib.import_module(module)
  File "/usr/lib/python3.8/importlib/__init__.py", line 127, in import_module
    return _bootstrap._gcd_import(name[level:], package, level)
  File "<frozen importlib._bootstrap>", line 1014, in _gcd_import
  File "<frozen importlib._bootstrap>", line 991, in _find_and_load
  File "<frozen importlib._bootstrap>", line 975, in _find_and_load_unlocked
  File "<frozen importlib._bootstrap>", line 671, in _load_unlocked
  File "<frozen importlib._bootstrap_external>", line 848, in exec_module
  File "<frozen importlib._bootstrap>", line 219, in _call_with_frames_removed
  File "/home/inui/esm_server/main.py", line 13, in <module>
    dew
NameError: name 'dew' is not defined
[2023-09-22 08:15:33 +0000] [783551] [INFO] Worker exiting (pid: 783551)
[2023-09-22 08:15:33 +0000] [783545] [ERROR] Worker (pid:783551) exited with code 3
[2023-09-22 08:15:33 +0000] [783545] [ERROR] Worker (pid:783549) was sent SIGTERM!
[2023-09-22 08:15:33 +0000] [783545] [ERROR] Worker (pid:783550) was sent SIGTERM!
[2023-09-22 08:15:33 +0000] [783545] [ERROR] Worker (pid:783548) was sent SIGTERM!
[2023-09-22 08:15:33 +0000] [783545] [ERROR] Shutting down: Master
[2023-09-22 08:15:33 +0000] [783545] [ERROR] Reason: Worker failed to boot.
[2023-09-22 08:15:48 +0000] [783631] [INFO] Starting gunicorn 21.2.0
[2023-09-22 08:15:48 +0000] [783631] [INFO] Listening at: https://0.0.0.0:443 (783631)
[2023-09-22 08:15:48 +0000] [783631] [INFO] Using worker: uvicorn.workers.UvicornWorker
[2023-09-22 08:15:48 +0000] [783633] [INFO] Booting worker with pid: 783633
[2023-09-22 08:15:48 +0000] [783634] [INFO] Booting worker with pid: 783634
[2023-09-22 08:15:48 +0000] [783635] [INFO] Booting worker with pid: 783635
[2023-09-22 08:15:48 +0000] [783636] [INFO] Booting worker with pid: 783636
[2023-09-22 08:15:49 +0000] [783633] [INFO] Started server process [783633]
[2023-09-22 08:15:49 +0000] [783633] [INFO] Waiting for application startup.
[2023-09-22 08:15:49 +0000] [783633] [INFO] Application startup complete.
[2023-09-22 08:15:49 +0000] [783634] [INFO] Started server process [783634]
[2023-09-22 08:15:49 +0000] [783634] [INFO] Waiting for application startup.
[2023-09-22 08:15:49 +0000] [783634] [INFO] Application startup complete.
[2023-09-22 08:15:49 +0000] [783635] [INFO] Started server process [783635]
[2023-09-22 08:15:49 +0000] [783635] [INFO] Waiting for application startup.
[2023-09-22 08:15:49 +0000] [783635] [INFO] Application startup complete.
[2023-09-22 08:15:49 +0000] [783636] [INFO] Started server process [783636]
[2023-09-22 08:15:49 +0000] [783636] [INFO] Waiting for application startup.
[2023-09-22 08:15:49 +0000] [783636] [INFO] Application startup complete.
[2023-09-22 08:16:09 +0000] [783631] [INFO] Handling signal: term
[2023-09-22 08:16:09 +0000] [783635] [INFO] Shutting down
[2023-09-22 08:16:09 +0000] [783633] [INFO] Shutting down
[2023-09-22 08:16:09 +0000] [783636] [INFO] Shutting down
[2023-09-22 08:16:09 +0000] [783634] [INFO] Shutting down
[2023-09-22 08:16:10 +0000] [783635] [INFO] Waiting for application shutdown.
[2023-09-22 08:16:10 +0000] [783635] [INFO] Application shutdown complete.
[2023-09-22 08:16:10 +0000] [783635] [INFO] Finished server process [783635]
[2023-09-22 08:16:10 +0000] [783635] [INFO] Worker exiting (pid: 783635)
[2023-09-22 08:16:10 +0000] [783633] [INFO] Waiting for application shutdown.
[2023-09-22 08:16:10 +0000] [783633] [INFO] Application shutdown complete.
[2023-09-22 08:16:10 +0000] [783633] [INFO] Finished server process [783633]
[2023-09-22 08:16:10 +0000] [783633] [INFO] Worker exiting (pid: 783633)
[2023-09-22 08:16:10 +0000] [783636] [INFO] Waiting for application shutdown.
[2023-09-22 08:16:10 +0000] [783636] [INFO] Application shutdown complete.
[2023-09-22 08:16:10 +0000] [783636] [INFO] Finished server process [783636]
[2023-09-22 08:16:10 +0000] [783636] [INFO] Worker exiting (pid: 783636)
[2023-09-22 08:16:10 +0000] [783634] [INFO] Waiting for application shutdown.
[2023-09-22 08:16:10 +0000] [783634] [INFO] Application shutdown complete.
[2023-09-22 08:16:10 +0000] [783634] [INFO] Finished server process [783634]
[2023-09-22 08:16:10 +0000] [783634] [INFO] Worker exiting (pid: 783634)
[2023-09-22 08:16:10 +0000] [783631] [INFO] Shutting down: Master
[2023-09-22 08:16:11 +0000] [783711] [INFO] Starting gunicorn 21.2.0
[2023-09-22 08:16:11 +0000] [783711] [INFO] Listening at: https://0.0.0.0:443 (783711)
[2023-09-22 08:16:11 +0000] [783711] [INFO] Using worker: uvicorn.workers.UvicornWorker
[2023-09-22 08:16:11 +0000] [783714] [INFO] Booting worker with pid: 783714
[2023-09-22 08:16:11 +0000] [783715] [INFO] Booting worker with pid: 783715
[2023-09-22 08:16:11 +0000] [783716] [INFO] Booting worker with pid: 783716
[2023-09-22 08:16:11 +0000] [783717] [INFO] Booting worker with pid: 783717
[2023-09-22 08:16:13 +0000] [783714] [INFO] Started server process [783714]
[2023-09-22 08:16:13 +0000] [783714] [INFO] Waiting for application startup.
[2023-09-22 08:16:13 +0000] [783714] [INFO] Application startup complete.
[2023-09-22 08:16:13 +0000] [783715] [INFO] Started server process [783715]
[2023-09-22 08:16:13 +0000] [783715] [INFO] Waiting for application startup.
[2023-09-22 08:16:13 +0000] [783715] [INFO] Application startup complete.
[2023-09-22 08:16:13 +0000] [783716] [INFO] Started server process [783716]
[2023-09-22 08:16:13 +0000] [783716] [INFO] Waiting for application startup.
[2023-09-22 08:16:13 +0000] [783716] [INFO] Application startup complete.
[2023-09-22 08:16:13 +0000] [783717] [INFO] Started server process [783717]
[2023-09-22 08:16:13 +0000] [783717] [INFO] Waiting for application startup.
[2023-09-22 08:16:13 +0000] [783717] [INFO] Application startup complete.
[2023-09-22 08:17:43 +0000] [783711] [INFO] Handling signal: term
[2023-09-22 08:17:43 +0000] [783716] [INFO] Shutting down
[2023-09-22 08:17:43 +0000] [783717] [INFO] Shutting down
[2023-09-22 08:17:43 +0000] [783715] [INFO] Shutting down
[2023-09-22 08:17:43 +0000] [783714] [INFO] Shutting down
[2023-09-22 08:17:43 +0000] [783716] [INFO] Waiting for application shutdown.
[2023-09-22 08:17:43 +0000] [783716] [INFO] Application shutdown complete.
[2023-09-22 08:17:43 +0000] [783716] [INFO] Finished server process [783716]
[2023-09-22 08:17:43 +0000] [783716] [INFO] Worker exiting (pid: 783716)
[2023-09-22 08:17:43 +0000] [783717] [INFO] Waiting for application shutdown.
[2023-09-22 08:17:43 +0000] [783717] [INFO] Application shutdown complete.
[2023-09-22 08:17:43 +0000] [783717] [INFO] Finished server process [783717]
[2023-09-22 08:17:43 +0000] [783717] [INFO] Worker exiting (pid: 783717)
[2023-09-22 08:17:43 +0000] [783715] [INFO] Waiting for application shutdown.
[2023-09-22 08:17:43 +0000] [783715] [INFO] Application shutdown complete.
[2023-09-22 08:17:43 +0000] [783715] [INFO] Finished server process [783715]
[2023-09-22 08:17:43 +0000] [783715] [INFO] Worker exiting (pid: 783715)
[2023-09-22 08:17:43 +0000] [783714] [INFO] Waiting for application shutdown.
[2023-09-22 08:17:43 +0000] [783714] [INFO] Application shutdown complete.
[2023-09-22 08:17:43 +0000] [783714] [INFO] Finished server process [783714]
[2023-09-22 08:17:43 +0000] [783714] [INFO] Worker exiting (pid: 783714)
[2023-09-22 08:17:43 +0000] [783711] [INFO] Shutting down: Master
[2023-09-22 08:17:44 +0000] [783841] [INFO] Starting gunicorn 21.2.0
[2023-09-22 08:17:44 +0000] [783841] [INFO] Listening at: https://0.0.0.0:443 (783841)
[2023-09-22 08:17:44 +0000] [783841] [INFO] Using worker: uvicorn.workers.UvicornWorker
[2023-09-22 08:17:44 +0000] [783843] [INFO] Booting worker with pid: 783843
[2023-09-22 08:17:44 +0000] [783844] [INFO] Booting worker with pid: 783844
[2023-09-22 08:17:44 +0000] [783846] [INFO] Booting worker with pid: 783846
[2023-09-22 08:17:44 +0000] [783845] [INFO] Booting worker with pid: 783845
[2023-09-22 08:17:45 +0000] [783843] [INFO] Started server process [783843]
[2023-09-22 08:17:45 +0000] [783843] [INFO] Waiting for application startup.
[2023-09-22 08:17:45 +0000] [783843] [INFO] Application startup complete.
[2023-09-22 08:17:45 +0000] [783844] [INFO] Started server process [783844]
[2023-09-22 08:17:45 +0000] [783844] [INFO] Waiting for application startup.
[2023-09-22 08:17:45 +0000] [783844] [INFO] Application startup complete.
[2023-09-22 08:17:45 +0000] [783845] [INFO] Started server process [783845]
[2023-09-22 08:17:45 +0000] [783845] [INFO] Waiting for application startup.
[2023-09-22 08:17:45 +0000] [783845] [INFO] Application startup complete.
[2023-09-22 08:17:45 +0000] [783846] [INFO] Started server process [783846]
[2023-09-22 08:17:45 +0000] [783846] [INFO] Waiting for application startup.
[2023-09-22 08:17:45 +0000] [783846] [INFO] Application startup complete.
[2023-09-22 10:49:42 +0000] [783841] [INFO] Handling signal: term
[2023-09-22 10:49:42 +0000] [783844] [INFO] Shutting down
[2023-09-22 10:49:42 +0000] [783845] [INFO] Shutting down
[2023-09-22 10:49:42 +0000] [783843] [INFO] Shutting down
[2023-09-22 10:49:42 +0000] [783846] [INFO] Shutting down
[2023-09-22 10:49:42 +0000] [783844] [INFO] Waiting for application shutdown.
[2023-09-22 10:49:42 +0000] [783844] [INFO] Application shutdown complete.
[2023-09-22 10:49:42 +0000] [783844] [INFO] Finished server process [783844]
[2023-09-22 10:49:42 +0000] [783844] [INFO] Worker exiting (pid: 783844)
[2023-09-22 10:49:42 +0000] [783845] [INFO] Waiting for connections to close. (CTRL+C to force quit)
[2023-09-22 10:49:42 +0000] [783843] [INFO] Waiting for application shutdown.
[2023-09-22 10:49:42 +0000] [783843] [INFO] Application shutdown complete.
[2023-09-22 10:49:42 +0000] [783843] [INFO] Finished server process [783843]
[2023-09-22 10:49:42 +0000] [783843] [INFO] Worker exiting (pid: 783843)
[2023-09-22 10:49:42 +0000] [783846] [INFO] Waiting for application shutdown.
[2023-09-22 10:49:42 +0000] [783846] [INFO] Application shutdown complete.
[2023-09-22 10:49:42 +0000] [783846] [INFO] Finished server process [783846]
[2023-09-22 10:49:42 +0000] [783846] [INFO] Worker exiting (pid: 783846)
[2023-09-22 10:49:42 +0000] [783845] [INFO] Waiting for application shutdown.
[2023-09-22 10:49:42 +0000] [783845] [INFO] Application shutdown complete.
[2023-09-22 10:49:42 +0000] [783845] [INFO] Finished server process [783845]
[2023-09-22 10:49:42 +0000] [783845] [INFO] Worker exiting (pid: 783845)
[2023-09-22 10:49:43 +0000] [783841] [INFO] Shutting down: Master
[2023-09-22 10:49:44 +0000] [789348] [INFO] Starting gunicorn 21.2.0
[2023-09-22 10:49:44 +0000] [789348] [INFO] Listening at: https://0.0.0.0:443 (789348)
[2023-09-22 10:49:44 +0000] [789348] [INFO] Using worker: uvicorn.workers.UvicornWorker
[2023-09-22 10:49:44 +0000] [789351] [INFO] Booting worker with pid: 789351
[2023-09-22 10:49:44 +0000] [789354] [INFO] Booting worker with pid: 789354
[2023-09-22 10:49:45 +0000] [789355] [INFO] Booting worker with pid: 789355
[2023-09-22 10:49:45 +0000] [789356] [INFO] Booting worker with pid: 789356
[2023-09-22 10:49:46 +0000] [789351] [INFO] Started server process [789351]
[2023-09-22 10:49:46 +0000] [789351] [INFO] Waiting for application startup.
[2023-09-22 10:49:46 +0000] [789351] [INFO] Application startup complete.
[2023-09-22 10:49:46 +0000] [789354] [INFO] Started server process [789354]
[2023-09-22 10:49:46 +0000] [789354] [INFO] Waiting for application startup.
[2023-09-22 10:49:46 +0000] [789354] [INFO] Application startup complete.
[2023-09-22 10:49:46 +0000] [789355] [INFO] Started server process [789355]
[2023-09-22 10:49:46 +0000] [789355] [INFO] Waiting for application startup.
[2023-09-22 10:49:46 +0000] [789355] [INFO] Application startup complete.
[2023-09-22 10:49:46 +0000] [789356] [INFO] Started server process [789356]
[2023-09-22 10:49:46 +0000] [789356] [INFO] Waiting for application startup.
[2023-09-22 10:49:46 +0000] [789356] [INFO] Application startup complete.
[2023-09-22 10:50:16 +0000] [789348] [INFO] Handling signal: term
[2023-09-22 10:50:16 +0000] [789356] [INFO] Shutting down
[2023-09-22 10:50:16 +0000] [789351] [INFO] Shutting down
[2023-09-22 10:50:16 +0000] [789354] [INFO] Shutting down
[2023-09-22 10:50:17 +0000] [789355] [INFO] Shutting down
[2023-09-22 10:50:17 +0000] [789356] [INFO] Waiting for application shutdown.
[2023-09-22 10:50:17 +0000] [789356] [INFO] Application shutdown complete.
[2023-09-22 10:50:17 +0000] [789356] [INFO] Finished server process [789356]
[2023-09-22 10:50:17 +0000] [789356] [INFO] Worker exiting (pid: 789356)
[2023-09-22 10:50:17 +0000] [789351] [INFO] Waiting for application shutdown.
[2023-09-22 10:50:17 +0000] [789351] [INFO] Application shutdown complete.
[2023-09-22 10:50:17 +0000] [789351] [INFO] Finished server process [789351]
[2023-09-22 10:50:17 +0000] [789351] [INFO] Worker exiting (pid: 789351)
[2023-09-22 10:50:17 +0000] [789354] [INFO] Waiting for application shutdown.
[2023-09-22 10:50:17 +0000] [789354] [INFO] Application shutdown complete.
[2023-09-22 10:50:17 +0000] [789354] [INFO] Finished server process [789354]
[2023-09-22 10:50:17 +0000] [789354] [INFO] Worker exiting (pid: 789354)
[2023-09-22 10:50:17 +0000] [789355] [INFO] Waiting for application shutdown.
[2023-09-22 10:50:17 +0000] [789355] [INFO] Application shutdown complete.
[2023-09-22 10:50:17 +0000] [789355] [INFO] Finished server process [789355]
[2023-09-22 10:50:17 +0000] [789355] [INFO] Worker exiting (pid: 789355)
[2023-09-22 10:50:17 +0000] [789348] [INFO] Shutting down: Master
[2023-09-22 10:50:19 +0000] [789419] [INFO] Starting gunicorn 21.2.0
[2023-09-22 10:50:19 +0000] [789419] [INFO] Listening at: https://0.0.0.0:443 (789419)
[2023-09-22 10:50:19 +0000] [789419] [INFO] Using worker: uvicorn.workers.UvicornWorker
[2023-09-22 10:50:19 +0000] [789422] [INFO] Booting worker with pid: 789422
[2023-09-22 10:50:19 +0000] [789423] [INFO] Booting worker with pid: 789423
[2023-09-22 10:50:19 +0000] [789424] [INFO] Booting worker with pid: 789424
[2023-09-22 10:50:19 +0000] [789425] [INFO] Booting worker with pid: 789425
[2023-09-22 10:50:21 +0000] [789422] [INFO] Started server process [789422]
[2023-09-22 10:50:21 +0000] [789422] [INFO] Waiting for application startup.
[2023-09-22 10:50:21 +0000] [789422] [INFO] Application startup complete.
[2023-09-22 10:50:21 +0000] [789423] [INFO] Started server process [789423]
[2023-09-22 10:50:21 +0000] [789423] [INFO] Waiting for application startup.
[2023-09-22 10:50:21 +0000] [789423] [INFO] Application startup complete.
[2023-09-22 10:50:21 +0000] [789424] [INFO] Started server process [789424]
[2023-09-22 10:50:21 +0000] [789424] [INFO] Waiting for application startup.
[2023-09-22 10:50:21 +0000] [789424] [INFO] Application startup complete.
[2023-09-22 10:50:21 +0000] [789425] [INFO] Started server process [789425]
[2023-09-22 10:50:21 +0000] [789425] [INFO] Waiting for application startup.
[2023-09-22 10:50:21 +0000] [789425] [INFO] Application startup complete.
[2023-09-22 10:50:34 +0000] [789419] [INFO] Handling signal: term
[2023-09-22 10:50:34 +0000] [789424] [INFO] Shutting down
[2023-09-22 10:50:34 +0000] [789425] [INFO] Shutting down
[2023-09-22 10:50:34 +0000] [789422] [INFO] Shutting down
[2023-09-22 10:50:34 +0000] [789423] [INFO] Shutting down
[2023-09-22 10:50:34 +0000] [789424] [INFO] Waiting for connections to close. (CTRL+C to force quit)
[2023-09-22 10:50:34 +0000] [789425] [INFO] Waiting for application shutdown.
[2023-09-22 10:50:34 +0000] [789425] [INFO] Application shutdown complete.
[2023-09-22 10:50:34 +0000] [789425] [INFO] Finished server process [789425]
[2023-09-22 10:50:34 +0000] [789425] [INFO] Worker exiting (pid: 789425)
[2023-09-22 10:50:34 +0000] [789422] [INFO] Waiting for application shutdown.
[2023-09-22 10:50:34 +0000] [789422] [INFO] Application shutdown complete.
[2023-09-22 10:50:34 +0000] [789422] [INFO] Finished server process [789422]
[2023-09-22 10:50:34 +0000] [789422] [INFO] Worker exiting (pid: 789422)
[2023-09-22 10:50:34 +0000] [789423] [INFO] Waiting for application shutdown.
[2023-09-22 10:50:34 +0000] [789423] [INFO] Application shutdown complete.
[2023-09-22 10:50:34 +0000] [789423] [INFO] Finished server process [789423]
[2023-09-22 10:50:34 +0000] [789423] [INFO] Worker exiting (pid: 789423)
[2023-09-22 10:50:34 +0000] [789424] [INFO] Waiting for application shutdown.
[2023-09-22 10:50:34 +0000] [789424] [INFO] Application shutdown complete.
[2023-09-22 10:50:34 +0000] [789424] [INFO] Finished server process [789424]
[2023-09-22 10:50:34 +0000] [789424] [INFO] Worker exiting (pid: 789424)
[2023-09-22 10:50:34 +0000] [789419] [INFO] Shutting down: Master
[2023-09-22 10:50:34 +0000] [789474] [INFO] Starting gunicorn 21.2.0
[2023-09-22 10:50:34 +0000] [789474] [INFO] Listening at: https://0.0.0.0:443 (789474)
[2023-09-22 10:50:34 +0000] [789474] [INFO] Using worker: uvicorn.workers.UvicornWorker
[2023-09-22 10:50:34 +0000] [789477] [INFO] Booting worker with pid: 789477
[2023-09-22 10:50:34 +0000] [789478] [INFO] Booting worker with pid: 789478
[2023-09-22 10:50:34 +0000] [789479] [INFO] Booting worker with pid: 789479
[2023-09-22 10:50:34 +0000] [789480] [INFO] Booting worker with pid: 789480
[2023-09-22 10:50:36 +0000] [789477] [INFO] Started server process [789477]
[2023-09-22 10:50:36 +0000] [789477] [INFO] Waiting for application startup.
[2023-09-22 10:50:36 +0000] [789477] [INFO] Application startup complete.
[2023-09-22 10:50:36 +0000] [789478] [INFO] Started server process [789478]
[2023-09-22 10:50:36 +0000] [789478] [INFO] Waiting for application startup.
[2023-09-22 10:50:36 +0000] [789478] [INFO] Application startup complete.
[2023-09-22 10:50:36 +0000] [789479] [INFO] Started server process [789479]
[2023-09-22 10:50:36 +0000] [789479] [INFO] Waiting for application startup.
[2023-09-22 10:50:36 +0000] [789479] [INFO] Application startup complete.
[2023-09-22 10:50:36 +0000] [789480] [INFO] Started server process [789480]
[2023-09-22 10:50:36 +0000] [789480] [INFO] Waiting for application startup.
[2023-09-22 10:50:36 +0000] [789480] [INFO] Application startup complete.
[2023-09-22 10:51:24 +0000] [789474] [INFO] Handling signal: term
[2023-09-22 10:51:24 +0000] [789478] [INFO] Shutting down
[2023-09-22 10:51:24 +0000] [789479] [INFO] Shutting down
[2023-09-22 10:51:24 +0000] [789480] [INFO] Shutting down
[2023-09-22 10:51:24 +0000] [789477] [INFO] Shutting down
[2023-09-22 10:51:24 +0000] [789478] [INFO] Waiting for application shutdown.
[2023-09-22 10:51:24 +0000] [789478] [INFO] Application shutdown complete.
[2023-09-22 10:51:24 +0000] [789478] [INFO] Finished server process [789478]
[2023-09-22 10:51:24 +0000] [789478] [INFO] Worker exiting (pid: 789478)
[2023-09-22 10:51:24 +0000] [789479] [INFO] Waiting for application shutdown.
[2023-09-22 10:51:24 +0000] [789479] [INFO] Application shutdown complete.
[2023-09-22 10:51:24 +0000] [789479] [INFO] Finished server process [789479]
[2023-09-22 10:51:24 +0000] [789479] [INFO] Worker exiting (pid: 789479)
[2023-09-22 10:51:25 +0000] [789480] [INFO] Waiting for application shutdown.
[2023-09-22 10:51:25 +0000] [789480] [INFO] Application shutdown complete.
[2023-09-22 10:51:25 +0000] [789480] [INFO] Finished server process [789480]
[2023-09-22 10:51:25 +0000] [789480] [INFO] Worker exiting (pid: 789480)
[2023-09-22 10:51:25 +0000] [789477] [INFO] Waiting for application shutdown.
[2023-09-22 10:51:25 +0000] [789477] [INFO] Application shutdown complete.
[2023-09-22 10:51:25 +0000] [789477] [INFO] Finished server process [789477]
[2023-09-22 10:51:25 +0000] [789477] [INFO] Worker exiting (pid: 789477)
[2023-09-22 10:51:25 +0000] [789474] [INFO] Shutting down: Master
[2023-09-22 10:51:27 +0000] [789557] [INFO] Starting gunicorn 21.2.0
[2023-09-22 10:51:27 +0000] [789557] [INFO] Listening at: https://0.0.0.0:443 (789557)
[2023-09-22 10:51:27 +0000] [789557] [INFO] Using worker: uvicorn.workers.UvicornWorker
[2023-09-22 10:51:27 +0000] [789559] [INFO] Booting worker with pid: 789559
[2023-09-22 10:51:27 +0000] [789560] [INFO] Booting worker with pid: 789560
[2023-09-22 10:51:27 +0000] [789561] [INFO] Booting worker with pid: 789561
[2023-09-22 10:51:27 +0000] [789562] [INFO] Booting worker with pid: 789562
[2023-09-22 10:51:29 +0000] [789559] [INFO] Started server process [789559]
[2023-09-22 10:51:29 +0000] [789559] [INFO] Waiting for application startup.
[2023-09-22 10:51:29 +0000] [789559] [INFO] Application startup complete.
[2023-09-22 10:51:29 +0000] [789560] [INFO] Started server process [789560]
[2023-09-22 10:51:29 +0000] [789560] [INFO] Waiting for application startup.
[2023-09-22 10:51:29 +0000] [789560] [INFO] Application startup complete.
[2023-09-22 10:51:29 +0000] [789561] [INFO] Started server process [789561]
[2023-09-22 10:51:29 +0000] [789561] [INFO] Waiting for application startup.
[2023-09-22 10:51:29 +0000] [789561] [INFO] Application startup complete.
[2023-09-22 10:51:29 +0000] [789562] [INFO] Started server process [789562]
[2023-09-22 10:51:29 +0000] [789562] [INFO] Waiting for application startup.
[2023-09-22 10:51:29 +0000] [789562] [INFO] Application startup complete.
[2023-09-22 10:52:00 +0000] [789557] [INFO] Handling signal: term
[2023-09-22 10:52:00 +0000] [789560] [INFO] Shutting down
[2023-09-22 10:52:00 +0000] [789562] [INFO] Shutting down
[2023-09-22 10:52:00 +0000] [789561] [INFO] Shutting down
[2023-09-22 10:52:00 +0000] [789559] [INFO] Shutting down
[2023-09-22 10:52:00 +0000] [789560] [INFO] Waiting for application shutdown.
[2023-09-22 10:52:00 +0000] [789560] [INFO] Application shutdown complete.
[2023-09-22 10:52:00 +0000] [789560] [INFO] Finished server process [789560]
[2023-09-22 10:52:00 +0000] [789560] [INFO] Worker exiting (pid: 789560)
[2023-09-22 10:52:00 +0000] [789562] [INFO] Waiting for application shutdown.
[2023-09-22 10:52:00 +0000] [789562] [INFO] Application shutdown complete.
[2023-09-22 10:52:00 +0000] [789562] [INFO] Finished server process [789562]
[2023-09-22 10:52:00 +0000] [789562] [INFO] Worker exiting (pid: 789562)
[2023-09-22 10:52:00 +0000] [789561] [INFO] Waiting for application shutdown.
[2023-09-22 10:52:00 +0000] [789561] [INFO] Application shutdown complete.
[2023-09-22 10:52:00 +0000] [789561] [INFO] Finished server process [789561]
[2023-09-22 10:52:00 +0000] [789561] [INFO] Worker exiting (pid: 789561)
[2023-09-22 10:52:00 +0000] [789559] [INFO] Waiting for application shutdown.
[2023-09-22 10:52:00 +0000] [789559] [INFO] Application shutdown complete.
[2023-09-22 10:52:00 +0000] [789559] [INFO] Finished server process [789559]
[2023-09-22 10:52:00 +0000] [789559] [INFO] Worker exiting (pid: 789559)
[2023-09-22 10:52:00 +0000] [789557] [INFO] Shutting down: Master
[2023-09-22 10:52:00 +0000] [789620] [INFO] Starting gunicorn 21.2.0
[2023-09-22 10:52:00 +0000] [789620] [INFO] Listening at: https://0.0.0.0:443 (789620)
[2023-09-22 10:52:00 +0000] [789620] [INFO] Using worker: uvicorn.workers.UvicornWorker
[2023-09-22 10:52:00 +0000] [789623] [INFO] Booting worker with pid: 789623
[2023-09-22 10:52:00 +0000] [789624] [INFO] Booting worker with pid: 789624
[2023-09-22 10:52:01 +0000] [789625] [INFO] Booting worker with pid: 789625
[2023-09-22 10:52:01 +0000] [789626] [INFO] Booting worker with pid: 789626
[2023-09-22 10:52:02 +0000] [789623] [INFO] Started server process [789623]
[2023-09-22 10:52:02 +0000] [789623] [INFO] Waiting for application startup.
[2023-09-22 10:52:02 +0000] [789623] [INFO] Application startup complete.
[2023-09-22 10:52:02 +0000] [789624] [INFO] Started server process [789624]
[2023-09-22 10:52:02 +0000] [789624] [INFO] Waiting for application startup.
[2023-09-22 10:52:02 +0000] [789624] [INFO] Application startup complete.
[2023-09-22 10:52:02 +0000] [789626] [INFO] Started server process [789626]
[2023-09-22 10:52:02 +0000] [789626] [INFO] Waiting for application startup.
[2023-09-22 10:52:02 +0000] [789626] [INFO] Application startup complete.
[2023-09-22 10:52:02 +0000] [789625] [INFO] Started server process [789625]
[2023-09-22 10:52:02 +0000] [789625] [INFO] Waiting for application startup.
[2023-09-22 10:52:02 +0000] [789625] [INFO] Application startup complete.
[2023-09-22 10:52:51 +0000] [789684] [INFO] Starting gunicorn 21.2.0
[2023-09-22 10:52:56 +0000] [789620] [INFO] Handling signal: term
[2023-09-22 10:52:57 +0000] [789626] [INFO] Shutting down
[2023-09-22 10:52:57 +0000] [789625] [INFO] Shutting down
[2023-09-22 10:52:57 +0000] [789623] [INFO] Shutting down
[2023-09-22 10:52:57 +0000] [789624] [INFO] Shutting down
[2023-09-22 10:52:57 +0000] [789626] [INFO] Waiting for application shutdown.
[2023-09-22 10:52:57 +0000] [789626] [INFO] Application shutdown complete.
[2023-09-22 10:52:57 +0000] [789626] [INFO] Finished server process [789626]
[2023-09-22 10:52:57 +0000] [789625] [INFO] Waiting for application shutdown.
[2023-09-22 10:52:57 +0000] [789625] [INFO] Application shutdown complete.
[2023-09-22 10:52:57 +0000] [789625] [INFO] Finished server process [789625]
[2023-09-22 10:52:57 +0000] [789626] [INFO] Worker exiting (pid: 789626)
[2023-09-22 10:52:57 +0000] [789625] [INFO] Worker exiting (pid: 789625)
[2023-09-22 10:52:57 +0000] [789623] [INFO] Waiting for application shutdown.
[2023-09-22 10:52:57 +0000] [789623] [INFO] Application shutdown complete.
[2023-09-22 10:52:57 +0000] [789623] [INFO] Finished server process [789623]
[2023-09-22 10:52:57 +0000] [789623] [INFO] Worker exiting (pid: 789623)
[2023-09-22 10:52:57 +0000] [789624] [INFO] Waiting for application shutdown.
[2023-09-22 10:52:57 +0000] [789624] [INFO] Application shutdown complete.
[2023-09-22 10:52:57 +0000] [789624] [INFO] Finished server process [789624]
[2023-09-22 10:52:57 +0000] [789624] [INFO] Worker exiting (pid: 789624)
[2023-09-22 10:52:57 +0000] [789620] [INFO] Shutting down: Master
[2023-09-22 10:53:14 +0000] [789789] [INFO] Starting gunicorn 21.2.0
[2023-09-22 10:53:14 +0000] [789789] [INFO] Listening at: https://0.0.0.0:443 (789789)
[2023-09-22 10:53:14 +0000] [789789] [INFO] Using worker: uvicorn.workers.UvicornWorker
[2023-09-22 10:53:14 +0000] [789792] [INFO] Booting worker with pid: 789792
[2023-09-22 10:53:14 +0000] [789793] [INFO] Booting worker with pid: 789793
[2023-09-22 10:53:14 +0000] [789794] [INFO] Booting worker with pid: 789794
[2023-09-22 10:53:14 +0000] [789795] [INFO] Booting worker with pid: 789795
[2023-09-22 10:53:15 +0000] [789792] [INFO] Started server process [789792]
[2023-09-22 10:53:15 +0000] [789792] [INFO] Waiting for application startup.
[2023-09-22 10:53:15 +0000] [789792] [INFO] Application startup complete.
[2023-09-22 10:53:15 +0000] [789794] [INFO] Started server process [789794]
[2023-09-22 10:53:15 +0000] [789794] [INFO] Waiting for application startup.
[2023-09-22 10:53:15 +0000] [789794] [INFO] Application startup complete.
[2023-09-22 10:53:15 +0000] [789793] [INFO] Started server process [789793]
[2023-09-22 10:53:15 +0000] [789793] [INFO] Waiting for application startup.
[2023-09-22 10:53:15 +0000] [789793] [INFO] Application startup complete.
[2023-09-22 10:53:15 +0000] [789795] [INFO] Started server process [789795]
[2023-09-22 10:53:15 +0000] [789795] [INFO] Waiting for application startup.
[2023-09-22 10:53:15 +0000] [789795] [INFO] Application startup complete.
[2023-09-22 10:54:02 +0000] [789789] [INFO] Handling signal: term
[2023-09-22 10:54:02 +0000] [789794] [INFO] Shutting down
[2023-09-22 10:54:02 +0000] [789793] [INFO] Shutting down
[2023-09-22 10:54:02 +0000] [789792] [INFO] Shutting down
[2023-09-22 10:54:02 +0000] [789795] [INFO] Shutting down
[2023-09-22 10:54:02 +0000] [789794] [INFO] Waiting for connections to close. (CTRL+C to force quit)
[2023-09-22 10:54:02 +0000] [789793] [INFO] Waiting for application shutdown.
[2023-09-22 10:54:02 +0000] [789793] [INFO] Application shutdown complete.
[2023-09-22 10:54:02 +0000] [789793] [INFO] Finished server process [789793]
[2023-09-22 10:54:02 +0000] [789793] [INFO] Worker exiting (pid: 789793)
[2023-09-22 10:54:02 +0000] [789792] [INFO] Waiting for application shutdown.
[2023-09-22 10:54:02 +0000] [789792] [INFO] Application shutdown complete.
[2023-09-22 10:54:02 +0000] [789792] [INFO] Finished server process [789792]
[2023-09-22 10:54:02 +0000] [789795] [INFO] Waiting for application shutdown.
[2023-09-22 10:54:02 +0000] [789792] [INFO] Worker exiting (pid: 789792)
[2023-09-22 10:54:02 +0000] [789795] [INFO] Application shutdown complete.
[2023-09-22 10:54:02 +0000] [789795] [INFO] Finished server process [789795]
[2023-09-22 10:54:02 +0000] [789795] [INFO] Worker exiting (pid: 789795)
[2023-09-22 10:54:02 +0000] [789794] [INFO] Waiting for application shutdown.
[2023-09-22 10:54:02 +0000] [789794] [INFO] Application shutdown complete.
[2023-09-22 10:54:02 +0000] [789794] [INFO] Finished server process [789794]
[2023-09-22 10:54:02 +0000] [789794] [INFO] Worker exiting (pid: 789794)
[2023-09-22 10:54:02 +0000] [789789] [INFO] Shutting down: Master
[2023-09-22 10:54:03 +0000] [789882] [INFO] Starting gunicorn 21.2.0
[2023-09-22 10:54:03 +0000] [789882] [INFO] Listening at: https://0.0.0.0:443 (789882)
[2023-09-22 10:54:03 +0000] [789882] [INFO] Using worker: uvicorn.workers.UvicornWorker
[2023-09-22 10:54:03 +0000] [789884] [INFO] Booting worker with pid: 789884
[2023-09-22 10:54:03 +0000] [789885] [INFO] Booting worker with pid: 789885
[2023-09-22 10:54:03 +0000] [789886] [INFO] Booting worker with pid: 789886
[2023-09-22 10:54:03 +0000] [789887] [INFO] Booting worker with pid: 789887
[2023-09-22 10:54:04 +0000] [789884] [INFO] Started server process [789884]
[2023-09-22 10:54:04 +0000] [789884] [INFO] Waiting for application startup.
[2023-09-22 10:54:04 +0000] [789884] [INFO] Application startup complete.
[2023-09-22 10:54:04 +0000] [789886] [INFO] Started server process [789886]
[2023-09-22 10:54:04 +0000] [789886] [INFO] Waiting for application startup.
[2023-09-22 10:54:04 +0000] [789886] [INFO] Application startup complete.
[2023-09-22 10:54:04 +0000] [789885] [INFO] Started server process [789885]
[2023-09-22 10:54:04 +0000] [789885] [INFO] Waiting for application startup.
[2023-09-22 10:54:04 +0000] [789885] [INFO] Application startup complete.
[2023-09-22 10:54:05 +0000] [789887] [INFO] Started server process [789887]
[2023-09-22 10:54:05 +0000] [789887] [INFO] Waiting for application startup.
[2023-09-22 10:54:05 +0000] [789887] [INFO] Application startup complete.
[2023-09-22 10:54:52 +0000] [789882] [INFO] Handling signal: term
[2023-09-22 10:54:52 +0000] [789885] [INFO] Shutting down
[2023-09-22 10:54:52 +0000] [789884] [INFO] Shutting down
[2023-09-22 10:54:52 +0000] [789886] [INFO] Shutting down
[2023-09-22 10:54:52 +0000] [789887] [INFO] Shutting down
[2023-09-22 10:54:52 +0000] [789885] [INFO] Waiting for application shutdown.
[2023-09-22 10:54:52 +0000] [789885] [INFO] Application shutdown complete.
[2023-09-22 10:54:52 +0000] [789885] [INFO] Finished server process [789885]
[2023-09-22 10:54:52 +0000] [789885] [INFO] Worker exiting (pid: 789885)
[2023-09-22 10:54:52 +0000] [789884] [INFO] Waiting for application shutdown.
[2023-09-22 10:54:52 +0000] [789884] [INFO] Application shutdown complete.
[2023-09-22 10:54:52 +0000] [789884] [INFO] Finished server process [789884]
[2023-09-22 10:54:52 +0000] [789884] [INFO] Worker exiting (pid: 789884)
[2023-09-22 10:54:52 +0000] [789886] [INFO] Waiting for connections to close. (CTRL+C to force quit)
[2023-09-22 10:54:52 +0000] [789887] [INFO] Waiting for application shutdown.
[2023-09-22 10:54:52 +0000] [789887] [INFO] Application shutdown complete.
[2023-09-22 10:54:52 +0000] [789887] [INFO] Finished server process [789887]
[2023-09-22 10:54:52 +0000] [789887] [INFO] Worker exiting (pid: 789887)
[2023-09-22 10:54:52 +0000] [789886] [INFO] Waiting for application shutdown.
[2023-09-22 10:54:52 +0000] [789886] [INFO] Application shutdown complete.
[2023-09-22 10:54:52 +0000] [789886] [INFO] Finished server process [789886]
[2023-09-22 10:54:52 +0000] [789886] [INFO] Worker exiting (pid: 789886)
[2023-09-22 10:54:52 +0000] [789952] [INFO] Starting gunicorn 21.2.0
[2023-09-22 10:54:52 +0000] [789882] [INFO] Shutting down: Master
[2023-09-22 10:55:18 +0000] [790001] [INFO] Starting gunicorn 21.2.0
[2023-09-22 10:55:18 +0000] [790001] [INFO] Listening at: https://0.0.0.0:443 (790001)
[2023-09-22 10:55:18 +0000] [790001] [INFO] Using worker: uvicorn.workers.UvicornWorker
[2023-09-22 10:55:18 +0000] [790004] [INFO] Booting worker with pid: 790004
[2023-09-22 10:55:18 +0000] [790005] [INFO] Booting worker with pid: 790005
[2023-09-22 10:55:18 +0000] [790006] [INFO] Booting worker with pid: 790006
[2023-09-22 10:55:18 +0000] [790007] [INFO] Booting worker with pid: 790007
[2023-09-22 10:55:19 +0000] [790005] [INFO] Started server process [790005]
[2023-09-22 10:55:19 +0000] [790005] [INFO] Waiting for application startup.
[2023-09-22 10:55:19 +0000] [790005] [INFO] Application startup complete.
[2023-09-22 10:55:19 +0000] [790004] [INFO] Started server process [790004]
[2023-09-22 10:55:19 +0000] [790004] [INFO] Waiting for application startup.
[2023-09-22 10:55:19 +0000] [790004] [INFO] Application startup complete.
[2023-09-22 10:55:20 +0000] [790006] [INFO] Started server process [790006]
[2023-09-22 10:55:20 +0000] [790006] [INFO] Waiting for application startup.
[2023-09-22 10:55:20 +0000] [790006] [INFO] Application startup complete.
[2023-09-22 10:55:20 +0000] [790007] [INFO] Started server process [790007]
[2023-09-22 10:55:20 +0000] [790007] [INFO] Waiting for application startup.
[2023-09-22 10:55:20 +0000] [790007] [INFO] Application startup complete.
[2023-09-22 10:55:33 +0000] [790001] [INFO] Handling signal: term
[2023-09-22 10:55:34 +0000] [790005] [INFO] Shutting down
[2023-09-22 10:55:34 +0000] [790006] [INFO] Shutting down
[2023-09-22 10:55:34 +0000] [790004] [INFO] Shutting down
[2023-09-22 10:55:34 +0000] [790007] [INFO] Shutting down
[2023-09-22 10:55:34 +0000] [790005] [INFO] Waiting for application shutdown.
[2023-09-22 10:55:34 +0000] [790005] [INFO] Application shutdown complete.
[2023-09-22 10:55:34 +0000] [790005] [INFO] Finished server process [790005]
[2023-09-22 10:55:34 +0000] [790006] [INFO] Waiting for application shutdown.
[2023-09-22 10:55:34 +0000] [790006] [INFO] Application shutdown complete.
[2023-09-22 10:55:34 +0000] [790006] [INFO] Finished server process [790006]
[2023-09-22 10:55:34 +0000] [790005] [INFO] Worker exiting (pid: 790005)
[2023-09-22 10:55:34 +0000] [790006] [INFO] Worker exiting (pid: 790006)
[2023-09-22 10:55:34 +0000] [790004] [INFO] Waiting for application shutdown.
[2023-09-22 10:55:34 +0000] [790004] [INFO] Application shutdown complete.
[2023-09-22 10:55:34 +0000] [790004] [INFO] Finished server process [790004]
[2023-09-22 10:55:34 +0000] [790004] [INFO] Worker exiting (pid: 790004)
[2023-09-22 10:55:34 +0000] [790007] [INFO] Waiting for application shutdown.
[2023-09-22 10:55:34 +0000] [790007] [INFO] Application shutdown complete.
[2023-09-22 10:55:34 +0000] [790007] [INFO] Finished server process [790007]
[2023-09-22 10:55:34 +0000] [790007] [INFO] Worker exiting (pid: 790007)
[2023-09-22 10:55:34 +0000] [790001] [INFO] Shutting down: Master
[2023-09-22 10:55:35 +0000] [790060] [INFO] Starting gunicorn 21.2.0
[2023-09-22 10:55:35 +0000] [790060] [INFO] Listening at: https://0.0.0.0:443 (790060)
[2023-09-22 10:55:35 +0000] [790060] [INFO] Using worker: uvicorn.workers.UvicornWorker
[2023-09-22 10:55:35 +0000] [790062] [INFO] Booting worker with pid: 790062
[2023-09-22 10:55:35 +0000] [790063] [INFO] Booting worker with pid: 790063
[2023-09-22 10:55:35 +0000] [790066] [INFO] Booting worker with pid: 790066
[2023-09-22 10:55:35 +0000] [790067] [INFO] Booting worker with pid: 790067
[2023-09-22 10:55:36 +0000] [790063] [INFO] Started server process [790063]
[2023-09-22 10:55:36 +0000] [790063] [INFO] Waiting for application startup.
[2023-09-22 10:55:36 +0000] [790063] [INFO] Application startup complete.
[2023-09-22 10:55:36 +0000] [790062] [INFO] Started server process [790062]
[2023-09-22 10:55:36 +0000] [790062] [INFO] Waiting for application startup.
[2023-09-22 10:55:36 +0000] [790062] [INFO] Application startup complete.
[2023-09-22 10:55:36 +0000] [790066] [INFO] Started server process [790066]
[2023-09-22 10:55:36 +0000] [790066] [INFO] Waiting for application startup.
[2023-09-22 10:55:36 +0000] [790066] [INFO] Application startup complete.
[2023-09-22 10:55:36 +0000] [790067] [INFO] Started server process [790067]
[2023-09-22 10:55:36 +0000] [790067] [INFO] Waiting for application startup.
[2023-09-22 10:55:36 +0000] [790067] [INFO] Application startup complete.
[2023-09-22 10:56:20 +0000] [790060] [INFO] Handling signal: term
[2023-09-22 10:56:20 +0000] [790066] [INFO] Shutting down
[2023-09-22 10:56:20 +0000] [790067] [INFO] Shutting down
[2023-09-22 10:56:20 +0000] [790063] [INFO] Shutting down
[2023-09-22 10:56:20 +0000] [790062] [INFO] Shutting down
[2023-09-22 10:56:20 +0000] [790066] [INFO] Waiting for application shutdown.
[2023-09-22 10:56:20 +0000] [790066] [INFO] Application shutdown complete.
[2023-09-22 10:56:20 +0000] [790066] [INFO] Finished server process [790066]
[2023-09-22 10:56:20 +0000] [790066] [INFO] Worker exiting (pid: 790066)
[2023-09-22 10:56:21 +0000] [790067] [INFO] Waiting for application shutdown.
[2023-09-22 10:56:21 +0000] [790067] [INFO] Application shutdown complete.
[2023-09-22 10:56:21 +0000] [790067] [INFO] Finished server process [790067]
[2023-09-22 10:56:21 +0000] [790067] [INFO] Worker exiting (pid: 790067)
[2023-09-22 10:56:21 +0000] [790063] [INFO] Waiting for application shutdown.
[2023-09-22 10:56:21 +0000] [790063] [INFO] Application shutdown complete.
[2023-09-22 10:56:21 +0000] [790063] [INFO] Finished server process [790063]
[2023-09-22 10:56:21 +0000] [790063] [INFO] Worker exiting (pid: 790063)
[2023-09-22 10:56:21 +0000] [790062] [INFO] Waiting for application shutdown.
[2023-09-22 10:56:21 +0000] [790062] [INFO] Application shutdown complete.
[2023-09-22 10:56:21 +0000] [790062] [INFO] Finished server process [790062]
[2023-09-22 10:56:21 +0000] [790062] [INFO] Worker exiting (pid: 790062)
[2023-09-22 10:56:21 +0000] [790060] [INFO] Shutting down: Master
[2023-09-22 10:56:22 +0000] [790132] [INFO] Starting gunicorn 21.2.0
[2023-09-22 10:56:22 +0000] [790132] [INFO] Listening at: https://0.0.0.0:443 (790132)
[2023-09-22 10:56:22 +0000] [790132] [INFO] Using worker: uvicorn.workers.UvicornWorker
[2023-09-22 10:56:22 +0000] [790134] [INFO] Booting worker with pid: 790134
[2023-09-22 10:56:22 +0000] [790135] [INFO] Booting worker with pid: 790135
[2023-09-22 10:56:22 +0000] [790136] [INFO] Booting worker with pid: 790136
[2023-09-22 10:56:22 +0000] [790137] [INFO] Booting worker with pid: 790137
[2023-09-22 10:56:23 +0000] [790134] [INFO] Started server process [790134]
[2023-09-22 10:56:23 +0000] [790134] [INFO] Waiting for application startup.
[2023-09-22 10:56:23 +0000] [790134] [INFO] Application startup complete.
[2023-09-22 10:56:23 +0000] [790135] [INFO] Started server process [790135]
[2023-09-22 10:56:23 +0000] [790135] [INFO] Waiting for application startup.
[2023-09-22 10:56:23 +0000] [790135] [INFO] Application startup complete.
[2023-09-22 10:56:23 +0000] [790137] [INFO] Started server process [790137]
[2023-09-22 10:56:23 +0000] [790137] [INFO] Waiting for application startup.
[2023-09-22 10:56:23 +0000] [790137] [INFO] Application startup complete.
[2023-09-22 10:56:23 +0000] [790136] [INFO] Started server process [790136]
[2023-09-22 10:56:23 +0000] [790136] [INFO] Waiting for application startup.
[2023-09-22 10:56:23 +0000] [790136] [INFO] Application startup complete.
[2023-09-22 10:56:38 +0000] [790132] [INFO] Handling signal: term
[2023-09-22 10:56:38 +0000] [790135] [INFO] Shutting down
[2023-09-22 10:56:38 +0000] [790134] [INFO] Shutting down
[2023-09-22 10:56:38 +0000] [790137] [INFO] Shutting down
[2023-09-22 10:56:38 +0000] [790136] [INFO] Shutting down
[2023-09-22 10:56:38 +0000] [790135] [INFO] Waiting for application shutdown.
[2023-09-22 10:56:38 +0000] [790135] [INFO] Application shutdown complete.
[2023-09-22 10:56:38 +0000] [790135] [INFO] Finished server process [790135]
[2023-09-22 10:56:38 +0000] [790135] [INFO] Worker exiting (pid: 790135)
[2023-09-22 10:56:38 +0000] [790134] [INFO] Waiting for application shutdown.
[2023-09-22 10:56:38 +0000] [790134] [INFO] Application shutdown complete.
[2023-09-22 10:56:38 +0000] [790134] [INFO] Finished server process [790134]
[2023-09-22 10:56:38 +0000] [790134] [INFO] Worker exiting (pid: 790134)
[2023-09-22 10:56:38 +0000] [790137] [INFO] Waiting for application shutdown.
[2023-09-22 10:56:38 +0000] [790137] [INFO] Application shutdown complete.
[2023-09-22 10:56:38 +0000] [790137] [INFO] Finished server process [790137]
[2023-09-22 10:56:38 +0000] [790137] [INFO] Worker exiting (pid: 790137)
[2023-09-22 10:56:38 +0000] [790136] [INFO] Waiting for application shutdown.
[2023-09-22 10:56:38 +0000] [790136] [INFO] Application shutdown complete.
[2023-09-22 10:56:38 +0000] [790136] [INFO] Finished server process [790136]
[2023-09-22 10:56:38 +0000] [790136] [INFO] Worker exiting (pid: 790136)
[2023-09-22 10:56:38 +0000] [790132] [INFO] Shutting down: Master
[2023-09-22 10:56:38 +0000] [790199] [INFO] Starting gunicorn 21.2.0
[2023-09-22 10:56:38 +0000] [790199] [INFO] Listening at: https://0.0.0.0:443 (790199)
[2023-09-22 10:56:38 +0000] [790199] [INFO] Using worker: uvicorn.workers.UvicornWorker
[2023-09-22 10:56:38 +0000] [790201] [INFO] Booting worker with pid: 790201
[2023-09-22 10:56:38 +0000] [790202] [INFO] Booting worker with pid: 790202
[2023-09-22 10:56:38 +0000] [790203] [INFO] Booting worker with pid: 790203
[2023-09-22 10:56:39 +0000] [790204] [INFO] Booting worker with pid: 790204
[2023-09-22 10:56:40 +0000] [790202] [INFO] Started server process [790202]
[2023-09-22 10:56:40 +0000] [790202] [INFO] Waiting for application startup.
[2023-09-22 10:56:40 +0000] [790202] [INFO] Application startup complete.
[2023-09-22 10:56:40 +0000] [790201] [INFO] Started server process [790201]
[2023-09-22 10:56:40 +0000] [790201] [INFO] Waiting for application startup.
[2023-09-22 10:56:40 +0000] [790201] [INFO] Application startup complete.
[2023-09-22 10:56:40 +0000] [790204] [INFO] Started server process [790204]
[2023-09-22 10:56:40 +0000] [790204] [INFO] Waiting for application startup.
[2023-09-22 10:56:40 +0000] [790204] [INFO] Application startup complete.
[2023-09-22 10:56:40 +0000] [790203] [INFO] Started server process [790203]
[2023-09-22 10:56:40 +0000] [790203] [INFO] Waiting for application startup.
[2023-09-22 10:56:40 +0000] [790203] [INFO] Application startup complete.
[2023-09-22 11:00:33 +0000] [790199] [INFO] Handling signal: term
[2023-09-22 11:00:33 +0000] [790204] [INFO] Shutting down
[2023-09-22 11:00:33 +0000] [790201] [INFO] Shutting down
[2023-09-22 11:00:33 +0000] [790202] [INFO] Shutting down
[2023-09-22 11:00:33 +0000] [790203] [INFO] Shutting down
[2023-09-22 11:00:33 +0000] [790204] [INFO] Waiting for application shutdown.
[2023-09-22 11:00:33 +0000] [790204] [INFO] Application shutdown complete.
[2023-09-22 11:00:33 +0000] [790204] [INFO] Finished server process [790204]
[2023-09-22 11:00:33 +0000] [790201] [INFO] Waiting for application shutdown.
[2023-09-22 11:00:33 +0000] [790201] [INFO] Application shutdown complete.
[2023-09-22 11:00:33 +0000] [790201] [INFO] Finished server process [790201]
[2023-09-22 11:00:33 +0000] [790204] [INFO] Worker exiting (pid: 790204)
[2023-09-22 11:00:33 +0000] [790201] [INFO] Worker exiting (pid: 790201)
[2023-09-22 11:00:33 +0000] [790202] [INFO] Waiting for application shutdown.
[2023-09-22 11:00:33 +0000] [790202] [INFO] Application shutdown complete.
[2023-09-22 11:00:33 +0000] [790202] [INFO] Finished server process [790202]
[2023-09-22 11:00:33 +0000] [790202] [INFO] Worker exiting (pid: 790202)
[2023-09-22 11:00:33 +0000] [790203] [INFO] Waiting for application shutdown.
[2023-09-22 11:00:33 +0000] [790203] [INFO] Application shutdown complete.
[2023-09-22 11:00:33 +0000] [790203] [INFO] Finished server process [790203]
[2023-09-22 11:00:33 +0000] [790203] [INFO] Worker exiting (pid: 790203)
[2023-09-22 11:00:34 +0000] [790199] [INFO] Shutting down: Master
[2023-09-22 11:00:35 +0000] [790361] [INFO] Starting gunicorn 21.2.0
[2023-09-22 11:00:35 +0000] [790361] [INFO] Listening at: https://0.0.0.0:443 (790361)
[2023-09-22 11:00:35 +0000] [790361] [INFO] Using worker: uvicorn.workers.UvicornWorker
[2023-09-22 11:00:35 +0000] [790364] [INFO] Booting worker with pid: 790364
[2023-09-22 11:00:35 +0000] [790365] [INFO] Booting worker with pid: 790365
[2023-09-22 11:00:35 +0000] [790366] [INFO] Booting worker with pid: 790366
[2023-09-22 11:00:35 +0000] [790367] [INFO] Booting worker with pid: 790367
[2023-09-22 11:00:36 +0000] [790364] [INFO] Started server process [790364]
[2023-09-22 11:00:36 +0000] [790364] [INFO] Waiting for application startup.
[2023-09-22 11:00:36 +0000] [790364] [INFO] Application startup complete.
[2023-09-22 11:00:36 +0000] [790365] [INFO] Started server process [790365]
[2023-09-22 11:00:36 +0000] [790365] [INFO] Waiting for application startup.
[2023-09-22 11:00:36 +0000] [790365] [INFO] Application startup complete.
[2023-09-22 11:00:36 +0000] [790366] [INFO] Started server process [790366]
[2023-09-22 11:00:36 +0000] [790366] [INFO] Waiting for application startup.
[2023-09-22 11:00:36 +0000] [790366] [INFO] Application startup complete.
[2023-09-22 11:00:36 +0000] [790367] [INFO] Started server process [790367]
[2023-09-22 11:00:36 +0000] [790367] [INFO] Waiting for application startup.
[2023-09-22 11:00:36 +0000] [790367] [INFO] Application startup complete.
[2023-09-22 11:05:59 +0000] [790361] [INFO] Handling signal: term
[2023-09-22 11:05:59 +0000] [790365] [INFO] Shutting down
[2023-09-22 11:05:59 +0000] [790367] [INFO] Shutting down
[2023-09-22 11:05:59 +0000] [790366] [INFO] Shutting down
[2023-09-22 11:05:59 +0000] [790364] [INFO] Shutting down
[2023-09-22 11:05:59 +0000] [790365] [INFO] Waiting for application shutdown.
[2023-09-22 11:05:59 +0000] [790365] [INFO] Application shutdown complete.
[2023-09-22 11:05:59 +0000] [790365] [INFO] Finished server process [790365]
[2023-09-22 11:05:59 +0000] [790365] [INFO] Worker exiting (pid: 790365)
[2023-09-22 11:05:59 +0000] [790367] [INFO] Waiting for application shutdown.
[2023-09-22 11:05:59 +0000] [790367] [INFO] Application shutdown complete.
[2023-09-22 11:05:59 +0000] [790367] [INFO] Finished server process [790367]
[2023-09-22 11:05:59 +0000] [790367] [INFO] Worker exiting (pid: 790367)
[2023-09-22 11:05:59 +0000] [790366] [INFO] Waiting for application shutdown.
[2023-09-22 11:05:59 +0000] [790366] [INFO] Application shutdown complete.
[2023-09-22 11:05:59 +0000] [790366] [INFO] Finished server process [790366]
[2023-09-22 11:05:59 +0000] [790366] [INFO] Worker exiting (pid: 790366)
[2023-09-22 11:05:59 +0000] [790364] [INFO] Waiting for application shutdown.
[2023-09-22 11:05:59 +0000] [790364] [INFO] Application shutdown complete.
[2023-09-22 11:05:59 +0000] [790364] [INFO] Finished server process [790364]
[2023-09-22 11:05:59 +0000] [790364] [INFO] Worker exiting (pid: 790364)
[2023-09-22 11:05:59 +0000] [790549] [INFO] Starting gunicorn 21.2.0
[2023-09-22 11:05:59 +0000] [790361] [INFO] Shutting down: Master
[2023-09-22 11:06:08 +0000] [790593] [INFO] Starting gunicorn 21.2.0
[2023-09-22 11:06:08 +0000] [790593] [INFO] Listening at: https://0.0.0.0:443 (790593)
[2023-09-22 11:06:08 +0000] [790593] [INFO] Using worker: uvicorn.workers.UvicornWorker
[2023-09-22 11:06:08 +0000] [790596] [INFO] Booting worker with pid: 790596
[2023-09-22 11:06:08 +0000] [790597] [INFO] Booting worker with pid: 790597
[2023-09-22 11:06:08 +0000] [790598] [INFO] Booting worker with pid: 790598
[2023-09-22 11:06:08 +0000] [790599] [INFO] Booting worker with pid: 790599
[2023-09-22 11:06:09 +0000] [790597] [INFO] Started server process [790597]
[2023-09-22 11:06:09 +0000] [790597] [INFO] Waiting for application startup.
[2023-09-22 11:06:09 +0000] [790597] [INFO] Application startup complete.
[2023-09-22 11:06:09 +0000] [790596] [INFO] Started server process [790596]
[2023-09-22 11:06:09 +0000] [790596] [INFO] Waiting for application startup.
[2023-09-22 11:06:09 +0000] [790596] [INFO] Application startup complete.
[2023-09-22 11:06:09 +0000] [790598] [INFO] Started server process [790598]
[2023-09-22 11:06:09 +0000] [790598] [INFO] Waiting for application startup.
[2023-09-22 11:06:09 +0000] [790598] [INFO] Application startup complete.
[2023-09-22 11:06:09 +0000] [790599] [INFO] Started server process [790599]
[2023-09-22 11:06:09 +0000] [790599] [INFO] Waiting for application startup.
[2023-09-22 11:06:09 +0000] [790599] [INFO] Application startup complete.
[2023-09-22 11:17:08 +0000] [790593] [INFO] Handling signal: term
[2023-09-22 11:17:08 +0000] [790596] [INFO] Shutting down
[2023-09-22 11:17:08 +0000] [790598] [INFO] Shutting down
[2023-09-22 11:17:08 +0000] [790599] [INFO] Shutting down
[2023-09-22 11:17:08 +0000] [790597] [INFO] Shutting down
[2023-09-22 11:17:08 +0000] [790596] [INFO] Waiting for application shutdown.
[2023-09-22 11:17:08 +0000] [790596] [INFO] Application shutdown complete.
[2023-09-22 11:17:08 +0000] [790596] [INFO] Finished server process [790596]
[2023-09-22 11:17:08 +0000] [790596] [INFO] Worker exiting (pid: 790596)
[2023-09-22 11:17:08 +0000] [790598] [INFO] Waiting for application shutdown.
[2023-09-22 11:17:08 +0000] [790598] [INFO] Application shutdown complete.
[2023-09-22 11:17:08 +0000] [790598] [INFO] Finished server process [790598]
[2023-09-22 11:17:08 +0000] [790598] [INFO] Worker exiting (pid: 790598)
[2023-09-22 11:17:08 +0000] [790599] [INFO] Waiting for application shutdown.
[2023-09-22 11:17:08 +0000] [790599] [INFO] Application shutdown complete.
[2023-09-22 11:17:08 +0000] [790599] [INFO] Finished server process [790599]
[2023-09-22 11:17:08 +0000] [790599] [INFO] Worker exiting (pid: 790599)
[2023-09-22 11:17:08 +0000] [790597] [INFO] Waiting for application shutdown.
[2023-09-22 11:17:08 +0000] [790597] [INFO] Application shutdown complete.
[2023-09-22 11:17:08 +0000] [790597] [INFO] Finished server process [790597]
[2023-09-22 11:17:08 +0000] [790597] [INFO] Worker exiting (pid: 790597)
[2023-09-22 11:17:08 +0000] [790593] [INFO] Shutting down: Master
[2023-09-22 11:17:10 +0000] [790917] [INFO] Starting gunicorn 21.2.0
[2023-09-22 11:17:10 +0000] [790917] [INFO] Listening at: https://0.0.0.0:443 (790917)
[2023-09-22 11:17:10 +0000] [790917] [INFO] Using worker: uvicorn.workers.UvicornWorker
[2023-09-22 11:17:10 +0000] [790919] [INFO] Booting worker with pid: 790919
[2023-09-22 11:17:10 +0000] [790920] [INFO] Booting worker with pid: 790920
[2023-09-22 11:17:10 +0000] [790921] [INFO] Booting worker with pid: 790921
[2023-09-22 11:17:10 +0000] [790922] [INFO] Booting worker with pid: 790922
[2023-09-22 11:17:11 +0000] [790920] [INFO] Started server process [790920]
[2023-09-22 11:17:11 +0000] [790920] [INFO] Waiting for application startup.
[2023-09-22 11:17:11 +0000] [790920] [INFO] Application startup complete.
[2023-09-22 11:17:11 +0000] [790919] [INFO] Started server process [790919]
[2023-09-22 11:17:11 +0000] [790919] [INFO] Waiting for application startup.
[2023-09-22 11:17:11 +0000] [790919] [INFO] Application startup complete.
[2023-09-22 11:17:11 +0000] [790922] [INFO] Started server process [790922]
[2023-09-22 11:17:11 +0000] [790922] [INFO] Waiting for application startup.
[2023-09-22 11:17:11 +0000] [790922] [INFO] Application startup complete.
[2023-09-22 11:17:12 +0000] [790921] [INFO] Started server process [790921]
[2023-09-22 11:17:12 +0000] [790921] [INFO] Waiting for application startup.
[2023-09-22 11:17:12 +0000] [790921] [INFO] Application startup complete.
[2023-09-22 11:17:35 +0000] [790917] [INFO] Handling signal: term
[2023-09-22 11:17:35 +0000] [790920] [INFO] Shutting down
[2023-09-22 11:17:35 +0000] [790922] [INFO] Shutting down
[2023-09-22 11:17:35 +0000] [790919] [INFO] Shutting down
[2023-09-22 11:17:35 +0000] [790921] [INFO] Shutting down
[2023-09-22 11:17:35 +0000] [790920] [INFO] Waiting for application shutdown.
[2023-09-22 11:17:35 +0000] [790920] [INFO] Application shutdown complete.
[2023-09-22 11:17:35 +0000] [790920] [INFO] Finished server process [790920]
[2023-09-22 11:17:35 +0000] [790920] [INFO] Worker exiting (pid: 790920)
[2023-09-22 11:17:35 +0000] [790922] [INFO] Waiting for application shutdown.
[2023-09-22 11:17:35 +0000] [790922] [INFO] Application shutdown complete.
[2023-09-22 11:17:35 +0000] [790922] [INFO] Finished server process [790922]
[2023-09-22 11:17:35 +0000] [790922] [INFO] Worker exiting (pid: 790922)
[2023-09-22 11:17:35 +0000] [790919] [INFO] Waiting for application shutdown.
[2023-09-22 11:17:35 +0000] [790919] [INFO] Application shutdown complete.
[2023-09-22 11:17:35 +0000] [790919] [INFO] Finished server process [790919]
[2023-09-22 11:17:35 +0000] [790919] [INFO] Worker exiting (pid: 790919)
[2023-09-22 11:17:35 +0000] [790921] [INFO] Waiting for application shutdown.
[2023-09-22 11:17:35 +0000] [790921] [INFO] Application shutdown complete.
[2023-09-22 11:17:35 +0000] [790921] [INFO] Finished server process [790921]
[2023-09-22 11:17:35 +0000] [790921] [INFO] Worker exiting (pid: 790921)
[2023-09-22 11:17:36 +0000] [790917] [INFO] Shutting down: Master
[2023-09-22 11:17:37 +0000] [790978] [INFO] Starting gunicorn 21.2.0
[2023-09-22 11:17:37 +0000] [790978] [INFO] Listening at: https://0.0.0.0:443 (790978)
[2023-09-22 11:17:37 +0000] [790978] [INFO] Using worker: uvicorn.workers.UvicornWorker
[2023-09-22 11:17:37 +0000] [790980] [INFO] Booting worker with pid: 790980
[2023-09-22 11:17:37 +0000] [790981] [INFO] Booting worker with pid: 790981
[2023-09-22 11:17:37 +0000] [790982] [INFO] Booting worker with pid: 790982
[2023-09-22 11:17:37 +0000] [790983] [INFO] Booting worker with pid: 790983
[2023-09-22 11:17:38 +0000] [790980] [INFO] Started server process [790980]
[2023-09-22 11:17:38 +0000] [790980] [INFO] Waiting for application startup.
[2023-09-22 11:17:38 +0000] [790980] [INFO] Application startup complete.
[2023-09-22 11:17:38 +0000] [790981] [INFO] Started server process [790981]
[2023-09-22 11:17:38 +0000] [790981] [INFO] Waiting for application startup.
[2023-09-22 11:17:38 +0000] [790981] [INFO] Application startup complete.
[2023-09-22 11:17:38 +0000] [790982] [INFO] Started server process [790982]
[2023-09-22 11:17:38 +0000] [790982] [INFO] Waiting for application startup.
[2023-09-22 11:17:38 +0000] [790982] [INFO] Application startup complete.
[2023-09-22 11:17:38 +0000] [790983] [INFO] Started server process [790983]
[2023-09-22 11:17:38 +0000] [790983] [INFO] Waiting for application startup.
[2023-09-22 11:17:38 +0000] [790983] [INFO] Application startup complete.
[2023-09-22 11:20:19 +0000] [790978] [INFO] Handling signal: term
[2023-09-22 11:20:19 +0000] [790981] [INFO] Shutting down
[2023-09-22 11:20:19 +0000] [790982] [INFO] Shutting down
[2023-09-22 11:20:19 +0000] [790983] [INFO] Shutting down
[2023-09-22 11:20:19 +0000] [790980] [INFO] Shutting down
[2023-09-22 11:20:19 +0000] [790981] [INFO] Waiting for application shutdown.
[2023-09-22 11:20:19 +0000] [790981] [INFO] Application shutdown complete.
[2023-09-22 11:20:19 +0000] [790981] [INFO] Finished server process [790981]
[2023-09-22 11:20:19 +0000] [790981] [INFO] Worker exiting (pid: 790981)
[2023-09-22 11:20:19 +0000] [790982] [INFO] Waiting for application shutdown.
[2023-09-22 11:20:19 +0000] [790982] [INFO] Application shutdown complete.
[2023-09-22 11:20:19 +0000] [790982] [INFO] Finished server process [790982]
[2023-09-22 11:20:19 +0000] [790982] [INFO] Worker exiting (pid: 790982)
[2023-09-22 11:20:19 +0000] [790983] [INFO] Waiting for application shutdown.
[2023-09-22 11:20:19 +0000] [790983] [INFO] Application shutdown complete.
[2023-09-22 11:20:19 +0000] [790983] [INFO] Finished server process [790983]
[2023-09-22 11:20:19 +0000] [790983] [INFO] Worker exiting (pid: 790983)
[2023-09-22 11:20:19 +0000] [790980] [INFO] Waiting for application shutdown.
[2023-09-22 11:20:19 +0000] [790980] [INFO] Application shutdown complete.
[2023-09-22 11:20:19 +0000] [790980] [INFO] Finished server process [790980]
[2023-09-22 11:20:19 +0000] [790980] [INFO] Worker exiting (pid: 790980)
[2023-09-22 11:20:20 +0000] [790978] [INFO] Shutting down: Master
[2023-09-22 11:20:20 +0000] [791101] [INFO] Starting gunicorn 21.2.0
[2023-09-22 11:20:20 +0000] [791101] [INFO] Listening at: https://0.0.0.0:443 (791101)
[2023-09-22 11:20:20 +0000] [791101] [INFO] Using worker: uvicorn.workers.UvicornWorker
[2023-09-22 11:20:20 +0000] [791104] [INFO] Booting worker with pid: 791104
[2023-09-22 11:20:20 +0000] [791105] [INFO] Booting worker with pid: 791105
[2023-09-22 11:20:21 +0000] [791106] [INFO] Booting worker with pid: 791106
[2023-09-22 11:20:21 +0000] [791107] [INFO] Booting worker with pid: 791107
[2023-09-22 11:20:22 +0000] [791105] [INFO] Started server process [791105]
[2023-09-22 11:20:22 +0000] [791105] [INFO] Waiting for application startup.
[2023-09-22 11:20:22 +0000] [791105] [INFO] Application startup complete.
[2023-09-22 11:20:22 +0000] [791104] [INFO] Started server process [791104]
[2023-09-22 11:20:22 +0000] [791104] [INFO] Waiting for application startup.
[2023-09-22 11:20:22 +0000] [791104] [INFO] Application startup complete.
[2023-09-22 11:20:22 +0000] [791106] [INFO] Started server process [791106]
[2023-09-22 11:20:22 +0000] [791106] [INFO] Waiting for application startup.
[2023-09-22 11:20:22 +0000] [791106] [INFO] Application startup complete.
[2023-09-22 11:20:22 +0000] [791107] [INFO] Started server process [791107]
[2023-09-22 11:20:22 +0000] [791107] [INFO] Waiting for application startup.
[2023-09-22 11:20:22 +0000] [791107] [INFO] Application startup complete.
[2023-09-22 11:24:44 +0000] [791101] [INFO] Handling signal: term
[2023-09-22 11:24:44 +0000] [791107] [INFO] Shutting down
[2023-09-22 11:24:44 +0000] [791105] [INFO] Shutting down
[2023-09-22 11:24:44 +0000] [791104] [INFO] Shutting down
[2023-09-22 11:24:44 +0000] [791106] [INFO] Shutting down
[2023-09-22 11:24:44 +0000] [791107] [INFO] Waiting for application shutdown.
[2023-09-22 11:24:44 +0000] [791107] [INFO] Application shutdown complete.
[2023-09-22 11:24:44 +0000] [791107] [INFO] Finished server process [791107]
[2023-09-22 11:24:44 +0000] [791107] [INFO] Worker exiting (pid: 791107)
[2023-09-22 11:24:44 +0000] [791105] [INFO] Waiting for application shutdown.
[2023-09-22 11:24:44 +0000] [791105] [INFO] Application shutdown complete.
[2023-09-22 11:24:44 +0000] [791105] [INFO] Finished server process [791105]
[2023-09-22 11:24:44 +0000] [791105] [INFO] Worker exiting (pid: 791105)
[2023-09-22 11:24:44 +0000] [791104] [INFO] Waiting for application shutdown.
[2023-09-22 11:24:44 +0000] [791104] [INFO] Application shutdown complete.
[2023-09-22 11:24:44 +0000] [791104] [INFO] Finished server process [791104]
[2023-09-22 11:24:44 +0000] [791104] [INFO] Worker exiting (pid: 791104)
[2023-09-22 11:24:44 +0000] [791106] [INFO] Waiting for application shutdown.
[2023-09-22 11:24:44 +0000] [791106] [INFO] Application shutdown complete.
[2023-09-22 11:24:44 +0000] [791106] [INFO] Finished server process [791106]
[2023-09-22 11:24:44 +0000] [791106] [INFO] Worker exiting (pid: 791106)
[2023-09-22 11:24:44 +0000] [791101] [INFO] Shutting down: Master
[2023-09-22 11:24:45 +0000] [791467] [INFO] Starting gunicorn 21.2.0
[2023-09-22 11:24:45 +0000] [791467] [INFO] Listening at: https://0.0.0.0:443 (791467)
[2023-09-22 11:24:45 +0000] [791467] [INFO] Using worker: uvicorn.workers.UvicornWorker
[2023-09-22 11:24:45 +0000] [791470] [INFO] Booting worker with pid: 791470
[2023-09-22 11:24:45 +0000] [791471] [INFO] Booting worker with pid: 791471
[2023-09-22 11:24:45 +0000] [791472] [INFO] Booting worker with pid: 791472
[2023-09-22 11:24:45 +0000] [791473] [INFO] Booting worker with pid: 791473
[2023-09-22 11:24:46 +0000] [791470] [INFO] Started server process [791470]
[2023-09-22 11:24:46 +0000] [791470] [INFO] Waiting for application startup.
[2023-09-22 11:24:46 +0000] [791470] [INFO] Application startup complete.
[2023-09-22 11:24:46 +0000] [791471] [INFO] Started server process [791471]
[2023-09-22 11:24:46 +0000] [791471] [INFO] Waiting for application startup.
[2023-09-22 11:24:46 +0000] [791471] [INFO] Application startup complete.
[2023-09-22 11:24:47 +0000] [791472] [INFO] Started server process [791472]
[2023-09-22 11:24:47 +0000] [791472] [INFO] Waiting for application startup.
[2023-09-22 11:24:47 +0000] [791472] [INFO] Application startup complete.
[2023-09-22 11:24:47 +0000] [791473] [INFO] Started server process [791473]
[2023-09-22 11:24:47 +0000] [791473] [INFO] Waiting for application startup.
[2023-09-22 11:24:47 +0000] [791473] [INFO] Application startup complete.
[2023-09-22 11:25:39 +0000] [791467] [INFO] Handling signal: term
[2023-09-22 11:25:39 +0000] [791470] [INFO] Shutting down
[2023-09-22 11:25:39 +0000] [791473] [INFO] Shutting down
[2023-09-22 11:25:39 +0000] [791471] [INFO] Shutting down
[2023-09-22 11:25:39 +0000] [791472] [INFO] Shutting down
[2023-09-22 11:25:39 +0000] [791470] [INFO] Waiting for application shutdown.
[2023-09-22 11:25:39 +0000] [791470] [INFO] Application shutdown complete.
[2023-09-22 11:25:39 +0000] [791470] [INFO] Finished server process [791470]
[2023-09-22 11:25:39 +0000] [791470] [INFO] Worker exiting (pid: 791470)
[2023-09-22 11:25:39 +0000] [791473] [INFO] Waiting for application shutdown.
[2023-09-22 11:25:39 +0000] [791473] [INFO] Application shutdown complete.
[2023-09-22 11:25:39 +0000] [791473] [INFO] Finished server process [791473]
[2023-09-22 11:25:39 +0000] [791473] [INFO] Worker exiting (pid: 791473)
[2023-09-22 11:25:39 +0000] [791471] [INFO] Waiting for application shutdown.
[2023-09-22 11:25:39 +0000] [791471] [INFO] Application shutdown complete.
[2023-09-22 11:25:39 +0000] [791471] [INFO] Finished server process [791471]
[2023-09-22 11:25:39 +0000] [791471] [INFO] Worker exiting (pid: 791471)
[2023-09-22 11:25:39 +0000] [791472] [INFO] Waiting for application shutdown.
[2023-09-22 11:25:39 +0000] [791472] [INFO] Application shutdown complete.
[2023-09-22 11:25:39 +0000] [791472] [INFO] Finished server process [791472]
[2023-09-22 11:25:39 +0000] [791472] [INFO] Worker exiting (pid: 791472)
[2023-09-22 11:25:40 +0000] [791467] [INFO] Shutting down: Master
[2023-09-22 11:25:41 +0000] [791547] [INFO] Starting gunicorn 21.2.0
[2023-09-22 11:25:41 +0000] [791547] [INFO] Listening at: https://0.0.0.0:443 (791547)
[2023-09-22 11:25:41 +0000] [791547] [INFO] Using worker: uvicorn.workers.UvicornWorker
[2023-09-22 11:25:41 +0000] [791549] [INFO] Booting worker with pid: 791549
[2023-09-22 11:25:41 +0000] [791550] [INFO] Booting worker with pid: 791550
[2023-09-22 11:25:41 +0000] [791551] [INFO] Booting worker with pid: 791551
[2023-09-22 11:25:41 +0000] [791552] [INFO] Booting worker with pid: 791552
[2023-09-22 11:25:42 +0000] [791549] [INFO] Started server process [791549]
[2023-09-22 11:25:42 +0000] [791549] [INFO] Waiting for application startup.
[2023-09-22 11:25:42 +0000] [791549] [INFO] Application startup complete.
[2023-09-22 11:25:42 +0000] [791550] [INFO] Started server process [791550]
[2023-09-22 11:25:42 +0000] [791550] [INFO] Waiting for application startup.
[2023-09-22 11:25:42 +0000] [791550] [INFO] Application startup complete.
[2023-09-22 11:25:42 +0000] [791551] [INFO] Started server process [791551]
[2023-09-22 11:25:42 +0000] [791551] [INFO] Waiting for application startup.
[2023-09-22 11:25:42 +0000] [791551] [INFO] Application startup complete.
[2023-09-22 11:25:42 +0000] [791552] [INFO] Started server process [791552]
[2023-09-22 11:25:42 +0000] [791552] [INFO] Waiting for application startup.
[2023-09-22 11:25:42 +0000] [791552] [INFO] Application startup complete.
[2023-09-22 11:34:43 +0000] [791547] [INFO] Handling signal: term
[2023-09-22 11:34:43 +0000] [791550] [INFO] Shutting down
[2023-09-22 11:34:43 +0000] [791549] [INFO] Shutting down
[2023-09-22 11:34:43 +0000] [791552] [INFO] Shutting down
[2023-09-22 11:34:43 +0000] [791551] [INFO] Shutting down
[2023-09-22 11:34:43 +0000] [791550] [INFO] Waiting for application shutdown.
[2023-09-22 11:34:43 +0000] [791550] [INFO] Application shutdown complete.
[2023-09-22 11:34:43 +0000] [791550] [INFO] Finished server process [791550]
[2023-09-22 11:34:43 +0000] [791549] [INFO] Waiting for application shutdown.
[2023-09-22 11:34:43 +0000] [791549] [INFO] Application shutdown complete.
[2023-09-22 11:34:43 +0000] [791549] [INFO] Finished server process [791549]
[2023-09-22 11:34:43 +0000] [791550] [INFO] Worker exiting (pid: 791550)
[2023-09-22 11:34:43 +0000] [791549] [INFO] Worker exiting (pid: 791549)
[2023-09-22 11:34:43 +0000] [791552] [INFO] Waiting for application shutdown.
[2023-09-22 11:34:43 +0000] [791552] [INFO] Application shutdown complete.
[2023-09-22 11:34:43 +0000] [791552] [INFO] Finished server process [791552]
[2023-09-22 11:34:43 +0000] [791552] [INFO] Worker exiting (pid: 791552)
[2023-09-22 11:34:43 +0000] [791551] [INFO] Waiting for application shutdown.
[2023-09-22 11:34:43 +0000] [791551] [INFO] Application shutdown complete.
[2023-09-22 11:34:43 +0000] [791551] [INFO] Finished server process [791551]
[2023-09-22 11:34:43 +0000] [791551] [INFO] Worker exiting (pid: 791551)
[2023-09-22 11:34:43 +0000] [791547] [INFO] Shutting down: Master
[2023-09-22 11:34:44 +0000] [791838] [INFO] Starting gunicorn 21.2.0
[2023-09-22 11:34:44 +0000] [791838] [INFO] Listening at: https://0.0.0.0:443 (791838)
[2023-09-22 11:34:44 +0000] [791838] [INFO] Using worker: uvicorn.workers.UvicornWorker
[2023-09-22 11:34:44 +0000] [791840] [INFO] Booting worker with pid: 791840
[2023-09-22 11:34:44 +0000] [791841] [INFO] Booting worker with pid: 791841
[2023-09-22 11:34:44 +0000] [791842] [INFO] Booting worker with pid: 791842
[2023-09-22 11:34:44 +0000] [791843] [INFO] Booting worker with pid: 791843
[2023-09-22 11:34:46 +0000] [791841] [INFO] Started server process [791841]
[2023-09-22 11:34:46 +0000] [791841] [INFO] Waiting for application startup.
[2023-09-22 11:34:46 +0000] [791841] [INFO] Application startup complete.
[2023-09-22 11:34:46 +0000] [791840] [INFO] Started server process [791840]
[2023-09-22 11:34:46 +0000] [791840] [INFO] Waiting for application startup.
[2023-09-22 11:34:46 +0000] [791840] [INFO] Application startup complete.
[2023-09-22 11:34:46 +0000] [791842] [INFO] Started server process [791842]
[2023-09-22 11:34:46 +0000] [791842] [INFO] Waiting for application startup.
[2023-09-22 11:34:46 +0000] [791842] [INFO] Application startup complete.
[2023-09-22 11:34:46 +0000] [791843] [INFO] Started server process [791843]
[2023-09-22 11:34:46 +0000] [791843] [INFO] Waiting for application startup.
[2023-09-22 11:34:46 +0000] [791843] [INFO] Application startup complete.
[2023-09-22 12:08:02 +0000] [791838] [INFO] Handling signal: term
[2023-09-22 12:08:02 +0000] [791842] [INFO] Shutting down
[2023-09-22 12:08:02 +0000] [791841] [INFO] Shutting down
[2023-09-22 12:08:02 +0000] [791840] [INFO] Shutting down
[2023-09-22 12:08:02 +0000] [791843] [INFO] Shutting down
[2023-09-22 12:08:02 +0000] [791842] [INFO] Waiting for application shutdown.
[2023-09-22 12:08:02 +0000] [791842] [INFO] Application shutdown complete.
[2023-09-22 12:08:02 +0000] [791842] [INFO] Finished server process [791842]
[2023-09-22 12:08:02 +0000] [791842] [INFO] Worker exiting (pid: 791842)
[2023-09-22 12:08:02 +0000] [791841] [INFO] Waiting for application shutdown.
[2023-09-22 12:08:02 +0000] [791841] [INFO] Application shutdown complete.
[2023-09-22 12:08:02 +0000] [791841] [INFO] Finished server process [791841]
[2023-09-22 12:08:02 +0000] [791841] [INFO] Worker exiting (pid: 791841)
[2023-09-22 12:08:02 +0000] [791840] [INFO] Waiting for application shutdown.
[2023-09-22 12:08:02 +0000] [791840] [INFO] Application shutdown complete.
[2023-09-22 12:08:02 +0000] [791840] [INFO] Finished server process [791840]
[2023-09-22 12:08:02 +0000] [791840] [INFO] Worker exiting (pid: 791840)
[2023-09-22 12:08:02 +0000] [791843] [INFO] Waiting for connections to close. (CTRL+C to force quit)
[2023-09-22 12:08:02 +0000] [791843] [INFO] Waiting for application shutdown.
[2023-09-22 12:08:02 +0000] [791843] [INFO] Application shutdown complete.
[2023-09-22 12:08:02 +0000] [791843] [INFO] Finished server process [791843]
[2023-09-22 12:08:02 +0000] [791843] [INFO] Worker exiting (pid: 791843)
[2023-09-22 12:08:02 +0000] [791838] [INFO] Shutting down: Master
[2023-09-22 12:08:03 +0000] [793019] [INFO] Starting gunicorn 21.2.0
[2023-09-22 12:08:03 +0000] [793019] [INFO] Listening at: https://0.0.0.0:443 (793019)
[2023-09-22 12:08:03 +0000] [793019] [INFO] Using worker: uvicorn.workers.UvicornWorker
[2023-09-22 12:08:03 +0000] [793022] [INFO] Booting worker with pid: 793022
[2023-09-22 12:08:03 +0000] [793023] [INFO] Booting worker with pid: 793023
[2023-09-22 12:08:04 +0000] [793024] [INFO] Booting worker with pid: 793024
[2023-09-22 12:08:04 +0000] [793025] [INFO] Booting worker with pid: 793025
[2023-09-22 12:08:05 +0000] [793023] [INFO] Started server process [793023]
[2023-09-22 12:08:05 +0000] [793022] [INFO] Started server process [793022]
[2023-09-22 12:08:05 +0000] [793023] [INFO] Waiting for application startup.
[2023-09-22 12:08:05 +0000] [793022] [INFO] Waiting for application startup.
[2023-09-22 12:08:05 +0000] [793022] [INFO] Application startup complete.
[2023-09-22 12:08:05 +0000] [793023] [INFO] Application startup complete.
[2023-09-22 12:08:05 +0000] [793024] [INFO] Started server process [793024]
[2023-09-22 12:08:05 +0000] [793024] [INFO] Waiting for application startup.
[2023-09-22 12:08:05 +0000] [793024] [INFO] Application startup complete.
[2023-09-22 12:08:05 +0000] [793025] [INFO] Started server process [793025]
[2023-09-22 12:08:05 +0000] [793025] [INFO] Waiting for application startup.
[2023-09-22 12:08:05 +0000] [793025] [INFO] Application startup complete.
[2023-09-22 12:08:36 +0000] [793019] [INFO] Handling signal: term
[2023-09-22 12:08:36 +0000] [793022] [INFO] Shutting down
[2023-09-22 12:08:36 +0000] [793023] [INFO] Shutting down
[2023-09-22 12:08:36 +0000] [793024] [INFO] Shutting down
[2023-09-22 12:08:36 +0000] [793025] [INFO] Shutting down
[2023-09-22 12:08:36 +0000] [793022] [INFO] Waiting for application shutdown.
[2023-09-22 12:08:36 +0000] [793022] [INFO] Application shutdown complete.
[2023-09-22 12:08:36 +0000] [793023] [INFO] Waiting for application shutdown.
[2023-09-22 12:08:36 +0000] [793022] [INFO] Finished server process [793022]
[2023-09-22 12:08:36 +0000] [793023] [INFO] Application shutdown complete.
[2023-09-22 12:08:36 +0000] [793023] [INFO] Finished server process [793023]
[2023-09-22 12:08:36 +0000] [793022] [INFO] Worker exiting (pid: 793022)
[2023-09-22 12:08:36 +0000] [793025] [INFO] Waiting for application shutdown.
[2023-09-22 12:08:36 +0000] [793025] [INFO] Application shutdown complete.
[2023-09-22 12:08:36 +0000] [793025] [INFO] Finished server process [793025]
[2023-09-22 12:08:36 +0000] [793024] [INFO] Waiting for application shutdown.
[2023-09-22 12:08:36 +0000] [793024] [INFO] Application shutdown complete.
[2023-09-22 12:08:36 +0000] [793025] [INFO] Worker exiting (pid: 793025)
[2023-09-22 12:08:36 +0000] [793024] [INFO] Finished server process [793024]
[2023-09-22 12:08:36 +0000] [793024] [INFO] Worker exiting (pid: 793024)
[2023-09-22 12:08:36 +0000] [793023] [INFO] Worker exiting (pid: 793023)
[2023-09-22 12:08:36 +0000] [793019] [INFO] Shutting down: Master
[2023-09-22 12:08:38 +0000] [793116] [INFO] Starting gunicorn 21.2.0
[2023-09-22 12:08:38 +0000] [793116] [INFO] Listening at: https://0.0.0.0:443 (793116)
[2023-09-22 12:08:38 +0000] [793116] [INFO] Using worker: uvicorn.workers.UvicornWorker
[2023-09-22 12:08:38 +0000] [793118] [INFO] Booting worker with pid: 793118
[2023-09-22 12:08:38 +0000] [793119] [INFO] Booting worker with pid: 793119
[2023-09-22 12:08:38 +0000] [793120] [INFO] Booting worker with pid: 793120
[2023-09-22 12:08:38 +0000] [793121] [INFO] Booting worker with pid: 793121
[2023-09-22 12:08:39 +0000] [793118] [INFO] Started server process [793118]
[2023-09-22 12:08:39 +0000] [793118] [INFO] Waiting for application startup.
[2023-09-22 12:08:39 +0000] [793118] [INFO] Application startup complete.
[2023-09-22 12:08:39 +0000] [793119] [INFO] Started server process [793119]
[2023-09-22 12:08:39 +0000] [793119] [INFO] Waiting for application startup.
[2023-09-22 12:08:39 +0000] [793119] [INFO] Application startup complete.
[2023-09-22 12:08:39 +0000] [793120] [INFO] Started server process [793120]
[2023-09-22 12:08:39 +0000] [793120] [INFO] Waiting for application startup.
[2023-09-22 12:08:39 +0000] [793120] [INFO] Application startup complete.
[2023-09-22 12:08:39 +0000] [793121] [INFO] Started server process [793121]
[2023-09-22 12:08:39 +0000] [793121] [INFO] Waiting for application startup.
[2023-09-22 12:08:39 +0000] [793121] [INFO] Application startup complete.
[2023-09-22 12:10:43 +0000] [793116] [INFO] Handling signal: term
[2023-09-22 12:10:43 +0000] [793120] [INFO] Shutting down
[2023-09-22 12:10:43 +0000] [793118] [INFO] Shutting down
[2023-09-22 12:10:43 +0000] [793121] [INFO] Shutting down
[2023-09-22 12:10:43 +0000] [793119] [INFO] Shutting down
[2023-09-22 12:10:43 +0000] [793120] [INFO] Waiting for application shutdown.
[2023-09-22 12:10:43 +0000] [793120] [INFO] Application shutdown complete.
[2023-09-22 12:10:43 +0000] [793120] [INFO] Finished server process [793120]
[2023-09-22 12:10:43 +0000] [793120] [INFO] Worker exiting (pid: 793120)
[2023-09-22 12:10:43 +0000] [793118] [INFO] Waiting for application shutdown.
[2023-09-22 12:10:43 +0000] [793118] [INFO] Application shutdown complete.
[2023-09-22 12:10:43 +0000] [793118] [INFO] Finished server process [793118]
[2023-09-22 12:10:43 +0000] [793118] [INFO] Worker exiting (pid: 793118)
[2023-09-22 12:10:43 +0000] [793121] [INFO] Waiting for application shutdown.
[2023-09-22 12:10:43 +0000] [793121] [INFO] Application shutdown complete.
[2023-09-22 12:10:43 +0000] [793121] [INFO] Finished server process [793121]
[2023-09-22 12:10:43 +0000] [793121] [INFO] Worker exiting (pid: 793121)
[2023-09-22 12:10:43 +0000] [793119] [INFO] Waiting for application shutdown.
[2023-09-22 12:10:43 +0000] [793119] [INFO] Application shutdown complete.
[2023-09-22 12:10:43 +0000] [793119] [INFO] Finished server process [793119]
[2023-09-22 12:10:43 +0000] [793119] [INFO] Worker exiting (pid: 793119)
[2023-09-22 12:10:43 +0000] [793116] [INFO] Shutting down: Master
[2023-09-22 12:10:44 +0000] [793224] [INFO] Starting gunicorn 21.2.0
[2023-09-22 12:10:44 +0000] [793224] [INFO] Listening at: https://0.0.0.0:443 (793224)
[2023-09-22 12:10:44 +0000] [793224] [INFO] Using worker: uvicorn.workers.UvicornWorker
[2023-09-22 12:10:44 +0000] [793227] [INFO] Booting worker with pid: 793227
[2023-09-22 12:10:44 +0000] [793228] [INFO] Booting worker with pid: 793228
[2023-09-22 12:10:44 +0000] [793229] [INFO] Booting worker with pid: 793229
[2023-09-22 12:10:44 +0000] [793230] [INFO] Booting worker with pid: 793230
[2023-09-22 12:10:46 +0000] [793227] [INFO] Started server process [793227]
[2023-09-22 12:10:46 +0000] [793227] [INFO] Waiting for application startup.
[2023-09-22 12:10:46 +0000] [793227] [INFO] Application startup complete.
[2023-09-22 12:10:46 +0000] [793228] [INFO] Started server process [793228]
[2023-09-22 12:10:46 +0000] [793228] [INFO] Waiting for application startup.
[2023-09-22 12:10:46 +0000] [793228] [INFO] Application startup complete.
[2023-09-22 12:10:46 +0000] [793229] [INFO] Started server process [793229]
[2023-09-22 12:10:46 +0000] [793229] [INFO] Waiting for application startup.
[2023-09-22 12:10:46 +0000] [793229] [INFO] Application startup complete.
[2023-09-22 12:10:46 +0000] [793230] [INFO] Started server process [793230]
[2023-09-22 12:10:46 +0000] [793230] [INFO] Waiting for application startup.
[2023-09-22 12:10:46 +0000] [793230] [INFO] Application startup complete.
[2023-09-22 12:11:40 +0000] [793224] [INFO] Handling signal: term
[2023-09-22 12:11:40 +0000] [793229] [INFO] Shutting down
[2023-09-22 12:11:40 +0000] [793228] [INFO] Shutting down
[2023-09-22 12:11:40 +0000] [793230] [INFO] Shutting down
[2023-09-22 12:11:40 +0000] [793227] [INFO] Shutting down
[2023-09-22 12:11:40 +0000] [793229] [INFO] Waiting for application shutdown.
[2023-09-22 12:11:40 +0000] [793229] [INFO] Application shutdown complete.
[2023-09-22 12:11:40 +0000] [793229] [INFO] Finished server process [793229]
[2023-09-22 12:11:40 +0000] [793229] [INFO] Worker exiting (pid: 793229)
[2023-09-22 12:11:40 +0000] [793228] [INFO] Waiting for application shutdown.
[2023-09-22 12:11:40 +0000] [793228] [INFO] Application shutdown complete.
[2023-09-22 12:11:40 +0000] [793228] [INFO] Finished server process [793228]
[2023-09-22 12:11:40 +0000] [793228] [INFO] Worker exiting (pid: 793228)
[2023-09-22 12:11:40 +0000] [793230] [INFO] Waiting for application shutdown.
[2023-09-22 12:11:40 +0000] [793230] [INFO] Application shutdown complete.
[2023-09-22 12:11:40 +0000] [793230] [INFO] Finished server process [793230]
[2023-09-22 12:11:40 +0000] [793230] [INFO] Worker exiting (pid: 793230)
[2023-09-22 12:11:40 +0000] [793227] [INFO] Waiting for application shutdown.
[2023-09-22 12:11:40 +0000] [793227] [INFO] Application shutdown complete.
[2023-09-22 12:11:40 +0000] [793227] [INFO] Finished server process [793227]
[2023-09-22 12:11:40 +0000] [793227] [INFO] Worker exiting (pid: 793227)
[2023-09-22 12:11:40 +0000] [793224] [INFO] Shutting down: Master
[2023-09-22 12:11:41 +0000] [793300] [INFO] Starting gunicorn 21.2.0
[2023-09-22 12:11:41 +0000] [793300] [INFO] Listening at: https://0.0.0.0:443 (793300)
[2023-09-22 12:11:41 +0000] [793300] [INFO] Using worker: uvicorn.workers.UvicornWorker
[2023-09-22 12:11:41 +0000] [793302] [INFO] Booting worker with pid: 793302
[2023-09-22 12:11:41 +0000] [793303] [INFO] Booting worker with pid: 793303
[2023-09-22 12:11:41 +0000] [793304] [INFO] Booting worker with pid: 793304
[2023-09-22 12:11:41 +0000] [793305] [INFO] Booting worker with pid: 793305
[2023-09-22 12:11:43 +0000] [793303] [INFO] Started server process [793303]
[2023-09-22 12:11:43 +0000] [793303] [INFO] Waiting for application startup.
[2023-09-22 12:11:43 +0000] [793303] [INFO] Application startup complete.
[2023-09-22 12:11:43 +0000] [793302] [INFO] Started server process [793302]
[2023-09-22 12:11:43 +0000] [793302] [INFO] Waiting for application startup.
[2023-09-22 12:11:43 +0000] [793302] [INFO] Application startup complete.
[2023-09-22 12:11:43 +0000] [793304] [INFO] Started server process [793304]
[2023-09-22 12:11:43 +0000] [793304] [INFO] Waiting for application startup.
[2023-09-22 12:11:43 +0000] [793304] [INFO] Application startup complete.
[2023-09-22 12:11:43 +0000] [793305] [INFO] Started server process [793305]
[2023-09-22 12:11:43 +0000] [793305] [INFO] Waiting for application startup.
[2023-09-22 12:11:43 +0000] [793305] [INFO] Application startup complete.
[2023-09-22 12:12:25 +0000] [793300] [INFO] Handling signal: term
[2023-09-22 12:12:25 +0000] [793305] [INFO] Shutting down
[2023-09-22 12:12:25 +0000] [793304] [INFO] Shutting down
[2023-09-22 12:12:25 +0000] [793302] [INFO] Shutting down
[2023-09-22 12:12:25 +0000] [793303] [INFO] Shutting down
[2023-09-22 12:12:25 +0000] [793305] [INFO] Waiting for application shutdown.
[2023-09-22 12:12:25 +0000] [793305] [INFO] Application shutdown complete.
[2023-09-22 12:12:25 +0000] [793305] [INFO] Finished server process [793305]
[2023-09-22 12:12:25 +0000] [793305] [INFO] Worker exiting (pid: 793305)
[2023-09-22 12:12:25 +0000] [793304] [INFO] Waiting for application shutdown.
[2023-09-22 12:12:25 +0000] [793304] [INFO] Application shutdown complete.
[2023-09-22 12:12:25 +0000] [793304] [INFO] Finished server process [793304]
[2023-09-22 12:12:25 +0000] [793304] [INFO] Worker exiting (pid: 793304)
[2023-09-22 12:12:25 +0000] [793302] [INFO] Waiting for application shutdown.
[2023-09-22 12:12:25 +0000] [793302] [INFO] Application shutdown complete.
[2023-09-22 12:12:25 +0000] [793302] [INFO] Finished server process [793302]
[2023-09-22 12:12:25 +0000] [793302] [INFO] Worker exiting (pid: 793302)
[2023-09-22 12:12:25 +0000] [793303] [INFO] Waiting for application shutdown.
[2023-09-22 12:12:25 +0000] [793303] [INFO] Application shutdown complete.
[2023-09-22 12:12:25 +0000] [793303] [INFO] Finished server process [793303]
[2023-09-22 12:12:25 +0000] [793303] [INFO] Worker exiting (pid: 793303)
[2023-09-22 12:12:26 +0000] [793300] [INFO] Shutting down: Master
[2023-09-22 12:12:26 +0000] [793371] [INFO] Starting gunicorn 21.2.0
[2023-09-22 12:12:26 +0000] [793371] [INFO] Listening at: https://0.0.0.0:443 (793371)
[2023-09-22 12:12:26 +0000] [793371] [INFO] Using worker: uvicorn.workers.UvicornWorker
[2023-09-22 12:12:26 +0000] [793374] [INFO] Booting worker with pid: 793374
[2023-09-22 12:12:26 +0000] [793375] [INFO] Booting worker with pid: 793375
[2023-09-22 12:12:26 +0000] [793376] [INFO] Booting worker with pid: 793376
[2023-09-22 12:12:26 +0000] [793377] [INFO] Booting worker with pid: 793377
[2023-09-22 12:12:28 +0000] [793374] [INFO] Started server process [793374]
[2023-09-22 12:12:28 +0000] [793374] [INFO] Waiting for application startup.
[2023-09-22 12:12:28 +0000] [793374] [INFO] Application startup complete.
[2023-09-22 12:12:28 +0000] [793375] [INFO] Started server process [793375]
[2023-09-22 12:12:28 +0000] [793375] [INFO] Waiting for application startup.
[2023-09-22 12:12:28 +0000] [793375] [INFO] Application startup complete.
[2023-09-22 12:12:28 +0000] [793376] [INFO] Started server process [793376]
[2023-09-22 12:12:28 +0000] [793376] [INFO] Waiting for application startup.
[2023-09-22 12:12:28 +0000] [793376] [INFO] Application startup complete.
[2023-09-22 12:12:28 +0000] [793377] [INFO] Started server process [793377]
[2023-09-22 12:12:28 +0000] [793377] [INFO] Waiting for application startup.
[2023-09-22 12:12:28 +0000] [793377] [INFO] Application startup complete.
[2023-09-22 12:12:42 +0000] [793371] [INFO] Handling signal: term
[2023-09-22 12:12:42 +0000] [793376] [INFO] Shutting down
[2023-09-22 12:12:42 +0000] [793375] [INFO] Shutting down
[2023-09-22 12:12:42 +0000] [793374] [INFO] Shutting down
[2023-09-22 12:12:42 +0000] [793377] [INFO] Shutting down
[2023-09-22 12:12:42 +0000] [793376] [INFO] Waiting for application shutdown.
[2023-09-22 12:12:42 +0000] [793376] [INFO] Application shutdown complete.
[2023-09-22 12:12:42 +0000] [793376] [INFO] Finished server process [793376]
[2023-09-22 12:12:42 +0000] [793376] [INFO] Worker exiting (pid: 793376)
[2023-09-22 12:12:42 +0000] [793375] [INFO] Waiting for application shutdown.
[2023-09-22 12:12:42 +0000] [793375] [INFO] Application shutdown complete.
[2023-09-22 12:12:42 +0000] [793375] [INFO] Finished server process [793375]
[2023-09-22 12:12:42 +0000] [793375] [INFO] Worker exiting (pid: 793375)
[2023-09-22 12:12:42 +0000] [793374] [INFO] Waiting for application shutdown.
[2023-09-22 12:12:42 +0000] [793374] [INFO] Application shutdown complete.
[2023-09-22 12:12:42 +0000] [793374] [INFO] Finished server process [793374]
[2023-09-22 12:12:42 +0000] [793374] [INFO] Worker exiting (pid: 793374)
[2023-09-22 12:12:42 +0000] [793377] [INFO] Waiting for application shutdown.
[2023-09-22 12:12:42 +0000] [793377] [INFO] Application shutdown complete.
[2023-09-22 12:12:42 +0000] [793377] [INFO] Finished server process [793377]
[2023-09-22 12:12:42 +0000] [793377] [INFO] Worker exiting (pid: 793377)
[2023-09-22 12:12:43 +0000] [793371] [INFO] Shutting down: Master
[2023-09-22 12:12:44 +0000] [793429] [INFO] Starting gunicorn 21.2.0
[2023-09-22 12:12:44 +0000] [793429] [INFO] Listening at: https://0.0.0.0:443 (793429)
[2023-09-22 12:12:44 +0000] [793429] [INFO] Using worker: uvicorn.workers.UvicornWorker
[2023-09-22 12:12:44 +0000] [793431] [INFO] Booting worker with pid: 793431
[2023-09-22 12:12:44 +0000] [793432] [INFO] Booting worker with pid: 793432
[2023-09-22 12:12:44 +0000] [793433] [INFO] Booting worker with pid: 793433
[2023-09-22 12:12:44 +0000] [793434] [INFO] Booting worker with pid: 793434
[2023-09-22 12:12:45 +0000] [793431] [INFO] Started server process [793431]
[2023-09-22 12:12:45 +0000] [793431] [INFO] Waiting for application startup.
[2023-09-22 12:12:45 +0000] [793431] [INFO] Application startup complete.
[2023-09-22 12:12:45 +0000] [793432] [INFO] Started server process [793432]
[2023-09-22 12:12:45 +0000] [793432] [INFO] Waiting for application startup.
[2023-09-22 12:12:45 +0000] [793432] [INFO] Application startup complete.
[2023-09-22 12:12:45 +0000] [793433] [INFO] Started server process [793433]
[2023-09-22 12:12:45 +0000] [793433] [INFO] Waiting for application startup.
[2023-09-22 12:12:45 +0000] [793433] [INFO] Application startup complete.
[2023-09-22 12:12:45 +0000] [793434] [INFO] Started server process [793434]
[2023-09-22 12:12:45 +0000] [793434] [INFO] Waiting for application startup.
[2023-09-22 12:12:45 +0000] [793434] [INFO] Application startup complete.
[2023-09-22 13:15:56 +0000] [793429] [INFO] Handling signal: term
[2023-09-22 13:15:56 +0000] [793431] [INFO] Shutting down
[2023-09-22 13:15:56 +0000] [793434] [INFO] Shutting down
[2023-09-22 13:15:56 +0000] [793433] [INFO] Shutting down
[2023-09-22 13:15:56 +0000] [793432] [INFO] Shutting down
[2023-09-22 13:15:56 +0000] [793431] [INFO] Waiting for application shutdown.
[2023-09-22 13:15:56 +0000] [793431] [INFO] Application shutdown complete.
[2023-09-22 13:15:56 +0000] [793431] [INFO] Finished server process [793431]
[2023-09-22 13:15:56 +0000] [793434] [INFO] Waiting for application shutdown.
[2023-09-22 13:15:56 +0000] [793434] [INFO] Application shutdown complete.
[2023-09-22 13:15:56 +0000] [793434] [INFO] Finished server process [793434]
[2023-09-22 13:15:56 +0000] [793431] [INFO] Worker exiting (pid: 793431)
[2023-09-22 13:15:56 +0000] [793434] [INFO] Worker exiting (pid: 793434)
[2023-09-22 13:15:56 +0000] [793433] [INFO] Waiting for application shutdown.
[2023-09-22 13:15:56 +0000] [793433] [INFO] Application shutdown complete.
[2023-09-22 13:15:56 +0000] [793433] [INFO] Finished server process [793433]
[2023-09-22 13:15:56 +0000] [793433] [INFO] Worker exiting (pid: 793433)
[2023-09-22 13:15:56 +0000] [793432] [INFO] Waiting for application shutdown.
[2023-09-22 13:15:56 +0000] [793432] [INFO] Application shutdown complete.
[2023-09-22 13:15:56 +0000] [793432] [INFO] Finished server process [793432]
[2023-09-22 13:15:56 +0000] [793432] [INFO] Worker exiting (pid: 793432)
[2023-09-22 13:15:57 +0000] [793429] [INFO] Shutting down: Master
[2023-09-22 13:15:58 +0000] [795779] [INFO] Starting gunicorn 21.2.0
[2023-09-22 13:15:58 +0000] [795779] [INFO] Listening at: https://0.0.0.0:443 (795779)
[2023-09-22 13:15:58 +0000] [795779] [INFO] Using worker: uvicorn.workers.UvicornWorker
[2023-09-22 13:15:58 +0000] [795781] [INFO] Booting worker with pid: 795781
[2023-09-22 13:15:58 +0000] [795784] [INFO] Booting worker with pid: 795784
[2023-09-22 13:15:58 +0000] [795785] [INFO] Booting worker with pid: 795785
[2023-09-22 13:15:58 +0000] [795786] [INFO] Booting worker with pid: 795786
[2023-09-22 13:16:00 +0000] [795781] [INFO] Started server process [795781]
[2023-09-22 13:16:00 +0000] [795781] [INFO] Waiting for application startup.
[2023-09-22 13:16:00 +0000] [795781] [INFO] Application startup complete.
[2023-09-22 13:16:00 +0000] [795784] [INFO] Started server process [795784]
[2023-09-22 13:16:00 +0000] [795784] [INFO] Waiting for application startup.
[2023-09-22 13:16:00 +0000] [795784] [INFO] Application startup complete.
[2023-09-22 13:16:00 +0000] [795785] [INFO] Started server process [795785]
[2023-09-22 13:16:00 +0000] [795785] [INFO] Waiting for application startup.
[2023-09-22 13:16:00 +0000] [795785] [INFO] Application startup complete.
[2023-09-22 13:16:00 +0000] [795786] [INFO] Started server process [795786]
[2023-09-22 13:16:00 +0000] [795786] [INFO] Waiting for application startup.
[2023-09-22 13:16:00 +0000] [795786] [INFO] Application startup complete.
[2023-09-22 13:16:19 +0000] [795779] [INFO] Handling signal: term
[2023-09-22 13:16:19 +0000] [795785] [INFO] Shutting down
[2023-09-22 13:16:19 +0000] [795784] [INFO] Shutting down
[2023-09-22 13:16:19 +0000] [795781] [INFO] Shutting down
[2023-09-22 13:16:19 +0000] [795786] [INFO] Shutting down
[2023-09-22 13:16:19 +0000] [795785] [INFO] Waiting for application shutdown.
[2023-09-22 13:16:19 +0000] [795785] [INFO] Application shutdown complete.
[2023-09-22 13:16:19 +0000] [795785] [INFO] Finished server process [795785]
[2023-09-22 13:16:19 +0000] [795785] [INFO] Worker exiting (pid: 795785)
[2023-09-22 13:16:19 +0000] [795784] [INFO] Waiting for application shutdown.
[2023-09-22 13:16:19 +0000] [795784] [INFO] Application shutdown complete.
[2023-09-22 13:16:19 +0000] [795784] [INFO] Finished server process [795784]
[2023-09-22 13:16:19 +0000] [795784] [INFO] Worker exiting (pid: 795784)
[2023-09-22 13:16:19 +0000] [795781] [INFO] Waiting for application shutdown.
[2023-09-22 13:16:19 +0000] [795781] [INFO] Application shutdown complete.
[2023-09-22 13:16:19 +0000] [795781] [INFO] Finished server process [795781]
[2023-09-22 13:16:19 +0000] [795781] [INFO] Worker exiting (pid: 795781)
[2023-09-22 13:16:19 +0000] [795786] [INFO] Waiting for application shutdown.
[2023-09-22 13:16:19 +0000] [795786] [INFO] Application shutdown complete.
[2023-09-22 13:16:19 +0000] [795786] [INFO] Finished server process [795786]
[2023-09-22 13:16:19 +0000] [795786] [INFO] Worker exiting (pid: 795786)
[2023-09-22 13:16:19 +0000] [795779] [INFO] Shutting down: Master
[2023-09-22 13:16:20 +0000] [795855] [INFO] Starting gunicorn 21.2.0
[2023-09-22 13:16:20 +0000] [795855] [INFO] Listening at: https://0.0.0.0:443 (795855)
[2023-09-22 13:16:20 +0000] [795855] [INFO] Using worker: uvicorn.workers.UvicornWorker
[2023-09-22 13:16:20 +0000] [795857] [INFO] Booting worker with pid: 795857
[2023-09-22 13:16:20 +0000] [795858] [INFO] Booting worker with pid: 795858
[2023-09-22 13:16:21 +0000] [795859] [INFO] Booting worker with pid: 795859
[2023-09-22 13:16:21 +0000] [795860] [INFO] Booting worker with pid: 795860
[2023-09-22 13:16:22 +0000] [795858] [INFO] Started server process [795858]
[2023-09-22 13:16:22 +0000] [795858] [INFO] Waiting for application startup.
[2023-09-22 13:16:22 +0000] [795858] [INFO] Application startup complete.
[2023-09-22 13:16:22 +0000] [795857] [INFO] Started server process [795857]
[2023-09-22 13:16:22 +0000] [795857] [INFO] Waiting for application startup.
[2023-09-22 13:16:22 +0000] [795857] [INFO] Application startup complete.
[2023-09-22 13:16:22 +0000] [795859] [INFO] Started server process [795859]
[2023-09-22 13:16:22 +0000] [795859] [INFO] Waiting for application startup.
[2023-09-22 13:16:22 +0000] [795859] [INFO] Application startup complete.
[2023-09-22 13:16:22 +0000] [795860] [INFO] Started server process [795860]
[2023-09-22 13:16:22 +0000] [795860] [INFO] Waiting for application startup.
[2023-09-22 13:16:22 +0000] [795860] [INFO] Application startup complete.
[2023-09-22 13:16:57 +0000] [795855] [INFO] Handling signal: term
[2023-09-22 13:16:57 +0000] [795859] [INFO] Shutting down
[2023-09-22 13:16:57 +0000] [795860] [INFO] Shutting down
[2023-09-22 13:16:57 +0000] [795857] [INFO] Shutting down
[2023-09-22 13:16:57 +0000] [795858] [INFO] Shutting down
[2023-09-22 13:16:57 +0000] [795859] [INFO] Waiting for application shutdown.
[2023-09-22 13:16:57 +0000] [795859] [INFO] Application shutdown complete.
[2023-09-22 13:16:57 +0000] [795859] [INFO] Finished server process [795859]
[2023-09-22 13:16:57 +0000] [795860] [INFO] Waiting for application shutdown.
[2023-09-22 13:16:57 +0000] [795859] [INFO] Worker exiting (pid: 795859)
[2023-09-22 13:16:57 +0000] [795860] [INFO] Application shutdown complete.
[2023-09-22 13:16:57 +0000] [795860] [INFO] Finished server process [795860]
[2023-09-22 13:16:57 +0000] [795860] [INFO] Worker exiting (pid: 795860)
[2023-09-22 13:16:57 +0000] [795857] [INFO] Waiting for application shutdown.
[2023-09-22 13:16:57 +0000] [795857] [INFO] Application shutdown complete.
[2023-09-22 13:16:57 +0000] [795857] [INFO] Finished server process [795857]
[2023-09-22 13:16:57 +0000] [795857] [INFO] Worker exiting (pid: 795857)
[2023-09-22 13:16:57 +0000] [795858] [INFO] Waiting for application shutdown.
[2023-09-22 13:16:57 +0000] [795858] [INFO] Application shutdown complete.
[2023-09-22 13:16:57 +0000] [795858] [INFO] Finished server process [795858]
[2023-09-22 13:16:57 +0000] [795858] [INFO] Worker exiting (pid: 795858)
[2023-09-22 13:16:57 +0000] [795855] [INFO] Shutting down: Master
[2023-09-22 13:16:58 +0000] [795954] [INFO] Starting gunicorn 21.2.0
[2023-09-22 13:16:58 +0000] [795954] [INFO] Listening at: https://0.0.0.0:443 (795954)
[2023-09-22 13:16:58 +0000] [795954] [INFO] Using worker: uvicorn.workers.UvicornWorker
[2023-09-22 13:16:58 +0000] [795958] [INFO] Booting worker with pid: 795958
[2023-09-22 13:16:58 +0000] [795959] [INFO] Booting worker with pid: 795959
[2023-09-22 13:16:58 +0000] [795960] [INFO] Booting worker with pid: 795960
[2023-09-22 13:16:58 +0000] [795961] [INFO] Booting worker with pid: 795961
[2023-09-22 13:16:59 +0000] [795958] [INFO] Started server process [795958]
[2023-09-22 13:16:59 +0000] [795958] [INFO] Waiting for application startup.
[2023-09-22 13:16:59 +0000] [795958] [INFO] Application startup complete.
[2023-09-22 13:17:00 +0000] [795961] [INFO] Started server process [795961]
[2023-09-22 13:17:00 +0000] [795961] [INFO] Waiting for application startup.
[2023-09-22 13:17:00 +0000] [795961] [INFO] Application startup complete.
[2023-09-22 13:17:00 +0000] [795959] [INFO] Started server process [795959]
[2023-09-22 13:17:00 +0000] [795959] [INFO] Waiting for application startup.
[2023-09-22 13:17:00 +0000] [795959] [INFO] Application startup complete.
[2023-09-22 13:17:00 +0000] [795960] [INFO] Started server process [795960]
[2023-09-22 13:17:00 +0000] [795960] [INFO] Waiting for application startup.
[2023-09-22 13:17:00 +0000] [795960] [INFO] Application startup complete.
[2023-09-22 13:17:00 +0000] [795954] [INFO] Handling signal: term
[2023-09-22 13:17:00 +0000] [795959] [INFO] Shutting down
[2023-09-22 13:17:00 +0000] [795960] [INFO] Shutting down
[2023-09-22 13:17:01 +0000] [795958] [INFO] Shutting down
[2023-09-22 13:17:01 +0000] [795961] [INFO] Shutting down
[2023-09-22 13:17:01 +0000] [795959] [INFO] Waiting for application shutdown.
[2023-09-22 13:17:01 +0000] [795959] [INFO] Application shutdown complete.
[2023-09-22 13:17:01 +0000] [795959] [INFO] Finished server process [795959]
[2023-09-22 13:17:01 +0000] [795959] [INFO] Worker exiting (pid: 795959)
[2023-09-22 13:17:01 +0000] [795960] [INFO] Waiting for application shutdown.
[2023-09-22 13:17:01 +0000] [795960] [INFO] Application shutdown complete.
[2023-09-22 13:17:01 +0000] [795960] [INFO] Finished server process [795960]
[2023-09-22 13:17:01 +0000] [795960] [INFO] Worker exiting (pid: 795960)
[2023-09-22 13:17:01 +0000] [795958] [INFO] Waiting for application shutdown.
[2023-09-22 13:17:01 +0000] [795958] [INFO] Application shutdown complete.
[2023-09-22 13:17:01 +0000] [795958] [INFO] Finished server process [795958]
[2023-09-22 13:17:01 +0000] [795958] [INFO] Worker exiting (pid: 795958)
[2023-09-22 13:17:01 +0000] [795961] [INFO] Waiting for application shutdown.
[2023-09-22 13:17:01 +0000] [795961] [INFO] Application shutdown complete.
[2023-09-22 13:17:01 +0000] [795961] [INFO] Finished server process [795961]
[2023-09-22 13:17:01 +0000] [795961] [INFO] Worker exiting (pid: 795961)
[2023-09-22 13:17:01 +0000] [795954] [INFO] Shutting down: Master
[2023-09-22 13:17:03 +0000] [796009] [INFO] Starting gunicorn 21.2.0
[2023-09-22 13:17:03 +0000] [796009] [INFO] Listening at: https://0.0.0.0:443 (796009)
[2023-09-22 13:17:03 +0000] [796009] [INFO] Using worker: uvicorn.workers.UvicornWorker
[2023-09-22 13:17:03 +0000] [796011] [INFO] Booting worker with pid: 796011
[2023-09-22 13:17:03 +0000] [796012] [INFO] Booting worker with pid: 796012
[2023-09-22 13:17:03 +0000] [796013] [INFO] Booting worker with pid: 796013
[2023-09-22 13:17:03 +0000] [796014] [INFO] Booting worker with pid: 796014
[2023-09-22 13:17:04 +0000] [796011] [INFO] Started server process [796011]
[2023-09-22 13:17:04 +0000] [796011] [INFO] Waiting for application startup.
[2023-09-22 13:17:04 +0000] [796011] [INFO] Application startup complete.
[2023-09-22 13:17:04 +0000] [796012] [INFO] Started server process [796012]
[2023-09-22 13:17:04 +0000] [796012] [INFO] Waiting for application startup.
[2023-09-22 13:17:04 +0000] [796012] [INFO] Application startup complete.
[2023-09-22 13:17:04 +0000] [796013] [INFO] Started server process [796013]
[2023-09-22 13:17:04 +0000] [796013] [INFO] Waiting for application startup.
[2023-09-22 13:17:04 +0000] [796013] [INFO] Application startup complete.
[2023-09-22 13:17:04 +0000] [796014] [INFO] Started server process [796014]
[2023-09-22 13:17:04 +0000] [796014] [INFO] Waiting for application startup.
[2023-09-22 13:17:04 +0000] [796014] [INFO] Application startup complete.
[2023-09-22 14:04:50 +0000] [796009] [INFO] Handling signal: term
[2023-09-22 14:04:50 +0000] [796011] [INFO] Shutting down
[2023-09-22 14:04:50 +0000] [796012] [INFO] Shutting down
[2023-09-22 14:04:50 +0000] [796013] [INFO] Shutting down
[2023-09-22 14:04:50 +0000] [796014] [INFO] Shutting down
[2023-09-22 14:04:50 +0000] [796011] [INFO] Waiting for application shutdown.
[2023-09-22 14:04:50 +0000] [796011] [INFO] Application shutdown complete.
[2023-09-22 14:04:50 +0000] [796011] [INFO] Finished server process [796011]
[2023-09-22 14:04:50 +0000] [796011] [INFO] Worker exiting (pid: 796011)
[2023-09-22 14:04:50 +0000] [796012] [INFO] Waiting for application shutdown.
[2023-09-22 14:04:50 +0000] [796013] [INFO] Waiting for application shutdown.
[2023-09-22 14:04:50 +0000] [796012] [INFO] Application shutdown complete.
[2023-09-22 14:04:50 +0000] [796012] [INFO] Finished server process [796012]
[2023-09-22 14:04:50 +0000] [796013] [INFO] Application shutdown complete.
[2023-09-22 14:04:50 +0000] [796013] [INFO] Finished server process [796013]
[2023-09-22 14:04:50 +0000] [796013] [INFO] Worker exiting (pid: 796013)
[2023-09-22 14:04:50 +0000] [796012] [INFO] Worker exiting (pid: 796012)
[2023-09-22 14:04:50 +0000] [796014] [INFO] Waiting for application shutdown.
[2023-09-22 14:04:50 +0000] [796014] [INFO] Application shutdown complete.
[2023-09-22 14:04:50 +0000] [796014] [INFO] Finished server process [796014]
[2023-09-22 14:04:50 +0000] [796014] [INFO] Worker exiting (pid: 796014)
[2023-09-22 14:04:50 +0000] [796009] [INFO] Shutting down: Master
[2023-09-22 14:04:53 +0000] [798004] [INFO] Starting gunicorn 21.2.0
[2023-09-22 14:04:53 +0000] [798004] [INFO] Listening at: https://0.0.0.0:443 (798004)
[2023-09-22 14:04:53 +0000] [798004] [INFO] Using worker: uvicorn.workers.UvicornWorker
[2023-09-22 14:04:53 +0000] [798006] [INFO] Booting worker with pid: 798006
[2023-09-22 14:04:53 +0000] [798007] [INFO] Booting worker with pid: 798007
[2023-09-22 14:04:53 +0000] [798008] [INFO] Booting worker with pid: 798008
[2023-09-22 14:04:53 +0000] [798009] [INFO] Booting worker with pid: 798009
[2023-09-22 14:04:54 +0000] [798006] [INFO] Started server process [798006]
[2023-09-22 14:04:54 +0000] [798006] [INFO] Waiting for application startup.
[2023-09-22 14:04:54 +0000] [798006] [INFO] Application startup complete.
[2023-09-22 14:04:54 +0000] [798007] [INFO] Started server process [798007]
[2023-09-22 14:04:54 +0000] [798007] [INFO] Waiting for application startup.
[2023-09-22 14:04:54 +0000] [798007] [INFO] Application startup complete.
[2023-09-22 14:04:55 +0000] [798008] [INFO] Started server process [798008]
[2023-09-22 14:04:55 +0000] [798008] [INFO] Waiting for application startup.
[2023-09-22 14:04:55 +0000] [798008] [INFO] Application startup complete.
[2023-09-22 14:04:55 +0000] [798009] [INFO] Started server process [798009]
[2023-09-22 14:04:55 +0000] [798009] [INFO] Waiting for application startup.
[2023-09-22 14:04:55 +0000] [798009] [INFO] Application startup complete.
[2023-09-22 14:05:19 +0000] [798004] [INFO] Handling signal: term
[2023-09-22 14:05:19 +0000] [798007] [INFO] Shutting down
[2023-09-22 14:05:19 +0000] [798008] [INFO] Shutting down
[2023-09-22 14:05:19 +0000] [798006] [INFO] Shutting down
[2023-09-22 14:05:19 +0000] [798009] [INFO] Shutting down
[2023-09-22 14:05:19 +0000] [798007] [INFO] Waiting for application shutdown.
[2023-09-22 14:05:19 +0000] [798007] [INFO] Application shutdown complete.
[2023-09-22 14:05:19 +0000] [798007] [INFO] Finished server process [798007]
[2023-09-22 14:05:19 +0000] [798007] [INFO] Worker exiting (pid: 798007)
[2023-09-22 14:05:19 +0000] [798008] [INFO] Waiting for application shutdown.
[2023-09-22 14:05:19 +0000] [798008] [INFO] Application shutdown complete.
[2023-09-22 14:05:19 +0000] [798008] [INFO] Finished server process [798008]
[2023-09-22 14:05:19 +0000] [798008] [INFO] Worker exiting (pid: 798008)
[2023-09-22 14:05:19 +0000] [798006] [INFO] Waiting for application shutdown.
[2023-09-22 14:05:19 +0000] [798006] [INFO] Application shutdown complete.
[2023-09-22 14:05:19 +0000] [798006] [INFO] Finished server process [798006]
[2023-09-22 14:05:19 +0000] [798006] [INFO] Worker exiting (pid: 798006)
[2023-09-22 14:05:19 +0000] [798009] [INFO] Waiting for application shutdown.
[2023-09-22 14:05:19 +0000] [798009] [INFO] Application shutdown complete.
[2023-09-22 14:05:19 +0000] [798009] [INFO] Finished server process [798009]
[2023-09-22 14:05:19 +0000] [798009] [INFO] Worker exiting (pid: 798009)
[2023-09-22 14:05:19 +0000] [798004] [INFO] Shutting down: Master
[2023-09-22 14:05:21 +0000] [798083] [INFO] Starting gunicorn 21.2.0
[2023-09-22 14:05:21 +0000] [798083] [INFO] Listening at: https://0.0.0.0:443 (798083)
[2023-09-22 14:05:21 +0000] [798083] [INFO] Using worker: uvicorn.workers.UvicornWorker
[2023-09-22 14:05:21 +0000] [798086] [INFO] Booting worker with pid: 798086
[2023-09-22 14:05:21 +0000] [798087] [INFO] Booting worker with pid: 798087
[2023-09-22 14:05:21 +0000] [798088] [INFO] Booting worker with pid: 798088
[2023-09-22 14:05:21 +0000] [798089] [INFO] Booting worker with pid: 798089
[2023-09-22 14:05:23 +0000] [798087] [INFO] Started server process [798087]
[2023-09-22 14:05:23 +0000] [798087] [INFO] Waiting for application startup.
[2023-09-22 14:05:23 +0000] [798087] [INFO] Application startup complete.
[2023-09-22 14:05:23 +0000] [798086] [INFO] Started server process [798086]
[2023-09-22 14:05:23 +0000] [798086] [INFO] Waiting for application startup.
[2023-09-22 14:05:23 +0000] [798086] [INFO] Application startup complete.
[2023-09-22 14:05:23 +0000] [798088] [INFO] Started server process [798088]
[2023-09-22 14:05:23 +0000] [798088] [INFO] Waiting for application startup.
[2023-09-22 14:05:23 +0000] [798088] [INFO] Application startup complete.
[2023-09-22 14:05:23 +0000] [798089] [INFO] Started server process [798089]
[2023-09-22 14:05:23 +0000] [798089] [INFO] Waiting for application startup.
[2023-09-22 14:05:23 +0000] [798089] [INFO] Application startup complete.
[2023-09-22 14:26:18 +0000] [798083] [INFO] Handling signal: term
[2023-09-22 14:26:18 +0000] [798087] [INFO] Shutting down
[2023-09-22 14:26:18 +0000] [798086] [INFO] Shutting down
[2023-09-22 14:26:18 +0000] [798088] [INFO] Shutting down
[2023-09-22 14:26:18 +0000] [798089] [INFO] Shutting down
[2023-09-22 14:26:18 +0000] [798087] [INFO] Waiting for application shutdown.
[2023-09-22 14:26:18 +0000] [798087] [INFO] Application shutdown complete.
[2023-09-22 14:26:18 +0000] [798087] [INFO] Finished server process [798087]
[2023-09-22 14:26:18 +0000] [798087] [INFO] Worker exiting (pid: 798087)
[2023-09-22 14:26:18 +0000] [798086] [INFO] Waiting for application shutdown.
[2023-09-22 14:26:18 +0000] [798086] [INFO] Application shutdown complete.
[2023-09-22 14:26:18 +0000] [798086] [INFO] Finished server process [798086]
[2023-09-22 14:26:18 +0000] [798086] [INFO] Worker exiting (pid: 798086)
[2023-09-22 14:26:18 +0000] [798088] [INFO] Waiting for application shutdown.
[2023-09-22 14:26:18 +0000] [798088] [INFO] Application shutdown complete.
[2023-09-22 14:26:18 +0000] [798088] [INFO] Finished server process [798088]
[2023-09-22 14:26:18 +0000] [798088] [INFO] Worker exiting (pid: 798088)
[2023-09-22 14:26:18 +0000] [798089] [INFO] Waiting for application shutdown.
[2023-09-22 14:26:18 +0000] [798089] [INFO] Application shutdown complete.
[2023-09-22 14:26:18 +0000] [798089] [INFO] Finished server process [798089]
[2023-09-22 14:26:18 +0000] [798089] [INFO] Worker exiting (pid: 798089)
[2023-09-22 14:26:18 +0000] [798083] [INFO] Shutting down: Master
[2023-09-22 14:26:19 +0000] [798847] [INFO] Starting gunicorn 21.2.0
[2023-09-22 14:26:19 +0000] [798847] [INFO] Listening at: https://0.0.0.0:443 (798847)
[2023-09-22 14:26:19 +0000] [798847] [INFO] Using worker: uvicorn.workers.UvicornWorker
[2023-09-22 14:26:19 +0000] [798849] [INFO] Booting worker with pid: 798849
[2023-09-22 14:26:19 +0000] [798850] [INFO] Booting worker with pid: 798850
[2023-09-22 14:26:20 +0000] [798851] [INFO] Booting worker with pid: 798851
[2023-09-22 14:26:20 +0000] [798852] [INFO] Booting worker with pid: 798852
[2023-09-22 14:26:21 +0000] [798849] [INFO] Started server process [798849]
[2023-09-22 14:26:21 +0000] [798849] [INFO] Waiting for application startup.
[2023-09-22 14:26:21 +0000] [798849] [INFO] Application startup complete.
[2023-09-22 14:26:21 +0000] [798850] [INFO] Started server process [798850]
[2023-09-22 14:26:21 +0000] [798850] [INFO] Waiting for application startup.
[2023-09-22 14:26:21 +0000] [798850] [INFO] Application startup complete.
[2023-09-22 14:26:21 +0000] [798851] [INFO] Started server process [798851]
[2023-09-22 14:26:21 +0000] [798851] [INFO] Waiting for application startup.
[2023-09-22 14:26:21 +0000] [798851] [INFO] Application startup complete.
[2023-09-22 14:26:21 +0000] [798852] [INFO] Started server process [798852]
[2023-09-22 14:26:21 +0000] [798852] [INFO] Waiting for application startup.
[2023-09-22 14:26:21 +0000] [798852] [INFO] Application startup complete.
[2023-09-22 14:58:36 +0000] [798847] [INFO] Handling signal: term
[2023-09-22 14:58:37 +0000] [798850] [INFO] Shutting down
[2023-09-22 14:58:37 +0000] [798851] [INFO] Shutting down
[2023-09-22 14:58:37 +0000] [798849] [INFO] Shutting down
[2023-09-22 14:58:37 +0000] [798852] [INFO] Shutting down
[2023-09-22 14:58:37 +0000] [798850] [INFO] Waiting for application shutdown.
[2023-09-22 14:58:37 +0000] [798850] [INFO] Application shutdown complete.
[2023-09-22 14:58:37 +0000] [798850] [INFO] Finished server process [798850]
[2023-09-22 14:58:37 +0000] [798850] [INFO] Worker exiting (pid: 798850)
[2023-09-22 14:58:37 +0000] [798851] [INFO] Waiting for application shutdown.
[2023-09-22 14:58:37 +0000] [798851] [INFO] Application shutdown complete.
[2023-09-22 14:58:37 +0000] [798851] [INFO] Finished server process [798851]
[2023-09-22 14:58:37 +0000] [798851] [INFO] Worker exiting (pid: 798851)
[2023-09-22 14:58:37 +0000] [798849] [INFO] Waiting for application shutdown.
[2023-09-22 14:58:37 +0000] [798849] [INFO] Application shutdown complete.
[2023-09-22 14:58:37 +0000] [798849] [INFO] Finished server process [798849]
[2023-09-22 14:58:37 +0000] [798852] [INFO] Waiting for application shutdown.
[2023-09-22 14:58:37 +0000] [798852] [INFO] Application shutdown complete.
[2023-09-22 14:58:37 +0000] [798852] [INFO] Finished server process [798852]
[2023-09-22 14:58:37 +0000] [798852] [INFO] Worker exiting (pid: 798852)
[2023-09-22 14:58:37 +0000] [798849] [INFO] Worker exiting (pid: 798849)
[2023-09-22 14:58:37 +0000] [798847] [INFO] Shutting down: Master
[2023-09-22 14:58:38 +0000] [799794] [INFO] Starting gunicorn 21.2.0
[2023-09-22 14:58:38 +0000] [799794] [INFO] Listening at: https://0.0.0.0:443 (799794)
[2023-09-22 14:58:38 +0000] [799794] [INFO] Using worker: uvicorn.workers.UvicornWorker
[2023-09-22 14:58:38 +0000] [799796] [INFO] Booting worker with pid: 799796
[2023-09-22 14:58:38 +0000] [799797] [INFO] Booting worker with pid: 799797
[2023-09-22 14:58:38 +0000] [799798] [INFO] Booting worker with pid: 799798
[2023-09-22 14:58:38 +0000] [799799] [INFO] Booting worker with pid: 799799
[2023-09-22 14:58:39 +0000] [799796] [INFO] Started server process [799796]
[2023-09-22 14:58:39 +0000] [799796] [INFO] Waiting for application startup.
[2023-09-22 14:58:39 +0000] [799796] [INFO] Application startup complete.
[2023-09-22 14:58:39 +0000] [799797] [INFO] Started server process [799797]
[2023-09-22 14:58:39 +0000] [799797] [INFO] Waiting for application startup.
[2023-09-22 14:58:39 +0000] [799797] [INFO] Application startup complete.
[2023-09-22 14:58:39 +0000] [799798] [INFO] Started server process [799798]
[2023-09-22 14:58:39 +0000] [799799] [INFO] Started server process [799799]
[2023-09-22 14:58:39 +0000] [799798] [INFO] Waiting for application startup.
[2023-09-22 14:58:39 +0000] [799799] [INFO] Waiting for application startup.
[2023-09-22 14:58:39 +0000] [799799] [INFO] Application startup complete.
[2023-09-22 14:58:39 +0000] [799798] [INFO] Application startup complete.
[2023-09-22 14:59:01 +0000] [799794] [INFO] Handling signal: term
[2023-09-22 14:59:01 +0000] [799796] [INFO] Shutting down
[2023-09-22 14:59:01 +0000] [799799] [INFO] Shutting down
[2023-09-22 14:59:01 +0000] [799798] [INFO] Shutting down
[2023-09-22 14:59:01 +0000] [799797] [INFO] Shutting down
[2023-09-22 14:59:01 +0000] [799796] [INFO] Waiting for application shutdown.
[2023-09-22 14:59:01 +0000] [799796] [INFO] Application shutdown complete.
[2023-09-22 14:59:01 +0000] [799796] [INFO] Finished server process [799796]
[2023-09-22 14:59:01 +0000] [799796] [INFO] Worker exiting (pid: 799796)
[2023-09-22 14:59:01 +0000] [799799] [INFO] Waiting for application shutdown.
[2023-09-22 14:59:01 +0000] [799799] [INFO] Application shutdown complete.
[2023-09-22 14:59:01 +0000] [799799] [INFO] Finished server process [799799]
[2023-09-22 14:59:01 +0000] [799799] [INFO] Worker exiting (pid: 799799)
[2023-09-22 14:59:01 +0000] [799798] [INFO] Waiting for application shutdown.
[2023-09-22 14:59:01 +0000] [799798] [INFO] Application shutdown complete.
[2023-09-22 14:59:01 +0000] [799798] [INFO] Finished server process [799798]
[2023-09-22 14:59:01 +0000] [799798] [INFO] Worker exiting (pid: 799798)
[2023-09-22 14:59:01 +0000] [799797] [INFO] Waiting for application shutdown.
[2023-09-22 14:59:01 +0000] [799797] [INFO] Application shutdown complete.
[2023-09-22 14:59:01 +0000] [799797] [INFO] Finished server process [799797]
[2023-09-22 14:59:01 +0000] [799797] [INFO] Worker exiting (pid: 799797)
[2023-09-22 14:59:01 +0000] [799794] [INFO] Shutting down: Master
[2023-09-22 14:59:02 +0000] [799853] [INFO] Starting gunicorn 21.2.0
[2023-09-22 14:59:02 +0000] [799853] [INFO] Listening at: https://0.0.0.0:443 (799853)
[2023-09-22 14:59:02 +0000] [799853] [INFO] Using worker: uvicorn.workers.UvicornWorker
[2023-09-22 14:59:02 +0000] [799855] [INFO] Booting worker with pid: 799855
[2023-09-22 14:59:02 +0000] [799856] [INFO] Booting worker with pid: 799856
[2023-09-22 14:59:02 +0000] [799857] [INFO] Booting worker with pid: 799857
[2023-09-22 14:59:02 +0000] [799858] [INFO] Booting worker with pid: 799858
[2023-09-22 14:59:04 +0000] [799855] [INFO] Started server process [799855]
[2023-09-22 14:59:04 +0000] [799855] [INFO] Waiting for application startup.
[2023-09-22 14:59:04 +0000] [799855] [INFO] Application startup complete.
[2023-09-22 14:59:04 +0000] [799856] [INFO] Started server process [799856]
[2023-09-22 14:59:04 +0000] [799856] [INFO] Waiting for application startup.
[2023-09-22 14:59:04 +0000] [799856] [INFO] Application startup complete.
[2023-09-22 14:59:04 +0000] [799857] [INFO] Started server process [799857]
[2023-09-22 14:59:04 +0000] [799857] [INFO] Waiting for application startup.
[2023-09-22 14:59:04 +0000] [799857] [INFO] Application startup complete.
[2023-09-22 14:59:04 +0000] [799858] [INFO] Started server process [799858]
[2023-09-22 14:59:04 +0000] [799858] [INFO] Waiting for application startup.
[2023-09-22 14:59:04 +0000] [799858] [INFO] Application startup complete.
[2023-09-22 14:59:05 +0000] [799856] [ERROR] Exception in ASGI application
Traceback (most recent call last):
  File "/usr/local/lib/python3.8/dist-packages/uvicorn/protocols/http/h11_impl.py", line 408, in run_asgi
    result = await app(  # type: ignore[func-returns-value]
  File "/usr/local/lib/python3.8/dist-packages/uvicorn/middleware/proxy_headers.py", line 84, in __call__
    return await self.app(scope, receive, send)
  File "/usr/local/lib/python3.8/dist-packages/fastapi/applications.py", line 292, in __call__
    await super().__call__(scope, receive, send)
  File "/usr/local/lib/python3.8/dist-packages/starlette/applications.py", line 122, in __call__
    await self.middleware_stack(scope, receive, send)
  File "/usr/local/lib/python3.8/dist-packages/starlette/middleware/errors.py", line 184, in __call__
    raise exc
  File "/usr/local/lib/python3.8/dist-packages/starlette/middleware/errors.py", line 162, in __call__
    await self.app(scope, receive, _send)
  File "/usr/local/lib/python3.8/dist-packages/starlette/middleware/exceptions.py", line 79, in __call__
    raise exc
  File "/usr/local/lib/python3.8/dist-packages/starlette/middleware/exceptions.py", line 68, in __call__
    await self.app(scope, receive, sender)
  File "/usr/local/lib/python3.8/dist-packages/fastapi/middleware/asyncexitstack.py", line 20, in __call__
    raise e
  File "/usr/local/lib/python3.8/dist-packages/fastapi/middleware/asyncexitstack.py", line 17, in __call__
    await self.app(scope, receive, send)
  File "/usr/local/lib/python3.8/dist-packages/starlette/routing.py", line 718, in __call__
    await route.handle(scope, receive, send)
  File "/usr/local/lib/python3.8/dist-packages/starlette/routing.py", line 276, in handle
    await self.app(scope, receive, send)
  File "/usr/local/lib/python3.8/dist-packages/starlette/routing.py", line 66, in app
    response = await func(request)
  File "/usr/local/lib/python3.8/dist-packages/fastapi/routing.py", line 273, in app
    raw_response = await run_endpoint_function(
  File "/usr/local/lib/python3.8/dist-packages/fastapi/routing.py", line 192, in run_endpoint_function
    return await run_in_threadpool(dependant.call, **values)
  File "/usr/local/lib/python3.8/dist-packages/starlette/concurrency.py", line 41, in run_in_threadpool
    return await anyio.to_thread.run_sync(func, *args)
  File "/usr/local/lib/python3.8/dist-packages/anyio/to_thread.py", line 33, in run_sync
    return await get_asynclib().run_sync_in_worker_thread(
  File "/usr/local/lib/python3.8/dist-packages/anyio/_backends/_asyncio.py", line 877, in run_sync_in_worker_thread
    return await future
  File "/usr/local/lib/python3.8/dist-packages/anyio/_backends/_asyncio.py", line 807, in run
    result = context.run(func, *args)
  File "/home/inui/esm_server/main.py", line 52, in esm_time
    return {
TypeError: unhashable type: 'list'
[2023-09-22 15:00:00 +0000] [799853] [INFO] Handling signal: term
[2023-09-22 15:00:00 +0000] [799858] [INFO] Shutting down
[2023-09-22 15:00:00 +0000] [799856] [INFO] Shutting down
[2023-09-22 15:00:00 +0000] [799855] [INFO] Shutting down
[2023-09-22 15:00:00 +0000] [799857] [INFO] Shutting down
[2023-09-22 15:00:00 +0000] [799858] [INFO] Waiting for application shutdown.
[2023-09-22 15:00:00 +0000] [799858] [INFO] Application shutdown complete.
[2023-09-22 15:00:00 +0000] [799858] [INFO] Finished server process [799858]
[2023-09-22 15:00:00 +0000] [799858] [INFO] Worker exiting (pid: 799858)
[2023-09-22 15:00:00 +0000] [799856] [INFO] Waiting for application shutdown.
[2023-09-22 15:00:00 +0000] [799856] [INFO] Application shutdown complete.
[2023-09-22 15:00:00 +0000] [799856] [INFO] Finished server process [799856]
[2023-09-22 15:00:00 +0000] [799856] [INFO] Worker exiting (pid: 799856)
[2023-09-22 15:00:01 +0000] [799855] [INFO] Waiting for application shutdown.
[2023-09-22 15:00:01 +0000] [799855] [INFO] Application shutdown complete.
[2023-09-22 15:00:01 +0000] [799855] [INFO] Finished server process [799855]
[2023-09-22 15:00:01 +0000] [799855] [INFO] Worker exiting (pid: 799855)
[2023-09-22 15:00:01 +0000] [799857] [INFO] Waiting for application shutdown.
[2023-09-22 15:00:01 +0000] [799857] [INFO] Application shutdown complete.
[2023-09-22 15:00:01 +0000] [799857] [INFO] Finished server process [799857]
[2023-09-22 15:00:01 +0000] [799857] [INFO] Worker exiting (pid: 799857)
[2023-09-22 15:00:01 +0000] [799853] [INFO] Shutting down: Master
[2023-09-22 15:00:04 +0000] [799954] [INFO] Starting gunicorn 21.2.0
[2023-09-22 15:00:04 +0000] [799954] [INFO] Listening at: https://0.0.0.0:443 (799954)
[2023-09-22 15:00:04 +0000] [799954] [INFO] Using worker: uvicorn.workers.UvicornWorker
[2023-09-22 15:00:04 +0000] [799956] [INFO] Booting worker with pid: 799956
[2023-09-22 15:00:04 +0000] [799957] [INFO] Booting worker with pid: 799957
[2023-09-22 15:00:04 +0000] [799958] [INFO] Booting worker with pid: 799958
[2023-09-22 15:00:04 +0000] [799959] [INFO] Booting worker with pid: 799959
[2023-09-22 15:00:05 +0000] [799956] [INFO] Started server process [799956]
[2023-09-22 15:00:05 +0000] [799956] [INFO] Waiting for application startup.
[2023-09-22 15:00:05 +0000] [799956] [INFO] Application startup complete.
[2023-09-22 15:00:05 +0000] [799957] [INFO] Started server process [799957]
[2023-09-22 15:00:05 +0000] [799957] [INFO] Waiting for application startup.
[2023-09-22 15:00:05 +0000] [799957] [INFO] Application startup complete.
[2023-09-22 15:00:05 +0000] [799958] [INFO] Started server process [799958]
[2023-09-22 15:00:05 +0000] [799958] [INFO] Waiting for application startup.
[2023-09-22 15:00:05 +0000] [799958] [INFO] Application startup complete.
[2023-09-22 15:00:05 +0000] [799959] [INFO] Started server process [799959]
[2023-09-22 15:00:05 +0000] [799959] [INFO] Waiting for application startup.
[2023-09-22 15:00:05 +0000] [799959] [INFO] Application startup complete.
[2023-09-22 15:00:07 +0000] [799958] [ERROR] Exception in ASGI application
Traceback (most recent call last):
  File "/usr/local/lib/python3.8/dist-packages/fastapi/encoders.py", line 230, in jsonable_encoder
    data = dict(obj)
TypeError: cannot convert dictionary update sequence element #0 to a sequence

During handling of the above exception, another exception occurred:

Traceback (most recent call last):
  File "/usr/local/lib/python3.8/dist-packages/fastapi/encoders.py", line 235, in jsonable_encoder
    data = vars(obj)
TypeError: vars() argument must have __dict__ attribute

The above exception was the direct cause of the following exception:

Traceback (most recent call last):
  File "/usr/local/lib/python3.8/dist-packages/uvicorn/protocols/http/h11_impl.py", line 408, in run_asgi
    result = await app(  # type: ignore[func-returns-value]
  File "/usr/local/lib/python3.8/dist-packages/uvicorn/middleware/proxy_headers.py", line 84, in __call__
    return await self.app(scope, receive, send)
  File "/usr/local/lib/python3.8/dist-packages/fastapi/applications.py", line 292, in __call__
    await super().__call__(scope, receive, send)
  File "/usr/local/lib/python3.8/dist-packages/starlette/applications.py", line 122, in __call__
    await self.middleware_stack(scope, receive, send)
  File "/usr/local/lib/python3.8/dist-packages/starlette/middleware/errors.py", line 184, in __call__
    raise exc
  File "/usr/local/lib/python3.8/dist-packages/starlette/middleware/errors.py", line 162, in __call__
    await self.app(scope, receive, _send)
  File "/usr/local/lib/python3.8/dist-packages/starlette/middleware/exceptions.py", line 79, in __call__
    raise exc
  File "/usr/local/lib/python3.8/dist-packages/starlette/middleware/exceptions.py", line 68, in __call__
    await self.app(scope, receive, sender)
  File "/usr/local/lib/python3.8/dist-packages/fastapi/middleware/asyncexitstack.py", line 20, in __call__
    raise e
  File "/usr/local/lib/python3.8/dist-packages/fastapi/middleware/asyncexitstack.py", line 17, in __call__
    await self.app(scope, receive, send)
  File "/usr/local/lib/python3.8/dist-packages/starlette/routing.py", line 718, in __call__
    await route.handle(scope, receive, send)
  File "/usr/local/lib/python3.8/dist-packages/starlette/routing.py", line 276, in handle
    await self.app(scope, receive, send)
  File "/usr/local/lib/python3.8/dist-packages/starlette/routing.py", line 66, in app
    response = await func(request)
  File "/usr/local/lib/python3.8/dist-packages/fastapi/routing.py", line 291, in app
    content = await serialize_response(
  File "/usr/local/lib/python3.8/dist-packages/fastapi/routing.py", line 179, in serialize_response
    return jsonable_encoder(response_content)
  File "/usr/local/lib/python3.8/dist-packages/fastapi/encoders.py", line 195, in jsonable_encoder
    encoded_value = jsonable_encoder(
  File "/usr/local/lib/python3.8/dist-packages/fastapi/encoders.py", line 209, in jsonable_encoder
    jsonable_encoder(
  File "/usr/local/lib/python3.8/dist-packages/fastapi/encoders.py", line 238, in jsonable_encoder
    raise ValueError(errors) from e
ValueError: [TypeError('cannot convert dictionary update sequence element #0 to a sequence'), TypeError('vars() argument must have __dict__ attribute')]
[2023-09-22 15:00:08 +0000] [799959] [ERROR] Exception in ASGI application
Traceback (most recent call last):
  File "/usr/local/lib/python3.8/dist-packages/fastapi/encoders.py", line 230, in jsonable_encoder
    data = dict(obj)
TypeError: cannot convert dictionary update sequence element #0 to a sequence

During handling of the above exception, another exception occurred:

Traceback (most recent call last):
  File "/usr/local/lib/python3.8/dist-packages/fastapi/encoders.py", line 235, in jsonable_encoder
    data = vars(obj)
TypeError: vars() argument must have __dict__ attribute

The above exception was the direct cause of the following exception:

Traceback (most recent call last):
  File "/usr/local/lib/python3.8/dist-packages/uvicorn/protocols/http/h11_impl.py", line 408, in run_asgi
    result = await app(  # type: ignore[func-returns-value]
  File "/usr/local/lib/python3.8/dist-packages/uvicorn/middleware/proxy_headers.py", line 84, in __call__
    return await self.app(scope, receive, send)
  File "/usr/local/lib/python3.8/dist-packages/fastapi/applications.py", line 292, in __call__
    await super().__call__(scope, receive, send)
  File "/usr/local/lib/python3.8/dist-packages/starlette/applications.py", line 122, in __call__
    await self.middleware_stack(scope, receive, send)
  File "/usr/local/lib/python3.8/dist-packages/starlette/middleware/errors.py", line 184, in __call__
    raise exc
  File "/usr/local/lib/python3.8/dist-packages/starlette/middleware/errors.py", line 162, in __call__
    await self.app(scope, receive, _send)
  File "/usr/local/lib/python3.8/dist-packages/starlette/middleware/exceptions.py", line 79, in __call__
    raise exc
  File "/usr/local/lib/python3.8/dist-packages/starlette/middleware/exceptions.py", line 68, in __call__
    await self.app(scope, receive, sender)
  File "/usr/local/lib/python3.8/dist-packages/fastapi/middleware/asyncexitstack.py", line 20, in __call__
    raise e
  File "/usr/local/lib/python3.8/dist-packages/fastapi/middleware/asyncexitstack.py", line 17, in __call__
    await self.app(scope, receive, send)
  File "/usr/local/lib/python3.8/dist-packages/starlette/routing.py", line 718, in __call__
    await route.handle(scope, receive, send)
  File "/usr/local/lib/python3.8/dist-packages/starlette/routing.py", line 276, in handle
    await self.app(scope, receive, send)
  File "/usr/local/lib/python3.8/dist-packages/starlette/routing.py", line 66, in app
    response = await func(request)
  File "/usr/local/lib/python3.8/dist-packages/fastapi/routing.py", line 291, in app
    content = await serialize_response(
  File "/usr/local/lib/python3.8/dist-packages/fastapi/routing.py", line 179, in serialize_response
    return jsonable_encoder(response_content)
  File "/usr/local/lib/python3.8/dist-packages/fastapi/encoders.py", line 195, in jsonable_encoder
    encoded_value = jsonable_encoder(
  File "/usr/local/lib/python3.8/dist-packages/fastapi/encoders.py", line 209, in jsonable_encoder
    jsonable_encoder(
  File "/usr/local/lib/python3.8/dist-packages/fastapi/encoders.py", line 238, in jsonable_encoder
    raise ValueError(errors) from e
ValueError: [TypeError('cannot convert dictionary update sequence element #0 to a sequence'), TypeError('vars() argument must have __dict__ attribute')]
[2023-09-22 15:00:41 +0000] [799954] [INFO] Handling signal: term
[2023-09-22 15:00:41 +0000] [799956] [INFO] Shutting down
[2023-09-22 15:00:41 +0000] [799957] [INFO] Shutting down
[2023-09-22 15:00:41 +0000] [799958] [INFO] Shutting down
[2023-09-22 15:00:41 +0000] [799959] [INFO] Shutting down
[2023-09-22 15:00:41 +0000] [799956] [INFO] Waiting for application shutdown.
[2023-09-22 15:00:41 +0000] [799956] [INFO] Application shutdown complete.
[2023-09-22 15:00:41 +0000] [799956] [INFO] Finished server process [799956]
[2023-09-22 15:00:41 +0000] [799956] [INFO] Worker exiting (pid: 799956)
[2023-09-22 15:00:41 +0000] [799957] [INFO] Waiting for application shutdown.
[2023-09-22 15:00:41 +0000] [799957] [INFO] Application shutdown complete.
[2023-09-22 15:00:41 +0000] [799957] [INFO] Finished server process [799957]
[2023-09-22 15:00:41 +0000] [799957] [INFO] Worker exiting (pid: 799957)
[2023-09-22 15:00:41 +0000] [799958] [INFO] Waiting for application shutdown.
[2023-09-22 15:00:41 +0000] [799958] [INFO] Application shutdown complete.
[2023-09-22 15:00:41 +0000] [799958] [INFO] Finished server process [799958]
[2023-09-22 15:00:41 +0000] [799958] [INFO] Worker exiting (pid: 799958)
[2023-09-22 15:00:41 +0000] [799959] [INFO] Waiting for application shutdown.
[2023-09-22 15:00:41 +0000] [799959] [INFO] Application shutdown complete.
[2023-09-22 15:00:41 +0000] [799959] [INFO] Finished server process [799959]
[2023-09-22 15:00:41 +0000] [799959] [INFO] Worker exiting (pid: 799959)
[2023-09-22 15:00:42 +0000] [799954] [INFO] Shutting down: Master
[2023-09-22 15:00:42 +0000] [800010] [INFO] Starting gunicorn 21.2.0
[2023-09-22 15:00:42 +0000] [800010] [INFO] Listening at: https://0.0.0.0:443 (800010)
[2023-09-22 15:00:42 +0000] [800010] [INFO] Using worker: uvicorn.workers.UvicornWorker
[2023-09-22 15:00:42 +0000] [800013] [INFO] Booting worker with pid: 800013
[2023-09-22 15:00:42 +0000] [800014] [INFO] Booting worker with pid: 800014
[2023-09-22 15:00:42 +0000] [800015] [INFO] Booting worker with pid: 800015
[2023-09-22 15:00:42 +0000] [800016] [INFO] Booting worker with pid: 800016
[2023-09-22 15:00:44 +0000] [800014] [INFO] Started server process [800014]
[2023-09-22 15:00:44 +0000] [800014] [INFO] Waiting for application startup.
[2023-09-22 15:00:44 +0000] [800014] [INFO] Application startup complete.
[2023-09-22 15:00:44 +0000] [800013] [INFO] Started server process [800013]
[2023-09-22 15:00:44 +0000] [800013] [INFO] Waiting for application startup.
[2023-09-22 15:00:44 +0000] [800013] [INFO] Application startup complete.
[2023-09-22 15:00:44 +0000] [800016] [INFO] Started server process [800016]
[2023-09-22 15:00:44 +0000] [800016] [INFO] Waiting for application startup.
[2023-09-22 15:00:44 +0000] [800016] [INFO] Application startup complete.
[2023-09-22 15:00:44 +0000] [800015] [INFO] Started server process [800015]
[2023-09-22 15:00:44 +0000] [800015] [INFO] Waiting for application startup.
[2023-09-22 15:00:44 +0000] [800015] [INFO] Application startup complete.
[2023-09-22 15:00:46 +0000] [800014] [ERROR] Exception in ASGI application
Traceback (most recent call last):
  File "/usr/local/lib/python3.8/dist-packages/fastapi/encoders.py", line 230, in jsonable_encoder
    data = dict(obj)
TypeError: cannot convert dictionary update sequence element #0 to a sequence

During handling of the above exception, another exception occurred:

Traceback (most recent call last):
  File "/usr/local/lib/python3.8/dist-packages/fastapi/encoders.py", line 235, in jsonable_encoder
    data = vars(obj)
TypeError: vars() argument must have __dict__ attribute

The above exception was the direct cause of the following exception:

Traceback (most recent call last):
  File "/usr/local/lib/python3.8/dist-packages/uvicorn/protocols/http/h11_impl.py", line 408, in run_asgi
    result = await app(  # type: ignore[func-returns-value]
  File "/usr/local/lib/python3.8/dist-packages/uvicorn/middleware/proxy_headers.py", line 84, in __call__
    return await self.app(scope, receive, send)
  File "/usr/local/lib/python3.8/dist-packages/fastapi/applications.py", line 292, in __call__
    await super().__call__(scope, receive, send)
  File "/usr/local/lib/python3.8/dist-packages/starlette/applications.py", line 122, in __call__
    await self.middleware_stack(scope, receive, send)
  File "/usr/local/lib/python3.8/dist-packages/starlette/middleware/errors.py", line 184, in __call__
    raise exc
  File "/usr/local/lib/python3.8/dist-packages/starlette/middleware/errors.py", line 162, in __call__
    await self.app(scope, receive, _send)
  File "/usr/local/lib/python3.8/dist-packages/starlette/middleware/exceptions.py", line 79, in __call__
    raise exc
  File "/usr/local/lib/python3.8/dist-packages/starlette/middleware/exceptions.py", line 68, in __call__
    await self.app(scope, receive, sender)
  File "/usr/local/lib/python3.8/dist-packages/fastapi/middleware/asyncexitstack.py", line 20, in __call__
    raise e
  File "/usr/local/lib/python3.8/dist-packages/fastapi/middleware/asyncexitstack.py", line 17, in __call__
    await self.app(scope, receive, send)
  File "/usr/local/lib/python3.8/dist-packages/starlette/routing.py", line 718, in __call__
    await route.handle(scope, receive, send)
  File "/usr/local/lib/python3.8/dist-packages/starlette/routing.py", line 276, in handle
    await self.app(scope, receive, send)
  File "/usr/local/lib/python3.8/dist-packages/starlette/routing.py", line 66, in app
    response = await func(request)
  File "/usr/local/lib/python3.8/dist-packages/fastapi/routing.py", line 291, in app
    content = await serialize_response(
  File "/usr/local/lib/python3.8/dist-packages/fastapi/routing.py", line 179, in serialize_response
    return jsonable_encoder(response_content)
  File "/usr/local/lib/python3.8/dist-packages/fastapi/encoders.py", line 195, in jsonable_encoder
    encoded_value = jsonable_encoder(
  File "/usr/local/lib/python3.8/dist-packages/fastapi/encoders.py", line 209, in jsonable_encoder
    jsonable_encoder(
  File "/usr/local/lib/python3.8/dist-packages/fastapi/encoders.py", line 238, in jsonable_encoder
    raise ValueError(errors) from e
ValueError: [TypeError('cannot convert dictionary update sequence element #0 to a sequence'), TypeError('vars() argument must have __dict__ attribute')]
[2023-09-22 15:03:06 +0000] [800010] [INFO] Handling signal: term
[2023-09-22 15:03:06 +0000] [800013] [INFO] Shutting down
[2023-09-22 15:03:06 +0000] [800014] [INFO] Shutting down
[2023-09-22 15:03:06 +0000] [800016] [INFO] Shutting down
[2023-09-22 15:03:06 +0000] [800015] [INFO] Shutting down
[2023-09-22 15:03:06 +0000] [800013] [INFO] Waiting for application shutdown.
[2023-09-22 15:03:06 +0000] [800013] [INFO] Application shutdown complete.
[2023-09-22 15:03:06 +0000] [800013] [INFO] Finished server process [800013]
[2023-09-22 15:03:06 +0000] [800013] [INFO] Worker exiting (pid: 800013)
[2023-09-22 15:03:06 +0000] [800014] [INFO] Waiting for application shutdown.
[2023-09-22 15:03:06 +0000] [800014] [INFO] Application shutdown complete.
[2023-09-22 15:03:06 +0000] [800014] [INFO] Finished server process [800014]
[2023-09-22 15:03:06 +0000] [800014] [INFO] Worker exiting (pid: 800014)
[2023-09-22 15:03:06 +0000] [800016] [INFO] Waiting for application shutdown.
[2023-09-22 15:03:06 +0000] [800016] [INFO] Application shutdown complete.
[2023-09-22 15:03:06 +0000] [800016] [INFO] Finished server process [800016]
[2023-09-22 15:03:06 +0000] [800016] [INFO] Worker exiting (pid: 800016)
[2023-09-22 15:03:06 +0000] [800015] [INFO] Waiting for application shutdown.
[2023-09-22 15:03:06 +0000] [800015] [INFO] Application shutdown complete.
[2023-09-22 15:03:06 +0000] [800015] [INFO] Finished server process [800015]
[2023-09-22 15:03:06 +0000] [800015] [INFO] Worker exiting (pid: 800015)
[2023-09-22 15:03:06 +0000] [800010] [INFO] Shutting down: Master
[2023-09-22 15:03:07 +0000] [800193] [INFO] Starting gunicorn 21.2.0
[2023-09-22 15:03:07 +0000] [800193] [INFO] Listening at: https://0.0.0.0:443 (800193)
[2023-09-22 15:03:07 +0000] [800193] [INFO] Using worker: uvicorn.workers.UvicornWorker
[2023-09-22 15:03:07 +0000] [800195] [INFO] Booting worker with pid: 800195
[2023-09-22 15:03:07 +0000] [800196] [INFO] Booting worker with pid: 800196
[2023-09-22 15:03:07 +0000] [800197] [INFO] Booting worker with pid: 800197
[2023-09-22 15:03:08 +0000] [800198] [INFO] Booting worker with pid: 800198
[2023-09-22 15:03:09 +0000] [800195] [INFO] Started server process [800195]
[2023-09-22 15:03:09 +0000] [800195] [INFO] Waiting for application startup.
[2023-09-22 15:03:09 +0000] [800195] [INFO] Application startup complete.
[2023-09-22 15:03:09 +0000] [800196] [INFO] Started server process [800196]
[2023-09-22 15:03:09 +0000] [800196] [INFO] Waiting for application startup.
[2023-09-22 15:03:09 +0000] [800196] [INFO] Application startup complete.
[2023-09-22 15:03:09 +0000] [800197] [INFO] Started server process [800197]
[2023-09-22 15:03:09 +0000] [800197] [INFO] Waiting for application startup.
[2023-09-22 15:03:09 +0000] [800197] [INFO] Application startup complete.
[2023-09-22 15:03:09 +0000] [800198] [INFO] Started server process [800198]
[2023-09-22 15:03:09 +0000] [800198] [INFO] Waiting for application startup.
[2023-09-22 15:03:09 +0000] [800198] [INFO] Application startup complete.
[2023-09-22 15:03:10 +0000] [800196] [ERROR] Exception in ASGI application
Traceback (most recent call last):
  File "/usr/local/lib/python3.8/dist-packages/fastapi/encoders.py", line 230, in jsonable_encoder
    data = dict(obj)
TypeError: cannot convert dictionary update sequence element #0 to a sequence

During handling of the above exception, another exception occurred:

Traceback (most recent call last):
  File "/usr/local/lib/python3.8/dist-packages/fastapi/encoders.py", line 235, in jsonable_encoder
    data = vars(obj)
TypeError: vars() argument must have __dict__ attribute

The above exception was the direct cause of the following exception:

Traceback (most recent call last):
  File "/usr/local/lib/python3.8/dist-packages/uvicorn/protocols/http/h11_impl.py", line 408, in run_asgi
    result = await app(  # type: ignore[func-returns-value]
  File "/usr/local/lib/python3.8/dist-packages/uvicorn/middleware/proxy_headers.py", line 84, in __call__
    return await self.app(scope, receive, send)
  File "/usr/local/lib/python3.8/dist-packages/fastapi/applications.py", line 292, in __call__
    await super().__call__(scope, receive, send)
  File "/usr/local/lib/python3.8/dist-packages/starlette/applications.py", line 122, in __call__
    await self.middleware_stack(scope, receive, send)
  File "/usr/local/lib/python3.8/dist-packages/starlette/middleware/errors.py", line 184, in __call__
    raise exc
  File "/usr/local/lib/python3.8/dist-packages/starlette/middleware/errors.py", line 162, in __call__
    await self.app(scope, receive, _send)
  File "/usr/local/lib/python3.8/dist-packages/starlette/middleware/exceptions.py", line 79, in __call__
    raise exc
  File "/usr/local/lib/python3.8/dist-packages/starlette/middleware/exceptions.py", line 68, in __call__
    await self.app(scope, receive, sender)
  File "/usr/local/lib/python3.8/dist-packages/fastapi/middleware/asyncexitstack.py", line 20, in __call__
    raise e
  File "/usr/local/lib/python3.8/dist-packages/fastapi/middleware/asyncexitstack.py", line 17, in __call__
    await self.app(scope, receive, send)
  File "/usr/local/lib/python3.8/dist-packages/starlette/routing.py", line 718, in __call__
    await route.handle(scope, receive, send)
  File "/usr/local/lib/python3.8/dist-packages/starlette/routing.py", line 276, in handle
    await self.app(scope, receive, send)
  File "/usr/local/lib/python3.8/dist-packages/starlette/routing.py", line 66, in app
    response = await func(request)
  File "/usr/local/lib/python3.8/dist-packages/fastapi/routing.py", line 291, in app
    content = await serialize_response(
  File "/usr/local/lib/python3.8/dist-packages/fastapi/routing.py", line 179, in serialize_response
    return jsonable_encoder(response_content)
  File "/usr/local/lib/python3.8/dist-packages/fastapi/encoders.py", line 195, in jsonable_encoder
    encoded_value = jsonable_encoder(
  File "/usr/local/lib/python3.8/dist-packages/fastapi/encoders.py", line 209, in jsonable_encoder
    jsonable_encoder(
  File "/usr/local/lib/python3.8/dist-packages/fastapi/encoders.py", line 238, in jsonable_encoder
    raise ValueError(errors) from e
ValueError: [TypeError('cannot convert dictionary update sequence element #0 to a sequence'), TypeError('vars() argument must have __dict__ attribute')]
[2023-09-22 15:03:10 +0000] [800196] [ERROR] Exception in ASGI application
Traceback (most recent call last):
  File "/usr/local/lib/python3.8/dist-packages/fastapi/encoders.py", line 230, in jsonable_encoder
    data = dict(obj)
TypeError: cannot convert dictionary update sequence element #0 to a sequence

During handling of the above exception, another exception occurred:

Traceback (most recent call last):
  File "/usr/local/lib/python3.8/dist-packages/fastapi/encoders.py", line 235, in jsonable_encoder
    data = vars(obj)
TypeError: vars() argument must have __dict__ attribute

The above exception was the direct cause of the following exception:

Traceback (most recent call last):
  File "/usr/local/lib/python3.8/dist-packages/uvicorn/protocols/http/h11_impl.py", line 408, in run_asgi
    result = await app(  # type: ignore[func-returns-value]
  File "/usr/local/lib/python3.8/dist-packages/uvicorn/middleware/proxy_headers.py", line 84, in __call__
    return await self.app(scope, receive, send)
  File "/usr/local/lib/python3.8/dist-packages/fastapi/applications.py", line 292, in __call__
    await super().__call__(scope, receive, send)
  File "/usr/local/lib/python3.8/dist-packages/starlette/applications.py", line 122, in __call__
    await self.middleware_stack(scope, receive, send)
  File "/usr/local/lib/python3.8/dist-packages/starlette/middleware/errors.py", line 184, in __call__
    raise exc
  File "/usr/local/lib/python3.8/dist-packages/starlette/middleware/errors.py", line 162, in __call__
    await self.app(scope, receive, _send)
  File "/usr/local/lib/python3.8/dist-packages/starlette/middleware/exceptions.py", line 79, in __call__
    raise exc
  File "/usr/local/lib/python3.8/dist-packages/starlette/middleware/exceptions.py", line 68, in __call__
    await self.app(scope, receive, sender)
  File "/usr/local/lib/python3.8/dist-packages/fastapi/middleware/asyncexitstack.py", line 20, in __call__
    raise e
  File "/usr/local/lib/python3.8/dist-packages/fastapi/middleware/asyncexitstack.py", line 17, in __call__
    await self.app(scope, receive, send)
  File "/usr/local/lib/python3.8/dist-packages/starlette/routing.py", line 718, in __call__
    await route.handle(scope, receive, send)
  File "/usr/local/lib/python3.8/dist-packages/starlette/routing.py", line 276, in handle
    await self.app(scope, receive, send)
  File "/usr/local/lib/python3.8/dist-packages/starlette/routing.py", line 66, in app
    response = await func(request)
  File "/usr/local/lib/python3.8/dist-packages/fastapi/routing.py", line 291, in app
    content = await serialize_response(
  File "/usr/local/lib/python3.8/dist-packages/fastapi/routing.py", line 179, in serialize_response
    return jsonable_encoder(response_content)
  File "/usr/local/lib/python3.8/dist-packages/fastapi/encoders.py", line 195, in jsonable_encoder
    encoded_value = jsonable_encoder(
  File "/usr/local/lib/python3.8/dist-packages/fastapi/encoders.py", line 209, in jsonable_encoder
    jsonable_encoder(
  File "/usr/local/lib/python3.8/dist-packages/fastapi/encoders.py", line 238, in jsonable_encoder
    raise ValueError(errors) from e
ValueError: [TypeError('cannot convert dictionary update sequence element #0 to a sequence'), TypeError('vars() argument must have __dict__ attribute')]
[2023-09-22 15:03:38 +0000] [800193] [INFO] Handling signal: term
[2023-09-22 15:03:38 +0000] [800196] [INFO] Shutting down
[2023-09-22 15:03:38 +0000] [800197] [INFO] Shutting down
[2023-09-22 15:03:38 +0000] [800198] [INFO] Shutting down
[2023-09-22 15:03:38 +0000] [800195] [INFO] Shutting down
[2023-09-22 15:03:38 +0000] [800196] [INFO] Waiting for application shutdown.
[2023-09-22 15:03:38 +0000] [800196] [INFO] Application shutdown complete.
[2023-09-22 15:03:38 +0000] [800196] [INFO] Finished server process [800196]
[2023-09-22 15:03:38 +0000] [800196] [INFO] Worker exiting (pid: 800196)
[2023-09-22 15:03:38 +0000] [800197] [INFO] Waiting for application shutdown.
[2023-09-22 15:03:38 +0000] [800197] [INFO] Application shutdown complete.
[2023-09-22 15:03:38 +0000] [800197] [INFO] Finished server process [800197]
[2023-09-22 15:03:38 +0000] [800197] [INFO] Worker exiting (pid: 800197)
[2023-09-22 15:03:38 +0000] [800198] [INFO] Waiting for application shutdown.
[2023-09-22 15:03:38 +0000] [800198] [INFO] Application shutdown complete.
[2023-09-22 15:03:38 +0000] [800198] [INFO] Finished server process [800198]
[2023-09-22 15:03:38 +0000] [800198] [INFO] Worker exiting (pid: 800198)
[2023-09-22 15:03:38 +0000] [800195] [INFO] Waiting for application shutdown.
[2023-09-22 15:03:38 +0000] [800195] [INFO] Application shutdown complete.
[2023-09-22 15:03:38 +0000] [800195] [INFO] Finished server process [800195]
[2023-09-22 15:03:38 +0000] [800195] [INFO] Worker exiting (pid: 800195)
[2023-09-22 15:03:38 +0000] [800193] [INFO] Shutting down: Master
[2023-09-22 15:03:39 +0000] [800258] [INFO] Starting gunicorn 21.2.0
[2023-09-22 15:03:39 +0000] [800258] [INFO] Listening at: https://0.0.0.0:443 (800258)
[2023-09-22 15:03:39 +0000] [800258] [INFO] Using worker: uvicorn.workers.UvicornWorker
[2023-09-22 15:03:39 +0000] [800261] [INFO] Booting worker with pid: 800261
[2023-09-22 15:03:39 +0000] [800262] [INFO] Booting worker with pid: 800262
[2023-09-22 15:03:39 +0000] [800263] [INFO] Booting worker with pid: 800263
[2023-09-22 15:03:39 +0000] [800264] [INFO] Booting worker with pid: 800264
[2023-09-22 15:03:41 +0000] [800261] [INFO] Started server process [800261]
[2023-09-22 15:03:41 +0000] [800261] [INFO] Waiting for application startup.
[2023-09-22 15:03:41 +0000] [800261] [INFO] Application startup complete.
[2023-09-22 15:03:41 +0000] [800262] [INFO] Started server process [800262]
[2023-09-22 15:03:41 +0000] [800262] [INFO] Waiting for application startup.
[2023-09-22 15:03:41 +0000] [800262] [INFO] Application startup complete.
[2023-09-22 15:03:41 +0000] [800263] [INFO] Started server process [800263]
[2023-09-22 15:03:41 +0000] [800263] [INFO] Waiting for application startup.
[2023-09-22 15:03:41 +0000] [800263] [INFO] Application startup complete.
[2023-09-22 15:03:41 +0000] [800264] [INFO] Started server process [800264]
[2023-09-22 15:03:41 +0000] [800264] [INFO] Waiting for application startup.
[2023-09-22 15:03:41 +0000] [800264] [INFO] Application startup complete.
[2023-09-22 15:05:14 +0000] [800258] [INFO] Handling signal: term
[2023-09-22 15:05:14 +0000] [800261] [INFO] Shutting down
[2023-09-22 15:05:14 +0000] [800264] [INFO] Shutting down
[2023-09-22 15:05:15 +0000] [800262] [INFO] Shutting down
[2023-09-22 15:05:15 +0000] [800263] [INFO] Shutting down
[2023-09-22 15:05:15 +0000] [800261] [INFO] Waiting for application shutdown.
[2023-09-22 15:05:15 +0000] [800261] [INFO] Application shutdown complete.
[2023-09-22 15:05:15 +0000] [800261] [INFO] Finished server process [800261]
[2023-09-22 15:05:15 +0000] [800261] [INFO] Worker exiting (pid: 800261)
[2023-09-22 15:05:15 +0000] [800264] [INFO] Waiting for application shutdown.
[2023-09-22 15:05:15 +0000] [800264] [INFO] Application shutdown complete.
[2023-09-22 15:05:15 +0000] [800264] [INFO] Finished server process [800264]
[2023-09-22 15:05:15 +0000] [800264] [INFO] Worker exiting (pid: 800264)
[2023-09-22 15:05:15 +0000] [800262] [INFO] Waiting for application shutdown.
[2023-09-22 15:05:15 +0000] [800262] [INFO] Application shutdown complete.
[2023-09-22 15:05:15 +0000] [800262] [INFO] Finished server process [800262]
[2023-09-22 15:05:15 +0000] [800262] [INFO] Worker exiting (pid: 800262)
[2023-09-22 15:05:15 +0000] [800263] [INFO] Waiting for application shutdown.
[2023-09-22 15:05:15 +0000] [800263] [INFO] Application shutdown complete.
[2023-09-22 15:05:15 +0000] [800263] [INFO] Finished server process [800263]
[2023-09-22 15:05:15 +0000] [800263] [INFO] Worker exiting (pid: 800263)
[2023-09-22 15:05:15 +0000] [800258] [INFO] Shutting down: Master
[2023-09-22 15:05:16 +0000] [800356] [INFO] Starting gunicorn 21.2.0
[2023-09-22 15:05:16 +0000] [800356] [INFO] Listening at: https://0.0.0.0:443 (800356)
[2023-09-22 15:05:16 +0000] [800356] [INFO] Using worker: uvicorn.workers.UvicornWorker
[2023-09-22 15:05:16 +0000] [800359] [INFO] Booting worker with pid: 800359
[2023-09-22 15:05:16 +0000] [800360] [INFO] Booting worker with pid: 800360
[2023-09-22 15:05:16 +0000] [800361] [INFO] Booting worker with pid: 800361
[2023-09-22 15:05:16 +0000] [800362] [INFO] Booting worker with pid: 800362
[2023-09-22 15:05:18 +0000] [800359] [INFO] Started server process [800359]
[2023-09-22 15:05:18 +0000] [800359] [INFO] Waiting for application startup.
[2023-09-22 15:05:18 +0000] [800359] [INFO] Application startup complete.
[2023-09-22 15:05:18 +0000] [800360] [INFO] Started server process [800360]
[2023-09-22 15:05:18 +0000] [800360] [INFO] Waiting for application startup.
[2023-09-22 15:05:18 +0000] [800360] [INFO] Application startup complete.
[2023-09-22 15:05:18 +0000] [800361] [INFO] Started server process [800361]
[2023-09-22 15:05:18 +0000] [800361] [INFO] Waiting for application startup.
[2023-09-22 15:05:18 +0000] [800361] [INFO] Application startup complete.
[2023-09-22 15:05:18 +0000] [800362] [INFO] Started server process [800362]
[2023-09-22 15:05:18 +0000] [800362] [INFO] Waiting for application startup.
[2023-09-22 15:05:18 +0000] [800362] [INFO] Application startup complete.
[2023-09-22 15:05:30 +0000] [800356] [INFO] Handling signal: term
[2023-09-22 15:05:30 +0000] [800362] [INFO] Shutting down
[2023-09-22 15:05:30 +0000] [800361] [INFO] Shutting down
[2023-09-22 15:05:30 +0000] [800359] [INFO] Shutting down
[2023-09-22 15:05:30 +0000] [800360] [INFO] Shutting down
[2023-09-22 15:05:30 +0000] [800362] [INFO] Waiting for application shutdown.
[2023-09-22 15:05:30 +0000] [800362] [INFO] Application shutdown complete.
[2023-09-22 15:05:30 +0000] [800362] [INFO] Finished server process [800362]
[2023-09-22 15:05:30 +0000] [800362] [INFO] Worker exiting (pid: 800362)
[2023-09-22 15:05:30 +0000] [800361] [INFO] Waiting for application shutdown.
[2023-09-22 15:05:30 +0000] [800361] [INFO] Application shutdown complete.
[2023-09-22 15:05:30 +0000] [800361] [INFO] Finished server process [800361]
[2023-09-22 15:05:30 +0000] [800361] [INFO] Worker exiting (pid: 800361)
[2023-09-22 15:05:30 +0000] [800359] [INFO] Waiting for application shutdown.
[2023-09-22 15:05:30 +0000] [800359] [INFO] Application shutdown complete.
[2023-09-22 15:05:30 +0000] [800359] [INFO] Finished server process [800359]
[2023-09-22 15:05:30 +0000] [800359] [INFO] Worker exiting (pid: 800359)
[2023-09-22 15:05:30 +0000] [800360] [INFO] Waiting for application shutdown.
[2023-09-22 15:05:30 +0000] [800360] [INFO] Application shutdown complete.
[2023-09-22 15:05:30 +0000] [800360] [INFO] Finished server process [800360]
[2023-09-22 15:05:30 +0000] [800360] [INFO] Worker exiting (pid: 800360)
[2023-09-22 15:05:30 +0000] [800356] [INFO] Shutting down: Master
[2023-09-22 15:05:31 +0000] [800415] [INFO] Starting gunicorn 21.2.0
[2023-09-22 15:05:31 +0000] [800415] [INFO] Listening at: https://0.0.0.0:443 (800415)
[2023-09-22 15:05:31 +0000] [800415] [INFO] Using worker: uvicorn.workers.UvicornWorker
[2023-09-22 15:05:31 +0000] [800417] [INFO] Booting worker with pid: 800417
[2023-09-22 15:05:31 +0000] [800420] [INFO] Booting worker with pid: 800420
[2023-09-22 15:05:31 +0000] [800421] [INFO] Booting worker with pid: 800421
[2023-09-22 15:05:31 +0000] [800422] [INFO] Booting worker with pid: 800422
[2023-09-22 15:05:32 +0000] [800417] [INFO] Started server process [800417]
[2023-09-22 15:05:32 +0000] [800417] [INFO] Waiting for application startup.
[2023-09-22 15:05:32 +0000] [800417] [INFO] Application startup complete.
[2023-09-22 15:05:33 +0000] [800421] [INFO] Started server process [800421]
[2023-09-22 15:05:33 +0000] [800421] [INFO] Waiting for application startup.
[2023-09-22 15:05:33 +0000] [800421] [INFO] Application startup complete.
[2023-09-22 15:05:33 +0000] [800420] [INFO] Started server process [800420]
[2023-09-22 15:05:33 +0000] [800420] [INFO] Waiting for application startup.
[2023-09-22 15:05:33 +0000] [800420] [INFO] Application startup complete.
[2023-09-22 15:05:33 +0000] [800422] [INFO] Started server process [800422]
[2023-09-22 15:05:33 +0000] [800422] [INFO] Waiting for application startup.
[2023-09-22 15:05:33 +0000] [800422] [INFO] Application startup complete.
[2023-09-22 15:46:16 +0000] [800415] [INFO] Handling signal: term
[2023-09-22 15:46:16 +0000] [800421] [INFO] Shutting down
[2023-09-22 15:46:16 +0000] [800422] [INFO] Shutting down
[2023-09-22 15:46:16 +0000] [800420] [INFO] Shutting down
[2023-09-22 15:46:16 +0000] [800417] [INFO] Shutting down
[2023-09-22 15:46:16 +0000] [800421] [INFO] Waiting for application shutdown.
[2023-09-22 15:46:16 +0000] [800421] [INFO] Application shutdown complete.
[2023-09-22 15:46:16 +0000] [800422] [INFO] Waiting for application shutdown.
[2023-09-22 15:46:16 +0000] [800421] [INFO] Finished server process [800421]
[2023-09-22 15:46:16 +0000] [800422] [INFO] Application shutdown complete.
[2023-09-22 15:46:16 +0000] [800422] [INFO] Finished server process [800422]
[2023-09-22 15:46:16 +0000] [800421] [INFO] Worker exiting (pid: 800421)
[2023-09-22 15:46:16 +0000] [800422] [INFO] Worker exiting (pid: 800422)
[2023-09-22 15:46:16 +0000] [800420] [INFO] Waiting for application shutdown.
[2023-09-22 15:46:16 +0000] [800420] [INFO] Application shutdown complete.
[2023-09-22 15:46:16 +0000] [800420] [INFO] Finished server process [800420]
[2023-09-22 15:46:16 +0000] [800420] [INFO] Worker exiting (pid: 800420)
[2023-09-22 15:46:16 +0000] [800417] [INFO] Waiting for application shutdown.
[2023-09-22 15:46:16 +0000] [800417] [INFO] Application shutdown complete.
[2023-09-22 15:46:16 +0000] [800417] [INFO] Finished server process [800417]
[2023-09-22 15:46:16 +0000] [800417] [INFO] Worker exiting (pid: 800417)
[2023-09-22 15:46:16 +0000] [800415] [INFO] Shutting down: Master
[2023-09-22 15:46:17 +0000] [801502] [INFO] Starting gunicorn 21.2.0
[2023-09-22 15:46:17 +0000] [801502] [INFO] Listening at: https://0.0.0.0:443 (801502)
[2023-09-22 15:46:17 +0000] [801502] [INFO] Using worker: uvicorn.workers.UvicornWorker
[2023-09-22 15:46:17 +0000] [801505] [INFO] Booting worker with pid: 801505
[2023-09-22 15:46:17 +0000] [801506] [INFO] Booting worker with pid: 801506
[2023-09-22 15:46:17 +0000] [801507] [INFO] Booting worker with pid: 801507
[2023-09-22 15:46:17 +0000] [801508] [INFO] Booting worker with pid: 801508
[2023-09-22 15:46:18 +0000] [801506] [INFO] Started server process [801506]
[2023-09-22 15:46:18 +0000] [801506] [INFO] Waiting for application startup.
[2023-09-22 15:46:18 +0000] [801506] [INFO] Application startup complete.
[2023-09-22 15:46:18 +0000] [801505] [INFO] Started server process [801505]
[2023-09-22 15:46:18 +0000] [801505] [INFO] Waiting for application startup.
[2023-09-22 15:46:18 +0000] [801505] [INFO] Application startup complete.
[2023-09-22 15:46:18 +0000] [801508] [INFO] Started server process [801508]
[2023-09-22 15:46:18 +0000] [801508] [INFO] Waiting for application startup.
[2023-09-22 15:46:18 +0000] [801508] [INFO] Application startup complete.
[2023-09-22 15:46:18 +0000] [801507] [INFO] Started server process [801507]
[2023-09-22 15:46:18 +0000] [801507] [INFO] Waiting for application startup.
[2023-09-22 15:46:18 +0000] [801507] [INFO] Application startup complete.
[2023-09-22 15:46:32 +0000] [801502] [INFO] Handling signal: term
[2023-09-22 15:46:32 +0000] [801505] [INFO] Shutting down
[2023-09-22 15:46:32 +0000] [801508] [INFO] Shutting down
[2023-09-22 15:46:32 +0000] [801507] [INFO] Shutting down
[2023-09-22 15:46:32 +0000] [801506] [INFO] Shutting down
[2023-09-22 15:46:32 +0000] [801505] [INFO] Waiting for application shutdown.
[2023-09-22 15:46:32 +0000] [801505] [INFO] Application shutdown complete.
[2023-09-22 15:46:32 +0000] [801505] [INFO] Finished server process [801505]
[2023-09-22 15:46:32 +0000] [801505] [INFO] Worker exiting (pid: 801505)
[2023-09-22 15:46:32 +0000] [801508] [INFO] Waiting for application shutdown.
[2023-09-22 15:46:32 +0000] [801508] [INFO] Application shutdown complete.
[2023-09-22 15:46:32 +0000] [801508] [INFO] Finished server process [801508]
[2023-09-22 15:46:32 +0000] [801508] [INFO] Worker exiting (pid: 801508)
[2023-09-22 15:46:32 +0000] [801507] [INFO] Waiting for application shutdown.
[2023-09-22 15:46:32 +0000] [801507] [INFO] Application shutdown complete.
[2023-09-22 15:46:32 +0000] [801507] [INFO] Finished server process [801507]
[2023-09-22 15:46:32 +0000] [801507] [INFO] Worker exiting (pid: 801507)
[2023-09-22 15:46:32 +0000] [801506] [INFO] Waiting for application shutdown.
[2023-09-22 15:46:32 +0000] [801506] [INFO] Application shutdown complete.
[2023-09-22 15:46:32 +0000] [801506] [INFO] Finished server process [801506]
[2023-09-22 15:46:32 +0000] [801506] [INFO] Worker exiting (pid: 801506)
[2023-09-22 15:46:32 +0000] [801502] [INFO] Shutting down: Master
[2023-09-22 15:46:33 +0000] [801561] [INFO] Starting gunicorn 21.2.0
[2023-09-22 15:46:33 +0000] [801561] [INFO] Listening at: https://0.0.0.0:443 (801561)
[2023-09-22 15:46:33 +0000] [801561] [INFO] Using worker: uvicorn.workers.UvicornWorker
[2023-09-22 15:46:33 +0000] [801563] [INFO] Booting worker with pid: 801563
[2023-09-22 15:46:33 +0000] [801564] [INFO] Booting worker with pid: 801564
[2023-09-22 15:46:33 +0000] [801565] [INFO] Booting worker with pid: 801565
[2023-09-22 15:46:33 +0000] [801566] [INFO] Booting worker with pid: 801566
[2023-09-22 15:46:34 +0000] [801563] [INFO] Started server process [801563]
[2023-09-22 15:46:34 +0000] [801563] [INFO] Waiting for application startup.
[2023-09-22 15:46:34 +0000] [801563] [INFO] Application startup complete.
[2023-09-22 15:46:34 +0000] [801564] [INFO] Started server process [801564]
[2023-09-22 15:46:34 +0000] [801564] [INFO] Waiting for application startup.
[2023-09-22 15:46:34 +0000] [801564] [INFO] Application startup complete.
[2023-09-22 15:46:34 +0000] [801565] [INFO] Started server process [801565]
[2023-09-22 15:46:34 +0000] [801565] [INFO] Waiting for application startup.
[2023-09-22 15:46:34 +0000] [801565] [INFO] Application startup complete.
[2023-09-22 15:46:34 +0000] [801566] [INFO] Started server process [801566]
[2023-09-22 15:46:34 +0000] [801566] [INFO] Waiting for application startup.
[2023-09-22 15:46:34 +0000] [801566] [INFO] Application startup complete.
[2023-09-22 16:18:07 +0000] [801561] [INFO] Handling signal: term
[2023-09-22 16:18:07 +0000] [801564] [INFO] Shutting down
[2023-09-22 16:18:07 +0000] [801563] [INFO] Shutting down
[2023-09-22 16:18:07 +0000] [801566] [INFO] Shutting down
[2023-09-22 16:18:07 +0000] [801565] [INFO] Shutting down
[2023-09-22 16:18:07 +0000] [801564] [INFO] Waiting for application shutdown.
[2023-09-22 16:18:07 +0000] [801563] [INFO] Waiting for application shutdown.
[2023-09-22 16:18:07 +0000] [801564] [INFO] Application shutdown complete.
[2023-09-22 16:18:07 +0000] [801564] [INFO] Finished server process [801564]
[2023-09-22 16:18:07 +0000] [801563] [INFO] Application shutdown complete.
[2023-09-22 16:18:07 +0000] [801563] [INFO] Finished server process [801563]
[2023-09-22 16:18:07 +0000] [801564] [INFO] Worker exiting (pid: 801564)
[2023-09-22 16:18:07 +0000] [801563] [INFO] Worker exiting (pid: 801563)
[2023-09-22 16:18:07 +0000] [801566] [INFO] Waiting for application shutdown.
[2023-09-22 16:18:07 +0000] [801566] [INFO] Application shutdown complete.
[2023-09-22 16:18:07 +0000] [801566] [INFO] Finished server process [801566]
[2023-09-22 16:18:07 +0000] [801565] [INFO] Waiting for application shutdown.
[2023-09-22 16:18:07 +0000] [801565] [INFO] Application shutdown complete.
[2023-09-22 16:18:07 +0000] [801565] [INFO] Finished server process [801565]
[2023-09-22 16:18:07 +0000] [801566] [INFO] Worker exiting (pid: 801566)
[2023-09-22 16:18:07 +0000] [801565] [INFO] Worker exiting (pid: 801565)
[2023-09-22 16:18:08 +0000] [801561] [INFO] Shutting down: Master
[2023-09-22 16:18:10 +0000] [802929] [INFO] Starting gunicorn 21.2.0
[2023-09-22 16:18:10 +0000] [802929] [INFO] Listening at: https://0.0.0.0:443 (802929)
[2023-09-22 16:18:10 +0000] [802929] [INFO] Using worker: uvicorn.workers.UvicornWorker
[2023-09-22 16:18:10 +0000] [802931] [INFO] Booting worker with pid: 802931
[2023-09-22 16:18:10 +0000] [802932] [INFO] Booting worker with pid: 802932
[2023-09-22 16:18:10 +0000] [802933] [INFO] Booting worker with pid: 802933
[2023-09-22 16:18:10 +0000] [802934] [INFO] Booting worker with pid: 802934
[2023-09-22 16:18:12 +0000] [802931] [INFO] Started server process [802931]
[2023-09-22 16:18:12 +0000] [802931] [INFO] Waiting for application startup.
[2023-09-22 16:18:12 +0000] [802931] [INFO] Application startup complete.
[2023-09-22 16:18:12 +0000] [802932] [INFO] Started server process [802932]
[2023-09-22 16:18:12 +0000] [802932] [INFO] Waiting for application startup.
[2023-09-22 16:18:12 +0000] [802932] [INFO] Application startup complete.
[2023-09-22 16:18:12 +0000] [802933] [INFO] Started server process [802933]
[2023-09-22 16:18:12 +0000] [802933] [INFO] Waiting for application startup.
[2023-09-22 16:18:12 +0000] [802933] [INFO] Application startup complete.
[2023-09-22 16:18:12 +0000] [802934] [INFO] Started server process [802934]
[2023-09-22 16:18:12 +0000] [802934] [INFO] Waiting for application startup.
[2023-09-22 16:18:12 +0000] [802934] [INFO] Application startup complete.
[2023-09-22 16:23:37 +0000] [802929] [INFO] Handling signal: term
[2023-09-22 16:23:37 +0000] [802933] [INFO] Shutting down
[2023-09-22 16:23:37 +0000] [802931] [INFO] Shutting down
[2023-09-22 16:23:37 +0000] [802932] [INFO] Shutting down
[2023-09-22 16:23:37 +0000] [802934] [INFO] Shutting down
[2023-09-22 16:23:37 +0000] [802933] [INFO] Waiting for application shutdown.
[2023-09-22 16:23:37 +0000] [802933] [INFO] Application shutdown complete.
[2023-09-22 16:23:37 +0000] [802933] [INFO] Finished server process [802933]
[2023-09-22 16:23:37 +0000] [802933] [INFO] Worker exiting (pid: 802933)
[2023-09-22 16:23:37 +0000] [802931] [INFO] Waiting for application shutdown.
[2023-09-22 16:23:37 +0000] [802931] [INFO] Application shutdown complete.
[2023-09-22 16:23:37 +0000] [802931] [INFO] Finished server process [802931]
[2023-09-22 16:23:37 +0000] [802931] [INFO] Worker exiting (pid: 802931)
[2023-09-22 16:23:37 +0000] [802932] [INFO] Waiting for application shutdown.
[2023-09-22 16:23:37 +0000] [802932] [INFO] Application shutdown complete.
[2023-09-22 16:23:37 +0000] [802932] [INFO] Finished server process [802932]
[2023-09-22 16:23:37 +0000] [802932] [INFO] Worker exiting (pid: 802932)
[2023-09-22 16:23:37 +0000] [802934] [INFO] Waiting for application shutdown.
[2023-09-22 16:23:37 +0000] [802934] [INFO] Application shutdown complete.
[2023-09-22 16:23:37 +0000] [802934] [INFO] Finished server process [802934]
[2023-09-22 16:23:37 +0000] [802934] [INFO] Worker exiting (pid: 802934)
[2023-09-22 16:23:37 +0000] [802929] [INFO] Shutting down: Master
[2023-09-22 16:23:39 +0000] [803130] [INFO] Starting gunicorn 21.2.0
[2023-09-22 16:23:39 +0000] [803130] [INFO] Listening at: https://0.0.0.0:443 (803130)
[2023-09-22 16:23:39 +0000] [803130] [INFO] Using worker: uvicorn.workers.UvicornWorker
[2023-09-22 16:23:39 +0000] [803133] [INFO] Booting worker with pid: 803133
[2023-09-22 16:23:39 +0000] [803134] [INFO] Booting worker with pid: 803134
[2023-09-22 16:23:39 +0000] [803135] [INFO] Booting worker with pid: 803135
[2023-09-22 16:23:39 +0000] [803136] [INFO] Booting worker with pid: 803136
[2023-09-22 16:23:40 +0000] [803133] [INFO] Started server process [803133]
[2023-09-22 16:23:40 +0000] [803133] [INFO] Waiting for application startup.
[2023-09-22 16:23:40 +0000] [803133] [INFO] Application startup complete.
[2023-09-22 16:23:40 +0000] [803134] [INFO] Started server process [803134]
[2023-09-22 16:23:40 +0000] [803134] [INFO] Waiting for application startup.
[2023-09-22 16:23:40 +0000] [803134] [INFO] Application startup complete.
[2023-09-22 16:23:40 +0000] [803135] [INFO] Started server process [803135]
[2023-09-22 16:23:40 +0000] [803135] [INFO] Waiting for application startup.
[2023-09-22 16:23:40 +0000] [803135] [INFO] Application startup complete.
[2023-09-22 16:23:40 +0000] [803136] [INFO] Started server process [803136]
[2023-09-22 16:23:40 +0000] [803136] [INFO] Waiting for application startup.
[2023-09-22 16:23:40 +0000] [803136] [INFO] Application startup complete.
[2023-09-22 16:45:39 +0000] [803130] [INFO] Handling signal: term
[2023-09-22 16:45:39 +0000] [803136] [INFO] Shutting down
[2023-09-22 16:45:39 +0000] [803133] [INFO] Shutting down
[2023-09-22 16:45:39 +0000] [803134] [INFO] Shutting down
[2023-09-22 16:45:39 +0000] [803135] [INFO] Shutting down
[2023-09-22 16:45:39 +0000] [803136] [INFO] Waiting for application shutdown.
[2023-09-22 16:45:39 +0000] [803136] [INFO] Application shutdown complete.
[2023-09-22 16:45:39 +0000] [803136] [INFO] Finished server process [803136]
[2023-09-22 16:45:39 +0000] [803136] [INFO] Worker exiting (pid: 803136)
[2023-09-22 16:45:39 +0000] [803133] [INFO] Waiting for application shutdown.
[2023-09-22 16:45:39 +0000] [803133] [INFO] Application shutdown complete.
[2023-09-22 16:45:39 +0000] [803133] [INFO] Finished server process [803133]
[2023-09-22 16:45:39 +0000] [803134] [INFO] Waiting for application shutdown.
[2023-09-22 16:45:39 +0000] [803134] [INFO] Application shutdown complete.
[2023-09-22 16:45:39 +0000] [803134] [INFO] Finished server process [803134]
[2023-09-22 16:45:39 +0000] [803133] [INFO] Worker exiting (pid: 803133)
[2023-09-22 16:45:39 +0000] [803134] [INFO] Worker exiting (pid: 803134)
[2023-09-22 16:45:39 +0000] [803135] [INFO] Waiting for application shutdown.
[2023-09-22 16:45:39 +0000] [803135] [INFO] Application shutdown complete.
[2023-09-22 16:45:39 +0000] [803135] [INFO] Finished server process [803135]
[2023-09-22 16:45:39 +0000] [803135] [INFO] Worker exiting (pid: 803135)
[2023-09-22 16:45:39 +0000] [803130] [INFO] Shutting down: Master
[2023-09-22 16:45:40 +0000] [804083] [INFO] Starting gunicorn 21.2.0
[2023-09-22 16:45:40 +0000] [804083] [INFO] Listening at: https://0.0.0.0:443 (804083)
[2023-09-22 16:45:40 +0000] [804083] [INFO] Using worker: uvicorn.workers.UvicornWorker
[2023-09-22 16:45:40 +0000] [804085] [INFO] Booting worker with pid: 804085
[2023-09-22 16:45:41 +0000] [804086] [INFO] Booting worker with pid: 804086
[2023-09-22 16:45:41 +0000] [804087] [INFO] Booting worker with pid: 804087
[2023-09-22 16:45:41 +0000] [804088] [INFO] Booting worker with pid: 804088
[2023-09-22 16:45:42 +0000] [804086] [INFO] Started server process [804086]
[2023-09-22 16:45:42 +0000] [804086] [INFO] Waiting for application startup.
[2023-09-22 16:45:42 +0000] [804086] [INFO] Application startup complete.
[2023-09-22 16:45:42 +0000] [804085] [INFO] Started server process [804085]
[2023-09-22 16:45:42 +0000] [804085] [INFO] Waiting for application startup.
[2023-09-22 16:45:42 +0000] [804085] [INFO] Application startup complete.
[2023-09-22 16:45:42 +0000] [804087] [INFO] Started server process [804087]
[2023-09-22 16:45:42 +0000] [804087] [INFO] Waiting for application startup.
[2023-09-22 16:45:42 +0000] [804087] [INFO] Application startup complete.
[2023-09-22 16:45:42 +0000] [804088] [INFO] Started server process [804088]
[2023-09-22 16:45:42 +0000] [804088] [INFO] Waiting for application startup.
[2023-09-22 16:45:42 +0000] [804088] [INFO] Application startup complete.
[2023-09-22 16:50:34 +0000] [804083] [INFO] Handling signal: term
[2023-09-22 16:50:34 +0000] [804088] [INFO] Shutting down
[2023-09-22 16:50:34 +0000] [804086] [INFO] Shutting down
[2023-09-22 16:50:34 +0000] [804085] [INFO] Shutting down
[2023-09-22 16:50:34 +0000] [804087] [INFO] Shutting down
[2023-09-22 16:50:34 +0000] [804088] [INFO] Waiting for application shutdown.
[2023-09-22 16:50:34 +0000] [804088] [INFO] Application shutdown complete.
[2023-09-22 16:50:34 +0000] [804088] [INFO] Finished server process [804088]
[2023-09-22 16:50:34 +0000] [804088] [INFO] Worker exiting (pid: 804088)
[2023-09-22 16:50:34 +0000] [804086] [INFO] Waiting for application shutdown.
[2023-09-22 16:50:34 +0000] [804086] [INFO] Application shutdown complete.
[2023-09-22 16:50:34 +0000] [804086] [INFO] Finished server process [804086]
[2023-09-22 16:50:34 +0000] [804086] [INFO] Worker exiting (pid: 804086)
[2023-09-22 16:50:34 +0000] [804085] [INFO] Waiting for application shutdown.
[2023-09-22 16:50:34 +0000] [804085] [INFO] Application shutdown complete.
[2023-09-22 16:50:34 +0000] [804085] [INFO] Finished server process [804085]
[2023-09-22 16:50:34 +0000] [804085] [INFO] Worker exiting (pid: 804085)
[2023-09-22 16:50:34 +0000] [804087] [INFO] Waiting for application shutdown.
[2023-09-22 16:50:34 +0000] [804087] [INFO] Application shutdown complete.
[2023-09-22 16:50:34 +0000] [804087] [INFO] Finished server process [804087]
[2023-09-22 16:50:34 +0000] [804087] [INFO] Worker exiting (pid: 804087)
[2023-09-22 16:50:35 +0000] [804083] [INFO] Shutting down: Master
[2023-09-22 16:50:37 +0000] [804423] [INFO] Starting gunicorn 21.2.0
[2023-09-22 16:50:37 +0000] [804423] [INFO] Listening at: https://0.0.0.0:443 (804423)
[2023-09-22 16:50:37 +0000] [804423] [INFO] Using worker: uvicorn.workers.UvicornWorker
[2023-09-22 16:50:37 +0000] [804426] [INFO] Booting worker with pid: 804426
[2023-09-22 16:50:37 +0000] [804427] [INFO] Booting worker with pid: 804427
[2023-09-22 16:50:37 +0000] [804428] [INFO] Booting worker with pid: 804428
[2023-09-22 16:50:37 +0000] [804429] [INFO] Booting worker with pid: 804429
[2023-09-22 16:50:38 +0000] [804426] [INFO] Started server process [804426]
[2023-09-22 16:50:38 +0000] [804426] [INFO] Waiting for application startup.
[2023-09-22 16:50:38 +0000] [804426] [INFO] Application startup complete.
[2023-09-22 16:50:38 +0000] [804427] [INFO] Started server process [804427]
[2023-09-22 16:50:38 +0000] [804427] [INFO] Waiting for application startup.
[2023-09-22 16:50:38 +0000] [804427] [INFO] Application startup complete.
[2023-09-22 16:50:38 +0000] [804428] [INFO] Started server process [804428]
[2023-09-22 16:50:38 +0000] [804428] [INFO] Waiting for application startup.
[2023-09-22 16:50:38 +0000] [804428] [INFO] Application startup complete.
[2023-09-22 16:50:38 +0000] [804429] [INFO] Started server process [804429]
[2023-09-22 16:50:38 +0000] [804429] [INFO] Waiting for application startup.
[2023-09-22 16:50:38 +0000] [804429] [INFO] Application startup complete.
[2023-09-22 17:08:05 +0000] [804423] [INFO] Handling signal: term
[2023-09-22 17:08:05 +0000] [804428] [INFO] Shutting down
[2023-09-22 17:08:05 +0000] [804429] [INFO] Shutting down
[2023-09-22 17:08:05 +0000] [804427] [INFO] Shutting down
[2023-09-22 17:08:05 +0000] [804426] [INFO] Shutting down
[2023-09-22 17:08:05 +0000] [804428] [INFO] Waiting for application shutdown.
[2023-09-22 17:08:05 +0000] [804428] [INFO] Application shutdown complete.
[2023-09-22 17:08:05 +0000] [804428] [INFO] Finished server process [804428]
[2023-09-22 17:08:05 +0000] [804428] [INFO] Worker exiting (pid: 804428)
[2023-09-22 17:08:05 +0000] [804429] [INFO] Waiting for application shutdown.
[2023-09-22 17:08:05 +0000] [804429] [INFO] Application shutdown complete.
[2023-09-22 17:08:05 +0000] [804429] [INFO] Finished server process [804429]
[2023-09-22 17:08:05 +0000] [804429] [INFO] Worker exiting (pid: 804429)
[2023-09-22 17:08:05 +0000] [804427] [INFO] Waiting for application shutdown.
[2023-09-22 17:08:05 +0000] [804427] [INFO] Application shutdown complete.
[2023-09-22 17:08:05 +0000] [804427] [INFO] Finished server process [804427]
[2023-09-22 17:08:05 +0000] [804427] [INFO] Worker exiting (pid: 804427)
[2023-09-22 17:08:05 +0000] [804426] [INFO] Waiting for application shutdown.
[2023-09-22 17:08:05 +0000] [804426] [INFO] Application shutdown complete.
[2023-09-22 17:08:05 +0000] [804426] [INFO] Finished server process [804426]
[2023-09-22 17:08:05 +0000] [804426] [INFO] Worker exiting (pid: 804426)
[2023-09-22 17:08:05 +0000] [804423] [INFO] Shutting down: Master
[2023-09-22 17:08:06 +0000] [805081] [INFO] Starting gunicorn 21.2.0
[2023-09-22 17:08:06 +0000] [805081] [INFO] Listening at: https://0.0.0.0:443 (805081)
[2023-09-22 17:08:06 +0000] [805081] [INFO] Using worker: uvicorn.workers.UvicornWorker
[2023-09-22 17:08:06 +0000] [805084] [INFO] Booting worker with pid: 805084
[2023-09-22 17:08:06 +0000] [805085] [INFO] Booting worker with pid: 805085
[2023-09-22 17:08:06 +0000] [805086] [INFO] Booting worker with pid: 805086
[2023-09-22 17:08:06 +0000] [805087] [INFO] Booting worker with pid: 805087
[2023-09-22 17:08:07 +0000] [805084] [INFO] Started server process [805084]
[2023-09-22 17:08:07 +0000] [805084] [INFO] Waiting for application startup.
[2023-09-22 17:08:07 +0000] [805084] [INFO] Application startup complete.
[2023-09-22 17:08:08 +0000] [805085] [INFO] Started server process [805085]
[2023-09-22 17:08:08 +0000] [805085] [INFO] Waiting for application startup.
[2023-09-22 17:08:08 +0000] [805085] [INFO] Application startup complete.
[2023-09-22 17:08:08 +0000] [805086] [INFO] Started server process [805086]
[2023-09-22 17:08:08 +0000] [805086] [INFO] Waiting for application startup.
[2023-09-22 17:08:08 +0000] [805086] [INFO] Application startup complete.
[2023-09-22 17:08:08 +0000] [805087] [INFO] Started server process [805087]
[2023-09-22 17:08:08 +0000] [805087] [INFO] Waiting for application startup.
[2023-09-22 17:08:08 +0000] [805087] [INFO] Application startup complete.
[2023-09-22 17:08:48 +0000] [805081] [INFO] Handling signal: term
[2023-09-22 17:08:48 +0000] [805085] [INFO] Shutting down
[2023-09-22 17:08:48 +0000] [805087] [INFO] Shutting down
[2023-09-22 17:08:48 +0000] [805086] [INFO] Shutting down
[2023-09-22 17:08:48 +0000] [805084] [INFO] Shutting down
[2023-09-22 17:08:48 +0000] [805085] [INFO] Waiting for application shutdown.
[2023-09-22 17:08:48 +0000] [805085] [INFO] Application shutdown complete.
[2023-09-22 17:08:48 +0000] [805085] [INFO] Finished server process [805085]
[2023-09-22 17:08:48 +0000] [805085] [INFO] Worker exiting (pid: 805085)
[2023-09-22 17:08:48 +0000] [805087] [INFO] Waiting for application shutdown.
[2023-09-22 17:08:48 +0000] [805087] [INFO] Application shutdown complete.
[2023-09-22 17:08:48 +0000] [805087] [INFO] Finished server process [805087]
[2023-09-22 17:08:48 +0000] [805087] [INFO] Worker exiting (pid: 805087)
[2023-09-22 17:08:48 +0000] [805086] [INFO] Waiting for connections to close. (CTRL+C to force quit)
[2023-09-22 17:08:48 +0000] [805084] [INFO] Waiting for application shutdown.
[2023-09-22 17:08:48 +0000] [805084] [INFO] Application shutdown complete.
[2023-09-22 17:08:48 +0000] [805084] [INFO] Finished server process [805084]
[2023-09-22 17:08:48 +0000] [805084] [INFO] Worker exiting (pid: 805084)
[2023-09-22 17:08:48 +0000] [805086] [INFO] Waiting for application shutdown.
[2023-09-22 17:08:48 +0000] [805086] [INFO] Application shutdown complete.
[2023-09-22 17:08:48 +0000] [805086] [INFO] Finished server process [805086]
[2023-09-22 17:08:48 +0000] [805086] [INFO] Worker exiting (pid: 805086)
[2023-09-22 17:08:49 +0000] [805081] [INFO] Shutting down: Master
[2023-09-22 17:08:50 +0000] [805157] [INFO] Starting gunicorn 21.2.0
[2023-09-22 17:08:50 +0000] [805157] [INFO] Listening at: https://0.0.0.0:443 (805157)
[2023-09-22 17:08:50 +0000] [805157] [INFO] Using worker: uvicorn.workers.UvicornWorker
[2023-09-22 17:08:50 +0000] [805160] [INFO] Booting worker with pid: 805160
[2023-09-22 17:08:50 +0000] [805161] [INFO] Booting worker with pid: 805161
[2023-09-22 17:08:50 +0000] [805162] [INFO] Booting worker with pid: 805162
[2023-09-22 17:08:50 +0000] [805163] [INFO] Booting worker with pid: 805163
[2023-09-22 17:08:51 +0000] [805162] [INFO] Started server process [805162]
[2023-09-22 17:08:51 +0000] [805162] [INFO] Waiting for application startup.
[2023-09-22 17:08:51 +0000] [805162] [INFO] Application startup complete.
[2023-09-22 17:08:51 +0000] [805160] [INFO] Started server process [805160]
[2023-09-22 17:08:51 +0000] [805160] [INFO] Waiting for application startup.
[2023-09-22 17:08:51 +0000] [805160] [INFO] Application startup complete.
[2023-09-22 17:08:51 +0000] [805161] [INFO] Started server process [805161]
[2023-09-22 17:08:51 +0000] [805161] [INFO] Waiting for application startup.
[2023-09-22 17:08:51 +0000] [805161] [INFO] Application startup complete.
[2023-09-22 17:08:52 +0000] [805163] [INFO] Started server process [805163]
[2023-09-22 17:08:52 +0000] [805163] [INFO] Waiting for application startup.
[2023-09-22 17:08:52 +0000] [805163] [INFO] Application startup complete.
[2023-09-22 17:09:32 +0000] [805157] [INFO] Handling signal: term
[2023-09-22 17:09:32 +0000] [805161] [INFO] Shutting down
[2023-09-22 17:09:32 +0000] [805163] [INFO] Shutting down
[2023-09-22 17:09:32 +0000] [805162] [INFO] Shutting down
[2023-09-22 17:09:32 +0000] [805160] [INFO] Shutting down
[2023-09-22 17:09:32 +0000] [805161] [INFO] Waiting for application shutdown.
[2023-09-22 17:09:32 +0000] [805161] [INFO] Application shutdown complete.
[2023-09-22 17:09:32 +0000] [805161] [INFO] Finished server process [805161]
[2023-09-22 17:09:32 +0000] [805161] [INFO] Worker exiting (pid: 805161)
[2023-09-22 17:09:32 +0000] [805163] [INFO] Waiting for application shutdown.
[2023-09-22 17:09:32 +0000] [805163] [INFO] Application shutdown complete.
[2023-09-22 17:09:32 +0000] [805163] [INFO] Finished server process [805163]
[2023-09-22 17:09:32 +0000] [805163] [INFO] Worker exiting (pid: 805163)
[2023-09-22 17:09:32 +0000] [805162] [INFO] Waiting for application shutdown.
[2023-09-22 17:09:32 +0000] [805162] [INFO] Application shutdown complete.
[2023-09-22 17:09:32 +0000] [805162] [INFO] Finished server process [805162]
[2023-09-22 17:09:32 +0000] [805162] [INFO] Worker exiting (pid: 805162)
[2023-09-22 17:09:32 +0000] [805160] [INFO] Waiting for application shutdown.
[2023-09-22 17:09:32 +0000] [805160] [INFO] Application shutdown complete.
[2023-09-22 17:09:32 +0000] [805160] [INFO] Finished server process [805160]
[2023-09-22 17:09:32 +0000] [805160] [INFO] Worker exiting (pid: 805160)
[2023-09-22 17:09:33 +0000] [805157] [INFO] Shutting down: Master
[2023-09-22 17:09:34 +0000] [805230] [INFO] Starting gunicorn 21.2.0
[2023-09-22 17:09:34 +0000] [805230] [INFO] Listening at: https://0.0.0.0:443 (805230)
[2023-09-22 17:09:34 +0000] [805230] [INFO] Using worker: uvicorn.workers.UvicornWorker
[2023-09-22 17:09:34 +0000] [805232] [INFO] Booting worker with pid: 805232
[2023-09-22 17:09:34 +0000] [805233] [INFO] Booting worker with pid: 805233
[2023-09-22 17:09:34 +0000] [805234] [INFO] Booting worker with pid: 805234
[2023-09-22 17:09:34 +0000] [805235] [INFO] Booting worker with pid: 805235
[2023-09-22 17:09:35 +0000] [805232] [INFO] Started server process [805232]
[2023-09-22 17:09:35 +0000] [805232] [INFO] Waiting for application startup.
[2023-09-22 17:09:35 +0000] [805232] [INFO] Application startup complete.
[2023-09-22 17:09:35 +0000] [805234] [INFO] Started server process [805234]
[2023-09-22 17:09:35 +0000] [805234] [INFO] Waiting for application startup.
[2023-09-22 17:09:35 +0000] [805234] [INFO] Application startup complete.
[2023-09-22 17:09:35 +0000] [805233] [INFO] Started server process [805233]
[2023-09-22 17:09:35 +0000] [805233] [INFO] Waiting for application startup.
[2023-09-22 17:09:35 +0000] [805233] [INFO] Application startup complete.
[2023-09-22 17:09:35 +0000] [805235] [INFO] Started server process [805235]
[2023-09-22 17:09:35 +0000] [805235] [INFO] Waiting for application startup.
[2023-09-22 17:09:35 +0000] [805235] [INFO] Application startup complete.
[2023-09-22 17:10:27 +0000] [805230] [INFO] Handling signal: term
[2023-09-22 17:10:27 +0000] [805232] [INFO] Shutting down
[2023-09-22 17:10:27 +0000] [805233] [INFO] Shutting down
[2023-09-22 17:10:27 +0000] [805234] [INFO] Shutting down
[2023-09-22 17:10:27 +0000] [805235] [INFO] Shutting down
[2023-09-22 17:10:27 +0000] [805232] [INFO] Waiting for application shutdown.
[2023-09-22 17:10:27 +0000] [805232] [INFO] Application shutdown complete.
[2023-09-22 17:10:27 +0000] [805232] [INFO] Finished server process [805232]
[2023-09-22 17:10:27 +0000] [805232] [INFO] Worker exiting (pid: 805232)
[2023-09-22 17:10:27 +0000] [805233] [INFO] Waiting for application shutdown.
[2023-09-22 17:10:27 +0000] [805233] [INFO] Application shutdown complete.
[2023-09-22 17:10:27 +0000] [805233] [INFO] Finished server process [805233]
[2023-09-22 17:10:27 +0000] [805233] [INFO] Worker exiting (pid: 805233)
[2023-09-22 17:10:27 +0000] [805234] [INFO] Waiting for application shutdown.
[2023-09-22 17:10:27 +0000] [805234] [INFO] Application shutdown complete.
[2023-09-22 17:10:27 +0000] [805234] [INFO] Finished server process [805234]
[2023-09-22 17:10:27 +0000] [805234] [INFO] Worker exiting (pid: 805234)
[2023-09-22 17:10:28 +0000] [805235] [INFO] Waiting for application shutdown.
[2023-09-22 17:10:28 +0000] [805235] [INFO] Application shutdown complete.
[2023-09-22 17:10:28 +0000] [805235] [INFO] Finished server process [805235]
[2023-09-22 17:10:28 +0000] [805235] [INFO] Worker exiting (pid: 805235)
[2023-09-22 17:10:28 +0000] [805230] [INFO] Shutting down: Master
[2023-09-22 17:10:29 +0000] [805313] [INFO] Starting gunicorn 21.2.0
[2023-09-22 17:10:29 +0000] [805313] [INFO] Listening at: https://0.0.0.0:443 (805313)
[2023-09-22 17:10:29 +0000] [805313] [INFO] Using worker: uvicorn.workers.UvicornWorker
[2023-09-22 17:10:29 +0000] [805315] [INFO] Booting worker with pid: 805315
[2023-09-22 17:10:29 +0000] [805316] [INFO] Booting worker with pid: 805316
[2023-09-22 17:10:29 +0000] [805317] [INFO] Booting worker with pid: 805317
[2023-09-22 17:10:29 +0000] [805318] [INFO] Booting worker with pid: 805318
[2023-09-22 17:10:30 +0000] [805315] [INFO] Started server process [805315]
[2023-09-22 17:10:30 +0000] [805315] [INFO] Waiting for application startup.
[2023-09-22 17:10:30 +0000] [805315] [INFO] Application startup complete.
[2023-09-22 17:10:30 +0000] [805316] [INFO] Started server process [805316]
[2023-09-22 17:10:30 +0000] [805316] [INFO] Waiting for application startup.
[2023-09-22 17:10:30 +0000] [805316] [INFO] Application startup complete.
[2023-09-22 17:10:30 +0000] [805317] [INFO] Started server process [805317]
[2023-09-22 17:10:30 +0000] [805318] [INFO] Started server process [805318]
[2023-09-22 17:10:30 +0000] [805317] [INFO] Waiting for application startup.
[2023-09-22 17:10:30 +0000] [805318] [INFO] Waiting for application startup.
[2023-09-22 17:10:30 +0000] [805317] [INFO] Application startup complete.
[2023-09-22 17:10:30 +0000] [805318] [INFO] Application startup complete.
[2023-09-22 17:11:53 +0000] [805313] [INFO] Handling signal: term
[2023-09-22 17:11:53 +0000] [805315] [INFO] Shutting down
[2023-09-22 17:11:53 +0000] [805316] [INFO] Shutting down
[2023-09-22 17:11:53 +0000] [805317] [INFO] Shutting down
[2023-09-22 17:11:53 +0000] [805318] [INFO] Shutting down
[2023-09-22 17:11:53 +0000] [805315] [INFO] Waiting for application shutdown.
[2023-09-22 17:11:53 +0000] [805315] [INFO] Application shutdown complete.
[2023-09-22 17:11:53 +0000] [805315] [INFO] Finished server process [805315]
[2023-09-22 17:11:53 +0000] [805315] [INFO] Worker exiting (pid: 805315)
[2023-09-22 17:11:53 +0000] [805316] [INFO] Waiting for application shutdown.
[2023-09-22 17:11:53 +0000] [805316] [INFO] Application shutdown complete.
[2023-09-22 17:11:53 +0000] [805316] [INFO] Finished server process [805316]
[2023-09-22 17:11:53 +0000] [805316] [INFO] Worker exiting (pid: 805316)
[2023-09-22 17:11:53 +0000] [805317] [INFO] Waiting for application shutdown.
[2023-09-22 17:11:53 +0000] [805317] [INFO] Application shutdown complete.
[2023-09-22 17:11:53 +0000] [805317] [INFO] Finished server process [805317]
[2023-09-22 17:11:53 +0000] [805317] [INFO] Worker exiting (pid: 805317)
[2023-09-22 17:11:53 +0000] [805318] [INFO] Waiting for application shutdown.
[2023-09-22 17:11:53 +0000] [805318] [INFO] Application shutdown complete.
[2023-09-22 17:11:53 +0000] [805318] [INFO] Finished server process [805318]
[2023-09-22 17:11:53 +0000] [805318] [INFO] Worker exiting (pid: 805318)
[2023-09-22 17:11:54 +0000] [805313] [INFO] Shutting down: Master
[2023-09-22 17:11:56 +0000] [805510] [INFO] Starting gunicorn 21.2.0
[2023-09-22 17:11:56 +0000] [805510] [INFO] Listening at: https://0.0.0.0:443 (805510)
[2023-09-22 17:11:56 +0000] [805510] [INFO] Using worker: uvicorn.workers.UvicornWorker
[2023-09-22 17:11:56 +0000] [805512] [INFO] Booting worker with pid: 805512
[2023-09-22 17:11:56 +0000] [805513] [INFO] Booting worker with pid: 805513
[2023-09-22 17:11:56 +0000] [805514] [INFO] Booting worker with pid: 805514
[2023-09-22 17:11:56 +0000] [805515] [INFO] Booting worker with pid: 805515
[2023-09-22 17:11:58 +0000] [805512] [INFO] Started server process [805512]
[2023-09-22 17:11:58 +0000] [805512] [INFO] Waiting for application startup.
[2023-09-22 17:11:58 +0000] [805512] [INFO] Application startup complete.
[2023-09-22 17:11:58 +0000] [805513] [INFO] Started server process [805513]
[2023-09-22 17:11:58 +0000] [805513] [INFO] Waiting for application startup.
[2023-09-22 17:11:58 +0000] [805513] [INFO] Application startup complete.
[2023-09-22 17:11:58 +0000] [805514] [INFO] Started server process [805514]
[2023-09-22 17:11:58 +0000] [805514] [INFO] Waiting for application startup.
[2023-09-22 17:11:58 +0000] [805514] [INFO] Application startup complete.
[2023-09-22 17:11:58 +0000] [805515] [INFO] Started server process [805515]
[2023-09-22 17:11:58 +0000] [805515] [INFO] Waiting for application startup.
[2023-09-22 17:11:58 +0000] [805515] [INFO] Application startup complete.
[2023-09-22 18:08:42 +0000] [805514] [WARNING] Invalid HTTP request received.
[2023-09-22 18:08:42 +0000] [805515] [WARNING] Invalid HTTP request received.
[2023-09-22 18:08:42 +0000] [805515] [WARNING] Invalid HTTP request received.
[2023-09-22 18:08:52 +0000] [805514] [WARNING] Invalid HTTP request received.
[2023-09-22 18:08:52 +0000] [805514] [WARNING] Invalid HTTP request received.
[2023-09-22 18:09:05 +0000] [805514] [WARNING] Invalid HTTP request received.
[2023-09-22 18:09:10 +0000] [805514] [WARNING] Invalid HTTP request received.
[2023-09-22 18:09:15 +0000] [805514] [WARNING] Invalid HTTP request received.
[2023-09-22 18:09:20 +0000] [805513] [WARNING] Invalid HTTP request received.
[2023-09-22 18:09:25 +0000] [805513] [WARNING] Invalid HTTP request received.
[2023-09-22 18:09:35 +0000] [805514] [WARNING] Invalid HTTP request received.
[2023-09-22 18:09:50 +0000] [805515] [WARNING] Invalid HTTP request received.
[2023-09-22 18:09:55 +0000] [805513] [WARNING] Invalid HTTP request received.
[2023-09-22 18:10:10 +0000] [805514] [WARNING] Invalid HTTP request received.
[2023-09-22 18:10:10 +0000] [805512] [WARNING] Invalid HTTP request received.
[2023-09-22 18:10:10 +0000] [805514] [WARNING] Invalid HTTP request received.
[2023-09-22 18:10:15 +0000] [805514] [WARNING] Invalid HTTP request received.
[2023-09-22 21:22:56 +0000] [805514] [WARNING] Invalid HTTP request received.
[2023-09-22 21:23:01 +0000] [805514] [WARNING] Invalid HTTP request received.
[2023-09-22 21:23:01 +0000] [805514] [WARNING] Invalid HTTP request received.
[2023-09-22 21:23:12 +0000] [805515] [WARNING] Invalid HTTP request received.
[2023-09-22 21:23:17 +0000] [805513] [WARNING] Invalid HTTP request received.
[2023-09-22 21:23:30 +0000] [805514] [WARNING] Invalid HTTP request received.
[2023-09-22 21:23:35 +0000] [805515] [WARNING] Invalid HTTP request received.
[2023-09-22 21:23:36 +0000] [805513] [WARNING] Invalid HTTP request received.
[2023-09-22 21:23:41 +0000] [805513] [WARNING] Invalid HTTP request received.
[2023-09-22 21:23:47 +0000] [805513] [WARNING] Invalid HTTP request received.
[2023-09-22 21:24:03 +0000] [805512] [WARNING] Invalid HTTP request received.
[2023-09-22 21:24:16 +0000] [805512] [WARNING] Invalid HTTP request received.
[2023-09-22 21:24:37 +0000] [805515] [WARNING] Invalid HTTP request received.
[2023-09-22 21:24:37 +0000] [805515] [WARNING] Invalid HTTP request received.
[2023-09-22 21:24:42 +0000] [805515] [WARNING] Invalid HTTP request received.
[2023-09-22 21:24:48 +0000] [805515] [WARNING] Invalid HTTP request received.
[2023-09-23 04:07:54 +0000] [805513] [ERROR] Exception in ASGI application
Traceback (most recent call last):
  File "/usr/local/lib/python3.8/dist-packages/pymysql/connections.py", line 803, in _write_bytes
    self._sock.sendall(data)
BrokenPipeError: [Errno 32] Broken pipe

During handling of the above exception, another exception occurred:

Traceback (most recent call last):
  File "/usr/local/lib/python3.8/dist-packages/sqlalchemy/engine/base.py", line 1965, in _exec_single_context
    self.dialect.do_execute(
  File "/usr/local/lib/python3.8/dist-packages/sqlalchemy/engine/default.py", line 921, in do_execute
    cursor.execute(statement, parameters)
  File "/usr/local/lib/python3.8/dist-packages/pymysql/cursors.py", line 153, in execute
    result = self._query(query)
  File "/usr/local/lib/python3.8/dist-packages/pymysql/cursors.py", line 322, in _query
    conn.query(q)
  File "/usr/local/lib/python3.8/dist-packages/pymysql/connections.py", line 557, in query
    self._execute_command(COMMAND.COM_QUERY, sql)
  File "/usr/local/lib/python3.8/dist-packages/pymysql/connections.py", line 861, in _execute_command
    self._write_bytes(packet)
  File "/usr/local/lib/python3.8/dist-packages/pymysql/connections.py", line 806, in _write_bytes
    raise err.OperationalError(
pymysql.err.OperationalError: (2006, "MySQL server has gone away (BrokenPipeError(32, 'Broken pipe'))")

The above exception was the direct cause of the following exception:

Traceback (most recent call last):
  File "/usr/local/lib/python3.8/dist-packages/uvicorn/protocols/http/h11_impl.py", line 408, in run_asgi
    result = await app(  # type: ignore[func-returns-value]
  File "/usr/local/lib/python3.8/dist-packages/uvicorn/middleware/proxy_headers.py", line 84, in __call__
    return await self.app(scope, receive, send)
  File "/usr/local/lib/python3.8/dist-packages/fastapi/applications.py", line 292, in __call__
    await super().__call__(scope, receive, send)
  File "/usr/local/lib/python3.8/dist-packages/starlette/applications.py", line 122, in __call__
    await self.middleware_stack(scope, receive, send)
  File "/usr/local/lib/python3.8/dist-packages/starlette/middleware/errors.py", line 184, in __call__
    raise exc
  File "/usr/local/lib/python3.8/dist-packages/starlette/middleware/errors.py", line 162, in __call__
    await self.app(scope, receive, _send)
  File "/usr/local/lib/python3.8/dist-packages/starlette/middleware/exceptions.py", line 79, in __call__
    raise exc
  File "/usr/local/lib/python3.8/dist-packages/starlette/middleware/exceptions.py", line 68, in __call__
    await self.app(scope, receive, sender)
  File "/usr/local/lib/python3.8/dist-packages/fastapi/middleware/asyncexitstack.py", line 20, in __call__
    raise e
  File "/usr/local/lib/python3.8/dist-packages/fastapi/middleware/asyncexitstack.py", line 17, in __call__
    await self.app(scope, receive, send)
  File "/usr/local/lib/python3.8/dist-packages/starlette/routing.py", line 718, in __call__
    await route.handle(scope, receive, send)
  File "/usr/local/lib/python3.8/dist-packages/starlette/routing.py", line 276, in handle
    await self.app(scope, receive, send)
  File "/usr/local/lib/python3.8/dist-packages/starlette/routing.py", line 66, in app
    response = await func(request)
  File "/usr/local/lib/python3.8/dist-packages/fastapi/routing.py", line 273, in app
    raw_response = await run_endpoint_function(
  File "/usr/local/lib/python3.8/dist-packages/fastapi/routing.py", line 192, in run_endpoint_function
    return await run_in_threadpool(dependant.call, **values)
  File "/usr/local/lib/python3.8/dist-packages/starlette/concurrency.py", line 41, in run_in_threadpool
    return await anyio.to_thread.run_sync(func, *args)
  File "/usr/local/lib/python3.8/dist-packages/anyio/to_thread.py", line 33, in run_sync
    return await get_asynclib().run_sync_in_worker_thread(
  File "/usr/local/lib/python3.8/dist-packages/anyio/_backends/_asyncio.py", line 877, in run_sync_in_worker_thread
    return await future
  File "/usr/local/lib/python3.8/dist-packages/anyio/_backends/_asyncio.py", line 807, in run
    result = context.run(func, *args)
  File "/home/inui/esm_server/main.py", line 59, in esm
    esm = db.execute_sql(engine, "select * from esm").fetchall()
  File "/home/inui/esm_server/db.py", line 14, in execute_sql
    result = conn.execute(text(sql))
  File "/usr/local/lib/python3.8/dist-packages/sqlalchemy/engine/base.py", line 1412, in execute
    return meth(
  File "/usr/local/lib/python3.8/dist-packages/sqlalchemy/sql/elements.py", line 516, in _execute_on_connection
    return connection._execute_clauseelement(
  File "/usr/local/lib/python3.8/dist-packages/sqlalchemy/engine/base.py", line 1635, in _execute_clauseelement
    ret = self._execute_context(
  File "/usr/local/lib/python3.8/dist-packages/sqlalchemy/engine/base.py", line 1844, in _execute_context
    return self._exec_single_context(
  File "/usr/local/lib/python3.8/dist-packages/sqlalchemy/engine/base.py", line 1984, in _exec_single_context
    self._handle_dbapi_exception(
  File "/usr/local/lib/python3.8/dist-packages/sqlalchemy/engine/base.py", line 2339, in _handle_dbapi_exception
    raise sqlalchemy_exception.with_traceback(exc_info[2]) from e
  File "/usr/local/lib/python3.8/dist-packages/sqlalchemy/engine/base.py", line 1965, in _exec_single_context
    self.dialect.do_execute(
  File "/usr/local/lib/python3.8/dist-packages/sqlalchemy/engine/default.py", line 921, in do_execute
    cursor.execute(statement, parameters)
  File "/usr/local/lib/python3.8/dist-packages/pymysql/cursors.py", line 153, in execute
    result = self._query(query)
  File "/usr/local/lib/python3.8/dist-packages/pymysql/cursors.py", line 322, in _query
    conn.query(q)
  File "/usr/local/lib/python3.8/dist-packages/pymysql/connections.py", line 557, in query
    self._execute_command(COMMAND.COM_QUERY, sql)
  File "/usr/local/lib/python3.8/dist-packages/pymysql/connections.py", line 861, in _execute_command
    self._write_bytes(packet)
  File "/usr/local/lib/python3.8/dist-packages/pymysql/connections.py", line 806, in _write_bytes
    raise err.OperationalError(
sqlalchemy.exc.OperationalError: (pymysql.err.OperationalError) (2006, "MySQL server has gone away (BrokenPipeError(32, 'Broken pipe'))")
[SQL: select * from esm]
(Background on this error at: https://sqlalche.me/e/20/e3q8)
[2023-09-23 04:07:54 +0000] [805515] [ERROR] Exception in ASGI application
Traceback (most recent call last):
  File "/usr/local/lib/python3.8/dist-packages/pymysql/connections.py", line 803, in _write_bytes
    self._sock.sendall(data)
BrokenPipeError: [Errno 32] Broken pipe

During handling of the above exception, another exception occurred:

Traceback (most recent call last):
  File "/usr/local/lib/python3.8/dist-packages/sqlalchemy/engine/base.py", line 1965, in _exec_single_context
    self.dialect.do_execute(
  File "/usr/local/lib/python3.8/dist-packages/sqlalchemy/engine/default.py", line 921, in do_execute
    cursor.execute(statement, parameters)
  File "/usr/local/lib/python3.8/dist-packages/pymysql/cursors.py", line 153, in execute
    result = self._query(query)
  File "/usr/local/lib/python3.8/dist-packages/pymysql/cursors.py", line 322, in _query
    conn.query(q)
  File "/usr/local/lib/python3.8/dist-packages/pymysql/connections.py", line 557, in query
    self._execute_command(COMMAND.COM_QUERY, sql)
  File "/usr/local/lib/python3.8/dist-packages/pymysql/connections.py", line 861, in _execute_command
    self._write_bytes(packet)
  File "/usr/local/lib/python3.8/dist-packages/pymysql/connections.py", line 806, in _write_bytes
    raise err.OperationalError(
pymysql.err.OperationalError: (2006, "MySQL server has gone away (BrokenPipeError(32, 'Broken pipe'))")

The above exception was the direct cause of the following exception:

Traceback (most recent call last):
  File "/usr/local/lib/python3.8/dist-packages/uvicorn/protocols/http/h11_impl.py", line 408, in run_asgi
    result = await app(  # type: ignore[func-returns-value]
  File "/usr/local/lib/python3.8/dist-packages/uvicorn/middleware/proxy_headers.py", line 84, in __call__
    return await self.app(scope, receive, send)
  File "/usr/local/lib/python3.8/dist-packages/fastapi/applications.py", line 292, in __call__
    await super().__call__(scope, receive, send)
  File "/usr/local/lib/python3.8/dist-packages/starlette/applications.py", line 122, in __call__
    await self.middleware_stack(scope, receive, send)
  File "/usr/local/lib/python3.8/dist-packages/starlette/middleware/errors.py", line 184, in __call__
    raise exc
  File "/usr/local/lib/python3.8/dist-packages/starlette/middleware/errors.py", line 162, in __call__
    await self.app(scope, receive, _send)
  File "/usr/local/lib/python3.8/dist-packages/starlette/middleware/exceptions.py", line 79, in __call__
    raise exc
  File "/usr/local/lib/python3.8/dist-packages/starlette/middleware/exceptions.py", line 68, in __call__
    await self.app(scope, receive, sender)
  File "/usr/local/lib/python3.8/dist-packages/fastapi/middleware/asyncexitstack.py", line 20, in __call__
    raise e
  File "/usr/local/lib/python3.8/dist-packages/fastapi/middleware/asyncexitstack.py", line 17, in __call__
    await self.app(scope, receive, send)
  File "/usr/local/lib/python3.8/dist-packages/starlette/routing.py", line 718, in __call__
    await route.handle(scope, receive, send)
  File "/usr/local/lib/python3.8/dist-packages/starlette/routing.py", line 276, in handle
    await self.app(scope, receive, send)
  File "/usr/local/lib/python3.8/dist-packages/starlette/routing.py", line 66, in app
    response = await func(request)
  File "/usr/local/lib/python3.8/dist-packages/fastapi/routing.py", line 273, in app
    raw_response = await run_endpoint_function(
  File "/usr/local/lib/python3.8/dist-packages/fastapi/routing.py", line 192, in run_endpoint_function
    return await run_in_threadpool(dependant.call, **values)
  File "/usr/local/lib/python3.8/dist-packages/starlette/concurrency.py", line 41, in run_in_threadpool
    return await anyio.to_thread.run_sync(func, *args)
  File "/usr/local/lib/python3.8/dist-packages/anyio/to_thread.py", line 33, in run_sync
    return await get_asynclib().run_sync_in_worker_thread(
  File "/usr/local/lib/python3.8/dist-packages/anyio/_backends/_asyncio.py", line 877, in run_sync_in_worker_thread
    return await future
  File "/usr/local/lib/python3.8/dist-packages/anyio/_backends/_asyncio.py", line 807, in run
    result = context.run(func, *args)
  File "/home/inui/esm_server/main.py", line 38, in esm_time
    esm_time = db.execute_sql(engine, "select * from esm_activation_time")
  File "/home/inui/esm_server/db.py", line 14, in execute_sql
    result = conn.execute(text(sql))
  File "/usr/local/lib/python3.8/dist-packages/sqlalchemy/engine/base.py", line 1412, in execute
    return meth(
  File "/usr/local/lib/python3.8/dist-packages/sqlalchemy/sql/elements.py", line 516, in _execute_on_connection
    return connection._execute_clauseelement(
  File "/usr/local/lib/python3.8/dist-packages/sqlalchemy/engine/base.py", line 1635, in _execute_clauseelement
    ret = self._execute_context(
  File "/usr/local/lib/python3.8/dist-packages/sqlalchemy/engine/base.py", line 1844, in _execute_context
    return self._exec_single_context(
  File "/usr/local/lib/python3.8/dist-packages/sqlalchemy/engine/base.py", line 1984, in _exec_single_context
    self._handle_dbapi_exception(
  File "/usr/local/lib/python3.8/dist-packages/sqlalchemy/engine/base.py", line 2339, in _handle_dbapi_exception
    raise sqlalchemy_exception.with_traceback(exc_info[2]) from e
  File "/usr/local/lib/python3.8/dist-packages/sqlalchemy/engine/base.py", line 1965, in _exec_single_context
    self.dialect.do_execute(
  File "/usr/local/lib/python3.8/dist-packages/sqlalchemy/engine/default.py", line 921, in do_execute
    cursor.execute(statement, parameters)
  File "/usr/local/lib/python3.8/dist-packages/pymysql/cursors.py", line 153, in execute
    result = self._query(query)
  File "/usr/local/lib/python3.8/dist-packages/pymysql/cursors.py", line 322, in _query
    conn.query(q)
  File "/usr/local/lib/python3.8/dist-packages/pymysql/connections.py", line 557, in query
    self._execute_command(COMMAND.COM_QUERY, sql)
  File "/usr/local/lib/python3.8/dist-packages/pymysql/connections.py", line 861, in _execute_command
    self._write_bytes(packet)
  File "/usr/local/lib/python3.8/dist-packages/pymysql/connections.py", line 806, in _write_bytes
    raise err.OperationalError(
sqlalchemy.exc.OperationalError: (pymysql.err.OperationalError) (2006, "MySQL server has gone away (BrokenPipeError(32, 'Broken pipe'))")
[SQL: select * from esm_activation_time]
(Background on this error at: https://sqlalche.me/e/20/e3q8)
[2023-09-23 04:16:04 +0000] [805512] [ERROR] Exception in ASGI application
Traceback (most recent call last):
  File "/usr/local/lib/python3.8/dist-packages/pymysql/connections.py", line 803, in _write_bytes
    self._sock.sendall(data)
BrokenPipeError: [Errno 32] Broken pipe

During handling of the above exception, another exception occurred:

Traceback (most recent call last):
  File "/usr/local/lib/python3.8/dist-packages/sqlalchemy/engine/base.py", line 1965, in _exec_single_context
    self.dialect.do_execute(
  File "/usr/local/lib/python3.8/dist-packages/sqlalchemy/engine/default.py", line 921, in do_execute
    cursor.execute(statement, parameters)
  File "/usr/local/lib/python3.8/dist-packages/pymysql/cursors.py", line 153, in execute
    result = self._query(query)
  File "/usr/local/lib/python3.8/dist-packages/pymysql/cursors.py", line 322, in _query
    conn.query(q)
  File "/usr/local/lib/python3.8/dist-packages/pymysql/connections.py", line 557, in query
    self._execute_command(COMMAND.COM_QUERY, sql)
  File "/usr/local/lib/python3.8/dist-packages/pymysql/connections.py", line 861, in _execute_command
    self._write_bytes(packet)
  File "/usr/local/lib/python3.8/dist-packages/pymysql/connections.py", line 806, in _write_bytes
    raise err.OperationalError(
pymysql.err.OperationalError: (2006, "MySQL server has gone away (BrokenPipeError(32, 'Broken pipe'))")

The above exception was the direct cause of the following exception:

Traceback (most recent call last):
  File "/usr/local/lib/python3.8/dist-packages/uvicorn/protocols/http/h11_impl.py", line 408, in run_asgi
    result = await app(  # type: ignore[func-returns-value]
  File "/usr/local/lib/python3.8/dist-packages/uvicorn/middleware/proxy_headers.py", line 84, in __call__
    return await self.app(scope, receive, send)
  File "/usr/local/lib/python3.8/dist-packages/fastapi/applications.py", line 292, in __call__
    await super().__call__(scope, receive, send)
  File "/usr/local/lib/python3.8/dist-packages/starlette/applications.py", line 122, in __call__
    await self.middleware_stack(scope, receive, send)
  File "/usr/local/lib/python3.8/dist-packages/starlette/middleware/errors.py", line 184, in __call__
    raise exc
  File "/usr/local/lib/python3.8/dist-packages/starlette/middleware/errors.py", line 162, in __call__
    await self.app(scope, receive, _send)
  File "/usr/local/lib/python3.8/dist-packages/starlette/middleware/exceptions.py", line 79, in __call__
    raise exc
  File "/usr/local/lib/python3.8/dist-packages/starlette/middleware/exceptions.py", line 68, in __call__
    await self.app(scope, receive, sender)
  File "/usr/local/lib/python3.8/dist-packages/fastapi/middleware/asyncexitstack.py", line 20, in __call__
    raise e
  File "/usr/local/lib/python3.8/dist-packages/fastapi/middleware/asyncexitstack.py", line 17, in __call__
    await self.app(scope, receive, send)
  File "/usr/local/lib/python3.8/dist-packages/starlette/routing.py", line 718, in __call__
    await route.handle(scope, receive, send)
  File "/usr/local/lib/python3.8/dist-packages/starlette/routing.py", line 276, in handle
    await self.app(scope, receive, send)
  File "/usr/local/lib/python3.8/dist-packages/starlette/routing.py", line 66, in app
    response = await func(request)
  File "/usr/local/lib/python3.8/dist-packages/fastapi/routing.py", line 273, in app
    raw_response = await run_endpoint_function(
  File "/usr/local/lib/python3.8/dist-packages/fastapi/routing.py", line 192, in run_endpoint_function
    return await run_in_threadpool(dependant.call, **values)
  File "/usr/local/lib/python3.8/dist-packages/starlette/concurrency.py", line 41, in run_in_threadpool
    return await anyio.to_thread.run_sync(func, *args)
  File "/usr/local/lib/python3.8/dist-packages/anyio/to_thread.py", line 33, in run_sync
    return await get_asynclib().run_sync_in_worker_thread(
  File "/usr/local/lib/python3.8/dist-packages/anyio/_backends/_asyncio.py", line 877, in run_sync_in_worker_thread
    return await future
  File "/usr/local/lib/python3.8/dist-packages/anyio/_backends/_asyncio.py", line 807, in run
    result = context.run(func, *args)
  File "/home/inui/esm_server/main.py", line 59, in esm
    esm = db.execute_sql(engine, "select * from esm").fetchall()
  File "/home/inui/esm_server/db.py", line 14, in execute_sql
    result = conn.execute(text(sql))
  File "/usr/local/lib/python3.8/dist-packages/sqlalchemy/engine/base.py", line 1412, in execute
    return meth(
  File "/usr/local/lib/python3.8/dist-packages/sqlalchemy/sql/elements.py", line 516, in _execute_on_connection
    return connection._execute_clauseelement(
  File "/usr/local/lib/python3.8/dist-packages/sqlalchemy/engine/base.py", line 1635, in _execute_clauseelement
    ret = self._execute_context(
  File "/usr/local/lib/python3.8/dist-packages/sqlalchemy/engine/base.py", line 1844, in _execute_context
    return self._exec_single_context(
  File "/usr/local/lib/python3.8/dist-packages/sqlalchemy/engine/base.py", line 1984, in _exec_single_context
    self._handle_dbapi_exception(
  File "/usr/local/lib/python3.8/dist-packages/sqlalchemy/engine/base.py", line 2339, in _handle_dbapi_exception
    raise sqlalchemy_exception.with_traceback(exc_info[2]) from e
  File "/usr/local/lib/python3.8/dist-packages/sqlalchemy/engine/base.py", line 1965, in _exec_single_context
    self.dialect.do_execute(
  File "/usr/local/lib/python3.8/dist-packages/sqlalchemy/engine/default.py", line 921, in do_execute
    cursor.execute(statement, parameters)
  File "/usr/local/lib/python3.8/dist-packages/pymysql/cursors.py", line 153, in execute
    result = self._query(query)
  File "/usr/local/lib/python3.8/dist-packages/pymysql/cursors.py", line 322, in _query
    conn.query(q)
  File "/usr/local/lib/python3.8/dist-packages/pymysql/connections.py", line 557, in query
    self._execute_command(COMMAND.COM_QUERY, sql)
  File "/usr/local/lib/python3.8/dist-packages/pymysql/connections.py", line 861, in _execute_command
    self._write_bytes(packet)
  File "/usr/local/lib/python3.8/dist-packages/pymysql/connections.py", line 806, in _write_bytes
    raise err.OperationalError(
sqlalchemy.exc.OperationalError: (pymysql.err.OperationalError) (2006, "MySQL server has gone away (BrokenPipeError(32, 'Broken pipe'))")
[SQL: select * from esm]
(Background on this error at: https://sqlalche.me/e/20/e3q8)
[2023-09-23 04:54:23 +0000] [805514] [ERROR] Exception in ASGI application
Traceback (most recent call last):
  File "/usr/local/lib/python3.8/dist-packages/pymysql/connections.py", line 803, in _write_bytes
    self._sock.sendall(data)
BrokenPipeError: [Errno 32] Broken pipe

During handling of the above exception, another exception occurred:

Traceback (most recent call last):
  File "/usr/local/lib/python3.8/dist-packages/sqlalchemy/engine/base.py", line 1965, in _exec_single_context
    self.dialect.do_execute(
  File "/usr/local/lib/python3.8/dist-packages/sqlalchemy/engine/default.py", line 921, in do_execute
    cursor.execute(statement, parameters)
  File "/usr/local/lib/python3.8/dist-packages/pymysql/cursors.py", line 153, in execute
    result = self._query(query)
  File "/usr/local/lib/python3.8/dist-packages/pymysql/cursors.py", line 322, in _query
    conn.query(q)
  File "/usr/local/lib/python3.8/dist-packages/pymysql/connections.py", line 557, in query
    self._execute_command(COMMAND.COM_QUERY, sql)
  File "/usr/local/lib/python3.8/dist-packages/pymysql/connections.py", line 861, in _execute_command
    self._write_bytes(packet)
  File "/usr/local/lib/python3.8/dist-packages/pymysql/connections.py", line 806, in _write_bytes
    raise err.OperationalError(
pymysql.err.OperationalError: (2006, "MySQL server has gone away (BrokenPipeError(32, 'Broken pipe'))")

The above exception was the direct cause of the following exception:

Traceback (most recent call last):
  File "/usr/local/lib/python3.8/dist-packages/uvicorn/protocols/http/h11_impl.py", line 408, in run_asgi
    result = await app(  # type: ignore[func-returns-value]
  File "/usr/local/lib/python3.8/dist-packages/uvicorn/middleware/proxy_headers.py", line 84, in __call__
    return await self.app(scope, receive, send)
  File "/usr/local/lib/python3.8/dist-packages/fastapi/applications.py", line 292, in __call__
    await super().__call__(scope, receive, send)
  File "/usr/local/lib/python3.8/dist-packages/starlette/applications.py", line 122, in __call__
    await self.middleware_stack(scope, receive, send)
  File "/usr/local/lib/python3.8/dist-packages/starlette/middleware/errors.py", line 184, in __call__
    raise exc
  File "/usr/local/lib/python3.8/dist-packages/starlette/middleware/errors.py", line 162, in __call__
    await self.app(scope, receive, _send)
  File "/usr/local/lib/python3.8/dist-packages/starlette/middleware/exceptions.py", line 79, in __call__
    raise exc
  File "/usr/local/lib/python3.8/dist-packages/starlette/middleware/exceptions.py", line 68, in __call__
    await self.app(scope, receive, sender)
  File "/usr/local/lib/python3.8/dist-packages/fastapi/middleware/asyncexitstack.py", line 20, in __call__
    raise e
  File "/usr/local/lib/python3.8/dist-packages/fastapi/middleware/asyncexitstack.py", line 17, in __call__
    await self.app(scope, receive, send)
  File "/usr/local/lib/python3.8/dist-packages/starlette/routing.py", line 718, in __call__
    await route.handle(scope, receive, send)
  File "/usr/local/lib/python3.8/dist-packages/starlette/routing.py", line 276, in handle
    await self.app(scope, receive, send)
  File "/usr/local/lib/python3.8/dist-packages/starlette/routing.py", line 66, in app
    response = await func(request)
  File "/usr/local/lib/python3.8/dist-packages/fastapi/routing.py", line 273, in app
    raw_response = await run_endpoint_function(
  File "/usr/local/lib/python3.8/dist-packages/fastapi/routing.py", line 192, in run_endpoint_function
    return await run_in_threadpool(dependant.call, **values)
  File "/usr/local/lib/python3.8/dist-packages/starlette/concurrency.py", line 41, in run_in_threadpool
    return await anyio.to_thread.run_sync(func, *args)
  File "/usr/local/lib/python3.8/dist-packages/anyio/to_thread.py", line 33, in run_sync
    return await get_asynclib().run_sync_in_worker_thread(
  File "/usr/local/lib/python3.8/dist-packages/anyio/_backends/_asyncio.py", line 877, in run_sync_in_worker_thread
    return await future
  File "/usr/local/lib/python3.8/dist-packages/anyio/_backends/_asyncio.py", line 807, in run
    result = context.run(func, *args)
  File "/home/inui/esm_server/main.py", line 51, in esm_time
    esm_time = db.execute_sql(engine, "select * from esm_activation_time").fetchall()
  File "/home/inui/esm_server/db.py", line 14, in execute_sql
    result = conn.execute(text(sql))
  File "/usr/local/lib/python3.8/dist-packages/sqlalchemy/engine/base.py", line 1412, in execute
    return meth(
  File "/usr/local/lib/python3.8/dist-packages/sqlalchemy/sql/elements.py", line 516, in _execute_on_connection
    return connection._execute_clauseelement(
  File "/usr/local/lib/python3.8/dist-packages/sqlalchemy/engine/base.py", line 1635, in _execute_clauseelement
    ret = self._execute_context(
  File "/usr/local/lib/python3.8/dist-packages/sqlalchemy/engine/base.py", line 1844, in _execute_context
    return self._exec_single_context(
  File "/usr/local/lib/python3.8/dist-packages/sqlalchemy/engine/base.py", line 1984, in _exec_single_context
    self._handle_dbapi_exception(
  File "/usr/local/lib/python3.8/dist-packages/sqlalchemy/engine/base.py", line 2339, in _handle_dbapi_exception
    raise sqlalchemy_exception.with_traceback(exc_info[2]) from e
  File "/usr/local/lib/python3.8/dist-packages/sqlalchemy/engine/base.py", line 1965, in _exec_single_context
    self.dialect.do_execute(
  File "/usr/local/lib/python3.8/dist-packages/sqlalchemy/engine/default.py", line 921, in do_execute
    cursor.execute(statement, parameters)
  File "/usr/local/lib/python3.8/dist-packages/pymysql/cursors.py", line 153, in execute
    result = self._query(query)
  File "/usr/local/lib/python3.8/dist-packages/pymysql/cursors.py", line 322, in _query
    conn.query(q)
  File "/usr/local/lib/python3.8/dist-packages/pymysql/connections.py", line 557, in query
    self._execute_command(COMMAND.COM_QUERY, sql)
  File "/usr/local/lib/python3.8/dist-packages/pymysql/connections.py", line 861, in _execute_command
    self._write_bytes(packet)
  File "/usr/local/lib/python3.8/dist-packages/pymysql/connections.py", line 806, in _write_bytes
    raise err.OperationalError(
sqlalchemy.exc.OperationalError: (pymysql.err.OperationalError) (2006, "MySQL server has gone away (BrokenPipeError(32, 'Broken pipe'))")
[SQL: select * from esm_activation_time]
(Background on this error at: https://sqlalche.me/e/20/e3q8)
[2023-09-23 08:15:17 +0000] [805512] [WARNING] Invalid HTTP request received.
[2023-09-23 13:02:10 +0000] [805514] [WARNING] Invalid HTTP request received.
[2023-09-23 13:02:10 +0000] [805514] [WARNING] Invalid HTTP request received.
[2023-09-23 13:02:15 +0000] [805512] [WARNING] Invalid HTTP request received.
[2023-09-23 13:02:20 +0000] [805513] [WARNING] Invalid HTTP request received.
[2023-09-23 13:02:25 +0000] [805513] [WARNING] Invalid HTTP request received.
[2023-09-23 13:02:33 +0000] [805513] [WARNING] Invalid HTTP request received.
[2023-09-23 13:02:38 +0000] [805513] [WARNING] Invalid HTTP request received.
[2023-09-23 13:02:38 +0000] [805513] [WARNING] Invalid HTTP request received.
[2023-09-23 13:02:43 +0000] [805515] [WARNING] Invalid HTTP request received.
[2023-09-23 13:02:48 +0000] [805512] [WARNING] Invalid HTTP request received.
[2023-09-23 13:02:53 +0000] [805512] [WARNING] Invalid HTTP request received.
[2023-09-23 13:03:03 +0000] [805515] [WARNING] Invalid HTTP request received.
[2023-09-23 13:03:16 +0000] [805515] [WARNING] Invalid HTTP request received.
[2023-09-23 13:03:36 +0000] [805512] [WARNING] Invalid HTTP request received.
[2023-09-23 13:03:41 +0000] [805513] [WARNING] Invalid HTTP request received.
[2023-09-23 13:03:41 +0000] [805513] [WARNING] Invalid HTTP request received.
[2023-09-23 13:03:46 +0000] [805513] [WARNING] Invalid HTTP request received.
[2023-09-23 13:36:49 +0000] [805513] [WARNING] Invalid HTTP request received.
[2023-09-23 13:36:54 +0000] [805513] [WARNING] Invalid HTTP request received.
[2023-09-23 13:36:54 +0000] [805513] [WARNING] Invalid HTTP request received.
[2023-09-23 13:37:04 +0000] [805513] [WARNING] Invalid HTTP request received.
[2023-09-23 13:37:04 +0000] [805512] [WARNING] Invalid HTTP request received.
[2023-09-23 13:37:11 +0000] [805512] [WARNING] Invalid HTTP request received.
[2023-09-23 13:37:16 +0000] [805515] [WARNING] Invalid HTTP request received.
[2023-09-23 13:37:17 +0000] [805515] [WARNING] Invalid HTTP request received.
[2023-09-23 13:37:17 +0000] [805513] [WARNING] Invalid HTTP request received.
[2023-09-23 13:37:17 +0000] [805514] [WARNING] Invalid HTTP request received.
[2023-09-23 13:37:27 +0000] [805515] [WARNING] Invalid HTTP request received.
[2023-09-23 13:37:42 +0000] [805513] [WARNING] Invalid HTTP request received.
[2023-09-23 13:37:54 +0000] [805513] [WARNING] Invalid HTTP request received.
[2023-09-23 13:38:14 +0000] [805514] [WARNING] Invalid HTTP request received.
[2023-09-23 13:38:19 +0000] [805514] [WARNING] Invalid HTTP request received.
[2023-09-23 13:38:24 +0000] [805514] [WARNING] Invalid HTTP request received.
[2023-09-23 13:38:29 +0000] [805515] [WARNING] Invalid HTTP request received.
[2023-09-23 14:11:08 +0000] [805512] [WARNING] Invalid HTTP request received.
[2023-09-23 14:11:13 +0000] [805515] [WARNING] Invalid HTTP request received.
[2023-09-23 14:11:13 +0000] [805515] [WARNING] Invalid HTTP request received.
[2023-09-23 14:11:23 +0000] [805514] [WARNING] Invalid HTTP request received.
[2023-09-23 14:11:28 +0000] [805514] [WARNING] Invalid HTTP request received.
[2023-09-23 14:11:36 +0000] [805513] [WARNING] Invalid HTTP request received.
[2023-09-23 14:11:41 +0000] [805512] [WARNING] Invalid HTTP request received.
[2023-09-23 14:11:46 +0000] [805512] [WARNING] Invalid HTTP request received.
[2023-09-23 14:11:46 +0000] [805512] [WARNING] Invalid HTTP request received.
[2023-09-23 14:11:51 +0000] [805515] [WARNING] Invalid HTTP request received.
[2023-09-23 14:11:56 +0000] [805514] [WARNING] Invalid HTTP request received.
[2023-09-23 14:12:11 +0000] [805513] [WARNING] Invalid HTTP request received.
[2023-09-23 14:12:16 +0000] [805514] [WARNING] Invalid HTTP request received.
[2023-09-23 14:12:36 +0000] [805515] [WARNING] Invalid HTTP request received.
[2023-09-23 14:12:41 +0000] [805515] [WARNING] Invalid HTTP request received.
[2023-09-23 14:12:41 +0000] [805515] [WARNING] Invalid HTTP request received.
[2023-09-23 14:12:41 +0000] [805515] [WARNING] Invalid HTTP request received.
[2023-09-23 14:44:25 +0000] [805514] [WARNING] Invalid HTTP request received.
[2023-09-23 14:44:25 +0000] [805514] [WARNING] Invalid HTTP request received.
[2023-09-23 14:44:25 +0000] [805514] [WARNING] Invalid HTTP request received.
[2023-09-23 14:44:35 +0000] [805515] [WARNING] Invalid HTTP request received.
[2023-09-23 14:44:35 +0000] [805515] [WARNING] Invalid HTTP request received.
[2023-09-23 14:44:42 +0000] [805514] [WARNING] Invalid HTTP request received.
[2023-09-23 14:44:47 +0000] [805515] [WARNING] Invalid HTTP request received.
[2023-09-23 14:44:52 +0000] [805515] [WARNING] Invalid HTTP request received.
[2023-09-23 14:44:57 +0000] [805513] [WARNING] Invalid HTTP request received.
[2023-09-23 14:45:02 +0000] [805514] [WARNING] Invalid HTTP request received.
[2023-09-23 14:45:07 +0000] [805515] [WARNING] Invalid HTTP request received.
[2023-09-23 14:45:23 +0000] [805514] [WARNING] Invalid HTTP request received.
[2023-09-23 14:45:28 +0000] [805515] [WARNING] Invalid HTTP request received.
[2023-09-23 14:45:43 +0000] [805512] [WARNING] Invalid HTTP request received.
[2023-09-23 14:45:48 +0000] [805514] [WARNING] Invalid HTTP request received.
[2023-09-23 14:45:48 +0000] [805514] [WARNING] Invalid HTTP request received.
[2023-09-23 14:45:48 +0000] [805514] [WARNING] Invalid HTTP request received.
[2023-09-23 15:20:24 +0000] [805512] [WARNING] Invalid HTTP request received.
[2023-09-23 15:20:24 +0000] [805515] [WARNING] Invalid HTTP request received.
[2023-09-23 15:20:24 +0000] [805515] [WARNING] Invalid HTTP request received.
[2023-09-23 15:20:34 +0000] [805515] [WARNING] Invalid HTTP request received.
[2023-09-23 15:20:34 +0000] [805515] [WARNING] Invalid HTTP request received.
[2023-09-23 15:20:47 +0000] [805515] [WARNING] Invalid HTTP request received.
[2023-09-23 15:20:47 +0000] [805512] [WARNING] Invalid HTTP request received.
[2023-09-23 15:20:47 +0000] [805512] [WARNING] Invalid HTTP request received.
[2023-09-23 15:20:52 +0000] [805514] [WARNING] Invalid HTTP request received.
[2023-09-23 15:20:52 +0000] [805515] [WARNING] Invalid HTTP request received.
[2023-09-23 15:20:57 +0000] [805514] [WARNING] Invalid HTTP request received.
[2023-09-23 15:21:12 +0000] [805515] [WARNING] Invalid HTTP request received.
[2023-09-23 15:21:25 +0000] [805512] [WARNING] Invalid HTTP request received.
[2023-09-23 15:21:45 +0000] [805513] [WARNING] Invalid HTTP request received.
[2023-09-23 15:21:50 +0000] [805514] [WARNING] Invalid HTTP request received.
[2023-09-23 15:21:50 +0000] [805515] [WARNING] Invalid HTTP request received.
[2023-09-23 15:21:55 +0000] [805515] [WARNING] Invalid HTTP request received.
[2023-09-23 15:53:33 +0000] [805513] [WARNING] Invalid HTTP request received.
[2023-09-23 15:53:38 +0000] [805514] [WARNING] Invalid HTTP request received.
[2023-09-23 15:53:43 +0000] [805514] [WARNING] Invalid HTTP request received.
[2023-09-23 15:53:53 +0000] [805515] [WARNING] Invalid HTTP request received.
[2023-09-23 15:53:53 +0000] [805515] [WARNING] Invalid HTTP request received.
[2023-09-23 15:54:06 +0000] [805515] [WARNING] Invalid HTTP request received.
[2023-09-23 15:54:06 +0000] [805515] [WARNING] Invalid HTTP request received.
[2023-09-23 15:54:11 +0000] [805515] [WARNING] Invalid HTTP request received.
[2023-09-23 15:54:16 +0000] [805515] [WARNING] Invalid HTTP request received.
[2023-09-23 15:54:16 +0000] [805515] [WARNING] Invalid HTTP request received.
[2023-09-23 15:54:21 +0000] [805515] [WARNING] Invalid HTTP request received.
[2023-09-23 15:54:31 +0000] [805512] [WARNING] Invalid HTTP request received.
[2023-09-23 15:54:36 +0000] [805515] [WARNING] Invalid HTTP request received.
[2023-09-23 15:54:51 +0000] [805515] [WARNING] Invalid HTTP request received.
[2023-09-23 15:54:51 +0000] [805515] [WARNING] Invalid HTTP request received.
[2023-09-23 15:54:51 +0000] [805515] [WARNING] Invalid HTTP request received.
[2023-09-23 15:54:51 +0000] [805515] [WARNING] Invalid HTTP request received.
[2023-09-23 16:26:50 +0000] [805513] [WARNING] Invalid HTTP request received.
[2023-09-23 16:26:55 +0000] [805515] [WARNING] Invalid HTTP request received.
[2023-09-23 16:27:00 +0000] [805514] [WARNING] Invalid HTTP request received.
[2023-09-23 16:27:05 +0000] [805513] [WARNING] Invalid HTTP request received.
[2023-09-23 16:27:10 +0000] [805513] [WARNING] Invalid HTTP request received.
[2023-09-23 16:27:18 +0000] [805513] [WARNING] Invalid HTTP request received.
[2023-09-23 16:27:18 +0000] [805513] [WARNING] Invalid HTTP request received.
[2023-09-23 16:27:23 +0000] [805513] [WARNING] Invalid HTTP request received.
[2023-09-23 16:27:23 +0000] [805513] [WARNING] Invalid HTTP request received.
[2023-09-23 16:27:28 +0000] [805513] [WARNING] Invalid HTTP request received.
[2023-09-23 16:27:33 +0000] [805513] [WARNING] Invalid HTTP request received.
[2023-09-23 16:27:43 +0000] [805512] [WARNING] Invalid HTTP request received.
[2023-09-23 16:27:48 +0000] [805513] [WARNING] Invalid HTTP request received.
[2023-09-23 16:28:03 +0000] [805512] [WARNING] Invalid HTTP request received.
[2023-09-23 16:28:03 +0000] [805512] [WARNING] Invalid HTTP request received.
[2023-09-23 16:28:03 +0000] [805512] [WARNING] Invalid HTTP request received.
[2023-09-23 16:28:03 +0000] [805512] [WARNING] Invalid HTTP request received.
[2023-09-23 17:01:13 +0000] [805513] [WARNING] Invalid HTTP request received.
[2023-09-23 17:01:18 +0000] [805513] [WARNING] Invalid HTTP request received.
[2023-09-23 17:01:23 +0000] [805513] [WARNING] Invalid HTTP request received.
[2023-09-23 17:01:33 +0000] [805513] [WARNING] Invalid HTTP request received.
[2023-09-23 17:01:33 +0000] [805513] [WARNING] Invalid HTTP request received.
[2023-09-23 17:01:40 +0000] [805515] [WARNING] Invalid HTTP request received.
[2023-09-23 17:01:40 +0000] [805515] [WARNING] Invalid HTTP request received.
[2023-09-23 17:01:45 +0000] [805514] [WARNING] Invalid HTTP request received.
[2023-09-23 17:01:50 +0000] [805514] [WARNING] Invalid HTTP request received.
[2023-09-23 17:01:55 +0000] [805514] [WARNING] Invalid HTTP request received.
[2023-09-23 17:02:05 +0000] [805515] [WARNING] Invalid HTTP request received.
[2023-09-23 17:02:20 +0000] [805514] [WARNING] Invalid HTTP request received.
[2023-09-23 17:02:33 +0000] [805515] [WARNING] Invalid HTTP request received.
[2023-09-23 17:02:53 +0000] [805512] [WARNING] Invalid HTTP request received.
[2023-09-23 17:02:58 +0000] [805512] [WARNING] Invalid HTTP request received.
[2023-09-23 17:02:58 +0000] [805512] [WARNING] Invalid HTTP request received.
[2023-09-23 17:02:58 +0000] [805515] [WARNING] Invalid HTTP request received.
[2023-09-23 17:35:48 +0000] [805513] [WARNING] Invalid HTTP request received.
[2023-09-23 17:35:48 +0000] [805513] [WARNING] Invalid HTTP request received.
[2023-09-23 17:35:54 +0000] [805515] [WARNING] Invalid HTTP request received.
[2023-09-23 17:36:04 +0000] [805514] [WARNING] Invalid HTTP request received.
[2023-09-23 17:36:09 +0000] [805515] [WARNING] Invalid HTTP request received.
[2023-09-23 17:36:16 +0000] [805515] [WARNING] Invalid HTTP request received.
[2023-09-23 17:36:21 +0000] [805515] [WARNING] Invalid HTTP request received.
[2023-09-23 17:36:21 +0000] [805515] [WARNING] Invalid HTTP request received.
[2023-09-23 17:36:26 +0000] [805513] [WARNING] Invalid HTTP request received.
[2023-09-23 17:36:31 +0000] [805512] [WARNING] Invalid HTTP request received.
[2023-09-23 17:36:36 +0000] [805512] [WARNING] Invalid HTTP request received.
[2023-09-23 17:36:46 +0000] [805515] [WARNING] Invalid HTTP request received.
[2023-09-23 17:36:59 +0000] [805515] [WARNING] Invalid HTTP request received.
[2023-09-23 17:37:19 +0000] [805512] [WARNING] Invalid HTTP request received.
[2023-09-23 17:37:24 +0000] [805513] [WARNING] Invalid HTTP request received.
[2023-09-23 17:37:24 +0000] [805513] [WARNING] Invalid HTTP request received.
[2023-09-23 17:37:24 +0000] [805513] [WARNING] Invalid HTTP request received.
[2023-09-23 18:09:46 +0000] [805513] [WARNING] Invalid HTTP request received.
[2023-09-23 18:09:51 +0000] [805512] [WARNING] Invalid HTTP request received.
[2023-09-23 18:09:51 +0000] [805515] [WARNING] Invalid HTTP request received.
[2023-09-23 18:10:01 +0000] [805515] [WARNING] Invalid HTTP request received.
[2023-09-23 18:10:06 +0000] [805514] [WARNING] Invalid HTTP request received.
[2023-09-23 18:10:14 +0000] [805512] [WARNING] Invalid HTTP request received.
[2023-09-23 18:10:19 +0000] [805515] [WARNING] Invalid HTTP request received.
[2023-09-23 18:10:24 +0000] [805515] [WARNING] Invalid HTTP request received.
[2023-09-23 18:10:29 +0000] [805512] [WARNING] Invalid HTTP request received.
[2023-09-23 18:10:34 +0000] [805512] [WARNING] Invalid HTTP request received.
[2023-09-23 18:10:44 +0000] [805513] [WARNING] Invalid HTTP request received.
[2023-09-23 18:10:54 +0000] [805515] [WARNING] Invalid HTTP request received.
[2023-09-23 18:11:07 +0000] [805515] [WARNING] Invalid HTTP request received.
[2023-09-23 18:11:27 +0000] [805512] [WARNING] Invalid HTTP request received.
[2023-09-23 18:11:27 +0000] [805512] [WARNING] Invalid HTTP request received.
[2023-09-23 18:11:32 +0000] [805512] [WARNING] Invalid HTTP request received.
[2023-09-23 18:11:32 +0000] [805512] [WARNING] Invalid HTTP request received.
[2023-09-23 18:43:44 +0000] [805512] [WARNING] Invalid HTTP request received.
[2023-09-23 18:43:44 +0000] [805512] [WARNING] Invalid HTTP request received.
[2023-09-23 18:43:44 +0000] [805512] [WARNING] Invalid HTTP request received.
[2023-09-23 18:43:54 +0000] [805515] [WARNING] Invalid HTTP request received.
[2023-09-23 18:43:59 +0000] [805513] [WARNING] Invalid HTTP request received.
[2023-09-23 18:44:07 +0000] [805513] [WARNING] Invalid HTTP request received.
[2023-09-23 18:44:12 +0000] [805513] [WARNING] Invalid HTTP request received.
[2023-09-23 18:44:12 +0000] [805513] [WARNING] Invalid HTTP request received.
[2023-09-23 18:44:17 +0000] [805513] [WARNING] Invalid HTTP request received.
[2023-09-23 18:44:22 +0000] [805515] [WARNING] Invalid HTTP request received.
[2023-09-23 18:44:32 +0000] [805513] [WARNING] Invalid HTTP request received.
[2023-09-23 18:44:42 +0000] [805512] [WARNING] Invalid HTTP request received.
[2023-09-23 18:44:47 +0000] [805512] [WARNING] Invalid HTTP request received.
[2023-09-23 18:45:02 +0000] [805512] [WARNING] Invalid HTTP request received.
[2023-09-23 18:45:02 +0000] [805512] [WARNING] Invalid HTTP request received.
[2023-09-23 18:45:07 +0000] [805512] [WARNING] Invalid HTTP request received.
[2023-09-23 18:45:07 +0000] [805512] [WARNING] Invalid HTTP request received.
[2023-09-23 22:49:41 +0000] [805514] [WARNING] Invalid HTTP request received.
[2023-09-24 05:09:20 +0000] [805513] [ERROR] Exception in ASGI application
Traceback (most recent call last):
  File "/usr/local/lib/python3.8/dist-packages/pymysql/connections.py", line 803, in _write_bytes
    self._sock.sendall(data)
BrokenPipeError: [Errno 32] Broken pipe

During handling of the above exception, another exception occurred:

Traceback (most recent call last):
  File "/usr/local/lib/python3.8/dist-packages/sqlalchemy/engine/base.py", line 1965, in _exec_single_context
    self.dialect.do_execute(
  File "/usr/local/lib/python3.8/dist-packages/sqlalchemy/engine/default.py", line 921, in do_execute
    cursor.execute(statement, parameters)
  File "/usr/local/lib/python3.8/dist-packages/pymysql/cursors.py", line 153, in execute
    result = self._query(query)
  File "/usr/local/lib/python3.8/dist-packages/pymysql/cursors.py", line 322, in _query
    conn.query(q)
  File "/usr/local/lib/python3.8/dist-packages/pymysql/connections.py", line 557, in query
    self._execute_command(COMMAND.COM_QUERY, sql)
  File "/usr/local/lib/python3.8/dist-packages/pymysql/connections.py", line 861, in _execute_command
    self._write_bytes(packet)
  File "/usr/local/lib/python3.8/dist-packages/pymysql/connections.py", line 806, in _write_bytes
    raise err.OperationalError(
pymysql.err.OperationalError: (2006, "MySQL server has gone away (BrokenPipeError(32, 'Broken pipe'))")

The above exception was the direct cause of the following exception:

Traceback (most recent call last):
  File "/usr/local/lib/python3.8/dist-packages/uvicorn/protocols/http/h11_impl.py", line 408, in run_asgi
    result = await app(  # type: ignore[func-returns-value]
  File "/usr/local/lib/python3.8/dist-packages/uvicorn/middleware/proxy_headers.py", line 84, in __call__
    return await self.app(scope, receive, send)
  File "/usr/local/lib/python3.8/dist-packages/fastapi/applications.py", line 292, in __call__
    await super().__call__(scope, receive, send)
  File "/usr/local/lib/python3.8/dist-packages/starlette/applications.py", line 122, in __call__
    await self.middleware_stack(scope, receive, send)
  File "/usr/local/lib/python3.8/dist-packages/starlette/middleware/errors.py", line 184, in __call__
    raise exc
  File "/usr/local/lib/python3.8/dist-packages/starlette/middleware/errors.py", line 162, in __call__
    await self.app(scope, receive, _send)
  File "/usr/local/lib/python3.8/dist-packages/starlette/middleware/exceptions.py", line 79, in __call__
    raise exc
  File "/usr/local/lib/python3.8/dist-packages/starlette/middleware/exceptions.py", line 68, in __call__
    await self.app(scope, receive, sender)
  File "/usr/local/lib/python3.8/dist-packages/fastapi/middleware/asyncexitstack.py", line 20, in __call__
    raise e
  File "/usr/local/lib/python3.8/dist-packages/fastapi/middleware/asyncexitstack.py", line 17, in __call__
    await self.app(scope, receive, send)
  File "/usr/local/lib/python3.8/dist-packages/starlette/routing.py", line 718, in __call__
    await route.handle(scope, receive, send)
  File "/usr/local/lib/python3.8/dist-packages/starlette/routing.py", line 276, in handle
    await self.app(scope, receive, send)
  File "/usr/local/lib/python3.8/dist-packages/starlette/routing.py", line 66, in app
    response = await func(request)
  File "/usr/local/lib/python3.8/dist-packages/fastapi/routing.py", line 273, in app
    raw_response = await run_endpoint_function(
  File "/usr/local/lib/python3.8/dist-packages/fastapi/routing.py", line 192, in run_endpoint_function
    return await run_in_threadpool(dependant.call, **values)
  File "/usr/local/lib/python3.8/dist-packages/starlette/concurrency.py", line 41, in run_in_threadpool
    return await anyio.to_thread.run_sync(func, *args)
  File "/usr/local/lib/python3.8/dist-packages/anyio/to_thread.py", line 33, in run_sync
    return await get_asynclib().run_sync_in_worker_thread(
  File "/usr/local/lib/python3.8/dist-packages/anyio/_backends/_asyncio.py", line 877, in run_sync_in_worker_thread
    return await future
  File "/usr/local/lib/python3.8/dist-packages/anyio/_backends/_asyncio.py", line 807, in run
    result = context.run(func, *args)
  File "/home/inui/esm_server/main.py", line 59, in esm
    esm = db.execute_sql(engine, "select * from esm").fetchall()
  File "/home/inui/esm_server/db.py", line 14, in execute_sql
    result = conn.execute(text(sql))
  File "/usr/local/lib/python3.8/dist-packages/sqlalchemy/engine/base.py", line 1412, in execute
    return meth(
  File "/usr/local/lib/python3.8/dist-packages/sqlalchemy/sql/elements.py", line 516, in _execute_on_connection
    return connection._execute_clauseelement(
  File "/usr/local/lib/python3.8/dist-packages/sqlalchemy/engine/base.py", line 1635, in _execute_clauseelement
    ret = self._execute_context(
  File "/usr/local/lib/python3.8/dist-packages/sqlalchemy/engine/base.py", line 1844, in _execute_context
    return self._exec_single_context(
  File "/usr/local/lib/python3.8/dist-packages/sqlalchemy/engine/base.py", line 1984, in _exec_single_context
    self._handle_dbapi_exception(
  File "/usr/local/lib/python3.8/dist-packages/sqlalchemy/engine/base.py", line 2339, in _handle_dbapi_exception
    raise sqlalchemy_exception.with_traceback(exc_info[2]) from e
  File "/usr/local/lib/python3.8/dist-packages/sqlalchemy/engine/base.py", line 1965, in _exec_single_context
    self.dialect.do_execute(
  File "/usr/local/lib/python3.8/dist-packages/sqlalchemy/engine/default.py", line 921, in do_execute
    cursor.execute(statement, parameters)
  File "/usr/local/lib/python3.8/dist-packages/pymysql/cursors.py", line 153, in execute
    result = self._query(query)
  File "/usr/local/lib/python3.8/dist-packages/pymysql/cursors.py", line 322, in _query
    conn.query(q)
  File "/usr/local/lib/python3.8/dist-packages/pymysql/connections.py", line 557, in query
    self._execute_command(COMMAND.COM_QUERY, sql)
  File "/usr/local/lib/python3.8/dist-packages/pymysql/connections.py", line 861, in _execute_command
    self._write_bytes(packet)
  File "/usr/local/lib/python3.8/dist-packages/pymysql/connections.py", line 806, in _write_bytes
    raise err.OperationalError(
sqlalchemy.exc.OperationalError: (pymysql.err.OperationalError) (2006, "MySQL server has gone away (BrokenPipeError(32, 'Broken pipe'))")
[SQL: select * from esm]
(Background on this error at: https://sqlalche.me/e/20/e3q8)
[2023-09-24 07:19:07 +0000] [805515] [ERROR] Exception in ASGI application
Traceback (most recent call last):
  File "/usr/local/lib/python3.8/dist-packages/pymysql/connections.py", line 803, in _write_bytes
    self._sock.sendall(data)
BrokenPipeError: [Errno 32] Broken pipe

During handling of the above exception, another exception occurred:

Traceback (most recent call last):
  File "/usr/local/lib/python3.8/dist-packages/sqlalchemy/engine/base.py", line 1965, in _exec_single_context
    self.dialect.do_execute(
  File "/usr/local/lib/python3.8/dist-packages/sqlalchemy/engine/default.py", line 921, in do_execute
    cursor.execute(statement, parameters)
  File "/usr/local/lib/python3.8/dist-packages/pymysql/cursors.py", line 153, in execute
    result = self._query(query)
  File "/usr/local/lib/python3.8/dist-packages/pymysql/cursors.py", line 322, in _query
    conn.query(q)
  File "/usr/local/lib/python3.8/dist-packages/pymysql/connections.py", line 557, in query
    self._execute_command(COMMAND.COM_QUERY, sql)
  File "/usr/local/lib/python3.8/dist-packages/pymysql/connections.py", line 861, in _execute_command
    self._write_bytes(packet)
  File "/usr/local/lib/python3.8/dist-packages/pymysql/connections.py", line 806, in _write_bytes
    raise err.OperationalError(
pymysql.err.OperationalError: (2006, "MySQL server has gone away (BrokenPipeError(32, 'Broken pipe'))")

The above exception was the direct cause of the following exception:

Traceback (most recent call last):
  File "/usr/local/lib/python3.8/dist-packages/uvicorn/protocols/http/h11_impl.py", line 408, in run_asgi
    result = await app(  # type: ignore[func-returns-value]
  File "/usr/local/lib/python3.8/dist-packages/uvicorn/middleware/proxy_headers.py", line 84, in __call__
    return await self.app(scope, receive, send)
  File "/usr/local/lib/python3.8/dist-packages/fastapi/applications.py", line 292, in __call__
    await super().__call__(scope, receive, send)
  File "/usr/local/lib/python3.8/dist-packages/starlette/applications.py", line 122, in __call__
    await self.middleware_stack(scope, receive, send)
  File "/usr/local/lib/python3.8/dist-packages/starlette/middleware/errors.py", line 184, in __call__
    raise exc
  File "/usr/local/lib/python3.8/dist-packages/starlette/middleware/errors.py", line 162, in __call__
    await self.app(scope, receive, _send)
  File "/usr/local/lib/python3.8/dist-packages/starlette/middleware/exceptions.py", line 79, in __call__
    raise exc
  File "/usr/local/lib/python3.8/dist-packages/starlette/middleware/exceptions.py", line 68, in __call__
    await self.app(scope, receive, sender)
  File "/usr/local/lib/python3.8/dist-packages/fastapi/middleware/asyncexitstack.py", line 20, in __call__
    raise e
  File "/usr/local/lib/python3.8/dist-packages/fastapi/middleware/asyncexitstack.py", line 17, in __call__
    await self.app(scope, receive, send)
  File "/usr/local/lib/python3.8/dist-packages/starlette/routing.py", line 718, in __call__
    await route.handle(scope, receive, send)
  File "/usr/local/lib/python3.8/dist-packages/starlette/routing.py", line 276, in handle
    await self.app(scope, receive, send)
  File "/usr/local/lib/python3.8/dist-packages/starlette/routing.py", line 66, in app
    response = await func(request)
  File "/usr/local/lib/python3.8/dist-packages/fastapi/routing.py", line 273, in app
    raw_response = await run_endpoint_function(
  File "/usr/local/lib/python3.8/dist-packages/fastapi/routing.py", line 192, in run_endpoint_function
    return await run_in_threadpool(dependant.call, **values)
  File "/usr/local/lib/python3.8/dist-packages/starlette/concurrency.py", line 41, in run_in_threadpool
    return await anyio.to_thread.run_sync(func, *args)
  File "/usr/local/lib/python3.8/dist-packages/anyio/to_thread.py", line 33, in run_sync
    return await get_asynclib().run_sync_in_worker_thread(
  File "/usr/local/lib/python3.8/dist-packages/anyio/_backends/_asyncio.py", line 877, in run_sync_in_worker_thread
    return await future
  File "/usr/local/lib/python3.8/dist-packages/anyio/_backends/_asyncio.py", line 807, in run
    result = context.run(func, *args)
  File "/home/inui/esm_server/main.py", line 59, in esm
    esm = db.execute_sql(engine, "select * from esm").fetchall()
  File "/home/inui/esm_server/db.py", line 14, in execute_sql
    result = conn.execute(text(sql))
  File "/usr/local/lib/python3.8/dist-packages/sqlalchemy/engine/base.py", line 1412, in execute
    return meth(
  File "/usr/local/lib/python3.8/dist-packages/sqlalchemy/sql/elements.py", line 516, in _execute_on_connection
    return connection._execute_clauseelement(
  File "/usr/local/lib/python3.8/dist-packages/sqlalchemy/engine/base.py", line 1635, in _execute_clauseelement
    ret = self._execute_context(
  File "/usr/local/lib/python3.8/dist-packages/sqlalchemy/engine/base.py", line 1844, in _execute_context
    return self._exec_single_context(
  File "/usr/local/lib/python3.8/dist-packages/sqlalchemy/engine/base.py", line 1984, in _exec_single_context
    self._handle_dbapi_exception(
  File "/usr/local/lib/python3.8/dist-packages/sqlalchemy/engine/base.py", line 2339, in _handle_dbapi_exception
    raise sqlalchemy_exception.with_traceback(exc_info[2]) from e
  File "/usr/local/lib/python3.8/dist-packages/sqlalchemy/engine/base.py", line 1965, in _exec_single_context
    self.dialect.do_execute(
  File "/usr/local/lib/python3.8/dist-packages/sqlalchemy/engine/default.py", line 921, in do_execute
    cursor.execute(statement, parameters)
  File "/usr/local/lib/python3.8/dist-packages/pymysql/cursors.py", line 153, in execute
    result = self._query(query)
  File "/usr/local/lib/python3.8/dist-packages/pymysql/cursors.py", line 322, in _query
    conn.query(q)
  File "/usr/local/lib/python3.8/dist-packages/pymysql/connections.py", line 557, in query
    self._execute_command(COMMAND.COM_QUERY, sql)
  File "/usr/local/lib/python3.8/dist-packages/pymysql/connections.py", line 861, in _execute_command
    self._write_bytes(packet)
  File "/usr/local/lib/python3.8/dist-packages/pymysql/connections.py", line 806, in _write_bytes
    raise err.OperationalError(
sqlalchemy.exc.OperationalError: (pymysql.err.OperationalError) (2006, "MySQL server has gone away (BrokenPipeError(32, 'Broken pipe'))")
[SQL: select * from esm]
(Background on this error at: https://sqlalche.me/e/20/e3q8)
[2023-09-24 07:19:13 +0000] [805512] [ERROR] Exception in ASGI application
Traceback (most recent call last):
  File "/usr/local/lib/python3.8/dist-packages/pymysql/connections.py", line 803, in _write_bytes
    self._sock.sendall(data)
BrokenPipeError: [Errno 32] Broken pipe

During handling of the above exception, another exception occurred:

Traceback (most recent call last):
  File "/usr/local/lib/python3.8/dist-packages/sqlalchemy/engine/base.py", line 1965, in _exec_single_context
    self.dialect.do_execute(
  File "/usr/local/lib/python3.8/dist-packages/sqlalchemy/engine/default.py", line 921, in do_execute
    cursor.execute(statement, parameters)
  File "/usr/local/lib/python3.8/dist-packages/pymysql/cursors.py", line 153, in execute
    result = self._query(query)
  File "/usr/local/lib/python3.8/dist-packages/pymysql/cursors.py", line 322, in _query
    conn.query(q)
  File "/usr/local/lib/python3.8/dist-packages/pymysql/connections.py", line 557, in query
    self._execute_command(COMMAND.COM_QUERY, sql)
  File "/usr/local/lib/python3.8/dist-packages/pymysql/connections.py", line 861, in _execute_command
    self._write_bytes(packet)
  File "/usr/local/lib/python3.8/dist-packages/pymysql/connections.py", line 806, in _write_bytes
    raise err.OperationalError(
pymysql.err.OperationalError: (2006, "MySQL server has gone away (BrokenPipeError(32, 'Broken pipe'))")

The above exception was the direct cause of the following exception:

Traceback (most recent call last):
  File "/usr/local/lib/python3.8/dist-packages/uvicorn/protocols/http/h11_impl.py", line 408, in run_asgi
    result = await app(  # type: ignore[func-returns-value]
  File "/usr/local/lib/python3.8/dist-packages/uvicorn/middleware/proxy_headers.py", line 84, in __call__
    return await self.app(scope, receive, send)
  File "/usr/local/lib/python3.8/dist-packages/fastapi/applications.py", line 292, in __call__
    await super().__call__(scope, receive, send)
  File "/usr/local/lib/python3.8/dist-packages/starlette/applications.py", line 122, in __call__
    await self.middleware_stack(scope, receive, send)
  File "/usr/local/lib/python3.8/dist-packages/starlette/middleware/errors.py", line 184, in __call__
    raise exc
  File "/usr/local/lib/python3.8/dist-packages/starlette/middleware/errors.py", line 162, in __call__
    await self.app(scope, receive, _send)
  File "/usr/local/lib/python3.8/dist-packages/starlette/middleware/exceptions.py", line 79, in __call__
    raise exc
  File "/usr/local/lib/python3.8/dist-packages/starlette/middleware/exceptions.py", line 68, in __call__
    await self.app(scope, receive, sender)
  File "/usr/local/lib/python3.8/dist-packages/fastapi/middleware/asyncexitstack.py", line 20, in __call__
    raise e
  File "/usr/local/lib/python3.8/dist-packages/fastapi/middleware/asyncexitstack.py", line 17, in __call__
    await self.app(scope, receive, send)
  File "/usr/local/lib/python3.8/dist-packages/starlette/routing.py", line 718, in __call__
    await route.handle(scope, receive, send)
  File "/usr/local/lib/python3.8/dist-packages/starlette/routing.py", line 276, in handle
    await self.app(scope, receive, send)
  File "/usr/local/lib/python3.8/dist-packages/starlette/routing.py", line 66, in app
    response = await func(request)
  File "/usr/local/lib/python3.8/dist-packages/fastapi/routing.py", line 273, in app
    raw_response = await run_endpoint_function(
  File "/usr/local/lib/python3.8/dist-packages/fastapi/routing.py", line 192, in run_endpoint_function
    return await run_in_threadpool(dependant.call, **values)
  File "/usr/local/lib/python3.8/dist-packages/starlette/concurrency.py", line 41, in run_in_threadpool
    return await anyio.to_thread.run_sync(func, *args)
  File "/usr/local/lib/python3.8/dist-packages/anyio/to_thread.py", line 33, in run_sync
    return await get_asynclib().run_sync_in_worker_thread(
  File "/usr/local/lib/python3.8/dist-packages/anyio/_backends/_asyncio.py", line 877, in run_sync_in_worker_thread
    return await future
  File "/usr/local/lib/python3.8/dist-packages/anyio/_backends/_asyncio.py", line 807, in run
    result = context.run(func, *args)
  File "/home/inui/esm_server/main.py", line 59, in esm
    esm = db.execute_sql(engine, "select * from esm").fetchall()
  File "/home/inui/esm_server/db.py", line 14, in execute_sql
    result = conn.execute(text(sql))
  File "/usr/local/lib/python3.8/dist-packages/sqlalchemy/engine/base.py", line 1412, in execute
    return meth(
  File "/usr/local/lib/python3.8/dist-packages/sqlalchemy/sql/elements.py", line 516, in _execute_on_connection
    return connection._execute_clauseelement(
  File "/usr/local/lib/python3.8/dist-packages/sqlalchemy/engine/base.py", line 1635, in _execute_clauseelement
    ret = self._execute_context(
  File "/usr/local/lib/python3.8/dist-packages/sqlalchemy/engine/base.py", line 1844, in _execute_context
    return self._exec_single_context(
  File "/usr/local/lib/python3.8/dist-packages/sqlalchemy/engine/base.py", line 1984, in _exec_single_context
    self._handle_dbapi_exception(
  File "/usr/local/lib/python3.8/dist-packages/sqlalchemy/engine/base.py", line 2339, in _handle_dbapi_exception
    raise sqlalchemy_exception.with_traceback(exc_info[2]) from e
  File "/usr/local/lib/python3.8/dist-packages/sqlalchemy/engine/base.py", line 1965, in _exec_single_context
    self.dialect.do_execute(
  File "/usr/local/lib/python3.8/dist-packages/sqlalchemy/engine/default.py", line 921, in do_execute
    cursor.execute(statement, parameters)
  File "/usr/local/lib/python3.8/dist-packages/pymysql/cursors.py", line 153, in execute
    result = self._query(query)
  File "/usr/local/lib/python3.8/dist-packages/pymysql/cursors.py", line 322, in _query
    conn.query(q)
  File "/usr/local/lib/python3.8/dist-packages/pymysql/connections.py", line 557, in query
    self._execute_command(COMMAND.COM_QUERY, sql)
  File "/usr/local/lib/python3.8/dist-packages/pymysql/connections.py", line 861, in _execute_command
    self._write_bytes(packet)
  File "/usr/local/lib/python3.8/dist-packages/pymysql/connections.py", line 806, in _write_bytes
    raise err.OperationalError(
sqlalchemy.exc.OperationalError: (pymysql.err.OperationalError) (2006, "MySQL server has gone away (BrokenPipeError(32, 'Broken pipe'))")
[SQL: select * from esm]
(Background on this error at: https://sqlalche.me/e/20/e3q8)
[2023-09-24 07:19:13 +0000] [805514] [ERROR] Exception in ASGI application
Traceback (most recent call last):
  File "/usr/local/lib/python3.8/dist-packages/pymysql/connections.py", line 803, in _write_bytes
    self._sock.sendall(data)
BrokenPipeError: [Errno 32] Broken pipe

During handling of the above exception, another exception occurred:

Traceback (most recent call last):
  File "/usr/local/lib/python3.8/dist-packages/sqlalchemy/engine/base.py", line 1965, in _exec_single_context
    self.dialect.do_execute(
  File "/usr/local/lib/python3.8/dist-packages/sqlalchemy/engine/default.py", line 921, in do_execute
    cursor.execute(statement, parameters)
  File "/usr/local/lib/python3.8/dist-packages/pymysql/cursors.py", line 153, in execute
    result = self._query(query)
  File "/usr/local/lib/python3.8/dist-packages/pymysql/cursors.py", line 322, in _query
    conn.query(q)
  File "/usr/local/lib/python3.8/dist-packages/pymysql/connections.py", line 557, in query
    self._execute_command(COMMAND.COM_QUERY, sql)
  File "/usr/local/lib/python3.8/dist-packages/pymysql/connections.py", line 861, in _execute_command
    self._write_bytes(packet)
  File "/usr/local/lib/python3.8/dist-packages/pymysql/connections.py", line 806, in _write_bytes
    raise err.OperationalError(
pymysql.err.OperationalError: (2006, "MySQL server has gone away (BrokenPipeError(32, 'Broken pipe'))")

The above exception was the direct cause of the following exception:

Traceback (most recent call last):
  File "/usr/local/lib/python3.8/dist-packages/uvicorn/protocols/http/h11_impl.py", line 408, in run_asgi
    result = await app(  # type: ignore[func-returns-value]
  File "/usr/local/lib/python3.8/dist-packages/uvicorn/middleware/proxy_headers.py", line 84, in __call__
    return await self.app(scope, receive, send)
  File "/usr/local/lib/python3.8/dist-packages/fastapi/applications.py", line 292, in __call__
    await super().__call__(scope, receive, send)
  File "/usr/local/lib/python3.8/dist-packages/starlette/applications.py", line 122, in __call__
    await self.middleware_stack(scope, receive, send)
  File "/usr/local/lib/python3.8/dist-packages/starlette/middleware/errors.py", line 184, in __call__
    raise exc
  File "/usr/local/lib/python3.8/dist-packages/starlette/middleware/errors.py", line 162, in __call__
    await self.app(scope, receive, _send)
  File "/usr/local/lib/python3.8/dist-packages/starlette/middleware/exceptions.py", line 79, in __call__
    raise exc
  File "/usr/local/lib/python3.8/dist-packages/starlette/middleware/exceptions.py", line 68, in __call__
    await self.app(scope, receive, sender)
  File "/usr/local/lib/python3.8/dist-packages/fastapi/middleware/asyncexitstack.py", line 20, in __call__
    raise e
  File "/usr/local/lib/python3.8/dist-packages/fastapi/middleware/asyncexitstack.py", line 17, in __call__
    await self.app(scope, receive, send)
  File "/usr/local/lib/python3.8/dist-packages/starlette/routing.py", line 718, in __call__
    await route.handle(scope, receive, send)
  File "/usr/local/lib/python3.8/dist-packages/starlette/routing.py", line 276, in handle
    await self.app(scope, receive, send)
  File "/usr/local/lib/python3.8/dist-packages/starlette/routing.py", line 66, in app
    response = await func(request)
  File "/usr/local/lib/python3.8/dist-packages/fastapi/routing.py", line 273, in app
    raw_response = await run_endpoint_function(
  File "/usr/local/lib/python3.8/dist-packages/fastapi/routing.py", line 192, in run_endpoint_function
    return await run_in_threadpool(dependant.call, **values)
  File "/usr/local/lib/python3.8/dist-packages/starlette/concurrency.py", line 41, in run_in_threadpool
    return await anyio.to_thread.run_sync(func, *args)
  File "/usr/local/lib/python3.8/dist-packages/anyio/to_thread.py", line 33, in run_sync
    return await get_asynclib().run_sync_in_worker_thread(
  File "/usr/local/lib/python3.8/dist-packages/anyio/_backends/_asyncio.py", line 877, in run_sync_in_worker_thread
    return await future
  File "/usr/local/lib/python3.8/dist-packages/anyio/_backends/_asyncio.py", line 807, in run
    result = context.run(func, *args)
  File "/home/inui/esm_server/main.py", line 38, in esm_time
    esm_time = db.execute_sql(engine, "select * from esm_activation_time")
  File "/home/inui/esm_server/db.py", line 14, in execute_sql
    result = conn.execute(text(sql))
  File "/usr/local/lib/python3.8/dist-packages/sqlalchemy/engine/base.py", line 1412, in execute
    return meth(
  File "/usr/local/lib/python3.8/dist-packages/sqlalchemy/sql/elements.py", line 516, in _execute_on_connection
    return connection._execute_clauseelement(
  File "/usr/local/lib/python3.8/dist-packages/sqlalchemy/engine/base.py", line 1635, in _execute_clauseelement
    ret = self._execute_context(
  File "/usr/local/lib/python3.8/dist-packages/sqlalchemy/engine/base.py", line 1844, in _execute_context
    return self._exec_single_context(
  File "/usr/local/lib/python3.8/dist-packages/sqlalchemy/engine/base.py", line 1984, in _exec_single_context
    self._handle_dbapi_exception(
  File "/usr/local/lib/python3.8/dist-packages/sqlalchemy/engine/base.py", line 2339, in _handle_dbapi_exception
    raise sqlalchemy_exception.with_traceback(exc_info[2]) from e
  File "/usr/local/lib/python3.8/dist-packages/sqlalchemy/engine/base.py", line 1965, in _exec_single_context
    self.dialect.do_execute(
  File "/usr/local/lib/python3.8/dist-packages/sqlalchemy/engine/default.py", line 921, in do_execute
    cursor.execute(statement, parameters)
  File "/usr/local/lib/python3.8/dist-packages/pymysql/cursors.py", line 153, in execute
    result = self._query(query)
  File "/usr/local/lib/python3.8/dist-packages/pymysql/cursors.py", line 322, in _query
    conn.query(q)
  File "/usr/local/lib/python3.8/dist-packages/pymysql/connections.py", line 557, in query
    self._execute_command(COMMAND.COM_QUERY, sql)
  File "/usr/local/lib/python3.8/dist-packages/pymysql/connections.py", line 861, in _execute_command
    self._write_bytes(packet)
  File "/usr/local/lib/python3.8/dist-packages/pymysql/connections.py", line 806, in _write_bytes
    raise err.OperationalError(
sqlalchemy.exc.OperationalError: (pymysql.err.OperationalError) (2006, "MySQL server has gone away (BrokenPipeError(32, 'Broken pipe'))")
[SQL: select * from esm_activation_time]
(Background on this error at: https://sqlalche.me/e/20/e3q8)
[2023-09-24 12:04:21 +0000] [805510] [INFO] Handling signal: term
[2023-09-24 12:04:21 +0000] [805514] [INFO] Shutting down
[2023-09-24 12:04:21 +0000] [805515] [INFO] Shutting down
[2023-09-24 12:04:21 +0000] [805513] [INFO] Shutting down
[2023-09-24 12:04:21 +0000] [805512] [INFO] Shutting down
[2023-09-24 12:04:21 +0000] [805514] [INFO] Waiting for application shutdown.
[2023-09-24 12:04:21 +0000] [805514] [INFO] Application shutdown complete.
[2023-09-24 12:04:21 +0000] [805514] [INFO] Finished server process [805514]
[2023-09-24 12:04:21 +0000] [805514] [INFO] Worker exiting (pid: 805514)
[2023-09-24 12:04:21 +0000] [805515] [INFO] Waiting for connections to close. (CTRL+C to force quit)
[2023-09-24 12:04:21 +0000] [805513] [INFO] Waiting for application shutdown.
[2023-09-24 12:04:21 +0000] [805513] [INFO] Application shutdown complete.
[2023-09-24 12:04:21 +0000] [805513] [INFO] Finished server process [805513]
[2023-09-24 12:04:21 +0000] [805513] [INFO] Worker exiting (pid: 805513)
[2023-09-24 12:04:21 +0000] [805512] [INFO] Waiting for application shutdown.
[2023-09-24 12:04:21 +0000] [805512] [INFO] Application shutdown complete.
[2023-09-24 12:04:21 +0000] [805512] [INFO] Finished server process [805512]
[2023-09-24 12:04:21 +0000] [805512] [INFO] Worker exiting (pid: 805512)
[2023-09-24 12:04:24 +0000] [906442] [INFO] Starting gunicorn 21.2.0
[2023-09-24 12:04:51 +0000] [805510] [INFO] Shutting down: Master
[2023-09-24 12:05:18 +0000] [906521] [INFO] Starting gunicorn 21.2.0
[2023-09-24 12:05:18 +0000] [906521] [INFO] Listening at: https://0.0.0.0:443 (906521)
[2023-09-24 12:05:18 +0000] [906521] [INFO] Using worker: uvicorn.workers.UvicornWorker
[2023-09-24 12:05:18 +0000] [906524] [INFO] Booting worker with pid: 906524
[2023-09-24 12:05:18 +0000] [906525] [INFO] Booting worker with pid: 906525
[2023-09-24 12:05:18 +0000] [906526] [INFO] Booting worker with pid: 906526
[2023-09-24 12:05:18 +0000] [906527] [INFO] Booting worker with pid: 906527
[2023-09-24 12:05:20 +0000] [906526] [INFO] Started server process [906526]
[2023-09-24 12:05:20 +0000] [906526] [INFO] Waiting for application startup.
[2023-09-24 12:05:20 +0000] [906526] [INFO] Application startup complete.
[2023-09-24 12:05:20 +0000] [906527] [INFO] Started server process [906527]
[2023-09-24 12:05:20 +0000] [906527] [INFO] Waiting for application startup.
[2023-09-24 12:05:20 +0000] [906525] [INFO] Started server process [906525]
[2023-09-24 12:05:20 +0000] [906525] [INFO] Waiting for application startup.
[2023-09-24 12:05:20 +0000] [906525] [INFO] Application startup complete.
[2023-09-24 12:05:20 +0000] [906527] [INFO] Application startup complete.
[2023-09-24 12:05:20 +0000] [906524] [INFO] Started server process [906524]
[2023-09-24 12:05:20 +0000] [906524] [INFO] Waiting for application startup.
[2023-09-24 12:05:20 +0000] [906524] [INFO] Application startup complete.
[2023-09-24 14:47:05 +0000] [906521] [INFO] Handling signal: term
[2023-09-24 14:47:05 +0000] [906525] [INFO] Shutting down
[2023-09-24 14:47:05 +0000] [906527] [INFO] Shutting down
[2023-09-24 14:47:05 +0000] [906524] [INFO] Shutting down
[2023-09-24 14:47:05 +0000] [906526] [INFO] Shutting down
[2023-09-24 14:47:05 +0000] [906525] [INFO] Waiting for application shutdown.
[2023-09-24 14:47:05 +0000] [906525] [INFO] Application shutdown complete.
[2023-09-24 14:47:05 +0000] [906525] [INFO] Finished server process [906525]
[2023-09-24 14:47:05 +0000] [906525] [INFO] Worker exiting (pid: 906525)
[2023-09-24 14:47:05 +0000] [906527] [INFO] Waiting for application shutdown.
[2023-09-24 14:47:05 +0000] [906527] [INFO] Application shutdown complete.
[2023-09-24 14:47:05 +0000] [906527] [INFO] Finished server process [906527]
[2023-09-24 14:47:05 +0000] [906527] [INFO] Worker exiting (pid: 906527)
[2023-09-24 14:47:05 +0000] [906524] [INFO] Waiting for application shutdown.
[2023-09-24 14:47:05 +0000] [906524] [INFO] Application shutdown complete.
[2023-09-24 14:47:05 +0000] [906524] [INFO] Finished server process [906524]
[2023-09-24 14:47:05 +0000] [906526] [INFO] Waiting for application shutdown.
[2023-09-24 14:47:05 +0000] [906526] [INFO] Application shutdown complete.
[2023-09-24 14:47:05 +0000] [906526] [INFO] Finished server process [906526]
[2023-09-24 14:47:05 +0000] [906526] [INFO] Worker exiting (pid: 906526)
[2023-09-24 14:47:05 +0000] [906524] [INFO] Worker exiting (pid: 906524)
[2023-09-24 14:47:05 +0000] [906521] [INFO] Shutting down: Master
[2023-09-24 14:47:07 +0000] [912526] [INFO] Starting gunicorn 21.2.0
[2023-09-24 14:47:07 +0000] [912526] [INFO] Listening at: https://0.0.0.0:443 (912526)
[2023-09-24 14:47:07 +0000] [912526] [INFO] Using worker: uvicorn.workers.UvicornWorker
[2023-09-24 14:47:07 +0000] [912529] [INFO] Booting worker with pid: 912529
[2023-09-24 14:47:07 +0000] [912530] [INFO] Booting worker with pid: 912530
[2023-09-24 14:47:07 +0000] [912531] [INFO] Booting worker with pid: 912531
[2023-09-24 14:47:07 +0000] [912532] [INFO] Booting worker with pid: 912532
[2023-09-24 14:47:08 +0000] [912529] [INFO] Started server process [912529]
[2023-09-24 14:47:08 +0000] [912529] [INFO] Waiting for application startup.
[2023-09-24 14:47:08 +0000] [912529] [INFO] Application startup complete.
[2023-09-24 14:47:08 +0000] [912531] [INFO] Started server process [912531]
[2023-09-24 14:47:08 +0000] [912531] [INFO] Waiting for application startup.
[2023-09-24 14:47:08 +0000] [912531] [INFO] Application startup complete.
[2023-09-24 14:47:08 +0000] [912530] [INFO] Started server process [912530]
[2023-09-24 14:47:08 +0000] [912530] [INFO] Waiting for application startup.
[2023-09-24 14:47:08 +0000] [912530] [INFO] Application startup complete.
[2023-09-24 14:47:08 +0000] [912532] [INFO] Started server process [912532]
[2023-09-24 14:47:08 +0000] [912532] [INFO] Waiting for application startup.
[2023-09-24 14:47:08 +0000] [912532] [INFO] Application startup complete.
[2023-09-24 15:30:45 +0000] [912526] [INFO] Handling signal: term
[2023-09-24 15:30:45 +0000] [912530] [INFO] Shutting down
[2023-09-24 15:30:45 +0000] [912531] [INFO] Shutting down
[2023-09-24 15:30:45 +0000] [912532] [INFO] Shutting down
[2023-09-24 15:30:45 +0000] [912529] [INFO] Shutting down
[2023-09-24 15:30:45 +0000] [912530] [INFO] Waiting for application shutdown.
[2023-09-24 15:30:45 +0000] [912530] [INFO] Application shutdown complete.
[2023-09-24 15:30:45 +0000] [912530] [INFO] Finished server process [912530]
[2023-09-24 15:30:45 +0000] [912530] [INFO] Worker exiting (pid: 912530)
[2023-09-24 15:30:45 +0000] [912531] [INFO] Waiting for application shutdown.
[2023-09-24 15:30:45 +0000] [912531] [INFO] Application shutdown complete.
[2023-09-24 15:30:45 +0000] [912531] [INFO] Finished server process [912531]
[2023-09-24 15:30:45 +0000] [912531] [INFO] Worker exiting (pid: 912531)
[2023-09-24 15:30:45 +0000] [912532] [INFO] Waiting for application shutdown.
[2023-09-24 15:30:45 +0000] [912532] [INFO] Application shutdown complete.
[2023-09-24 15:30:45 +0000] [912532] [INFO] Finished server process [912532]
[2023-09-24 15:30:45 +0000] [912532] [INFO] Worker exiting (pid: 912532)
[2023-09-24 15:30:46 +0000] [912529] [INFO] Waiting for application shutdown.
[2023-09-24 15:30:46 +0000] [912529] [INFO] Application shutdown complete.
[2023-09-24 15:30:46 +0000] [912529] [INFO] Finished server process [912529]
[2023-09-24 15:30:46 +0000] [912529] [INFO] Worker exiting (pid: 912529)
[2023-09-24 15:30:46 +0000] [912526] [INFO] Shutting down: Master
[2023-09-24 15:30:47 +0000] [914918] [INFO] Starting gunicorn 21.2.0
[2023-09-24 15:30:47 +0000] [914918] [INFO] Listening at: https://0.0.0.0:443 (914918)
[2023-09-24 15:30:47 +0000] [914918] [INFO] Using worker: uvicorn.workers.UvicornWorker
[2023-09-24 15:30:47 +0000] [914920] [INFO] Booting worker with pid: 914920
[2023-09-24 15:30:47 +0000] [914921] [INFO] Booting worker with pid: 914921
[2023-09-24 15:30:47 +0000] [914922] [INFO] Booting worker with pid: 914922
[2023-09-24 15:30:47 +0000] [914923] [INFO] Booting worker with pid: 914923
[2023-09-24 15:30:49 +0000] [914920] [INFO] Started server process [914920]
[2023-09-24 15:30:49 +0000] [914920] [INFO] Waiting for application startup.
[2023-09-24 15:30:49 +0000] [914920] [INFO] Application startup complete.
[2023-09-24 15:30:49 +0000] [914921] [INFO] Started server process [914921]
[2023-09-24 15:30:49 +0000] [914921] [INFO] Waiting for application startup.
[2023-09-24 15:30:49 +0000] [914921] [INFO] Application startup complete.
[2023-09-24 15:30:49 +0000] [914923] [INFO] Started server process [914923]
[2023-09-24 15:30:49 +0000] [914923] [INFO] Waiting for application startup.
[2023-09-24 15:30:49 +0000] [914923] [INFO] Application startup complete.
[2023-09-24 15:30:49 +0000] [914922] [INFO] Started server process [914922]
[2023-09-24 15:30:49 +0000] [914922] [INFO] Waiting for application startup.
[2023-09-24 15:30:49 +0000] [914922] [INFO] Application startup complete.
[2023-09-24 15:35:50 +0000] [914918] [INFO] Handling signal: term
[2023-09-24 15:35:50 +0000] [914922] [INFO] Shutting down
[2023-09-24 15:35:50 +0000] [914920] [INFO] Shutting down
[2023-09-24 15:35:50 +0000] [914923] [INFO] Shutting down
[2023-09-24 15:35:50 +0000] [914921] [INFO] Shutting down
[2023-09-24 15:35:50 +0000] [914922] [INFO] Waiting for application shutdown.
[2023-09-24 15:35:50 +0000] [914922] [INFO] Application shutdown complete.
[2023-09-24 15:35:50 +0000] [914922] [INFO] Finished server process [914922]
[2023-09-24 15:35:50 +0000] [914922] [INFO] Worker exiting (pid: 914922)
[2023-09-24 15:35:50 +0000] [914920] [INFO] Waiting for application shutdown.
[2023-09-24 15:35:50 +0000] [914920] [INFO] Application shutdown complete.
[2023-09-24 15:35:50 +0000] [914920] [INFO] Finished server process [914920]
[2023-09-24 15:35:50 +0000] [914920] [INFO] Worker exiting (pid: 914920)
[2023-09-24 15:35:50 +0000] [914923] [INFO] Waiting for application shutdown.
[2023-09-24 15:35:50 +0000] [914923] [INFO] Application shutdown complete.
[2023-09-24 15:35:50 +0000] [914923] [INFO] Finished server process [914923]
[2023-09-24 15:35:50 +0000] [914923] [INFO] Worker exiting (pid: 914923)
[2023-09-24 15:35:50 +0000] [914921] [INFO] Waiting for application shutdown.
[2023-09-24 15:35:50 +0000] [914921] [INFO] Application shutdown complete.
[2023-09-24 15:35:50 +0000] [914921] [INFO] Finished server process [914921]
[2023-09-24 15:35:50 +0000] [914921] [INFO] Worker exiting (pid: 914921)
[2023-09-24 15:35:50 +0000] [914918] [INFO] Shutting down: Master
[2023-09-24 15:35:52 +0000] [915185] [INFO] Starting gunicorn 21.2.0
[2023-09-24 15:35:52 +0000] [915185] [INFO] Listening at: https://0.0.0.0:443 (915185)
[2023-09-24 15:35:52 +0000] [915185] [INFO] Using worker: uvicorn.workers.UvicornWorker
[2023-09-24 15:35:52 +0000] [915188] [INFO] Booting worker with pid: 915188
[2023-09-24 15:35:52 +0000] [915189] [INFO] Booting worker with pid: 915189
[2023-09-24 15:35:52 +0000] [915190] [INFO] Booting worker with pid: 915190
[2023-09-24 15:35:52 +0000] [915191] [INFO] Booting worker with pid: 915191
[2023-09-24 15:35:53 +0000] [915188] [INFO] Started server process [915188]
[2023-09-24 15:35:53 +0000] [915188] [INFO] Waiting for application startup.
[2023-09-24 15:35:53 +0000] [915188] [INFO] Application startup complete.
[2023-09-24 15:35:53 +0000] [915189] [INFO] Started server process [915189]
[2023-09-24 15:35:53 +0000] [915189] [INFO] Waiting for application startup.
[2023-09-24 15:35:53 +0000] [915189] [INFO] Application startup complete.
[2023-09-24 15:35:53 +0000] [915191] [INFO] Started server process [915191]
[2023-09-24 15:35:53 +0000] [915191] [INFO] Waiting for application startup.
[2023-09-24 15:35:53 +0000] [915191] [INFO] Application startup complete.
[2023-09-24 15:35:53 +0000] [915190] [INFO] Started server process [915190]
[2023-09-24 15:35:53 +0000] [915190] [INFO] Waiting for application startup.
[2023-09-24 15:35:53 +0000] [915190] [INFO] Application startup complete.
[2023-09-24 15:36:00 +0000] [915185] [INFO] Handling signal: term
[2023-09-24 15:36:00 +0000] [915188] [INFO] Shutting down
[2023-09-24 15:36:00 +0000] [915189] [INFO] Shutting down
[2023-09-24 15:36:00 +0000] [915191] [INFO] Shutting down
[2023-09-24 15:36:00 +0000] [915190] [INFO] Shutting down
[2023-09-24 15:36:00 +0000] [915188] [INFO] Waiting for application shutdown.
[2023-09-24 15:36:00 +0000] [915188] [INFO] Application shutdown complete.
[2023-09-24 15:36:00 +0000] [915188] [INFO] Finished server process [915188]
[2023-09-24 15:36:00 +0000] [915188] [INFO] Worker exiting (pid: 915188)
[2023-09-24 15:36:00 +0000] [915189] [INFO] Waiting for application shutdown.
[2023-09-24 15:36:00 +0000] [915189] [INFO] Application shutdown complete.
[2023-09-24 15:36:00 +0000] [915189] [INFO] Finished server process [915189]
[2023-09-24 15:36:00 +0000] [915189] [INFO] Worker exiting (pid: 915189)
[2023-09-24 15:36:00 +0000] [915191] [INFO] Waiting for application shutdown.
[2023-09-24 15:36:00 +0000] [915191] [INFO] Application shutdown complete.
[2023-09-24 15:36:00 +0000] [915191] [INFO] Finished server process [915191]
[2023-09-24 15:36:00 +0000] [915190] [INFO] Waiting for application shutdown.
[2023-09-24 15:36:00 +0000] [915191] [INFO] Worker exiting (pid: 915191)
[2023-09-24 15:36:00 +0000] [915190] [INFO] Application shutdown complete.
[2023-09-24 15:36:00 +0000] [915190] [INFO] Finished server process [915190]
[2023-09-24 15:36:00 +0000] [915190] [INFO] Worker exiting (pid: 915190)
[2023-09-24 15:36:01 +0000] [915185] [INFO] Shutting down: Master
[2023-09-24 15:36:03 +0000] [915252] [INFO] Starting gunicorn 21.2.0
[2023-09-24 15:36:03 +0000] [915252] [INFO] Listening at: https://0.0.0.0:443 (915252)
[2023-09-24 15:36:03 +0000] [915252] [INFO] Using worker: uvicorn.workers.UvicornWorker
[2023-09-24 15:36:03 +0000] [915255] [INFO] Booting worker with pid: 915255
[2023-09-24 15:36:03 +0000] [915256] [INFO] Booting worker with pid: 915256
[2023-09-24 15:36:03 +0000] [915257] [INFO] Booting worker with pid: 915257
[2023-09-24 15:36:03 +0000] [915258] [INFO] Booting worker with pid: 915258
[2023-09-24 15:36:05 +0000] [915255] [INFO] Started server process [915255]
[2023-09-24 15:36:05 +0000] [915255] [INFO] Waiting for application startup.
[2023-09-24 15:36:05 +0000] [915255] [INFO] Application startup complete.
[2023-09-24 15:36:05 +0000] [915256] [INFO] Started server process [915256]
[2023-09-24 15:36:05 +0000] [915256] [INFO] Waiting for application startup.
[2023-09-24 15:36:05 +0000] [915256] [INFO] Application startup complete.
[2023-09-24 15:36:05 +0000] [915257] [INFO] Started server process [915257]
[2023-09-24 15:36:05 +0000] [915257] [INFO] Waiting for application startup.
[2023-09-24 15:36:05 +0000] [915257] [INFO] Application startup complete.
[2023-09-24 15:36:05 +0000] [915258] [INFO] Started server process [915258]
[2023-09-24 15:36:05 +0000] [915258] [INFO] Waiting for application startup.
[2023-09-24 15:36:05 +0000] [915258] [INFO] Application startup complete.
[2023-09-24 15:36:10 +0000] [915252] [INFO] Handling signal: term
[2023-09-24 15:36:10 +0000] [915257] [INFO] Shutting down
[2023-09-24 15:36:10 +0000] [915256] [INFO] Shutting down
[2023-09-24 15:36:10 +0000] [915258] [INFO] Shutting down
[2023-09-24 15:36:10 +0000] [915255] [INFO] Shutting down
[2023-09-24 15:36:10 +0000] [915257] [INFO] Waiting for application shutdown.
[2023-09-24 15:36:10 +0000] [915257] [INFO] Application shutdown complete.
[2023-09-24 15:36:10 +0000] [915257] [INFO] Finished server process [915257]
[2023-09-24 15:36:10 +0000] [915257] [INFO] Worker exiting (pid: 915257)
[2023-09-24 15:36:10 +0000] [915256] [INFO] Waiting for application shutdown.
[2023-09-24 15:36:10 +0000] [915256] [INFO] Application shutdown complete.
[2023-09-24 15:36:10 +0000] [915256] [INFO] Finished server process [915256]
[2023-09-24 15:36:10 +0000] [915256] [INFO] Worker exiting (pid: 915256)
[2023-09-24 15:36:10 +0000] [915258] [INFO] Waiting for application shutdown.
[2023-09-24 15:36:10 +0000] [915258] [INFO] Application shutdown complete.
[2023-09-24 15:36:10 +0000] [915258] [INFO] Finished server process [915258]
[2023-09-24 15:36:10 +0000] [915258] [INFO] Worker exiting (pid: 915258)
[2023-09-24 15:36:10 +0000] [915255] [INFO] Waiting for application shutdown.
[2023-09-24 15:36:10 +0000] [915255] [INFO] Application shutdown complete.
[2023-09-24 15:36:10 +0000] [915255] [INFO] Finished server process [915255]
[2023-09-24 15:36:10 +0000] [915255] [INFO] Worker exiting (pid: 915255)
[2023-09-24 15:36:10 +0000] [915252] [INFO] Shutting down: Master
[2023-09-24 15:36:11 +0000] [915307] [INFO] Starting gunicorn 21.2.0
[2023-09-24 15:36:11 +0000] [915307] [INFO] Listening at: https://0.0.0.0:443 (915307)
[2023-09-24 15:36:11 +0000] [915307] [INFO] Using worker: uvicorn.workers.UvicornWorker
[2023-09-24 15:36:11 +0000] [915309] [INFO] Booting worker with pid: 915309
[2023-09-24 15:36:11 +0000] [915310] [INFO] Booting worker with pid: 915310
[2023-09-24 15:36:11 +0000] [915311] [INFO] Booting worker with pid: 915311
[2023-09-24 15:36:12 +0000] [915312] [INFO] Booting worker with pid: 915312
[2023-09-24 15:36:13 +0000] [915309] [INFO] Started server process [915309]
[2023-09-24 15:36:13 +0000] [915309] [INFO] Waiting for application startup.
[2023-09-24 15:36:13 +0000] [915309] [INFO] Application startup complete.
[2023-09-24 15:36:13 +0000] [915310] [INFO] Started server process [915310]
[2023-09-24 15:36:13 +0000] [915310] [INFO] Waiting for application startup.
[2023-09-24 15:36:13 +0000] [915310] [INFO] Application startup complete.
[2023-09-24 15:36:13 +0000] [915312] [INFO] Started server process [915312]
[2023-09-24 15:36:13 +0000] [915312] [INFO] Waiting for application startup.
[2023-09-24 15:36:13 +0000] [915312] [INFO] Application startup complete.
[2023-09-24 15:36:13 +0000] [915311] [INFO] Started server process [915311]
[2023-09-24 15:36:13 +0000] [915311] [INFO] Waiting for application startup.
[2023-09-24 15:36:13 +0000] [915311] [INFO] Application startup complete.
[2023-09-24 15:36:26 +0000] [915307] [INFO] Handling signal: term
[2023-09-24 15:36:26 +0000] [915311] [INFO] Shutting down
[2023-09-24 15:36:26 +0000] [915310] [INFO] Shutting down
[2023-09-24 15:36:26 +0000] [915312] [INFO] Shutting down
[2023-09-24 15:36:26 +0000] [915309] [INFO] Shutting down
[2023-09-24 15:36:26 +0000] [915311] [INFO] Waiting for application shutdown.
[2023-09-24 15:36:26 +0000] [915311] [INFO] Application shutdown complete.
[2023-09-24 15:36:26 +0000] [915311] [INFO] Finished server process [915311]
[2023-09-24 15:36:26 +0000] [915311] [INFO] Worker exiting (pid: 915311)
[2023-09-24 15:36:26 +0000] [915310] [INFO] Waiting for application shutdown.
[2023-09-24 15:36:26 +0000] [915310] [INFO] Application shutdown complete.
[2023-09-24 15:36:26 +0000] [915310] [INFO] Finished server process [915310]
[2023-09-24 15:36:26 +0000] [915310] [INFO] Worker exiting (pid: 915310)
[2023-09-24 15:36:26 +0000] [915312] [INFO] Waiting for application shutdown.
[2023-09-24 15:36:26 +0000] [915312] [INFO] Application shutdown complete.
[2023-09-24 15:36:26 +0000] [915312] [INFO] Finished server process [915312]
[2023-09-24 15:36:26 +0000] [915312] [INFO] Worker exiting (pid: 915312)
[2023-09-24 15:36:26 +0000] [915309] [INFO] Waiting for application shutdown.
[2023-09-24 15:36:26 +0000] [915309] [INFO] Application shutdown complete.
[2023-09-24 15:36:26 +0000] [915309] [INFO] Finished server process [915309]
[2023-09-24 15:36:26 +0000] [915309] [INFO] Worker exiting (pid: 915309)
[2023-09-24 15:36:27 +0000] [915307] [INFO] Shutting down: Master
[2023-09-24 15:36:27 +0000] [915366] [INFO] Starting gunicorn 21.2.0
[2023-09-24 15:36:27 +0000] [915366] [INFO] Listening at: https://0.0.0.0:443 (915366)
[2023-09-24 15:36:27 +0000] [915366] [INFO] Using worker: uvicorn.workers.UvicornWorker
[2023-09-24 15:36:27 +0000] [915368] [INFO] Booting worker with pid: 915368
[2023-09-24 15:36:28 +0000] [915369] [INFO] Booting worker with pid: 915369
[2023-09-24 15:36:28 +0000] [915370] [INFO] Booting worker with pid: 915370
[2023-09-24 15:36:28 +0000] [915371] [INFO] Booting worker with pid: 915371
[2023-09-24 15:36:29 +0000] [915368] [INFO] Started server process [915368]
[2023-09-24 15:36:29 +0000] [915368] [INFO] Waiting for application startup.
[2023-09-24 15:36:29 +0000] [915368] [INFO] Application startup complete.
[2023-09-24 15:36:29 +0000] [915370] [INFO] Started server process [915370]
[2023-09-24 15:36:29 +0000] [915370] [INFO] Waiting for application startup.
[2023-09-24 15:36:29 +0000] [915370] [INFO] Application startup complete.
[2023-09-24 15:36:29 +0000] [915369] [INFO] Started server process [915369]
[2023-09-24 15:36:29 +0000] [915369] [INFO] Waiting for application startup.
[2023-09-24 15:36:29 +0000] [915369] [INFO] Application startup complete.
[2023-09-24 15:36:29 +0000] [915371] [INFO] Started server process [915371]
[2023-09-24 15:36:29 +0000] [915371] [INFO] Waiting for application startup.
[2023-09-24 15:36:29 +0000] [915371] [INFO] Application startup complete.
[2023-09-24 15:36:35 +0000] [915366] [INFO] Handling signal: term
[2023-09-24 15:36:35 +0000] [915369] [INFO] Shutting down
[2023-09-24 15:36:35 +0000] [915368] [INFO] Shutting down
[2023-09-24 15:36:35 +0000] [915371] [INFO] Shutting down
[2023-09-24 15:36:35 +0000] [915370] [INFO] Shutting down
[2023-09-24 15:36:35 +0000] [915369] [INFO] Waiting for application shutdown.
[2023-09-24 15:36:35 +0000] [915369] [INFO] Application shutdown complete.
[2023-09-24 15:36:35 +0000] [915369] [INFO] Finished server process [915369]
[2023-09-24 15:36:35 +0000] [915368] [INFO] Waiting for application shutdown.
[2023-09-24 15:36:35 +0000] [915368] [INFO] Application shutdown complete.
[2023-09-24 15:36:35 +0000] [915368] [INFO] Finished server process [915368]
[2023-09-24 15:36:35 +0000] [915369] [INFO] Worker exiting (pid: 915369)
[2023-09-24 15:36:35 +0000] [915368] [INFO] Worker exiting (pid: 915368)
[2023-09-24 15:36:35 +0000] [915371] [INFO] Waiting for application shutdown.
[2023-09-24 15:36:35 +0000] [915371] [INFO] Application shutdown complete.
[2023-09-24 15:36:35 +0000] [915371] [INFO] Finished server process [915371]
[2023-09-24 15:36:35 +0000] [915370] [INFO] Waiting for application shutdown.
[2023-09-24 15:36:35 +0000] [915370] [INFO] Application shutdown complete.
[2023-09-24 15:36:35 +0000] [915370] [INFO] Finished server process [915370]
[2023-09-24 15:36:35 +0000] [915371] [INFO] Worker exiting (pid: 915371)
[2023-09-24 15:36:35 +0000] [915370] [INFO] Worker exiting (pid: 915370)
[2023-09-24 15:36:36 +0000] [915366] [INFO] Shutting down: Master
[2023-09-24 15:36:37 +0000] [915418] [INFO] Starting gunicorn 21.2.0
[2023-09-24 15:36:37 +0000] [915418] [INFO] Listening at: https://0.0.0.0:443 (915418)
[2023-09-24 15:36:37 +0000] [915418] [INFO] Using worker: uvicorn.workers.UvicornWorker
[2023-09-24 15:36:37 +0000] [915421] [INFO] Booting worker with pid: 915421
[2023-09-24 15:36:37 +0000] [915422] [INFO] Booting worker with pid: 915422
[2023-09-24 15:36:37 +0000] [915423] [INFO] Booting worker with pid: 915423
[2023-09-24 15:36:37 +0000] [915424] [INFO] Booting worker with pid: 915424
[2023-09-24 15:36:38 +0000] [915421] [INFO] Started server process [915421]
[2023-09-24 15:36:38 +0000] [915421] [INFO] Waiting for application startup.
[2023-09-24 15:36:38 +0000] [915421] [INFO] Application startup complete.
[2023-09-24 15:36:38 +0000] [915422] [INFO] Started server process [915422]
[2023-09-24 15:36:38 +0000] [915422] [INFO] Waiting for application startup.
[2023-09-24 15:36:38 +0000] [915422] [INFO] Application startup complete.
[2023-09-24 15:36:38 +0000] [915423] [INFO] Started server process [915423]
[2023-09-24 15:36:38 +0000] [915423] [INFO] Waiting for application startup.
[2023-09-24 15:36:38 +0000] [915423] [INFO] Application startup complete.
[2023-09-24 15:36:38 +0000] [915424] [INFO] Started server process [915424]
[2023-09-24 15:36:38 +0000] [915424] [INFO] Waiting for application startup.
[2023-09-24 15:36:38 +0000] [915424] [INFO] Application startup complete.
[2023-09-24 15:37:15 +0000] [915418] [INFO] Handling signal: term
[2023-09-24 15:37:15 +0000] [915423] [INFO] Shutting down
[2023-09-24 15:37:15 +0000] [915424] [INFO] Shutting down
[2023-09-24 15:37:15 +0000] [915421] [INFO] Shutting down
[2023-09-24 15:37:15 +0000] [915422] [INFO] Shutting down
[2023-09-24 15:37:15 +0000] [915423] [INFO] Waiting for application shutdown.
[2023-09-24 15:37:15 +0000] [915423] [INFO] Application shutdown complete.
[2023-09-24 15:37:15 +0000] [915423] [INFO] Finished server process [915423]
[2023-09-24 15:37:15 +0000] [915423] [INFO] Worker exiting (pid: 915423)
[2023-09-24 15:37:15 +0000] [915424] [INFO] Waiting for application shutdown.
[2023-09-24 15:37:15 +0000] [915424] [INFO] Application shutdown complete.
[2023-09-24 15:37:15 +0000] [915424] [INFO] Finished server process [915424]
[2023-09-24 15:37:15 +0000] [915424] [INFO] Worker exiting (pid: 915424)
[2023-09-24 15:37:15 +0000] [915421] [INFO] Waiting for application shutdown.
[2023-09-24 15:37:15 +0000] [915421] [INFO] Application shutdown complete.
[2023-09-24 15:37:15 +0000] [915421] [INFO] Finished server process [915421]
[2023-09-24 15:37:15 +0000] [915421] [INFO] Worker exiting (pid: 915421)
[2023-09-24 15:37:15 +0000] [915422] [INFO] Waiting for application shutdown.
[2023-09-24 15:37:15 +0000] [915422] [INFO] Application shutdown complete.
[2023-09-24 15:37:15 +0000] [915422] [INFO] Finished server process [915422]
[2023-09-24 15:37:15 +0000] [915422] [INFO] Worker exiting (pid: 915422)
[2023-09-24 15:37:16 +0000] [915418] [INFO] Shutting down: Master
[2023-09-24 15:37:16 +0000] [915506] [INFO] Starting gunicorn 21.2.0
[2023-09-24 15:37:16 +0000] [915506] [INFO] Listening at: https://0.0.0.0:443 (915506)
[2023-09-24 15:37:16 +0000] [915506] [INFO] Using worker: uvicorn.workers.UvicornWorker
[2023-09-24 15:37:16 +0000] [915509] [INFO] Booting worker with pid: 915509
[2023-09-24 15:37:16 +0000] [915510] [INFO] Booting worker with pid: 915510
[2023-09-24 15:37:17 +0000] [915511] [INFO] Booting worker with pid: 915511
[2023-09-24 15:37:17 +0000] [915512] [INFO] Booting worker with pid: 915512
[2023-09-24 15:37:18 +0000] [915510] [INFO] Started server process [915510]
[2023-09-24 15:37:18 +0000] [915510] [INFO] Waiting for application startup.
[2023-09-24 15:37:18 +0000] [915510] [INFO] Application startup complete.
[2023-09-24 15:37:18 +0000] [915509] [INFO] Started server process [915509]
[2023-09-24 15:37:18 +0000] [915509] [INFO] Waiting for application startup.
[2023-09-24 15:37:18 +0000] [915509] [INFO] Application startup complete.
[2023-09-24 15:37:18 +0000] [915511] [INFO] Started server process [915511]
[2023-09-24 15:37:18 +0000] [915511] [INFO] Waiting for application startup.
[2023-09-24 15:37:18 +0000] [915511] [INFO] Application startup complete.
[2023-09-24 15:37:18 +0000] [915512] [INFO] Started server process [915512]
[2023-09-24 15:37:18 +0000] [915512] [INFO] Waiting for application startup.
[2023-09-24 15:37:18 +0000] [915512] [INFO] Application startup complete.
[2023-09-24 15:37:25 +0000] [915506] [INFO] Handling signal: term
[2023-09-24 15:37:25 +0000] [915509] [INFO] Shutting down
[2023-09-24 15:37:25 +0000] [915511] [INFO] Shutting down
[2023-09-24 15:37:25 +0000] [915512] [INFO] Shutting down
[2023-09-24 15:37:25 +0000] [915510] [INFO] Shutting down
[2023-09-24 15:37:25 +0000] [915509] [INFO] Waiting for application shutdown.
[2023-09-24 15:37:25 +0000] [915509] [INFO] Application shutdown complete.
[2023-09-24 15:37:25 +0000] [915509] [INFO] Finished server process [915509]
[2023-09-24 15:37:25 +0000] [915509] [INFO] Worker exiting (pid: 915509)
[2023-09-24 15:37:25 +0000] [915511] [INFO] Waiting for application shutdown.
[2023-09-24 15:37:25 +0000] [915511] [INFO] Application shutdown complete.
[2023-09-24 15:37:25 +0000] [915511] [INFO] Finished server process [915511]
[2023-09-24 15:37:25 +0000] [915511] [INFO] Worker exiting (pid: 915511)
[2023-09-24 15:37:25 +0000] [915512] [INFO] Waiting for application shutdown.
[2023-09-24 15:37:25 +0000] [915512] [INFO] Application shutdown complete.
[2023-09-24 15:37:25 +0000] [915512] [INFO] Finished server process [915512]
[2023-09-24 15:37:25 +0000] [915512] [INFO] Worker exiting (pid: 915512)
[2023-09-24 15:37:25 +0000] [915510] [INFO] Waiting for application shutdown.
[2023-09-24 15:37:25 +0000] [915510] [INFO] Application shutdown complete.
[2023-09-24 15:37:25 +0000] [915510] [INFO] Finished server process [915510]
[2023-09-24 15:37:25 +0000] [915510] [INFO] Worker exiting (pid: 915510)
[2023-09-24 15:37:25 +0000] [915506] [INFO] Shutting down: Master
[2023-09-24 15:37:27 +0000] [915561] [INFO] Starting gunicorn 21.2.0
[2023-09-24 15:37:27 +0000] [915561] [INFO] Listening at: https://0.0.0.0:443 (915561)
[2023-09-24 15:37:27 +0000] [915561] [INFO] Using worker: uvicorn.workers.UvicornWorker
[2023-09-24 15:37:27 +0000] [915564] [INFO] Booting worker with pid: 915564
[2023-09-24 15:37:27 +0000] [915565] [INFO] Booting worker with pid: 915565
[2023-09-24 15:37:27 +0000] [915566] [INFO] Booting worker with pid: 915566
[2023-09-24 15:37:27 +0000] [915567] [INFO] Booting worker with pid: 915567
[2023-09-24 15:37:28 +0000] [915564] [INFO] Started server process [915564]
[2023-09-24 15:37:28 +0000] [915564] [INFO] Waiting for application startup.
[2023-09-24 15:37:28 +0000] [915564] [INFO] Application startup complete.
[2023-09-24 15:37:28 +0000] [915565] [INFO] Started server process [915565]
[2023-09-24 15:37:28 +0000] [915565] [INFO] Waiting for application startup.
[2023-09-24 15:37:28 +0000] [915565] [INFO] Application startup complete.
[2023-09-24 15:37:28 +0000] [915566] [INFO] Started server process [915566]
[2023-09-24 15:37:28 +0000] [915566] [INFO] Waiting for application startup.
[2023-09-24 15:37:28 +0000] [915566] [INFO] Application startup complete.
[2023-09-24 15:37:28 +0000] [915567] [INFO] Started server process [915567]
[2023-09-24 15:37:28 +0000] [915567] [INFO] Waiting for application startup.
[2023-09-24 15:37:28 +0000] [915567] [INFO] Application startup complete.
[2023-09-24 15:39:51 +0000] [915561] [INFO] Handling signal: term
[2023-09-24 15:39:51 +0000] [915565] [INFO] Shutting down
[2023-09-24 15:39:51 +0000] [915566] [INFO] Shutting down
[2023-09-24 15:39:52 +0000] [915567] [INFO] Shutting down
[2023-09-24 15:39:52 +0000] [915564] [INFO] Shutting down
[2023-09-24 15:39:52 +0000] [915565] [INFO] Waiting for application shutdown.
[2023-09-24 15:39:52 +0000] [915565] [INFO] Application shutdown complete.
[2023-09-24 15:39:52 +0000] [915565] [INFO] Finished server process [915565]
[2023-09-24 15:39:52 +0000] [915565] [INFO] Worker exiting (pid: 915565)
[2023-09-24 15:39:52 +0000] [915566] [INFO] Waiting for application shutdown.
[2023-09-24 15:39:52 +0000] [915566] [INFO] Application shutdown complete.
[2023-09-24 15:39:52 +0000] [915566] [INFO] Finished server process [915566]
[2023-09-24 15:39:52 +0000] [915566] [INFO] Worker exiting (pid: 915566)
[2023-09-24 15:39:52 +0000] [915567] [INFO] Waiting for application shutdown.
[2023-09-24 15:39:52 +0000] [915567] [INFO] Application shutdown complete.
[2023-09-24 15:39:52 +0000] [915567] [INFO] Finished server process [915567]
[2023-09-24 15:39:52 +0000] [915567] [INFO] Worker exiting (pid: 915567)
[2023-09-24 15:39:52 +0000] [915564] [INFO] Waiting for application shutdown.
[2023-09-24 15:39:52 +0000] [915564] [INFO] Application shutdown complete.
[2023-09-24 15:39:52 +0000] [915564] [INFO] Finished server process [915564]
[2023-09-24 15:39:52 +0000] [915564] [INFO] Worker exiting (pid: 915564)
[2023-09-24 15:39:52 +0000] [915561] [INFO] Shutting down: Master
[2023-09-24 15:39:53 +0000] [915721] [INFO] Starting gunicorn 21.2.0
[2023-09-24 15:39:53 +0000] [915721] [INFO] Listening at: https://0.0.0.0:443 (915721)
[2023-09-24 15:39:53 +0000] [915721] [INFO] Using worker: uvicorn.workers.UvicornWorker
[2023-09-24 15:39:53 +0000] [915724] [INFO] Booting worker with pid: 915724
[2023-09-24 15:39:53 +0000] [915725] [INFO] Booting worker with pid: 915725
[2023-09-24 15:39:53 +0000] [915726] [INFO] Booting worker with pid: 915726
[2023-09-24 15:39:53 +0000] [915727] [INFO] Booting worker with pid: 915727
[2023-09-24 15:39:55 +0000] [915724] [INFO] Started server process [915724]
[2023-09-24 15:39:55 +0000] [915724] [INFO] Waiting for application startup.
[2023-09-24 15:39:55 +0000] [915724] [INFO] Application startup complete.
[2023-09-24 15:39:55 +0000] [915725] [INFO] Started server process [915725]
[2023-09-24 15:39:55 +0000] [915725] [INFO] Waiting for application startup.
[2023-09-24 15:39:55 +0000] [915725] [INFO] Application startup complete.
[2023-09-24 15:39:55 +0000] [915726] [INFO] Started server process [915726]
[2023-09-24 15:39:55 +0000] [915726] [INFO] Waiting for application startup.
[2023-09-24 15:39:55 +0000] [915726] [INFO] Application startup complete.
[2023-09-24 15:39:55 +0000] [915727] [INFO] Started server process [915727]
[2023-09-24 15:39:55 +0000] [915727] [INFO] Waiting for application startup.
[2023-09-24 15:39:55 +0000] [915727] [INFO] Application startup complete.
[2023-09-24 15:40:04 +0000] [915721] [INFO] Handling signal: term
[2023-09-24 15:40:04 +0000] [915725] [INFO] Shutting down
[2023-09-24 15:40:04 +0000] [915727] [INFO] Shutting down
[2023-09-24 15:40:04 +0000] [915726] [INFO] Shutting down
[2023-09-24 15:40:04 +0000] [915724] [INFO] Shutting down
[2023-09-24 15:40:04 +0000] [915725] [INFO] Waiting for application shutdown.
[2023-09-24 15:40:04 +0000] [915725] [INFO] Application shutdown complete.
[2023-09-24 15:40:04 +0000] [915725] [INFO] Finished server process [915725]
[2023-09-24 15:40:04 +0000] [915727] [INFO] Waiting for application shutdown.
[2023-09-24 15:40:04 +0000] [915727] [INFO] Application shutdown complete.
[2023-09-24 15:40:04 +0000] [915725] [INFO] Worker exiting (pid: 915725)
[2023-09-24 15:40:04 +0000] [915727] [INFO] Finished server process [915727]
[2023-09-24 15:40:04 +0000] [915727] [INFO] Worker exiting (pid: 915727)
[2023-09-24 15:40:04 +0000] [915726] [INFO] Waiting for application shutdown.
[2023-09-24 15:40:04 +0000] [915726] [INFO] Application shutdown complete.
[2023-09-24 15:40:04 +0000] [915726] [INFO] Finished server process [915726]
[2023-09-24 15:40:04 +0000] [915726] [INFO] Worker exiting (pid: 915726)
[2023-09-24 15:40:04 +0000] [915724] [INFO] Waiting for application shutdown.
[2023-09-24 15:40:04 +0000] [915724] [INFO] Application shutdown complete.
[2023-09-24 15:40:04 +0000] [915724] [INFO] Finished server process [915724]
[2023-09-24 15:40:04 +0000] [915724] [INFO] Worker exiting (pid: 915724)
[2023-09-24 15:40:05 +0000] [915721] [INFO] Shutting down: Master
[2023-09-24 15:40:05 +0000] [915778] [INFO] Starting gunicorn 21.2.0
[2023-09-24 15:40:05 +0000] [915778] [INFO] Listening at: https://0.0.0.0:443 (915778)
[2023-09-24 15:40:05 +0000] [915778] [INFO] Using worker: uvicorn.workers.UvicornWorker
[2023-09-24 15:40:05 +0000] [915781] [INFO] Booting worker with pid: 915781
[2023-09-24 15:40:05 +0000] [915784] [INFO] Booting worker with pid: 915784
[2023-09-24 15:40:05 +0000] [915785] [INFO] Booting worker with pid: 915785
[2023-09-24 15:40:05 +0000] [915786] [INFO] Booting worker with pid: 915786
[2023-09-24 15:40:07 +0000] [915781] [INFO] Started server process [915781]
[2023-09-24 15:40:07 +0000] [915781] [INFO] Waiting for application startup.
[2023-09-24 15:40:07 +0000] [915781] [INFO] Application startup complete.
[2023-09-24 15:40:07 +0000] [915785] [INFO] Started server process [915785]
[2023-09-24 15:40:07 +0000] [915785] [INFO] Waiting for application startup.
[2023-09-24 15:40:07 +0000] [915785] [INFO] Application startup complete.
[2023-09-24 15:40:07 +0000] [915784] [INFO] Started server process [915784]
[2023-09-24 15:40:07 +0000] [915784] [INFO] Waiting for application startup.
[2023-09-24 15:40:07 +0000] [915784] [INFO] Application startup complete.
[2023-09-24 15:40:07 +0000] [915786] [INFO] Started server process [915786]
[2023-09-24 15:40:07 +0000] [915786] [INFO] Waiting for application startup.
[2023-09-24 15:40:07 +0000] [915786] [INFO] Application startup complete.
[2023-09-24 15:44:13 +0000] [915778] [INFO] Handling signal: term
[2023-09-24 15:44:13 +0000] [915781] [INFO] Shutting down
[2023-09-24 15:44:13 +0000] [915785] [INFO] Shutting down
[2023-09-24 15:44:13 +0000] [915786] [INFO] Shutting down
[2023-09-24 15:44:13 +0000] [915784] [INFO] Shutting down
[2023-09-24 15:44:13 +0000] [915781] [INFO] Waiting for application shutdown.
[2023-09-24 15:44:13 +0000] [915781] [INFO] Application shutdown complete.
[2023-09-24 15:44:13 +0000] [915781] [INFO] Finished server process [915781]
[2023-09-24 15:44:13 +0000] [915781] [INFO] Worker exiting (pid: 915781)
[2023-09-24 15:44:13 +0000] [915785] [INFO] Waiting for application shutdown.
[2023-09-24 15:44:13 +0000] [915785] [INFO] Application shutdown complete.
[2023-09-24 15:44:13 +0000] [915785] [INFO] Finished server process [915785]
[2023-09-24 15:44:13 +0000] [915785] [INFO] Worker exiting (pid: 915785)
[2023-09-24 15:44:13 +0000] [915786] [INFO] Waiting for application shutdown.
[2023-09-24 15:44:13 +0000] [915786] [INFO] Application shutdown complete.
[2023-09-24 15:44:13 +0000] [915786] [INFO] Finished server process [915786]
[2023-09-24 15:44:13 +0000] [915786] [INFO] Worker exiting (pid: 915786)
[2023-09-24 15:44:13 +0000] [915784] [INFO] Waiting for application shutdown.
[2023-09-24 15:44:13 +0000] [915784] [INFO] Application shutdown complete.
[2023-09-24 15:44:13 +0000] [915784] [INFO] Finished server process [915784]
[2023-09-24 15:44:13 +0000] [915784] [INFO] Worker exiting (pid: 915784)
[2023-09-24 15:44:13 +0000] [915778] [INFO] Shutting down: Master
[2023-09-24 15:44:14 +0000] [915999] [INFO] Starting gunicorn 21.2.0
[2023-09-24 15:44:14 +0000] [915999] [INFO] Listening at: https://0.0.0.0:443 (915999)
[2023-09-24 15:44:14 +0000] [915999] [INFO] Using worker: uvicorn.workers.UvicornWorker
[2023-09-24 15:44:14 +0000] [916002] [INFO] Booting worker with pid: 916002
[2023-09-24 15:44:14 +0000] [916003] [INFO] Booting worker with pid: 916003
[2023-09-24 15:44:14 +0000] [916004] [INFO] Booting worker with pid: 916004
[2023-09-24 15:44:14 +0000] [916005] [INFO] Booting worker with pid: 916005
[2023-09-24 15:44:15 +0000] [916002] [INFO] Started server process [916002]
[2023-09-24 15:44:15 +0000] [916002] [INFO] Waiting for application startup.
[2023-09-24 15:44:15 +0000] [916002] [INFO] Application startup complete.
[2023-09-24 15:44:16 +0000] [916003] [INFO] Started server process [916003]
[2023-09-24 15:44:16 +0000] [916003] [INFO] Waiting for application startup.
[2023-09-24 15:44:16 +0000] [916003] [INFO] Application startup complete.
[2023-09-24 15:44:16 +0000] [916005] [INFO] Started server process [916005]
[2023-09-24 15:44:16 +0000] [916005] [INFO] Waiting for application startup.
[2023-09-24 15:44:16 +0000] [916005] [INFO] Application startup complete.
[2023-09-24 15:44:16 +0000] [916004] [INFO] Started server process [916004]
[2023-09-24 15:44:16 +0000] [916004] [INFO] Waiting for application startup.
[2023-09-24 15:44:16 +0000] [916004] [INFO] Application startup complete.
[2023-09-24 15:44:44 +0000] [915999] [INFO] Handling signal: term
[2023-09-24 15:44:44 +0000] [916003] [INFO] Shutting down
[2023-09-24 15:44:44 +0000] [916005] [INFO] Shutting down
[2023-09-24 15:44:44 +0000] [916002] [INFO] Shutting down
[2023-09-24 15:44:44 +0000] [916004] [INFO] Shutting down
[2023-09-24 15:44:44 +0000] [916003] [INFO] Waiting for application shutdown.
[2023-09-24 15:44:44 +0000] [916003] [INFO] Application shutdown complete.
[2023-09-24 15:44:44 +0000] [916003] [INFO] Finished server process [916003]
[2023-09-24 15:44:44 +0000] [916003] [INFO] Worker exiting (pid: 916003)
[2023-09-24 15:44:44 +0000] [916005] [INFO] Waiting for application shutdown.
[2023-09-24 15:44:44 +0000] [916005] [INFO] Application shutdown complete.
[2023-09-24 15:44:44 +0000] [916005] [INFO] Finished server process [916005]
[2023-09-24 15:44:44 +0000] [916005] [INFO] Worker exiting (pid: 916005)
[2023-09-24 15:44:44 +0000] [916002] [INFO] Waiting for application shutdown.
[2023-09-24 15:44:44 +0000] [916002] [INFO] Application shutdown complete.
[2023-09-24 15:44:44 +0000] [916002] [INFO] Finished server process [916002]
[2023-09-24 15:44:44 +0000] [916002] [INFO] Worker exiting (pid: 916002)
[2023-09-24 15:44:44 +0000] [916004] [INFO] Waiting for application shutdown.
[2023-09-24 15:44:44 +0000] [916004] [INFO] Application shutdown complete.
[2023-09-24 15:44:44 +0000] [916004] [INFO] Finished server process [916004]
[2023-09-24 15:44:44 +0000] [916004] [INFO] Worker exiting (pid: 916004)
[2023-09-24 15:44:44 +0000] [915999] [INFO] Shutting down: Master
[2023-09-24 15:44:45 +0000] [916070] [INFO] Starting gunicorn 21.2.0
[2023-09-24 15:44:45 +0000] [916070] [INFO] Listening at: https://0.0.0.0:443 (916070)
[2023-09-24 15:44:45 +0000] [916070] [INFO] Using worker: uvicorn.workers.UvicornWorker
[2023-09-24 15:44:45 +0000] [916072] [INFO] Booting worker with pid: 916072
[2023-09-24 15:44:45 +0000] [916073] [INFO] Booting worker with pid: 916073
[2023-09-24 15:44:45 +0000] [916074] [INFO] Booting worker with pid: 916074
[2023-09-24 15:44:45 +0000] [916075] [INFO] Booting worker with pid: 916075
[2023-09-24 15:44:47 +0000] [916072] [INFO] Started server process [916072]
[2023-09-24 15:44:47 +0000] [916072] [INFO] Waiting for application startup.
[2023-09-24 15:44:47 +0000] [916072] [INFO] Application startup complete.
[2023-09-24 15:44:47 +0000] [916073] [INFO] Started server process [916073]
[2023-09-24 15:44:47 +0000] [916073] [INFO] Waiting for application startup.
[2023-09-24 15:44:47 +0000] [916073] [INFO] Application startup complete.
[2023-09-24 15:44:47 +0000] [916075] [INFO] Started server process [916075]
[2023-09-24 15:44:47 +0000] [916075] [INFO] Waiting for application startup.
[2023-09-24 15:44:47 +0000] [916075] [INFO] Application startup complete.
[2023-09-24 15:44:47 +0000] [916074] [INFO] Started server process [916074]
[2023-09-24 15:44:47 +0000] [916074] [INFO] Waiting for application startup.
[2023-09-24 15:44:47 +0000] [916074] [INFO] Application startup complete.
[2023-09-24 15:45:01 +0000] [916070] [INFO] Handling signal: term
[2023-09-24 15:45:01 +0000] [916073] [INFO] Shutting down
[2023-09-24 15:45:01 +0000] [916075] [INFO] Shutting down
[2023-09-24 15:45:01 +0000] [916072] [INFO] Shutting down
[2023-09-24 15:45:02 +0000] [916074] [INFO] Shutting down
[2023-09-24 15:45:02 +0000] [916073] [INFO] Waiting for application shutdown.
[2023-09-24 15:45:02 +0000] [916073] [INFO] Application shutdown complete.
[2023-09-24 15:45:02 +0000] [916073] [INFO] Finished server process [916073]
[2023-09-24 15:45:02 +0000] [916073] [INFO] Worker exiting (pid: 916073)
[2023-09-24 15:45:02 +0000] [916075] [INFO] Waiting for application shutdown.
[2023-09-24 15:45:02 +0000] [916072] [INFO] Waiting for application shutdown.
[2023-09-24 15:45:02 +0000] [916075] [INFO] Application shutdown complete.
[2023-09-24 15:45:02 +0000] [916072] [INFO] Application shutdown complete.
[2023-09-24 15:45:02 +0000] [916075] [INFO] Finished server process [916075]
[2023-09-24 15:45:02 +0000] [916072] [INFO] Finished server process [916072]
[2023-09-24 15:45:02 +0000] [916072] [INFO] Worker exiting (pid: 916072)
[2023-09-24 15:45:02 +0000] [916075] [INFO] Worker exiting (pid: 916075)
[2023-09-24 15:45:02 +0000] [916074] [INFO] Waiting for application shutdown.
[2023-09-24 15:45:02 +0000] [916074] [INFO] Application shutdown complete.
[2023-09-24 15:45:02 +0000] [916074] [INFO] Finished server process [916074]
[2023-09-24 15:45:02 +0000] [916074] [INFO] Worker exiting (pid: 916074)
[2023-09-24 15:45:02 +0000] [916070] [INFO] Shutting down: Master
[2023-09-24 15:45:03 +0000] [916132] [INFO] Starting gunicorn 21.2.0
[2023-09-24 15:45:03 +0000] [916132] [INFO] Listening at: https://0.0.0.0:443 (916132)
[2023-09-24 15:45:03 +0000] [916132] [INFO] Using worker: uvicorn.workers.UvicornWorker
[2023-09-24 15:45:03 +0000] [916135] [INFO] Booting worker with pid: 916135
[2023-09-24 15:45:03 +0000] [916136] [INFO] Booting worker with pid: 916136
[2023-09-24 15:45:03 +0000] [916137] [INFO] Booting worker with pid: 916137
[2023-09-24 15:45:03 +0000] [916138] [INFO] Booting worker with pid: 916138
[2023-09-24 15:45:04 +0000] [916135] [INFO] Started server process [916135]
[2023-09-24 15:45:04 +0000] [916135] [INFO] Waiting for application startup.
[2023-09-24 15:45:04 +0000] [916135] [INFO] Application startup complete.
[2023-09-24 15:45:04 +0000] [916136] [INFO] Started server process [916136]
[2023-09-24 15:45:04 +0000] [916136] [INFO] Waiting for application startup.
[2023-09-24 15:45:04 +0000] [916136] [INFO] Application startup complete.
[2023-09-24 15:45:05 +0000] [916138] [INFO] Started server process [916138]
[2023-09-24 15:45:05 +0000] [916138] [INFO] Waiting for application startup.
[2023-09-24 15:45:05 +0000] [916138] [INFO] Application startup complete.
[2023-09-24 15:45:05 +0000] [916137] [INFO] Started server process [916137]
[2023-09-24 15:45:05 +0000] [916137] [INFO] Waiting for application startup.
[2023-09-24 15:45:05 +0000] [916137] [INFO] Application startup complete.
[2023-09-24 15:45:14 +0000] [916132] [INFO] Handling signal: term
[2023-09-24 15:45:14 +0000] [916138] [INFO] Shutting down
[2023-09-24 15:45:14 +0000] [916135] [INFO] Shutting down
[2023-09-24 15:45:14 +0000] [916136] [INFO] Shutting down
[2023-09-24 15:45:14 +0000] [916137] [INFO] Shutting down
[2023-09-24 15:45:14 +0000] [916138] [INFO] Waiting for application shutdown.
[2023-09-24 15:45:14 +0000] [916138] [INFO] Application shutdown complete.
[2023-09-24 15:45:14 +0000] [916138] [INFO] Finished server process [916138]
[2023-09-24 15:45:14 +0000] [916138] [INFO] Worker exiting (pid: 916138)
[2023-09-24 15:45:14 +0000] [916135] [INFO] Waiting for application shutdown.
[2023-09-24 15:45:14 +0000] [916135] [INFO] Application shutdown complete.
[2023-09-24 15:45:14 +0000] [916135] [INFO] Finished server process [916135]
[2023-09-24 15:45:14 +0000] [916135] [INFO] Worker exiting (pid: 916135)
[2023-09-24 15:45:14 +0000] [916136] [INFO] Waiting for application shutdown.
[2023-09-24 15:45:14 +0000] [916136] [INFO] Application shutdown complete.
[2023-09-24 15:45:14 +0000] [916136] [INFO] Finished server process [916136]
[2023-09-24 15:45:14 +0000] [916136] [INFO] Worker exiting (pid: 916136)
[2023-09-24 15:45:14 +0000] [916137] [INFO] Waiting for application shutdown.
[2023-09-24 15:45:14 +0000] [916137] [INFO] Application shutdown complete.
[2023-09-24 15:45:14 +0000] [916137] [INFO] Finished server process [916137]
[2023-09-24 15:45:14 +0000] [916137] [INFO] Worker exiting (pid: 916137)
[2023-09-24 15:45:15 +0000] [916132] [INFO] Shutting down: Master
[2023-09-24 15:45:15 +0000] [916219] [INFO] Starting gunicorn 21.2.0
[2023-09-24 15:45:15 +0000] [916219] [INFO] Listening at: https://0.0.0.0:443 (916219)
[2023-09-24 15:45:15 +0000] [916219] [INFO] Using worker: uvicorn.workers.UvicornWorker
[2023-09-24 15:45:15 +0000] [916222] [INFO] Booting worker with pid: 916222
[2023-09-24 15:45:15 +0000] [916223] [INFO] Booting worker with pid: 916223
[2023-09-24 15:45:16 +0000] [916224] [INFO] Booting worker with pid: 916224
[2023-09-24 15:45:16 +0000] [916225] [INFO] Booting worker with pid: 916225
[2023-09-24 15:45:17 +0000] [916222] [INFO] Started server process [916222]
[2023-09-24 15:45:17 +0000] [916222] [INFO] Waiting for application startup.
[2023-09-24 15:45:17 +0000] [916222] [INFO] Application startup complete.
[2023-09-24 15:45:17 +0000] [916223] [INFO] Started server process [916223]
[2023-09-24 15:45:17 +0000] [916223] [INFO] Waiting for application startup.
[2023-09-24 15:45:17 +0000] [916223] [INFO] Application startup complete.
[2023-09-24 15:45:17 +0000] [916224] [INFO] Started server process [916224]
[2023-09-24 15:45:17 +0000] [916224] [INFO] Waiting for application startup.
[2023-09-24 15:45:17 +0000] [916224] [INFO] Application startup complete.
[2023-09-24 15:45:17 +0000] [916225] [INFO] Started server process [916225]
[2023-09-24 15:45:17 +0000] [916225] [INFO] Waiting for application startup.
[2023-09-24 15:45:17 +0000] [916225] [INFO] Application startup complete.
[2023-09-24 15:45:17 +0000] [916219] [INFO] Handling signal: term
[2023-09-24 15:45:17 +0000] [916225] [INFO] Shutting down
[2023-09-24 15:45:17 +0000] [916222] [INFO] Shutting down
[2023-09-24 15:45:17 +0000] [916223] [INFO] Shutting down
[2023-09-24 15:45:17 +0000] [916224] [INFO] Shutting down
[2023-09-24 15:45:17 +0000] [916225] [INFO] Waiting for application shutdown.
[2023-09-24 15:45:17 +0000] [916225] [INFO] Application shutdown complete.
[2023-09-24 15:45:17 +0000] [916225] [INFO] Finished server process [916225]
[2023-09-24 15:45:17 +0000] [916225] [INFO] Worker exiting (pid: 916225)
[2023-09-24 15:45:17 +0000] [916222] [INFO] Waiting for application shutdown.
[2023-09-24 15:45:17 +0000] [916222] [INFO] Application shutdown complete.
[2023-09-24 15:45:17 +0000] [916222] [INFO] Finished server process [916222]
[2023-09-24 15:45:17 +0000] [916222] [INFO] Worker exiting (pid: 916222)
[2023-09-24 15:45:17 +0000] [916223] [INFO] Waiting for application shutdown.
[2023-09-24 15:45:17 +0000] [916223] [INFO] Application shutdown complete.
[2023-09-24 15:45:17 +0000] [916223] [INFO] Finished server process [916223]
[2023-09-24 15:45:17 +0000] [916223] [INFO] Worker exiting (pid: 916223)
[2023-09-24 15:45:17 +0000] [916224] [INFO] Waiting for application shutdown.
[2023-09-24 15:45:17 +0000] [916224] [INFO] Application shutdown complete.
[2023-09-24 15:45:17 +0000] [916224] [INFO] Finished server process [916224]
[2023-09-24 15:45:17 +0000] [916224] [INFO] Worker exiting (pid: 916224)
[2023-09-24 15:45:18 +0000] [916219] [INFO] Shutting down: Master
[2023-09-24 15:45:19 +0000] [916266] [INFO] Starting gunicorn 21.2.0
[2023-09-24 15:45:19 +0000] [916266] [INFO] Listening at: https://0.0.0.0:443 (916266)
[2023-09-24 15:45:19 +0000] [916266] [INFO] Using worker: uvicorn.workers.UvicornWorker
[2023-09-24 15:45:19 +0000] [916269] [INFO] Booting worker with pid: 916269
[2023-09-24 15:45:19 +0000] [916270] [INFO] Booting worker with pid: 916270
[2023-09-24 15:45:19 +0000] [916271] [INFO] Booting worker with pid: 916271
[2023-09-24 15:45:19 +0000] [916272] [INFO] Booting worker with pid: 916272
[2023-09-24 15:45:20 +0000] [916269] [INFO] Started server process [916269]
[2023-09-24 15:45:20 +0000] [916269] [INFO] Waiting for application startup.
[2023-09-24 15:45:20 +0000] [916269] [INFO] Application startup complete.
[2023-09-24 15:45:20 +0000] [916270] [INFO] Started server process [916270]
[2023-09-24 15:45:20 +0000] [916270] [INFO] Waiting for application startup.
[2023-09-24 15:45:20 +0000] [916270] [INFO] Application startup complete.
[2023-09-24 15:45:20 +0000] [916272] [INFO] Started server process [916272]
[2023-09-24 15:45:20 +0000] [916272] [INFO] Waiting for application startup.
[2023-09-24 15:45:20 +0000] [916272] [INFO] Application startup complete.
[2023-09-24 15:45:20 +0000] [916271] [INFO] Started server process [916271]
[2023-09-24 15:45:20 +0000] [916271] [INFO] Waiting for application startup.
[2023-09-24 15:45:20 +0000] [916271] [INFO] Application startup complete.
[2023-09-24 15:45:33 +0000] [916266] [INFO] Handling signal: term
[2023-09-24 15:45:33 +0000] [916271] [INFO] Shutting down
[2023-09-24 15:45:33 +0000] [916269] [INFO] Shutting down
[2023-09-24 15:45:33 +0000] [916270] [INFO] Shutting down
[2023-09-24 15:45:33 +0000] [916272] [INFO] Shutting down
[2023-09-24 15:45:33 +0000] [916271] [INFO] Waiting for application shutdown.
[2023-09-24 15:45:33 +0000] [916271] [INFO] Application shutdown complete.
[2023-09-24 15:45:33 +0000] [916271] [INFO] Finished server process [916271]
[2023-09-24 15:45:33 +0000] [916271] [INFO] Worker exiting (pid: 916271)
[2023-09-24 15:45:33 +0000] [916269] [INFO] Waiting for application shutdown.
[2023-09-24 15:45:33 +0000] [916269] [INFO] Application shutdown complete.
[2023-09-24 15:45:33 +0000] [916269] [INFO] Finished server process [916269]
[2023-09-24 15:45:33 +0000] [916269] [INFO] Worker exiting (pid: 916269)
[2023-09-24 15:45:33 +0000] [916270] [INFO] Waiting for application shutdown.
[2023-09-24 15:45:33 +0000] [916270] [INFO] Application shutdown complete.
[2023-09-24 15:45:33 +0000] [916270] [INFO] Finished server process [916270]
[2023-09-24 15:45:33 +0000] [916270] [INFO] Worker exiting (pid: 916270)
[2023-09-24 15:45:33 +0000] [916272] [INFO] Waiting for application shutdown.
[2023-09-24 15:45:33 +0000] [916272] [INFO] Application shutdown complete.
[2023-09-24 15:45:33 +0000] [916272] [INFO] Finished server process [916272]
[2023-09-24 15:45:33 +0000] [916272] [INFO] Worker exiting (pid: 916272)
[2023-09-24 15:45:33 +0000] [916266] [INFO] Shutting down: Master
[2023-09-24 15:45:34 +0000] [916322] [INFO] Starting gunicorn 21.2.0
[2023-09-24 15:45:34 +0000] [916322] [INFO] Listening at: https://0.0.0.0:443 (916322)
[2023-09-24 15:45:34 +0000] [916322] [INFO] Using worker: uvicorn.workers.UvicornWorker
[2023-09-24 15:45:34 +0000] [916324] [INFO] Booting worker with pid: 916324
[2023-09-24 15:45:34 +0000] [916325] [INFO] Booting worker with pid: 916325
[2023-09-24 15:45:34 +0000] [916326] [INFO] Booting worker with pid: 916326
[2023-09-24 15:45:34 +0000] [916327] [INFO] Booting worker with pid: 916327
[2023-09-24 15:45:36 +0000] [916324] [INFO] Started server process [916324]
[2023-09-24 15:45:36 +0000] [916324] [INFO] Waiting for application startup.
[2023-09-24 15:45:36 +0000] [916324] [INFO] Application startup complete.
[2023-09-24 15:45:36 +0000] [916325] [INFO] Started server process [916325]
[2023-09-24 15:45:36 +0000] [916325] [INFO] Waiting for application startup.
[2023-09-24 15:45:36 +0000] [916325] [INFO] Application startup complete.
[2023-09-24 15:45:36 +0000] [916326] [INFO] Started server process [916326]
[2023-09-24 15:45:36 +0000] [916326] [INFO] Waiting for application startup.
[2023-09-24 15:45:36 +0000] [916326] [INFO] Application startup complete.
[2023-09-24 15:45:36 +0000] [916327] [INFO] Started server process [916327]
[2023-09-24 15:45:36 +0000] [916327] [INFO] Waiting for application startup.
[2023-09-24 15:45:36 +0000] [916327] [INFO] Application startup complete.
[2023-09-24 15:47:01 +0000] [916322] [INFO] Handling signal: term
[2023-09-24 15:47:01 +0000] [916326] [INFO] Shutting down
[2023-09-24 15:47:01 +0000] [916327] [INFO] Shutting down
[2023-09-24 15:47:01 +0000] [916325] [INFO] Shutting down
[2023-09-24 15:47:01 +0000] [916324] [INFO] Shutting down
[2023-09-24 15:47:01 +0000] [916326] [INFO] Waiting for application shutdown.
[2023-09-24 15:47:01 +0000] [916326] [INFO] Application shutdown complete.
[2023-09-24 15:47:01 +0000] [916326] [INFO] Finished server process [916326]
[2023-09-24 15:47:01 +0000] [916326] [INFO] Worker exiting (pid: 916326)
[2023-09-24 15:47:01 +0000] [916327] [INFO] Waiting for application shutdown.
[2023-09-24 15:47:01 +0000] [916325] [INFO] Waiting for application shutdown.
[2023-09-24 15:47:01 +0000] [916327] [INFO] Application shutdown complete.
[2023-09-24 15:47:01 +0000] [916327] [INFO] Finished server process [916327]
[2023-09-24 15:47:01 +0000] [916325] [INFO] Application shutdown complete.
[2023-09-24 15:47:01 +0000] [916325] [INFO] Finished server process [916325]
[2023-09-24 15:47:01 +0000] [916324] [INFO] Waiting for application shutdown.
[2023-09-24 15:47:01 +0000] [916325] [INFO] Worker exiting (pid: 916325)
[2023-09-24 15:47:01 +0000] [916324] [INFO] Application shutdown complete.
[2023-09-24 15:47:01 +0000] [916324] [INFO] Finished server process [916324]
[2023-09-24 15:47:01 +0000] [916324] [INFO] Worker exiting (pid: 916324)
[2023-09-24 15:47:01 +0000] [916327] [INFO] Worker exiting (pid: 916327)
[2023-09-24 15:47:01 +0000] [916322] [INFO] Shutting down: Master
[2023-09-24 15:47:02 +0000] [916455] [INFO] Starting gunicorn 21.2.0
[2023-09-24 15:47:02 +0000] [916455] [INFO] Listening at: https://0.0.0.0:443 (916455)
[2023-09-24 15:47:02 +0000] [916455] [INFO] Using worker: uvicorn.workers.UvicornWorker
[2023-09-24 15:47:02 +0000] [916457] [INFO] Booting worker with pid: 916457
[2023-09-24 15:47:03 +0000] [916458] [INFO] Booting worker with pid: 916458
[2023-09-24 15:47:03 +0000] [916459] [INFO] Booting worker with pid: 916459
[2023-09-24 15:47:03 +0000] [916460] [INFO] Booting worker with pid: 916460
[2023-09-24 15:47:04 +0000] [916457] [INFO] Started server process [916457]
[2023-09-24 15:47:04 +0000] [916457] [INFO] Waiting for application startup.
[2023-09-24 15:47:04 +0000] [916457] [INFO] Application startup complete.
[2023-09-24 15:47:04 +0000] [916458] [INFO] Started server process [916458]
[2023-09-24 15:47:04 +0000] [916458] [INFO] Waiting for application startup.
[2023-09-24 15:47:04 +0000] [916458] [INFO] Application startup complete.
[2023-09-24 15:47:04 +0000] [916460] [INFO] Started server process [916460]
[2023-09-24 15:47:04 +0000] [916460] [INFO] Waiting for application startup.
[2023-09-24 15:47:04 +0000] [916460] [INFO] Application startup complete.
[2023-09-24 15:47:04 +0000] [916459] [INFO] Started server process [916459]
[2023-09-24 15:47:04 +0000] [916459] [INFO] Waiting for application startup.
[2023-09-24 15:47:04 +0000] [916459] [INFO] Application startup complete.
[2023-09-24 15:49:27 +0000] [916455] [INFO] Handling signal: term
[2023-09-24 15:49:27 +0000] [916460] [INFO] Shutting down
[2023-09-24 15:49:27 +0000] [916458] [INFO] Shutting down
[2023-09-24 15:49:27 +0000] [916457] [INFO] Shutting down
[2023-09-24 15:49:27 +0000] [916459] [INFO] Shutting down
[2023-09-24 15:49:27 +0000] [916460] [INFO] Waiting for application shutdown.
[2023-09-24 15:49:27 +0000] [916460] [INFO] Application shutdown complete.
[2023-09-24 15:49:27 +0000] [916460] [INFO] Finished server process [916460]
[2023-09-24 15:49:27 +0000] [916460] [INFO] Worker exiting (pid: 916460)
[2023-09-24 15:49:27 +0000] [916458] [INFO] Waiting for application shutdown.
[2023-09-24 15:49:27 +0000] [916458] [INFO] Application shutdown complete.
[2023-09-24 15:49:27 +0000] [916458] [INFO] Finished server process [916458]
[2023-09-24 15:49:27 +0000] [916458] [INFO] Worker exiting (pid: 916458)
[2023-09-24 15:49:27 +0000] [916457] [INFO] Waiting for application shutdown.
[2023-09-24 15:49:27 +0000] [916457] [INFO] Application shutdown complete.
[2023-09-24 15:49:27 +0000] [916457] [INFO] Finished server process [916457]
[2023-09-24 15:49:27 +0000] [916457] [INFO] Worker exiting (pid: 916457)
[2023-09-24 15:49:27 +0000] [916459] [INFO] Waiting for application shutdown.
[2023-09-24 15:49:27 +0000] [916459] [INFO] Application shutdown complete.
[2023-09-24 15:49:27 +0000] [916459] [INFO] Finished server process [916459]
[2023-09-24 15:49:27 +0000] [916459] [INFO] Worker exiting (pid: 916459)
[2023-09-24 15:49:27 +0000] [916455] [INFO] Shutting down: Master
[2023-09-24 15:49:28 +0000] [916621] [INFO] Starting gunicorn 21.2.0
[2023-09-24 15:49:28 +0000] [916621] [INFO] Listening at: https://0.0.0.0:443 (916621)
[2023-09-24 15:49:28 +0000] [916621] [INFO] Using worker: uvicorn.workers.UvicornWorker
[2023-09-24 15:49:28 +0000] [916623] [INFO] Booting worker with pid: 916623
[2023-09-24 15:49:28 +0000] [916624] [INFO] Booting worker with pid: 916624
[2023-09-24 15:49:28 +0000] [916625] [INFO] Booting worker with pid: 916625
[2023-09-24 15:49:28 +0000] [916626] [INFO] Booting worker with pid: 916626
[2023-09-24 15:49:30 +0000] [916623] [INFO] Started server process [916623]
[2023-09-24 15:49:30 +0000] [916623] [INFO] Waiting for application startup.
[2023-09-24 15:49:30 +0000] [916623] [INFO] Application startup complete.
[2023-09-24 15:49:30 +0000] [916624] [INFO] Started server process [916624]
[2023-09-24 15:49:30 +0000] [916624] [INFO] Waiting for application startup.
[2023-09-24 15:49:30 +0000] [916624] [INFO] Application startup complete.
[2023-09-24 15:49:30 +0000] [916625] [INFO] Started server process [916625]
[2023-09-24 15:49:30 +0000] [916625] [INFO] Waiting for application startup.
[2023-09-24 15:49:30 +0000] [916625] [INFO] Application startup complete.
[2023-09-24 15:49:30 +0000] [916626] [INFO] Started server process [916626]
[2023-09-24 15:49:30 +0000] [916626] [INFO] Waiting for application startup.
[2023-09-24 15:49:30 +0000] [916626] [INFO] Application startup complete.
[2023-09-24 15:49:36 +0000] [916621] [INFO] Handling signal: term
[2023-09-24 15:49:36 +0000] [916625] [INFO] Shutting down
[2023-09-24 15:49:36 +0000] [916623] [INFO] Shutting down
[2023-09-24 15:49:36 +0000] [916624] [INFO] Shutting down
[2023-09-24 15:49:36 +0000] [916626] [INFO] Shutting down
[2023-09-24 15:49:36 +0000] [916625] [INFO] Waiting for application shutdown.
[2023-09-24 15:49:36 +0000] [916625] [INFO] Application shutdown complete.
[2023-09-24 15:49:36 +0000] [916625] [INFO] Finished server process [916625]
[2023-09-24 15:49:36 +0000] [916625] [INFO] Worker exiting (pid: 916625)
[2023-09-24 15:49:36 +0000] [916623] [INFO] Waiting for application shutdown.
[2023-09-24 15:49:36 +0000] [916623] [INFO] Application shutdown complete.
[2023-09-24 15:49:36 +0000] [916623] [INFO] Finished server process [916623]
[2023-09-24 15:49:36 +0000] [916623] [INFO] Worker exiting (pid: 916623)
[2023-09-24 15:49:36 +0000] [916624] [INFO] Waiting for application shutdown.
[2023-09-24 15:49:36 +0000] [916624] [INFO] Application shutdown complete.
[2023-09-24 15:49:36 +0000] [916624] [INFO] Finished server process [916624]
[2023-09-24 15:49:36 +0000] [916624] [INFO] Worker exiting (pid: 916624)
[2023-09-24 15:49:36 +0000] [916626] [INFO] Waiting for application shutdown.
[2023-09-24 15:49:36 +0000] [916626] [INFO] Application shutdown complete.
[2023-09-24 15:49:36 +0000] [916626] [INFO] Finished server process [916626]
[2023-09-24 15:49:36 +0000] [916626] [INFO] Worker exiting (pid: 916626)
[2023-09-24 15:49:36 +0000] [916621] [INFO] Shutting down: Master
[2023-09-24 15:49:37 +0000] [916677] [INFO] Starting gunicorn 21.2.0
[2023-09-24 15:49:37 +0000] [916677] [INFO] Listening at: https://0.0.0.0:443 (916677)
[2023-09-24 15:49:37 +0000] [916677] [INFO] Using worker: uvicorn.workers.UvicornWorker
[2023-09-24 15:49:37 +0000] [916679] [INFO] Booting worker with pid: 916679
[2023-09-24 15:49:37 +0000] [916680] [INFO] Booting worker with pid: 916680
[2023-09-24 15:49:37 +0000] [916681] [INFO] Booting worker with pid: 916681
[2023-09-24 15:49:37 +0000] [916682] [INFO] Booting worker with pid: 916682
[2023-09-24 15:49:39 +0000] [916679] [INFO] Started server process [916679]
[2023-09-24 15:49:39 +0000] [916679] [INFO] Waiting for application startup.
[2023-09-24 15:49:39 +0000] [916679] [INFO] Application startup complete.
[2023-09-24 15:49:39 +0000] [916681] [INFO] Started server process [916681]
[2023-09-24 15:49:39 +0000] [916681] [INFO] Waiting for application startup.
[2023-09-24 15:49:39 +0000] [916681] [INFO] Application startup complete.
[2023-09-24 15:49:39 +0000] [916680] [INFO] Started server process [916680]
[2023-09-24 15:49:39 +0000] [916680] [INFO] Waiting for application startup.
[2023-09-24 15:49:39 +0000] [916680] [INFO] Application startup complete.
[2023-09-24 15:49:39 +0000] [916682] [INFO] Started server process [916682]
[2023-09-24 15:49:39 +0000] [916682] [INFO] Waiting for application startup.
[2023-09-24 15:49:39 +0000] [916682] [INFO] Application startup complete.
[2023-09-24 15:53:52 +0000] [916677] [INFO] Handling signal: term
[2023-09-24 15:53:52 +0000] [916681] [INFO] Shutting down
[2023-09-24 15:53:52 +0000] [916680] [INFO] Shutting down
[2023-09-24 15:53:52 +0000] [916679] [INFO] Shutting down
[2023-09-24 15:53:52 +0000] [916682] [INFO] Shutting down
[2023-09-24 15:53:52 +0000] [916681] [INFO] Waiting for application shutdown.
[2023-09-24 15:53:52 +0000] [916681] [INFO] Application shutdown complete.
[2023-09-24 15:53:52 +0000] [916681] [INFO] Finished server process [916681]
[2023-09-24 15:53:52 +0000] [916681] [INFO] Worker exiting (pid: 916681)
[2023-09-24 15:53:52 +0000] [916680] [INFO] Waiting for application shutdown.
[2023-09-24 15:53:52 +0000] [916680] [INFO] Application shutdown complete.
[2023-09-24 15:53:52 +0000] [916680] [INFO] Finished server process [916680]
[2023-09-24 15:53:52 +0000] [916680] [INFO] Worker exiting (pid: 916680)
[2023-09-24 15:53:52 +0000] [916679] [INFO] Waiting for application shutdown.
[2023-09-24 15:53:52 +0000] [916679] [INFO] Application shutdown complete.
[2023-09-24 15:53:52 +0000] [916679] [INFO] Finished server process [916679]
[2023-09-24 15:53:52 +0000] [916679] [INFO] Worker exiting (pid: 916679)
[2023-09-24 15:53:52 +0000] [916682] [INFO] Waiting for application shutdown.
[2023-09-24 15:53:52 +0000] [916682] [INFO] Application shutdown complete.
[2023-09-24 15:53:52 +0000] [916682] [INFO] Finished server process [916682]
[2023-09-24 15:53:52 +0000] [916682] [INFO] Worker exiting (pid: 916682)
[2023-09-24 15:53:52 +0000] [916677] [INFO] Shutting down: Master
[2023-09-24 15:53:53 +0000] [916872] [INFO] Starting gunicorn 21.2.0
[2023-09-24 15:53:53 +0000] [916872] [INFO] Listening at: https://0.0.0.0:443 (916872)
[2023-09-24 15:53:53 +0000] [916872] [INFO] Using worker: uvicorn.workers.UvicornWorker
[2023-09-24 15:53:53 +0000] [916875] [INFO] Booting worker with pid: 916875
[2023-09-24 15:53:53 +0000] [916876] [INFO] Booting worker with pid: 916876
[2023-09-24 15:53:53 +0000] [916877] [INFO] Booting worker with pid: 916877
[2023-09-24 15:53:53 +0000] [916878] [INFO] Booting worker with pid: 916878
[2023-09-24 15:53:54 +0000] [916875] [INFO] Started server process [916875]
[2023-09-24 15:53:54 +0000] [916875] [INFO] Waiting for application startup.
[2023-09-24 15:53:54 +0000] [916875] [INFO] Application startup complete.
[2023-09-24 15:53:54 +0000] [916876] [INFO] Started server process [916876]
[2023-09-24 15:53:54 +0000] [916876] [INFO] Waiting for application startup.
[2023-09-24 15:53:54 +0000] [916876] [INFO] Application startup complete.
[2023-09-24 15:53:54 +0000] [916877] [INFO] Started server process [916877]
[2023-09-24 15:53:54 +0000] [916877] [INFO] Waiting for application startup.
[2023-09-24 15:53:54 +0000] [916877] [INFO] Application startup complete.
[2023-09-24 15:53:54 +0000] [916878] [INFO] Started server process [916878]
[2023-09-24 15:53:54 +0000] [916878] [INFO] Waiting for application startup.
[2023-09-24 15:53:54 +0000] [916878] [INFO] Application startup complete.
[2023-09-24 15:53:56 +0000] [916901] [INFO] Starting gunicorn 21.2.0
[2023-09-24 15:54:12 +0000] [916872] [INFO] Handling signal: term
[2023-09-24 15:54:12 +0000] [916878] [INFO] Shutting down
[2023-09-24 15:54:12 +0000] [916875] [INFO] Shutting down
[2023-09-24 15:54:13 +0000] [916876] [INFO] Shutting down
[2023-09-24 15:54:13 +0000] [916877] [INFO] Shutting down
[2023-09-24 15:54:13 +0000] [916878] [INFO] Waiting for application shutdown.
[2023-09-24 15:54:13 +0000] [916878] [INFO] Application shutdown complete.
[2023-09-24 15:54:13 +0000] [916878] [INFO] Finished server process [916878]
[2023-09-24 15:54:13 +0000] [916878] [INFO] Worker exiting (pid: 916878)
[2023-09-24 15:54:13 +0000] [916875] [INFO] Waiting for application shutdown.
[2023-09-24 15:54:13 +0000] [916875] [INFO] Application shutdown complete.
[2023-09-24 15:54:13 +0000] [916875] [INFO] Finished server process [916875]
[2023-09-24 15:54:13 +0000] [916875] [INFO] Worker exiting (pid: 916875)
[2023-09-24 15:54:13 +0000] [916876] [INFO] Waiting for application shutdown.
[2023-09-24 15:54:13 +0000] [916876] [INFO] Application shutdown complete.
[2023-09-24 15:54:13 +0000] [916876] [INFO] Finished server process [916876]
[2023-09-24 15:54:13 +0000] [916876] [INFO] Worker exiting (pid: 916876)
[2023-09-24 15:54:13 +0000] [916877] [INFO] Waiting for application shutdown.
[2023-09-24 15:54:13 +0000] [916877] [INFO] Application shutdown complete.
[2023-09-24 15:54:13 +0000] [916877] [INFO] Finished server process [916877]
[2023-09-24 15:54:13 +0000] [916877] [INFO] Worker exiting (pid: 916877)
[2023-09-24 15:54:13 +0000] [916872] [INFO] Shutting down: Master
[2023-09-24 15:54:14 +0000] [916943] [INFO] Starting gunicorn 21.2.0
[2023-09-24 15:54:14 +0000] [916943] [INFO] Listening at: https://0.0.0.0:443 (916943)
[2023-09-24 15:54:14 +0000] [916943] [INFO] Using worker: uvicorn.workers.UvicornWorker
[2023-09-24 15:54:14 +0000] [916945] [INFO] Booting worker with pid: 916945
[2023-09-24 15:54:14 +0000] [916946] [INFO] Booting worker with pid: 916946
[2023-09-24 15:54:14 +0000] [916947] [INFO] Booting worker with pid: 916947
[2023-09-24 15:54:14 +0000] [916948] [INFO] Booting worker with pid: 916948
[2023-09-24 15:54:15 +0000] [916945] [INFO] Started server process [916945]
[2023-09-24 15:54:15 +0000] [916945] [INFO] Waiting for application startup.
[2023-09-24 15:54:15 +0000] [916945] [INFO] Application startup complete.
[2023-09-24 15:54:15 +0000] [916946] [INFO] Started server process [916946]
[2023-09-24 15:54:15 +0000] [916946] [INFO] Waiting for application startup.
[2023-09-24 15:54:15 +0000] [916946] [INFO] Application startup complete.
[2023-09-24 15:54:15 +0000] [916947] [INFO] Started server process [916947]
[2023-09-24 15:54:15 +0000] [916947] [INFO] Waiting for application startup.
[2023-09-24 15:54:15 +0000] [916947] [INFO] Application startup complete.
[2023-09-24 15:54:15 +0000] [916948] [INFO] Started server process [916948]
[2023-09-24 15:54:15 +0000] [916948] [INFO] Waiting for application startup.
[2023-09-24 15:54:15 +0000] [916948] [INFO] Application startup complete.
[2023-09-24 15:55:08 +0000] [916943] [INFO] Handling signal: term
[2023-09-24 15:55:08 +0000] [916945] [INFO] Shutting down
[2023-09-24 15:55:08 +0000] [916947] [INFO] Shutting down
[2023-09-24 15:55:08 +0000] [916948] [INFO] Shutting down
[2023-09-24 15:55:08 +0000] [916946] [INFO] Shutting down
[2023-09-24 15:55:08 +0000] [916945] [INFO] Waiting for application shutdown.
[2023-09-24 15:55:08 +0000] [916945] [INFO] Application shutdown complete.
[2023-09-24 15:55:08 +0000] [916945] [INFO] Finished server process [916945]
[2023-09-24 15:55:08 +0000] [916945] [INFO] Worker exiting (pid: 916945)
[2023-09-24 15:55:08 +0000] [916947] [INFO] Waiting for application shutdown.
[2023-09-24 15:55:08 +0000] [916947] [INFO] Application shutdown complete.
[2023-09-24 15:55:08 +0000] [916947] [INFO] Finished server process [916947]
[2023-09-24 15:55:08 +0000] [916947] [INFO] Worker exiting (pid: 916947)
[2023-09-24 15:55:08 +0000] [916948] [INFO] Waiting for application shutdown.
[2023-09-24 15:55:08 +0000] [916948] [INFO] Application shutdown complete.
[2023-09-24 15:55:08 +0000] [916948] [INFO] Finished server process [916948]
[2023-09-24 15:55:08 +0000] [916948] [INFO] Worker exiting (pid: 916948)
[2023-09-24 15:55:08 +0000] [916946] [INFO] Waiting for application shutdown.
[2023-09-24 15:55:08 +0000] [916946] [INFO] Application shutdown complete.
[2023-09-24 15:55:08 +0000] [916946] [INFO] Finished server process [916946]
[2023-09-24 15:55:08 +0000] [916946] [INFO] Worker exiting (pid: 916946)
[2023-09-24 15:55:09 +0000] [916943] [INFO] Shutting down: Master
[2023-09-24 15:55:10 +0000] [917035] [INFO] Starting gunicorn 21.2.0
[2023-09-24 15:55:10 +0000] [917035] [INFO] Listening at: https://0.0.0.0:443 (917035)
[2023-09-24 15:55:10 +0000] [917035] [INFO] Using worker: uvicorn.workers.UvicornWorker
[2023-09-24 15:55:10 +0000] [917038] [INFO] Booting worker with pid: 917038
[2023-09-24 15:55:10 +0000] [917039] [INFO] Booting worker with pid: 917039
[2023-09-24 15:55:10 +0000] [917040] [INFO] Booting worker with pid: 917040
[2023-09-24 15:55:10 +0000] [917041] [INFO] Booting worker with pid: 917041
[2023-09-24 15:55:11 +0000] [917038] [INFO] Started server process [917038]
[2023-09-24 15:55:11 +0000] [917038] [INFO] Waiting for application startup.
[2023-09-24 15:55:11 +0000] [917038] [INFO] Application startup complete.
[2023-09-24 15:55:11 +0000] [917039] [INFO] Started server process [917039]
[2023-09-24 15:55:11 +0000] [917039] [INFO] Waiting for application startup.
[2023-09-24 15:55:11 +0000] [917039] [INFO] Application startup complete.
[2023-09-24 15:55:11 +0000] [917041] [INFO] Started server process [917041]
[2023-09-24 15:55:11 +0000] [917041] [INFO] Waiting for application startup.
[2023-09-24 15:55:11 +0000] [917041] [INFO] Application startup complete.
[2023-09-24 15:55:11 +0000] [917040] [INFO] Started server process [917040]
[2023-09-24 15:55:11 +0000] [917040] [INFO] Waiting for application startup.
[2023-09-24 15:55:11 +0000] [917040] [INFO] Application startup complete.
[2023-09-24 15:55:22 +0000] [917035] [INFO] Handling signal: term
[2023-09-24 15:55:22 +0000] [917038] [INFO] Shutting down
[2023-09-24 15:55:22 +0000] [917039] [INFO] Shutting down
[2023-09-24 15:55:22 +0000] [917041] [INFO] Shutting down
[2023-09-24 15:55:22 +0000] [917040] [INFO] Shutting down
[2023-09-24 15:55:22 +0000] [917038] [INFO] Waiting for application shutdown.
[2023-09-24 15:55:22 +0000] [917038] [INFO] Application shutdown complete.
[2023-09-24 15:55:22 +0000] [917038] [INFO] Finished server process [917038]
[2023-09-24 15:55:22 +0000] [917039] [INFO] Waiting for application shutdown.
[2023-09-24 15:55:22 +0000] [917039] [INFO] Application shutdown complete.
[2023-09-24 15:55:22 +0000] [917039] [INFO] Finished server process [917039]
[2023-09-24 15:55:22 +0000] [917038] [INFO] Worker exiting (pid: 917038)
[2023-09-24 15:55:22 +0000] [917039] [INFO] Worker exiting (pid: 917039)
[2023-09-24 15:55:22 +0000] [917041] [INFO] Waiting for application shutdown.
[2023-09-24 15:55:22 +0000] [917041] [INFO] Application shutdown complete.
[2023-09-24 15:55:22 +0000] [917041] [INFO] Finished server process [917041]
[2023-09-24 15:55:22 +0000] [917041] [INFO] Worker exiting (pid: 917041)
[2023-09-24 15:55:22 +0000] [917040] [INFO] Waiting for application shutdown.
[2023-09-24 15:55:22 +0000] [917040] [INFO] Application shutdown complete.
[2023-09-24 15:55:22 +0000] [917040] [INFO] Finished server process [917040]
[2023-09-24 15:55:22 +0000] [917040] [INFO] Worker exiting (pid: 917040)
[2023-09-24 15:55:22 +0000] [917035] [INFO] Shutting down: Master
[2023-09-24 15:55:24 +0000] [917108] [INFO] Starting gunicorn 21.2.0
[2023-09-24 15:55:24 +0000] [917108] [INFO] Listening at: https://0.0.0.0:443 (917108)
[2023-09-24 15:55:24 +0000] [917108] [INFO] Using worker: uvicorn.workers.UvicornWorker
[2023-09-24 15:55:24 +0000] [917111] [INFO] Booting worker with pid: 917111
[2023-09-24 15:55:24 +0000] [917112] [INFO] Booting worker with pid: 917112
[2023-09-24 15:55:24 +0000] [917113] [INFO] Booting worker with pid: 917113
[2023-09-24 15:55:24 +0000] [917114] [INFO] Booting worker with pid: 917114
[2023-09-24 15:55:25 +0000] [917111] [INFO] Started server process [917111]
[2023-09-24 15:55:25 +0000] [917111] [INFO] Waiting for application startup.
[2023-09-24 15:55:25 +0000] [917111] [INFO] Application startup complete.
[2023-09-24 15:55:26 +0000] [917112] [INFO] Started server process [917112]
[2023-09-24 15:55:26 +0000] [917112] [INFO] Waiting for application startup.
[2023-09-24 15:55:26 +0000] [917112] [INFO] Application startup complete.
[2023-09-24 15:55:26 +0000] [917113] [INFO] Started server process [917113]
[2023-09-24 15:55:26 +0000] [917113] [INFO] Waiting for application startup.
[2023-09-24 15:55:26 +0000] [917113] [INFO] Application startup complete.
[2023-09-24 15:55:26 +0000] [917114] [INFO] Started server process [917114]
[2023-09-24 15:55:26 +0000] [917114] [INFO] Waiting for application startup.
[2023-09-24 15:55:26 +0000] [917114] [INFO] Application startup complete.
[2023-09-24 15:55:38 +0000] [917108] [INFO] Handling signal: term
[2023-09-24 15:55:38 +0000] [917111] [INFO] Shutting down
[2023-09-24 15:55:38 +0000] [917114] [INFO] Shutting down
[2023-09-24 15:55:38 +0000] [917112] [INFO] Shutting down
[2023-09-24 15:55:38 +0000] [917113] [INFO] Shutting down
[2023-09-24 15:55:38 +0000] [917111] [INFO] Waiting for application shutdown.
[2023-09-24 15:55:38 +0000] [917111] [INFO] Application shutdown complete.
[2023-09-24 15:55:38 +0000] [917111] [INFO] Finished server process [917111]
[2023-09-24 15:55:38 +0000] [917111] [INFO] Worker exiting (pid: 917111)
[2023-09-24 15:55:38 +0000] [917114] [INFO] Waiting for application shutdown.
[2023-09-24 15:55:38 +0000] [917114] [INFO] Application shutdown complete.
[2023-09-24 15:55:38 +0000] [917114] [INFO] Finished server process [917114]
[2023-09-24 15:55:38 +0000] [917114] [INFO] Worker exiting (pid: 917114)
[2023-09-24 15:55:38 +0000] [917112] [INFO] Waiting for application shutdown.
[2023-09-24 15:55:38 +0000] [917112] [INFO] Application shutdown complete.
[2023-09-24 15:55:38 +0000] [917112] [INFO] Finished server process [917112]
[2023-09-24 15:55:38 +0000] [917112] [INFO] Worker exiting (pid: 917112)
[2023-09-24 15:55:38 +0000] [917113] [INFO] Waiting for application shutdown.
[2023-09-24 15:55:38 +0000] [917113] [INFO] Application shutdown complete.
[2023-09-24 15:55:38 +0000] [917113] [INFO] Finished server process [917113]
[2023-09-24 15:55:38 +0000] [917113] [INFO] Worker exiting (pid: 917113)
[2023-09-24 15:55:38 +0000] [917108] [INFO] Shutting down: Master
[2023-09-24 15:55:39 +0000] [917174] [INFO] Starting gunicorn 21.2.0
[2023-09-24 15:55:39 +0000] [917174] [INFO] Listening at: https://0.0.0.0:443 (917174)
[2023-09-24 15:55:39 +0000] [917174] [INFO] Using worker: uvicorn.workers.UvicornWorker
[2023-09-24 15:55:39 +0000] [917177] [INFO] Booting worker with pid: 917177
[2023-09-24 15:55:39 +0000] [917178] [INFO] Booting worker with pid: 917178
[2023-09-24 15:55:40 +0000] [917179] [INFO] Booting worker with pid: 917179
[2023-09-24 15:55:40 +0000] [917180] [INFO] Booting worker with pid: 917180
[2023-09-24 15:55:41 +0000] [917177] [INFO] Started server process [917177]
[2023-09-24 15:55:41 +0000] [917177] [INFO] Waiting for application startup.
[2023-09-24 15:55:41 +0000] [917177] [INFO] Application startup complete.
[2023-09-24 15:55:41 +0000] [917178] [INFO] Started server process [917178]
[2023-09-24 15:55:41 +0000] [917178] [INFO] Waiting for application startup.
[2023-09-24 15:55:41 +0000] [917178] [INFO] Application startup complete.
[2023-09-24 15:55:41 +0000] [917179] [INFO] Started server process [917179]
[2023-09-24 15:55:41 +0000] [917179] [INFO] Waiting for application startup.
[2023-09-24 15:55:41 +0000] [917179] [INFO] Application startup complete.
[2023-09-24 15:55:41 +0000] [917180] [INFO] Started server process [917180]
[2023-09-24 15:55:41 +0000] [917180] [INFO] Waiting for application startup.
[2023-09-24 15:55:41 +0000] [917180] [INFO] Application startup complete.
[2023-09-24 16:13:48 +0000] [917174] [INFO] Handling signal: term
[2023-09-24 16:13:48 +0000] [917179] [INFO] Shutting down
[2023-09-24 16:13:48 +0000] [917178] [INFO] Shutting down
[2023-09-24 16:13:48 +0000] [917180] [INFO] Shutting down
[2023-09-24 16:13:48 +0000] [917177] [INFO] Shutting down
[2023-09-24 16:13:48 +0000] [917179] [INFO] Waiting for application shutdown.
[2023-09-24 16:13:48 +0000] [917179] [INFO] Application shutdown complete.
[2023-09-24 16:13:48 +0000] [917179] [INFO] Finished server process [917179]
[2023-09-24 16:13:48 +0000] [917179] [INFO] Worker exiting (pid: 917179)
[2023-09-24 16:13:48 +0000] [917178] [INFO] Waiting for application shutdown.
[2023-09-24 16:13:48 +0000] [917178] [INFO] Application shutdown complete.
[2023-09-24 16:13:48 +0000] [917178] [INFO] Finished server process [917178]
[2023-09-24 16:13:48 +0000] [917178] [INFO] Worker exiting (pid: 917178)
[2023-09-24 16:13:49 +0000] [917180] [INFO] Waiting for application shutdown.
[2023-09-24 16:13:49 +0000] [917180] [INFO] Application shutdown complete.
[2023-09-24 16:13:49 +0000] [917180] [INFO] Finished server process [917180]
[2023-09-24 16:13:49 +0000] [917180] [INFO] Worker exiting (pid: 917180)
[2023-09-24 16:13:49 +0000] [917177] [INFO] Waiting for application shutdown.
[2023-09-24 16:13:49 +0000] [917177] [INFO] Application shutdown complete.
[2023-09-24 16:13:49 +0000] [917177] [INFO] Finished server process [917177]
[2023-09-24 16:13:49 +0000] [917177] [INFO] Worker exiting (pid: 917177)
[2023-09-24 16:13:49 +0000] [917174] [INFO] Shutting down: Master
[2023-09-24 16:13:50 +0000] [918022] [INFO] Starting gunicorn 21.2.0
[2023-09-24 16:13:50 +0000] [918022] [INFO] Listening at: https://0.0.0.0:443 (918022)
[2023-09-24 16:13:50 +0000] [918022] [INFO] Using worker: uvicorn.workers.UvicornWorker
[2023-09-24 16:13:50 +0000] [918025] [INFO] Booting worker with pid: 918025
[2023-09-24 16:13:50 +0000] [918026] [INFO] Booting worker with pid: 918026
[2023-09-24 16:13:50 +0000] [918027] [INFO] Booting worker with pid: 918027
[2023-09-24 16:13:50 +0000] [918028] [INFO] Booting worker with pid: 918028
[2023-09-24 16:13:52 +0000] [918025] [INFO] Started server process [918025]
[2023-09-24 16:13:52 +0000] [918025] [INFO] Waiting for application startup.
[2023-09-24 16:13:52 +0000] [918025] [INFO] Application startup complete.
[2023-09-24 16:13:52 +0000] [918026] [INFO] Started server process [918026]
[2023-09-24 16:13:52 +0000] [918026] [INFO] Waiting for application startup.
[2023-09-24 16:13:52 +0000] [918026] [INFO] Application startup complete.
[2023-09-24 16:13:52 +0000] [918028] [INFO] Started server process [918028]
[2023-09-24 16:13:52 +0000] [918028] [INFO] Waiting for application startup.
[2023-09-24 16:13:52 +0000] [918028] [INFO] Application startup complete.
[2023-09-24 16:13:52 +0000] [918027] [INFO] Started server process [918027]
[2023-09-24 16:13:52 +0000] [918027] [INFO] Waiting for application startup.
[2023-09-24 16:13:52 +0000] [918027] [INFO] Application startup complete.
[2023-09-24 16:14:52 +0000] [918022] [INFO] Handling signal: term
[2023-09-24 16:14:52 +0000] [918026] [INFO] Shutting down
[2023-09-24 16:14:52 +0000] [918028] [INFO] Shutting down
[2023-09-24 16:14:52 +0000] [918027] [INFO] Shutting down
[2023-09-24 16:14:53 +0000] [918025] [INFO] Shutting down
[2023-09-24 16:14:53 +0000] [918026] [INFO] Waiting for application shutdown.
[2023-09-24 16:14:53 +0000] [918026] [INFO] Application shutdown complete.
[2023-09-24 16:14:53 +0000] [918026] [INFO] Finished server process [918026]
[2023-09-24 16:14:53 +0000] [918028] [INFO] Waiting for application shutdown.
[2023-09-24 16:14:53 +0000] [918026] [INFO] Worker exiting (pid: 918026)
[2023-09-24 16:14:53 +0000] [918028] [INFO] Application shutdown complete.
[2023-09-24 16:14:53 +0000] [918028] [INFO] Finished server process [918028]
[2023-09-24 16:14:53 +0000] [918028] [INFO] Worker exiting (pid: 918028)
[2023-09-24 16:14:53 +0000] [918027] [INFO] Waiting for application shutdown.
[2023-09-24 16:14:53 +0000] [918027] [INFO] Application shutdown complete.
[2023-09-24 16:14:53 +0000] [918027] [INFO] Finished server process [918027]
[2023-09-24 16:14:53 +0000] [918027] [INFO] Worker exiting (pid: 918027)
[2023-09-24 16:14:53 +0000] [918025] [INFO] Waiting for application shutdown.
[2023-09-24 16:14:53 +0000] [918025] [INFO] Application shutdown complete.
[2023-09-24 16:14:53 +0000] [918025] [INFO] Finished server process [918025]
[2023-09-24 16:14:53 +0000] [918025] [INFO] Worker exiting (pid: 918025)
[2023-09-24 16:14:53 +0000] [918022] [INFO] Shutting down: Master
[2023-09-24 16:14:54 +0000] [918110] [INFO] Starting gunicorn 21.2.0
[2023-09-24 16:14:54 +0000] [918110] [INFO] Listening at: https://0.0.0.0:443 (918110)
[2023-09-24 16:14:54 +0000] [918110] [INFO] Using worker: uvicorn.workers.UvicornWorker
[2023-09-24 16:14:54 +0000] [918113] [INFO] Booting worker with pid: 918113
[2023-09-24 16:14:54 +0000] [918114] [INFO] Booting worker with pid: 918114
[2023-09-24 16:14:54 +0000] [918115] [INFO] Booting worker with pid: 918115
[2023-09-24 16:14:54 +0000] [918116] [INFO] Booting worker with pid: 918116
[2023-09-24 16:14:56 +0000] [918113] [INFO] Started server process [918113]
[2023-09-24 16:14:56 +0000] [918113] [INFO] Waiting for application startup.
[2023-09-24 16:14:56 +0000] [918113] [INFO] Application startup complete.
[2023-09-24 16:14:56 +0000] [918114] [INFO] Started server process [918114]
[2023-09-24 16:14:56 +0000] [918114] [INFO] Waiting for application startup.
[2023-09-24 16:14:56 +0000] [918114] [INFO] Application startup complete.
[2023-09-24 16:14:56 +0000] [918116] [INFO] Started server process [918116]
[2023-09-24 16:14:56 +0000] [918116] [INFO] Waiting for application startup.
[2023-09-24 16:14:56 +0000] [918116] [INFO] Application startup complete.
[2023-09-24 16:14:56 +0000] [918115] [INFO] Started server process [918115]
[2023-09-24 16:14:56 +0000] [918115] [INFO] Waiting for application startup.
[2023-09-24 16:14:56 +0000] [918115] [INFO] Application startup complete.
[2023-09-24 16:15:00 +0000] [918110] [INFO] Handling signal: term
[2023-09-24 16:15:00 +0000] [918114] [INFO] Shutting down
[2023-09-24 16:15:00 +0000] [918115] [INFO] Shutting down
[2023-09-24 16:15:00 +0000] [918116] [INFO] Shutting down
[2023-09-24 16:15:00 +0000] [918113] [INFO] Shutting down
[2023-09-24 16:15:00 +0000] [918114] [INFO] Waiting for application shutdown.
[2023-09-24 16:15:00 +0000] [918114] [INFO] Application shutdown complete.
[2023-09-24 16:15:00 +0000] [918114] [INFO] Finished server process [918114]
[2023-09-24 16:15:00 +0000] [918115] [INFO] Waiting for application shutdown.
[2023-09-24 16:15:00 +0000] [918115] [INFO] Application shutdown complete.
[2023-09-24 16:15:00 +0000] [918115] [INFO] Finished server process [918115]
[2023-09-24 16:15:00 +0000] [918114] [INFO] Worker exiting (pid: 918114)
[2023-09-24 16:15:00 +0000] [918115] [INFO] Worker exiting (pid: 918115)
[2023-09-24 16:15:00 +0000] [918116] [INFO] Waiting for application shutdown.
[2023-09-24 16:15:00 +0000] [918116] [INFO] Application shutdown complete.
[2023-09-24 16:15:00 +0000] [918116] [INFO] Finished server process [918116]
[2023-09-24 16:15:00 +0000] [918116] [INFO] Worker exiting (pid: 918116)
[2023-09-24 16:15:00 +0000] [918113] [INFO] Waiting for application shutdown.
[2023-09-24 16:15:00 +0000] [918113] [INFO] Application shutdown complete.
[2023-09-24 16:15:00 +0000] [918113] [INFO] Finished server process [918113]
[2023-09-24 16:15:00 +0000] [918113] [INFO] Worker exiting (pid: 918113)
[2023-09-24 16:15:01 +0000] [918110] [INFO] Shutting down: Master
[2023-09-24 16:15:02 +0000] [918165] [INFO] Starting gunicorn 21.2.0
[2023-09-24 16:15:02 +0000] [918165] [INFO] Listening at: https://0.0.0.0:443 (918165)
[2023-09-24 16:15:02 +0000] [918165] [INFO] Using worker: uvicorn.workers.UvicornWorker
[2023-09-24 16:15:02 +0000] [918167] [INFO] Booting worker with pid: 918167
[2023-09-24 16:15:02 +0000] [918168] [INFO] Booting worker with pid: 918168
[2023-09-24 16:15:02 +0000] [918171] [INFO] Booting worker with pid: 918171
[2023-09-24 16:15:02 +0000] [918172] [INFO] Booting worker with pid: 918172
[2023-09-24 16:15:03 +0000] [918167] [INFO] Started server process [918167]
[2023-09-24 16:15:03 +0000] [918167] [INFO] Waiting for application startup.
[2023-09-24 16:15:03 +0000] [918167] [INFO] Application startup complete.
[2023-09-24 16:15:03 +0000] [918168] [INFO] Started server process [918168]
[2023-09-24 16:15:03 +0000] [918168] [INFO] Waiting for application startup.
[2023-09-24 16:15:03 +0000] [918168] [INFO] Application startup complete.
[2023-09-24 16:15:03 +0000] [918172] [INFO] Started server process [918172]
[2023-09-24 16:15:03 +0000] [918172] [INFO] Waiting for application startup.
[2023-09-24 16:15:03 +0000] [918172] [INFO] Application startup complete.
[2023-09-24 16:15:03 +0000] [918171] [INFO] Started server process [918171]
[2023-09-24 16:15:03 +0000] [918171] [INFO] Waiting for application startup.
[2023-09-24 16:15:03 +0000] [918171] [INFO] Application startup complete.
[2023-09-24 16:34:10 +0000] [918165] [INFO] Handling signal: term
[2023-09-24 16:34:10 +0000] [918168] [INFO] Shutting down
[2023-09-24 16:34:10 +0000] [918172] [INFO] Shutting down
[2023-09-24 16:34:10 +0000] [918171] [INFO] Shutting down
[2023-09-24 16:34:10 +0000] [918167] [INFO] Shutting down
[2023-09-24 16:34:10 +0000] [918168] [INFO] Waiting for application shutdown.
[2023-09-24 16:34:10 +0000] [918168] [INFO] Application shutdown complete.
[2023-09-24 16:34:10 +0000] [918168] [INFO] Finished server process [918168]
[2023-09-24 16:34:10 +0000] [918172] [INFO] Waiting for application shutdown.
[2023-09-24 16:34:10 +0000] [918168] [INFO] Worker exiting (pid: 918168)
[2023-09-24 16:34:10 +0000] [918172] [INFO] Application shutdown complete.
[2023-09-24 16:34:10 +0000] [918172] [INFO] Finished server process [918172]
[2023-09-24 16:34:10 +0000] [918172] [INFO] Worker exiting (pid: 918172)
[2023-09-24 16:34:10 +0000] [918171] [INFO] Waiting for application shutdown.
[2023-09-24 16:34:10 +0000] [918171] [INFO] Application shutdown complete.
[2023-09-24 16:34:10 +0000] [918171] [INFO] Finished server process [918171]
[2023-09-24 16:34:10 +0000] [918171] [INFO] Worker exiting (pid: 918171)
[2023-09-24 16:34:10 +0000] [918167] [INFO] Waiting for application shutdown.
[2023-09-24 16:34:10 +0000] [918167] [INFO] Application shutdown complete.
[2023-09-24 16:34:10 +0000] [918167] [INFO] Finished server process [918167]
[2023-09-24 16:34:10 +0000] [918167] [INFO] Worker exiting (pid: 918167)
[2023-09-24 16:34:10 +0000] [918165] [INFO] Shutting down: Master
[2023-09-24 16:34:13 +0000] [918945] [INFO] Starting gunicorn 21.2.0
[2023-09-24 16:34:13 +0000] [918945] [INFO] Listening at: https://0.0.0.0:443 (918945)
[2023-09-24 16:34:13 +0000] [918945] [INFO] Using worker: uvicorn.workers.UvicornWorker
[2023-09-24 16:34:13 +0000] [918947] [INFO] Booting worker with pid: 918947
[2023-09-24 16:34:13 +0000] [918948] [INFO] Booting worker with pid: 918948
[2023-09-24 16:34:13 +0000] [918949] [INFO] Booting worker with pid: 918949
[2023-09-24 16:34:13 +0000] [918950] [INFO] Booting worker with pid: 918950
[2023-09-24 16:34:15 +0000] [918947] [INFO] Started server process [918947]
[2023-09-24 16:34:15 +0000] [918948] [INFO] Started server process [918948]
[2023-09-24 16:34:15 +0000] [918948] [INFO] Waiting for application startup.
[2023-09-24 16:34:15 +0000] [918947] [INFO] Waiting for application startup.
[2023-09-24 16:34:15 +0000] [918948] [INFO] Application startup complete.
[2023-09-24 16:34:15 +0000] [918947] [INFO] Application startup complete.
[2023-09-24 16:34:15 +0000] [918949] [INFO] Started server process [918949]
[2023-09-24 16:34:15 +0000] [918949] [INFO] Waiting for application startup.
[2023-09-24 16:34:15 +0000] [918949] [INFO] Application startup complete.
[2023-09-24 16:34:15 +0000] [918950] [INFO] Started server process [918950]
[2023-09-24 16:34:15 +0000] [918950] [INFO] Waiting for application startup.
[2023-09-24 16:34:15 +0000] [918950] [INFO] Application startup complete.
[2023-09-24 16:34:37 +0000] [919017] [INFO] Starting gunicorn 21.2.0
[2023-09-25 09:29:20 +0000] [918950] [WARNING] Invalid HTTP request received.
[2023-09-25 14:57:41 +0000] [918948] [WARNING] Invalid HTTP request received.
[2023-09-25 16:52:31 +0000] [918948] [WARNING] Invalid HTTP request received.
[2023-09-26 03:58:50 +0000] [918949] [WARNING] Invalid HTTP request received.
[2023-09-26 03:58:55 +0000] [918950] [WARNING] Invalid HTTP request received.
[2023-09-26 03:59:00 +0000] [918948] [WARNING] Invalid HTTP request received.
[2023-09-26 03:59:10 +0000] [918948] [WARNING] Invalid HTTP request received.
[2023-09-26 03:59:15 +0000] [918948] [WARNING] Invalid HTTP request received.
[2023-09-26 03:59:22 +0000] [918949] [WARNING] Invalid HTTP request received.
[2023-09-26 03:59:27 +0000] [918949] [WARNING] Invalid HTTP request received.
[2023-09-26 03:59:27 +0000] [918949] [WARNING] Invalid HTTP request received.
[2023-09-26 03:59:27 +0000] [918949] [WARNING] Invalid HTTP request received.
[2023-09-26 03:59:32 +0000] [918949] [WARNING] Invalid HTTP request received.
[2023-09-26 03:59:37 +0000] [918949] [WARNING] Invalid HTTP request received.
[2023-09-26 03:59:48 +0000] [918949] [WARNING] Invalid HTTP request received.
[2023-09-26 04:00:00 +0000] [918949] [WARNING] Invalid HTTP request received.
[2023-09-26 04:00:20 +0000] [918949] [WARNING] Invalid HTTP request received.
[2023-09-26 04:00:20 +0000] [918950] [WARNING] Invalid HTTP request received.
[2023-09-26 04:00:25 +0000] [918950] [WARNING] Invalid HTTP request received.
[2023-09-26 04:00:30 +0000] [918950] [WARNING] Invalid HTTP request received.
[2023-09-26 09:01:40 +0000] [918949] [ERROR] Exception in ASGI application
Traceback (most recent call last):
  File "/usr/local/lib/python3.8/dist-packages/pymysql/connections.py", line 803, in _write_bytes
    self._sock.sendall(data)
BrokenPipeError: [Errno 32] Broken pipe

During handling of the above exception, another exception occurred:

Traceback (most recent call last):
  File "/usr/local/lib/python3.8/dist-packages/sqlalchemy/engine/base.py", line 1965, in _exec_single_context
    self.dialect.do_execute(
  File "/usr/local/lib/python3.8/dist-packages/sqlalchemy/engine/default.py", line 921, in do_execute
    cursor.execute(statement, parameters)
  File "/usr/local/lib/python3.8/dist-packages/pymysql/cursors.py", line 153, in execute
    result = self._query(query)
  File "/usr/local/lib/python3.8/dist-packages/pymysql/cursors.py", line 322, in _query
    conn.query(q)
  File "/usr/local/lib/python3.8/dist-packages/pymysql/connections.py", line 557, in query
    self._execute_command(COMMAND.COM_QUERY, sql)
  File "/usr/local/lib/python3.8/dist-packages/pymysql/connections.py", line 861, in _execute_command
    self._write_bytes(packet)
  File "/usr/local/lib/python3.8/dist-packages/pymysql/connections.py", line 806, in _write_bytes
    raise err.OperationalError(
pymysql.err.OperationalError: (2006, "MySQL server has gone away (BrokenPipeError(32, 'Broken pipe'))")

The above exception was the direct cause of the following exception:

Traceback (most recent call last):
  File "/usr/local/lib/python3.8/dist-packages/uvicorn/protocols/http/h11_impl.py", line 408, in run_asgi
    result = await app(  # type: ignore[func-returns-value]
  File "/usr/local/lib/python3.8/dist-packages/uvicorn/middleware/proxy_headers.py", line 84, in __call__
    return await self.app(scope, receive, send)
  File "/usr/local/lib/python3.8/dist-packages/fastapi/applications.py", line 292, in __call__
    await super().__call__(scope, receive, send)
  File "/usr/local/lib/python3.8/dist-packages/starlette/applications.py", line 122, in __call__
    await self.middleware_stack(scope, receive, send)
  File "/usr/local/lib/python3.8/dist-packages/starlette/middleware/errors.py", line 184, in __call__
    raise exc
  File "/usr/local/lib/python3.8/dist-packages/starlette/middleware/errors.py", line 162, in __call__
    await self.app(scope, receive, _send)
  File "/usr/local/lib/python3.8/dist-packages/starlette/middleware/exceptions.py", line 79, in __call__
    raise exc
  File "/usr/local/lib/python3.8/dist-packages/starlette/middleware/exceptions.py", line 68, in __call__
    await self.app(scope, receive, sender)
  File "/usr/local/lib/python3.8/dist-packages/fastapi/middleware/asyncexitstack.py", line 20, in __call__
    raise e
  File "/usr/local/lib/python3.8/dist-packages/fastapi/middleware/asyncexitstack.py", line 17, in __call__
    await self.app(scope, receive, send)
  File "/usr/local/lib/python3.8/dist-packages/starlette/routing.py", line 718, in __call__
    await route.handle(scope, receive, send)
  File "/usr/local/lib/python3.8/dist-packages/starlette/routing.py", line 276, in handle
    await self.app(scope, receive, send)
  File "/usr/local/lib/python3.8/dist-packages/starlette/routing.py", line 66, in app
    response = await func(request)
  File "/usr/local/lib/python3.8/dist-packages/fastapi/routing.py", line 273, in app
    raw_response = await run_endpoint_function(
  File "/usr/local/lib/python3.8/dist-packages/fastapi/routing.py", line 192, in run_endpoint_function
    return await run_in_threadpool(dependant.call, **values)
  File "/usr/local/lib/python3.8/dist-packages/starlette/concurrency.py", line 41, in run_in_threadpool
    return await anyio.to_thread.run_sync(func, *args)
  File "/usr/local/lib/python3.8/dist-packages/anyio/to_thread.py", line 33, in run_sync
    return await get_asynclib().run_sync_in_worker_thread(
  File "/usr/local/lib/python3.8/dist-packages/anyio/_backends/_asyncio.py", line 877, in run_sync_in_worker_thread
    return await future
  File "/usr/local/lib/python3.8/dist-packages/anyio/_backends/_asyncio.py", line 807, in run
    result = context.run(func, *args)
  File "/home/inui/esm_server/main.py", line 38, in esm_time
    esm_time = db.execute_sql(engine, "select * from esm_activation_time")
  File "/home/inui/esm_server/db.py", line 14, in execute_sql
    result = conn.execute(text(sql))
  File "/usr/local/lib/python3.8/dist-packages/sqlalchemy/engine/base.py", line 1412, in execute
    return meth(
  File "/usr/local/lib/python3.8/dist-packages/sqlalchemy/sql/elements.py", line 516, in _execute_on_connection
    return connection._execute_clauseelement(
  File "/usr/local/lib/python3.8/dist-packages/sqlalchemy/engine/base.py", line 1635, in _execute_clauseelement
    ret = self._execute_context(
  File "/usr/local/lib/python3.8/dist-packages/sqlalchemy/engine/base.py", line 1844, in _execute_context
    return self._exec_single_context(
  File "/usr/local/lib/python3.8/dist-packages/sqlalchemy/engine/base.py", line 1984, in _exec_single_context
    self._handle_dbapi_exception(
  File "/usr/local/lib/python3.8/dist-packages/sqlalchemy/engine/base.py", line 2339, in _handle_dbapi_exception
    raise sqlalchemy_exception.with_traceback(exc_info[2]) from e
  File "/usr/local/lib/python3.8/dist-packages/sqlalchemy/engine/base.py", line 1965, in _exec_single_context
    self.dialect.do_execute(
  File "/usr/local/lib/python3.8/dist-packages/sqlalchemy/engine/default.py", line 921, in do_execute
    cursor.execute(statement, parameters)
  File "/usr/local/lib/python3.8/dist-packages/pymysql/cursors.py", line 153, in execute
    result = self._query(query)
  File "/usr/local/lib/python3.8/dist-packages/pymysql/cursors.py", line 322, in _query
    conn.query(q)
  File "/usr/local/lib/python3.8/dist-packages/pymysql/connections.py", line 557, in query
    self._execute_command(COMMAND.COM_QUERY, sql)
  File "/usr/local/lib/python3.8/dist-packages/pymysql/connections.py", line 861, in _execute_command
    self._write_bytes(packet)
  File "/usr/local/lib/python3.8/dist-packages/pymysql/connections.py", line 806, in _write_bytes
    raise err.OperationalError(
sqlalchemy.exc.OperationalError: (pymysql.err.OperationalError) (2006, "MySQL server has gone away (BrokenPipeError(32, 'Broken pipe'))")
[SQL: select * from esm_activation_time]
(Background on this error at: https://sqlalche.me/e/20/e3q8)
[2023-09-26 13:50:57 +0000] [918949] [WARNING] Invalid HTTP request received.
[2023-09-26 13:50:57 +0000] [918949] [WARNING] Invalid HTTP request received.
[2023-09-26 13:50:58 +0000] [918949] [WARNING] Invalid HTTP request received.
[2023-09-26 13:51:03 +0000] [918949] [WARNING] Invalid HTTP request received.
[2023-09-26 13:51:03 +0000] [918949] [WARNING] Invalid HTTP request received.
[2023-09-26 13:51:15 +0000] [918949] [WARNING] Invalid HTTP request received.
[2023-09-26 13:51:20 +0000] [918949] [WARNING] Invalid HTTP request received.
[2023-09-26 13:51:25 +0000] [918949] [WARNING] Invalid HTTP request received.
[2023-09-26 13:51:25 +0000] [918949] [WARNING] Invalid HTTP request received.
[2023-09-26 13:51:25 +0000] [918949] [WARNING] Invalid HTTP request received.
[2023-09-26 13:51:35 +0000] [918949] [WARNING] Invalid HTTP request received.
[2023-09-26 13:51:45 +0000] [918949] [WARNING] Invalid HTTP request received.
[2023-09-26 13:51:58 +0000] [918949] [WARNING] Invalid HTTP request received.
[2023-09-26 13:52:18 +0000] [918947] [WARNING] Invalid HTTP request received.
[2023-09-26 13:52:23 +0000] [918947] [WARNING] Invalid HTTP request received.
[2023-09-26 13:52:23 +0000] [918948] [WARNING] Invalid HTTP request received.
[2023-09-26 13:52:23 +0000] [918948] [WARNING] Invalid HTTP request received.
[2023-09-26 15:22:55 +0000] [918947] [ERROR] Exception in ASGI application
Traceback (most recent call last):
  File "/usr/local/lib/python3.8/dist-packages/pymysql/connections.py", line 803, in _write_bytes
    self._sock.sendall(data)
BrokenPipeError: [Errno 32] Broken pipe

During handling of the above exception, another exception occurred:

Traceback (most recent call last):
  File "/usr/local/lib/python3.8/dist-packages/sqlalchemy/engine/base.py", line 1965, in _exec_single_context
    self.dialect.do_execute(
  File "/usr/local/lib/python3.8/dist-packages/sqlalchemy/engine/default.py", line 921, in do_execute
    cursor.execute(statement, parameters)
  File "/usr/local/lib/python3.8/dist-packages/pymysql/cursors.py", line 153, in execute
    result = self._query(query)
  File "/usr/local/lib/python3.8/dist-packages/pymysql/cursors.py", line 322, in _query
    conn.query(q)
  File "/usr/local/lib/python3.8/dist-packages/pymysql/connections.py", line 557, in query
    self._execute_command(COMMAND.COM_QUERY, sql)
  File "/usr/local/lib/python3.8/dist-packages/pymysql/connections.py", line 861, in _execute_command
    self._write_bytes(packet)
  File "/usr/local/lib/python3.8/dist-packages/pymysql/connections.py", line 806, in _write_bytes
    raise err.OperationalError(
pymysql.err.OperationalError: (2006, "MySQL server has gone away (BrokenPipeError(32, 'Broken pipe'))")

The above exception was the direct cause of the following exception:

Traceback (most recent call last):
  File "/usr/local/lib/python3.8/dist-packages/uvicorn/protocols/http/h11_impl.py", line 408, in run_asgi
    result = await app(  # type: ignore[func-returns-value]
  File "/usr/local/lib/python3.8/dist-packages/uvicorn/middleware/proxy_headers.py", line 84, in __call__
    return await self.app(scope, receive, send)
  File "/usr/local/lib/python3.8/dist-packages/fastapi/applications.py", line 292, in __call__
    await super().__call__(scope, receive, send)
  File "/usr/local/lib/python3.8/dist-packages/starlette/applications.py", line 122, in __call__
    await self.middleware_stack(scope, receive, send)
  File "/usr/local/lib/python3.8/dist-packages/starlette/middleware/errors.py", line 184, in __call__
    raise exc
  File "/usr/local/lib/python3.8/dist-packages/starlette/middleware/errors.py", line 162, in __call__
    await self.app(scope, receive, _send)
  File "/usr/local/lib/python3.8/dist-packages/starlette/middleware/exceptions.py", line 79, in __call__
    raise exc
  File "/usr/local/lib/python3.8/dist-packages/starlette/middleware/exceptions.py", line 68, in __call__
    await self.app(scope, receive, sender)
  File "/usr/local/lib/python3.8/dist-packages/fastapi/middleware/asyncexitstack.py", line 20, in __call__
    raise e
  File "/usr/local/lib/python3.8/dist-packages/fastapi/middleware/asyncexitstack.py", line 17, in __call__
    await self.app(scope, receive, send)
  File "/usr/local/lib/python3.8/dist-packages/starlette/routing.py", line 718, in __call__
    await route.handle(scope, receive, send)
  File "/usr/local/lib/python3.8/dist-packages/starlette/routing.py", line 276, in handle
    await self.app(scope, receive, send)
  File "/usr/local/lib/python3.8/dist-packages/starlette/routing.py", line 66, in app
    response = await func(request)
  File "/usr/local/lib/python3.8/dist-packages/fastapi/routing.py", line 273, in app
    raw_response = await run_endpoint_function(
  File "/usr/local/lib/python3.8/dist-packages/fastapi/routing.py", line 192, in run_endpoint_function
    return await run_in_threadpool(dependant.call, **values)
  File "/usr/local/lib/python3.8/dist-packages/starlette/concurrency.py", line 41, in run_in_threadpool
    return await anyio.to_thread.run_sync(func, *args)
  File "/usr/local/lib/python3.8/dist-packages/anyio/to_thread.py", line 33, in run_sync
    return await get_asynclib().run_sync_in_worker_thread(
  File "/usr/local/lib/python3.8/dist-packages/anyio/_backends/_asyncio.py", line 877, in run_sync_in_worker_thread
    return await future
  File "/usr/local/lib/python3.8/dist-packages/anyio/_backends/_asyncio.py", line 807, in run
    result = context.run(func, *args)
  File "/home/inui/esm_server/main.py", line 38, in esm_time
    esm_time = db.execute_sql(engine, "select * from esm_activation_time")
  File "/home/inui/esm_server/db.py", line 14, in execute_sql
    result = conn.execute(text(sql))
  File "/usr/local/lib/python3.8/dist-packages/sqlalchemy/engine/base.py", line 1412, in execute
    return meth(
  File "/usr/local/lib/python3.8/dist-packages/sqlalchemy/sql/elements.py", line 516, in _execute_on_connection
    return connection._execute_clauseelement(
  File "/usr/local/lib/python3.8/dist-packages/sqlalchemy/engine/base.py", line 1635, in _execute_clauseelement
    ret = self._execute_context(
  File "/usr/local/lib/python3.8/dist-packages/sqlalchemy/engine/base.py", line 1844, in _execute_context
    return self._exec_single_context(
  File "/usr/local/lib/python3.8/dist-packages/sqlalchemy/engine/base.py", line 1984, in _exec_single_context
    self._handle_dbapi_exception(
  File "/usr/local/lib/python3.8/dist-packages/sqlalchemy/engine/base.py", line 2339, in _handle_dbapi_exception
    raise sqlalchemy_exception.with_traceback(exc_info[2]) from e
  File "/usr/local/lib/python3.8/dist-packages/sqlalchemy/engine/base.py", line 1965, in _exec_single_context
    self.dialect.do_execute(
  File "/usr/local/lib/python3.8/dist-packages/sqlalchemy/engine/default.py", line 921, in do_execute
    cursor.execute(statement, parameters)
  File "/usr/local/lib/python3.8/dist-packages/pymysql/cursors.py", line 153, in execute
    result = self._query(query)
  File "/usr/local/lib/python3.8/dist-packages/pymysql/cursors.py", line 322, in _query
    conn.query(q)
  File "/usr/local/lib/python3.8/dist-packages/pymysql/connections.py", line 557, in query
    self._execute_command(COMMAND.COM_QUERY, sql)
  File "/usr/local/lib/python3.8/dist-packages/pymysql/connections.py", line 861, in _execute_command
    self._write_bytes(packet)
  File "/usr/local/lib/python3.8/dist-packages/pymysql/connections.py", line 806, in _write_bytes
    raise err.OperationalError(
sqlalchemy.exc.OperationalError: (pymysql.err.OperationalError) (2006, "MySQL server has gone away (BrokenPipeError(32, 'Broken pipe'))")
[SQL: select * from esm_activation_time]
(Background on this error at: https://sqlalche.me/e/20/e3q8)
[2023-09-26 15:56:12 +0000] [918945] [INFO] Handling signal: term
[2023-09-26 15:56:12 +0000] [918949] [INFO] Shutting down
[2023-09-26 15:56:12 +0000] [918948] [INFO] Shutting down
[2023-09-26 15:56:12 +0000] [918950] [INFO] Shutting down
[2023-09-26 15:56:12 +0000] [918947] [INFO] Shutting down
[2023-09-26 15:56:12 +0000] [918949] [INFO] Waiting for application shutdown.
[2023-09-26 15:56:12 +0000] [918949] [INFO] Application shutdown complete.
[2023-09-26 15:56:12 +0000] [918949] [INFO] Finished server process [918949]
[2023-09-26 15:56:12 +0000] [918949] [INFO] Worker exiting (pid: 918949)
[2023-09-26 15:56:12 +0000] [918948] [INFO] Waiting for application shutdown.
[2023-09-26 15:56:12 +0000] [918948] [INFO] Application shutdown complete.
[2023-09-26 15:56:12 +0000] [918948] [INFO] Finished server process [918948]
[2023-09-26 15:56:12 +0000] [918948] [INFO] Worker exiting (pid: 918948)
[2023-09-26 15:56:12 +0000] [918950] [INFO] Waiting for application shutdown.
[2023-09-26 15:56:12 +0000] [918950] [INFO] Application shutdown complete.
[2023-09-26 15:56:12 +0000] [918950] [INFO] Finished server process [918950]
[2023-09-26 15:56:12 +0000] [918950] [INFO] Worker exiting (pid: 918950)
[2023-09-26 15:56:12 +0000] [918947] [INFO] Waiting for application shutdown.
[2023-09-26 15:56:12 +0000] [918947] [INFO] Application shutdown complete.
[2023-09-26 15:56:12 +0000] [918947] [INFO] Finished server process [918947]
[2023-09-26 15:56:12 +0000] [918947] [INFO] Worker exiting (pid: 918947)
[2023-09-26 15:56:12 +0000] [918945] [INFO] Shutting down: Master
[2023-09-26 15:56:14 +0000] [1022087] [INFO] Starting gunicorn 21.2.0
[2023-09-26 15:56:14 +0000] [1022087] [INFO] Listening at: https://0.0.0.0:443 (1022087)
[2023-09-26 15:56:14 +0000] [1022087] [INFO] Using worker: uvicorn.workers.UvicornWorker
[2023-09-26 15:56:14 +0000] [1022089] [INFO] Booting worker with pid: 1022089
[2023-09-26 15:56:14 +0000] [1022092] [INFO] Booting worker with pid: 1022092
[2023-09-26 15:56:14 +0000] [1022093] [INFO] Booting worker with pid: 1022093
[2023-09-26 15:56:14 +0000] [1022094] [INFO] Booting worker with pid: 1022094
[2023-09-26 15:56:15 +0000] [1022089] [INFO] Started server process [1022089]
[2023-09-26 15:56:15 +0000] [1022089] [INFO] Waiting for application startup.
[2023-09-26 15:56:15 +0000] [1022089] [INFO] Application startup complete.
[2023-09-26 15:56:15 +0000] [1022094] [INFO] Started server process [1022094]
[2023-09-26 15:56:15 +0000] [1022094] [INFO] Waiting for application startup.
[2023-09-26 15:56:15 +0000] [1022094] [INFO] Application startup complete.
[2023-09-26 15:56:15 +0000] [1022092] [INFO] Started server process [1022092]
[2023-09-26 15:56:15 +0000] [1022092] [INFO] Waiting for application startup.
[2023-09-26 15:56:15 +0000] [1022092] [INFO] Application startup complete.
[2023-09-26 15:56:15 +0000] [1022093] [INFO] Started server process [1022093]
[2023-09-26 15:56:15 +0000] [1022093] [INFO] Waiting for application startup.
[2023-09-26 15:56:15 +0000] [1022093] [INFO] Application startup complete.
[2023-09-26 15:56:28 +0000] [1022087] [INFO] Handling signal: term
[2023-09-26 15:56:28 +0000] [1022089] [INFO] Shutting down
[2023-09-26 15:56:28 +0000] [1022093] [INFO] Shutting down
[2023-09-26 15:56:28 +0000] [1022094] [INFO] Shutting down
[2023-09-26 15:56:28 +0000] [1022092] [INFO] Shutting down
[2023-09-26 15:56:28 +0000] [1022089] [INFO] Waiting for application shutdown.
[2023-09-26 15:56:28 +0000] [1022089] [INFO] Application shutdown complete.
[2023-09-26 15:56:28 +0000] [1022089] [INFO] Finished server process [1022089]
[2023-09-26 15:56:28 +0000] [1022089] [INFO] Worker exiting (pid: 1022089)
[2023-09-26 15:56:28 +0000] [1022093] [INFO] Waiting for application shutdown.
[2023-09-26 15:56:28 +0000] [1022093] [INFO] Application shutdown complete.
[2023-09-26 15:56:28 +0000] [1022093] [INFO] Finished server process [1022093]
[2023-09-26 15:56:28 +0000] [1022093] [INFO] Worker exiting (pid: 1022093)
[2023-09-26 15:56:28 +0000] [1022094] [INFO] Waiting for application shutdown.
[2023-09-26 15:56:28 +0000] [1022094] [INFO] Application shutdown complete.
[2023-09-26 15:56:28 +0000] [1022094] [INFO] Finished server process [1022094]
[2023-09-26 15:56:28 +0000] [1022094] [INFO] Worker exiting (pid: 1022094)
[2023-09-26 15:56:28 +0000] [1022092] [INFO] Waiting for application shutdown.
[2023-09-26 15:56:28 +0000] [1022092] [INFO] Application shutdown complete.
[2023-09-26 15:56:28 +0000] [1022092] [INFO] Finished server process [1022092]
[2023-09-26 15:56:28 +0000] [1022092] [INFO] Worker exiting (pid: 1022092)
[2023-09-26 15:56:28 +0000] [1022087] [INFO] Shutting down: Master
[2023-09-26 15:56:29 +0000] [1022184] [INFO] Starting gunicorn 21.2.0
[2023-09-26 15:56:29 +0000] [1022184] [INFO] Listening at: https://0.0.0.0:443 (1022184)
[2023-09-26 15:56:29 +0000] [1022184] [INFO] Using worker: uvicorn.workers.UvicornWorker
[2023-09-26 15:56:29 +0000] [1022186] [INFO] Booting worker with pid: 1022186
[2023-09-26 15:56:29 +0000] [1022187] [INFO] Booting worker with pid: 1022187
[2023-09-26 15:56:29 +0000] [1022188] [INFO] Booting worker with pid: 1022188
[2023-09-26 15:56:29 +0000] [1022189] [INFO] Booting worker with pid: 1022189
[2023-09-26 15:56:31 +0000] [1022186] [INFO] Started server process [1022186]
[2023-09-26 15:56:31 +0000] [1022186] [INFO] Waiting for application startup.
[2023-09-26 15:56:31 +0000] [1022186] [INFO] Application startup complete.
[2023-09-26 15:56:31 +0000] [1022187] [INFO] Started server process [1022187]
[2023-09-26 15:56:31 +0000] [1022187] [INFO] Waiting for application startup.
[2023-09-26 15:56:31 +0000] [1022187] [INFO] Application startup complete.
[2023-09-26 15:56:31 +0000] [1022188] [INFO] Started server process [1022188]
[2023-09-26 15:56:31 +0000] [1022188] [INFO] Waiting for application startup.
[2023-09-26 15:56:31 +0000] [1022188] [INFO] Application startup complete.
[2023-09-26 15:56:31 +0000] [1022189] [INFO] Started server process [1022189]
[2023-09-26 15:56:31 +0000] [1022189] [INFO] Waiting for application startup.
[2023-09-26 15:56:31 +0000] [1022189] [INFO] Application startup complete.
[2023-09-26 15:59:18 +0000] [1022184] [INFO] Handling signal: term
[2023-09-26 15:59:18 +0000] [1022187] [INFO] Shutting down
[2023-09-26 15:59:18 +0000] [1022186] [INFO] Shutting down
[2023-09-26 15:59:18 +0000] [1022188] [INFO] Shutting down
[2023-09-26 15:59:18 +0000] [1022189] [INFO] Shutting down
[2023-09-26 15:59:18 +0000] [1022187] [INFO] Waiting for application shutdown.
[2023-09-26 15:59:18 +0000] [1022187] [INFO] Application shutdown complete.
[2023-09-26 15:59:18 +0000] [1022187] [INFO] Finished server process [1022187]
[2023-09-26 15:59:18 +0000] [1022187] [INFO] Worker exiting (pid: 1022187)
[2023-09-26 15:59:18 +0000] [1022186] [INFO] Waiting for application shutdown.
[2023-09-26 15:59:18 +0000] [1022186] [INFO] Application shutdown complete.
[2023-09-26 15:59:18 +0000] [1022186] [INFO] Finished server process [1022186]
[2023-09-26 15:59:18 +0000] [1022186] [INFO] Worker exiting (pid: 1022186)
[2023-09-26 15:59:18 +0000] [1022188] [INFO] Waiting for application shutdown.
[2023-09-26 15:59:18 +0000] [1022188] [INFO] Application shutdown complete.
[2023-09-26 15:59:18 +0000] [1022188] [INFO] Finished server process [1022188]
[2023-09-26 15:59:18 +0000] [1022188] [INFO] Worker exiting (pid: 1022188)
[2023-09-26 15:59:18 +0000] [1022189] [INFO] Waiting for application shutdown.
[2023-09-26 15:59:18 +0000] [1022189] [INFO] Application shutdown complete.
[2023-09-26 15:59:18 +0000] [1022189] [INFO] Finished server process [1022189]
[2023-09-26 15:59:18 +0000] [1022189] [INFO] Worker exiting (pid: 1022189)
[2023-09-26 15:59:18 +0000] [1022184] [INFO] Shutting down: Master
[2023-09-26 15:59:20 +0000] [1023021] [INFO] Starting gunicorn 21.2.0
[2023-09-26 15:59:20 +0000] [1023021] [INFO] Listening at: https://0.0.0.0:443 (1023021)
[2023-09-26 15:59:20 +0000] [1023021] [INFO] Using worker: uvicorn.workers.UvicornWorker
[2023-09-26 15:59:20 +0000] [1023023] [INFO] Booting worker with pid: 1023023
[2023-09-26 15:59:20 +0000] [1023024] [INFO] Booting worker with pid: 1023024
[2023-09-26 15:59:20 +0000] [1023025] [INFO] Booting worker with pid: 1023025
[2023-09-26 15:59:20 +0000] [1023026] [INFO] Booting worker with pid: 1023026
[2023-09-26 15:59:21 +0000] [1023023] [INFO] Started server process [1023023]
[2023-09-26 15:59:21 +0000] [1023023] [INFO] Waiting for application startup.
[2023-09-26 15:59:21 +0000] [1023023] [INFO] Application startup complete.
[2023-09-26 15:59:21 +0000] [1023025] [INFO] Started server process [1023025]
[2023-09-26 15:59:21 +0000] [1023025] [INFO] Waiting for application startup.
[2023-09-26 15:59:21 +0000] [1023025] [INFO] Application startup complete.
[2023-09-26 15:59:21 +0000] [1023026] [INFO] Started server process [1023026]
[2023-09-26 15:59:21 +0000] [1023026] [INFO] Waiting for application startup.
[2023-09-26 15:59:21 +0000] [1023026] [INFO] Application startup complete.
[2023-09-26 15:59:21 +0000] [1023024] [INFO] Started server process [1023024]
[2023-09-26 15:59:21 +0000] [1023024] [INFO] Waiting for application startup.
[2023-09-26 15:59:21 +0000] [1023024] [INFO] Application startup complete.
